Archive member included because of file (symbol)

c:/coocox/coide/gcc/sourcery g++ lite/bin/../lib/gcc/arm-none-eabi/4.5.1/thumb2\libgcc.a(_arm_addsubdf3.o)
                              ..\obj\timer_properties.o (__aeabi_ui2d)
c:/coocox/coide/gcc/sourcery g++ lite/bin/../lib/gcc/arm-none-eabi/4.5.1/thumb2\libgcc.a(_arm_muldivdf3.o)
                              ..\obj\timer_properties.o (__aeabi_ddiv)
c:/coocox/coide/gcc/sourcery g++ lite/bin/../lib/gcc/arm-none-eabi/4.5.1/thumb2\libgcc.a(_arm_cmpdf2.o)
                              ..\obj\timer_properties.o (__aeabi_dcmpeq)
c:/coocox/coide/gcc/sourcery g++ lite/bin/../lib/gcc/arm-none-eabi/4.5.1/thumb2\libgcc.a(_arm_fixunsdfsi.o)
                              ..\obj\timer_properties.o (__aeabi_d2uiz)
c:/coocox/coide/gcc/sourcery g++ lite/bin/../lib/gcc/arm-none-eabi/4.5.1/../../../../arm-none-eabi/lib/thumb2\libc.a(lib_a-memcmp.o)
                              ..\obj\tasks.o (memcmp)
c:/coocox/coide/gcc/sourcery g++ lite/bin/../lib/gcc/arm-none-eabi/4.5.1/../../../../arm-none-eabi/lib/thumb2\libc.a(lib_a-memcpy.o)
                              ..\obj\queue.o (memcpy)
c:/coocox/coide/gcc/sourcery g++ lite/bin/../lib/gcc/arm-none-eabi/4.5.1/../../../../arm-none-eabi/lib/thumb2\libc.a(lib_a-memset.o)
                              ..\obj\tasks.o (memset)
c:/coocox/coide/gcc/sourcery g++ lite/bin/../lib/gcc/arm-none-eabi/4.5.1/../../../../arm-none-eabi/lib/thumb2\libc.a(lib_a-strncpy.o)
                              ..\obj\tasks.o (strncpy)

Allocating common symbols
Common symbol       size              file

uks_device          0x8               ..\obj\uks.o
ADC_result          0x4               ..\obj\ADS1120.o
xBuzzer_Handle      0x4               ..\obj\buzzer.o
adc_reg             0x1               ..\obj\ADS1120.o
HD44780_Opts        0x7               ..\obj\hd44780.o
usbd_cdc_OtherCfgDesc
                    0x43              ..\obj\usbd_cdc_core.o
xSPI_Buf_Mutex      0x4               ..\obj\ADS1120.o
buzz                0x2               ..\obj\buzzer.o
USB_Rx_Buffer       0x40              ..\obj\usbd_cdc_core.o
ADC_result_temp     0x4               ..\obj\ADS1120.o
CmdBuff             0x8               ..\obj\usbd_cdc_core.o
xKeySemaphore       0x4               ..\obj\keyboard.o
xKeyQueue           0x4               ..\obj\keyboard.o
USB_OTG_dev         0x5f0             ..\obj\ADS1120.o
adc_lm35_chnl       0x110             ..\obj\adc.o
mult                0x4               ..\obj\delay.o
APP_Rx_Buffer       0x800             ..\obj\usbd_cdc_core.o
task_watches        0x10              ..\obj\watchdog.o
USBD_StrDesc        0x32              ..\obj\usbd_req.o
phaze_detect        0x6               ..\obj\phaze_detector.o

Discarded input sections

 .text          0x00000000        0x0 ..\obj\stm32f4xx_syscfg.o
 .data          0x00000000        0x0 ..\obj\stm32f4xx_syscfg.o
 .bss           0x00000000        0x0 ..\obj\stm32f4xx_syscfg.o
 .text.SYSCFG_DeInit
                0x00000000       0x20 ..\obj\stm32f4xx_syscfg.o
 .text.SYSCFG_MemoryRemapConfig
                0x00000000       0x20 ..\obj\stm32f4xx_syscfg.o
 .text.SYSCFG_ETH_MediaInterfaceConfig
                0x00000000       0x20 ..\obj\stm32f4xx_syscfg.o
 .text.SYSCFG_CompensationCellCmd
                0x00000000       0x20 ..\obj\stm32f4xx_syscfg.o
 .text.SYSCFG_GetCompensationCellStatus
                0x00000000       0x3c ..\obj\stm32f4xx_syscfg.o
 .text          0x00000000        0x0 ..\obj\usb_core.o
 .data          0x00000000        0x0 ..\obj\usb_core.o
 .bss           0x00000000        0x0 ..\obj\usb_core.o
 .text.USB_OTG_IsHostMode
                0x00000000       0x24 ..\obj\usb_core.o
 .text.USB_OTG_ReadOtgItr
                0x00000000       0x1c ..\obj\usb_core.o
 .text.USB_OTG_ActiveRemoteWakeup
                0x00000000       0x9c ..\obj\usb_core.o
 .text.USB_OTG_StopDevice
                0x00000000       0x9c ..\obj\usb_core.o
 .text.USB_OTG_GetEPStatus
                0x00000000       0xc0 ..\obj\usb_core.o
 .text.USB_OTG_SetEPStatus
                0x00000000      0x13c ..\obj\usb_core.o
 .text          0x00000000        0x0 ..\obj\delay.o
 .data          0x00000000        0x0 ..\obj\delay.o
 .text.DELAY_EnableDelayTimer
                0x00000000       0x24 ..\obj\delay.o
 .text.DELAY_DisableDelayTimer
                0x00000000       0x14 ..\obj\delay.o
 COMMON         0x00000000        0x4 ..\obj\delay.o
 .text          0x00000000        0x0 ..\obj\pid_regulator.o
 .data          0x00000000        0x0 ..\obj\pid_regulator.o
 .bss           0x00000000        0x0 ..\obj\pid_regulator.o
 .rodata        0x00000000        0x4 ..\obj\pid_regulator.o
 .text.pid_Init
                0x00000000       0xa4 ..\obj\pid_regulator.o
 .text.pid_Controller
                0x00000000      0x128 ..\obj\pid_regulator.o
 .text.pid_Reset_Integrator
                0x00000000       0x1c ..\obj\pid_regulator.o
 .text.PID_Regulator_Task
[...]
Memory Configuration

Name             Origin             Length             Attributes
rom              0x08000000         0x00100000         xr
ram              0x20000000         0x00020000         xrw
ram1             0x10000000         0x00010000         xrw
*default*        0x00000000         0xffffffff

Linker script and memory map

                0x20020000                _eram = 0x20020000

.text           0x08000000     0x8e70
 *(.isr_vector .isr_vector.*)
 .isr_vector    0x08000000      0x188 ..\obj\startup_stm32f4xx.o
                0x08000000                g_pfnVectors
 *(.text .text.* .gnu.linkonce.t.*)
 .text.SYSCFG_EXTILineConfig
                0x08000188       0xb4 ..\obj\stm32f4xx_syscfg.o
                0x08000188                SYSCFG_EXTILineConfig
 .text.USB_OTG_EnableCommonInt
                0x0800023c       0x44 ..\obj\usb_core.o
 .text.USB_OTG_CoreReset
                0x08000280       0xa8 ..\obj\usb_core.o
 .text.USB_OTG_WritePacket
                0x08000328       0x88 ..\obj\usb_core.o
                0x08000328                USB_OTG_WritePacket
 .text.USB_OTG_ReadPacket
                0x080003b0       0x68 ..\obj\usb_core.o
                0x080003b0                USB_OTG_ReadPacket
 .text.USB_OTG_SelectCore
                0x08000418      0x1b4 ..\obj\usb_core.o
                0x08000418                USB_OTG_SelectCore
 .text.USB_OTG_CoreInit
                0x080005cc      0x1f8 ..\obj\usb_core.o
                0x080005cc                USB_OTG_CoreInit
 .text.USB_OTG_EnableGlobalInt
                0x080007c4       0x40 ..\obj\usb_core.o
                0x080007c4                USB_OTG_EnableGlobalInt
 .text.USB_OTG_DisableGlobalInt
                0x08000804       0x44 ..\obj\usb_core.o
                0x08000804                USB_OTG_DisableGlobalInt
 .text.USB_OTG_FlushTxFifo
                0x08000848       0x80 ..\obj\usb_core.o
                0x08000848                USB_OTG_FlushTxFifo
 .text.USB_OTG_FlushRxFifo
                0x080008c8       0x6c ..\obj\usb_core.o
                0x080008c8                USB_OTG_FlushRxFifo
 .text.USB_OTG_SetCurrentMode
                0x08000934       0x64 ..\obj\usb_core.o
                0x08000934                USB_OTG_SetCurrentMode
 .text.USB_OTG_GetMode
                0x08000998       0x20 ..\obj\usb_core.o
                0x08000998                USB_OTG_GetMode
 .text.USB_OTG_IsDeviceMode
                0x080009b8       0x24 ..\obj\usb_core.o
                0x080009b8                USB_OTG_IsDeviceMode
 .text.USB_OTG_ReadCoreItr
                0x080009dc       0x34 ..\obj\usb_core.o
                0x080009dc                USB_OTG_ReadCoreItr
 .text.USB_OTG_InitDevSpeed
                0x08000a10       0x38 ..\obj\usb_core.o
                0x08000a10                USB_OTG_InitDevSpeed
 .text.USB_OTG_CoreInitDev
                0x08000a48      0x2d0 ..\obj\usb_core.o
                0x08000a48                USB_OTG_CoreInitDev
 .text.USB_OTG_EnableDevInt
                0x08000d18       0xa8 ..\obj\usb_core.o
                0x08000d18                USB_OTG_EnableDevInt
 .text.USB_OTG_GetDeviceSpeed
                0x08000dc0       0x50 ..\obj\usb_core.o
                0x08000dc0                USB_OTG_GetDeviceSpeed
 .text.USB_OTG_EP0Activate
                0x08000e10       0x84 ..\obj\usb_core.o
                0x08000e10                USB_OTG_EP0Activate
 .text.USB_OTG_EPActivate
                0x08000e94       0xf8 ..\obj\usb_core.o
                0x08000e94                USB_OTG_EPActivate
 .text.USB_OTG_EPDeactivate
                0x08000f8c       0xa4 ..\obj\usb_core.o
                0x08000f8c                USB_OTG_EPDeactivate
 .text.USB_OTG_EPStartXfer
                0x08001030      0x2d4 ..\obj\usb_core.o
                0x08001030                USB_OTG_EPStartXfer
 .text.USB_OTG_EP0StartXfer
                0x08001304      0x208 ..\obj\usb_core.o
                0x08001304                USB_OTG_EP0StartXfer
 .text.USB_OTG_EPSetStall
                0x0800150c       0x94 ..\obj\usb_core.o
                0x0800150c                USB_OTG_EPSetStall
 .text.USB_OTG_EPClearStall
                0x080015a0       0x84 ..\obj\usb_core.o
                0x080015a0                USB_OTG_EPClearStall
 .text.USB_OTG_ReadDevAllOutEp_itr
                0x08001624       0x30 ..\obj\usb_core.o
                0x08001624                USB_OTG_ReadDevAllOutEp_itr
 .text.USB_OTG_ReadDevOutEP_itr
                0x08001654       0x3c ..\obj\usb_core.o
                0x08001654                USB_OTG_ReadDevOutEP_itr
 .text.USB_OTG_ReadDevAllInEPItr
                0x08001690       0x34 ..\obj\usb_core.o
                0x08001690                USB_OTG_ReadDevAllInEPItr
 .text.USB_OTG_EP0_OutStart
                0x080016c4       0x7c ..\obj\usb_core.o
                0x080016c4                USB_OTG_EP0_OutStart
 .text.USB_OTG_UngateClock
                0x08001740       0x54 ..\obj\usb_core.o
                0x08001740                USB_OTG_UngateClock
 .text.TIM2_IRQHandler
                0x08001794       0x50 ..\obj\delay.o
                0x08001794                TIM2_IRQHandler
 .text.DELAY_Init
                0x080017e4       0x2c ..\obj\delay.o
                0x080017e4                DELAY_Init
 .text.DELAY_INT_InitTIM
                0x08001810       0xa8 ..\obj\delay.o
                0x08001810                DELAY_INT_InitTIM
 .text.USBD_USR_Init
                0x080018b8        0xc ..\obj\usbd_usr.o
                0x080018b8                USBD_USR_Init
 .text.USBD_USR_DeviceReset
                0x080018c4       0x14 ..\obj\usbd_usr.o
                0x080018c4                USBD_USR_DeviceReset
 .text.USBD_USR_DeviceConfigured
                0x080018d8        0xc ..\obj\usbd_usr.o
                0x080018d8                USBD_USR_DeviceConfigured
 .text.USBD_USR_DeviceSuspended
                0x080018e4        0xc ..\obj\usbd_usr.o
                0x080018e4                USBD_USR_DeviceSuspended
 .text.USBD_USR_DeviceResumed
                0x080018f0        0xc ..\obj\usbd_usr.o
                0x080018f0                USBD_USR_DeviceResumed
 .text.Buzzer_Init
                0x080018fc       0x68 ..\obj\buzzer.o
                0x080018fc                Buzzer_Init
 .text.Default_Reset_Handler
                0x08001964       0x68 ..\obj\startup_stm32f4xx.o
                0x08001964                Default_Reset_Handler
                0x08001964                Reset_Handler
 .text.Default_Handler
                0x080019cc        0x8 ..\obj\startup_stm32f4xx.o
                0x080019cc                RTC_Alarm_IRQHandler
                0x080019cc                HASH_RNG_IRQHandler
                0x080019cc                EXTI2_IRQHandler
                0x080019cc                TIM8_CC_IRQHandler
                0x080019cc                DebugMon_Handler
                0x080019cc                TIM1_CC_IRQHandler
                0x080019cc                DMA2_Stream5_IRQHandler
                0x080019cc                HardFault_Handler
                0x080019cc                DMA1_Stream5_IRQHandler
                0x080019cc                SDIO_IRQHandler
                0x080019cc                TAMP_STAMP_IRQHandler
                0x080019cc                NMI_Handler
                0x080019cc                CAN2_RX1_IRQHandler
                0x080019cc                EXTI3_IRQHandler
                0x080019cc                TIM8_TRG_COM_TIM14_IRQHandler
                0x080019cc                TIM1_UP_TIM10_IRQHandler
                0x080019cc                TIM8_UP_TIM13_IRQHandler
                0x080019cc                I2C3_ER_IRQHandler
                0x080019cc                I2C2_EV_IRQHandler
                0x080019cc                DMA1_Stream2_IRQHandler
                0x080019cc                CAN1_RX0_IRQHandler
                0x080019cc                FPU_IRQHandler
                0x080019cc                OTG_HS_WKUP_IRQHandler
                0x080019cc                UsageFault_Handler
                0x080019cc                CAN2_SCE_IRQHandler
                0x080019cc                DMA2_Stream2_IRQHandler
                0x080019cc                SPI1_IRQHandler
                0x080019cc                TIM6_DAC_IRQHandler
                0x080019cc                TIM1_BRK_TIM9_IRQHandler
                0x080019cc                DCMI_IRQHandler
                0x080019cc                CAN2_RX0_IRQHandler
                0x080019cc                DMA2_Stream3_IRQHandler
                0x080019cc                USART6_IRQHandler
                0x080019cc                USART3_IRQHandler
                0x080019cc                CRYP_IRQHandler
                0x080019cc                CAN1_RX1_IRQHandler
                0x080019cc                UART5_IRQHandler
                0x080019cc                DMA2_Stream0_IRQHandler
                0x080019cc                TIM4_IRQHandler
                0x080019cc                I2C1_EV_IRQHandler
                0x080019cc                DMA1_Stream6_IRQHandler
                0x080019cc                DMA1_Stream1_IRQHandler
                0x080019cc                UART4_IRQHandler
                0x080019cc                TIM3_IRQHandler
                0x080019cc                RCC_IRQHandler
                0x080019cc                TIM8_BRK_TIM12_IRQHandler
                0x080019cc                EXTI15_10_IRQHandler
                0x080019cc                ADC_IRQHandler
                0x080019cc                DMA1_Stream7_IRQHandler
                0x080019cc                TIM7_IRQHandler
                0x080019cc                CAN2_TX_IRQHandler
                0x080019cc                TIM5_IRQHandler
                0x080019cc                DMA2_Stream7_IRQHandler
                0x080019cc                I2C3_EV_IRQHandler
                0x080019cc                EXTI9_5_IRQHandler
                0x080019cc                RTC_WKUP_IRQHandler
                0x080019cc                ETH_WKUP_IRQHandler
                0x080019cc                SPI2_IRQHandler
                0x080019cc                OTG_HS_EP1_IN_IRQHandler
                0x080019cc                MemManage_Handler
                0x080019cc                DMA1_Stream0_IRQHandler
                0x080019cc                CAN1_TX_IRQHandler
                0x080019cc                EXTI4_IRQHandler
                0x080019cc                FSMC_IRQHandler
                0x080019cc                ETH_IRQHandler
                0x080019cc                OTG_HS_EP1_OUT_IRQHandler
                0x080019cc                WWDG_IRQHandler
                0x080019cc                TIM1_TRG_COM_TIM11_IRQHandler
                0x080019cc                OTG_HS_IRQHandler
                0x080019cc                USART2_IRQHandler
                0x080019cc                I2C2_ER_IRQHandler
                0x080019cc                DMA2_Stream1_IRQHandler
                0x080019cc                CAN1_SCE_IRQHandler
                0x080019cc                FLASH_IRQHandler
                0x080019cc                DMA2_Stream4_IRQHandler
                0x080019cc                BusFault_Handler
                0x080019cc                USART1_IRQHandler
                0x080019cc                SPI3_IRQHandler
                0x080019cc                DMA1_Stream4_IRQHandler
                0x080019cc                I2C1_ER_IRQHandler
                0x080019cc                DMA2_Stream6_IRQHandler
                0x080019cc                DMA1_Stream3_IRQHandler
 .text.ADS1120_init
                0x080019d4       0x4c ..\obj\ADS1120.o
                0x080019d4                ADS1120_init
 .text.SPI2_config
                0x08001a20      0x170 ..\obj\ADS1120.o
 .text.SPI2_send
                0x08001b90       0x60 ..\obj\ADS1120.o
                0x08001b90                SPI2_send
 .text.SPI2_read
                0x08001bf0       0x14 ..\obj\ADS1120.o
                0x08001bf0                SPI2_read
 .text.ADS1120_task
                0x08001c04      0x1ec ..\obj\ADS1120.o
 .text.USBD_Init
                0x08001df0       0x58 ..\obj\usbd_core.o
                0x08001df0                USBD_Init
 .text.USBD_DeInit
                0x08001e48       0x18 ..\obj\usbd_core.o
                0x08001e48                USBD_DeInit
 .text.USBD_SetupStage
                0x08001e60       0x70 ..\obj\usbd_core.o
 .text.USBD_DataOutStage
                0x08001ed0       0xd4 ..\obj\usbd_core.o
 .text.USBD_DataInStage
                0x08001fa4      0x114 ..\obj\usbd_core.o
 .text.USBD_Reset
                0x080020b8       0x54 ..\obj\usbd_core.o
 .text.USBD_Resume
                0x0800210c       0x2c ..\obj\usbd_core.o
 .text.USBD_Suspend
                0x08002138       0x2c ..\obj\usbd_core.o
 .text.USBD_SOF
                0x08002164       0x30 ..\obj\usbd_core.o
 .text.USBD_SetCfg
                0x08002194       0x34 ..\obj\usbd_core.o
                0x08002194                USBD_SetCfg
 .text.USBD_ClrCfg
                0x080021c8       0x2c ..\obj\usbd_core.o
                0x080021c8                USBD_ClrCfg
 .text.USBD_IsoINIncomplete
                0x080021f4       0x24 ..\obj\usbd_core.o
 .text.USBD_IsoOUTIncomplete
                0x08002218       0x24 ..\obj\usbd_core.o
 .text.main     0x0800223c       0x58 ..\obj\main.o
                0x0800223c                main
 .text.vApplicationMallocFailedHook
                0x08002294        0x8 ..\obj\main.o
                0x08002294                vApplicationMallocFailedHook
 .text.vApplicationStackOverflowHook
                0x0800229c        0xc ..\obj\main.o
                0x0800229c                vApplicationStackOverflowHook
 .text.vApplicationIdleHook
                0x080022a8       0x18 ..\obj\main.o
                0x080022a8                vApplicationIdleHook
 .text.RCC_GetClocksFreq
                0x080022c0      0x1d4 ..\obj\stm32f4xx_rcc.o
                0x080022c0                RCC_GetClocksFreq
 .text.RCC_AHB1PeriphClockCmd
                0x08002494       0x5c ..\obj\stm32f4xx_rcc.o
                0x08002494                RCC_AHB1PeriphClockCmd
 .text.RCC_AHB2PeriphClockCmd
                0x080024f0       0x5c ..\obj\stm32f4xx_rcc.o
                0x080024f0                RCC_AHB2PeriphClockCmd
 .text.RCC_APB1PeriphClockCmd
                0x0800254c       0x5c ..\obj\stm32f4xx_rcc.o
                0x0800254c                RCC_APB1PeriphClockCmd
 .text.RCC_APB2PeriphClockCmd
                0x080025a8       0x5c ..\obj\stm32f4xx_rcc.o
                0x080025a8                RCC_APB2PeriphClockCmd
 .text.RCC_APB1PeriphResetCmd
                0x08002604       0x5c ..\obj\stm32f4xx_rcc.o
                0x08002604                RCC_APB1PeriphResetCmd
 .text.RCC_APB2PeriphResetCmd
                0x08002660       0x5c ..\obj\stm32f4xx_rcc.o
                0x08002660                RCC_APB2PeriphResetCmd
 .text.ADC_DeInit
                0x080026bc       0x20 ..\obj\stm32f4xx_adc.o
                0x080026bc                ADC_DeInit
 .text.ADC_Init
                0x080026dc       0xc4 ..\obj\stm32f4xx_adc.o
                0x080026dc                ADC_Init
 .text.ADC_StructInit
                0x080027a0       0x4c ..\obj\stm32f4xx_adc.o
                0x080027a0                ADC_StructInit
 .text.ADC_CommonInit
                0x080027ec       0x60 ..\obj\stm32f4xx_adc.o
                0x080027ec                ADC_CommonInit
 .text.ADC_CommonStructInit
                0x0800284c       0x34 ..\obj\stm32f4xx_adc.o
                0x0800284c                ADC_CommonStructInit
 .text.ADC_Cmd  0x08002880       0x38 ..\obj\stm32f4xx_adc.o
                0x08002880                ADC_Cmd
 .text.ADC_RegularChannelConfig
                0x080028b8      0x1d0 ..\obj\stm32f4xx_adc.o
                0x080028b8                ADC_RegularChannelConfig
 .text.ADC_GetFlagStatus
                0x08002a88       0x40 ..\obj\stm32f4xx_adc.o
                0x08002a88                ADC_GetFlagStatus
 .text.PutChar  0x08002ac8       0x24 ..\obj\printf.o
                0x08002ac8                PutChar
 .text.PutString
                0x08002aec       0x48 ..\obj\printf.o
                0x08002aec                PutString
 .text.PutUnsignedInt
                0x08002b34       0xbc ..\obj\printf.o
                0x08002b34                PutUnsignedInt
 .text.PutSignedInt
                0x08002bf0      0x12c ..\obj\printf.o
                0x08002bf0                PutSignedInt
 .text.PutHexa  0x08002d1c       0xe8 ..\obj\printf.o
                0x08002d1c                PutHexa
 .text.vsnprintf
                0x08002e04      0x2a4 ..\obj\printf.o
                0x08002e04                vsnprintf
 .text.vsprintf
                0x080030a8       0x28 ..\obj\printf.o
                0x080030a8                vsprintf
 .text.sprintf  0x080030d0       0x30 ..\obj\printf.o
                0x080030d0                sprintf
 .text.NVIC_EnableIRQ
                0x08003100       0x38 ..\obj\phaze_detector.o
 .text.Phaze_Detector_Init
                0x08003138      0x130 ..\obj\phaze_detector.o
                0x08003138                Phaze_Detector_Init
 .text.Set_Heater_Power
                0x08003268       0x58 ..\obj\phaze_detector.o
                0x08003268                Set_Heater_Power
 .text.EXTI0_IRQHandler
                0x080032c0       0xc4 ..\obj\phaze_detector.o
                0x080032c0                EXTI0_IRQHandler
 .text.EXTI1_IRQHandler
                0x08003384       0x38 ..\obj\phaze_detector.o
                0x08003384                EXTI1_IRQHandler
 .text.Delay    0x080033bc       0x44 ..\obj\hd44780.o
 .text.HD44780_Init
                0x08003400      0x120 ..\obj\hd44780.o
                0x08003400                HD44780_Init
 .text.HD44780_InitPins
                0x08003520      0x130 ..\obj\hd44780.o
                0x08003520                HD44780_InitPins
 .text.HD44780_Clear
                0x08003650       0x18 ..\obj\hd44780.o
                0x08003650                HD44780_Clear
 .text.HD44780_Cmd
                0x08003668       0x44 ..\obj\hd44780.o
                0x08003668                HD44780_Cmd
 .text.HD44780_Data
                0x080036ac       0x44 ..\obj\hd44780.o
                0x080036ac                HD44780_Data
 .text.HD44780_Cmd4bit
                0x080036f0       0xcc ..\obj\hd44780.o
                0x080036f0                HD44780_Cmd4bit
 .text.HD44780_CursorSet
                0x080037bc       0x74 ..\obj\hd44780.o
                0x080037bc                HD44780_CursorSet
 .text.HD44780_Puts
                0x08003830      0x114 ..\obj\hd44780.o
                0x08003830                HD44780_Puts
 .text.HD44780_DisplayOn
                0x08003944       0x38 ..\obj\hd44780.o
                0x08003944                HD44780_DisplayOn
 .text.xTaskGenericCreate
                0x0800397c      0x1f8 ..\obj\tasks.o
                0x0800397c                xTaskGenericCreate
 .text.vTaskDelay
                0x08003b74       0x5c ..\obj\tasks.o
                0x08003b74                vTaskDelay
 .text.vTaskStartScheduler
                0x08003bd0       0x84 ..\obj\tasks.o
                0x08003bd0                vTaskStartScheduler
 .text.vTaskSuspendAll
                0x08003c54       0x24 ..\obj\tasks.o
                0x08003c54                vTaskSuspendAll
 .text.xTaskResumeAll
                0x08003c78      0x16c ..\obj\tasks.o
                0x08003c78                xTaskResumeAll
 .text.vTaskIncrementTick
                0x08003de4      0x1d0 ..\obj\tasks.o
                0x08003de4                vTaskIncrementTick
 .text.vTaskSwitchContext
                0x08003fb4      0x168 ..\obj\tasks.o
                0x08003fb4                vTaskSwitchContext
 .text.prvIdleTask
                0x0800411c       0x24 ..\obj\tasks.o
 .text.prvInitialiseTCBVariables
                0x08004140       0x7c ..\obj\tasks.o
 .text.prvInitialiseTaskLists
                0x080041bc       0xa4 ..\obj\tasks.o
 .text.prvCheckTasksWaitingTermination
                0x08004260       0x98 ..\obj\tasks.o
 .text.prvAddCurrentTaskToDelayedList
                0x080042f8       0x8c ..\obj\tasks.o
 .text.prvAllocateTCBAndStack
                0x08004384       0x74 ..\obj\tasks.o
 .text.prvDeleteTCB
                0x080043f8       0x20 ..\obj\tasks.o
 .text.USBD_USR_DeviceDescriptor
                0x08004418       0x28 ..\obj\usbd_desc.o
                0x08004418                USBD_USR_DeviceDescriptor
 .text.USBD_USR_LangIDStrDescriptor
                0x08004440       0x28 ..\obj\usbd_desc.o
                0x08004440                USBD_USR_LangIDStrDescriptor
 .text.USBD_USR_ProductStrDescriptor
                0x08004468       0x54 ..\obj\usbd_desc.o
                0x08004468                USBD_USR_ProductStrDescriptor
 .text.USBD_USR_ManufacturerStrDescriptor
                0x080044bc       0x34 ..\obj\usbd_desc.o
                0x080044bc                USBD_USR_ManufacturerStrDescriptor
 .text.USBD_USR_SerialStrDescriptor
                0x080044f0       0x54 ..\obj\usbd_desc.o
                0x080044f0                USBD_USR_SerialStrDescriptor
 .text.USBD_USR_ConfigStrDescriptor
                0x08004544       0x54 ..\obj\usbd_desc.o
                0x08004544                USBD_USR_ConfigStrDescriptor
 .text.USBD_USR_InterfaceStrDescriptor
                0x08004598       0x54 ..\obj\usbd_desc.o
                0x08004598                USBD_USR_InterfaceStrDescriptor
 .text.GPIO_Init
                0x080045ec      0x158 ..\obj\stm32f4xx_gpio.o
                0x080045ec                GPIO_Init
 .text.GPIO_StructInit
                0x08004744       0x3c ..\obj\stm32f4xx_gpio.o
                0x08004744                GPIO_StructInit
 .text.GPIO_ReadInputDataBit
                0x08004780       0x40 ..\obj\stm32f4xx_gpio.o
                0x08004780                GPIO_ReadInputDataBit
 .text.GPIO_WriteBit
                0x080047c0       0x30 ..\obj\stm32f4xx_gpio.o
                0x080047c0                GPIO_WriteBit
 .text.GPIO_PinAFConfig
                0x080047f0       0xb0 ..\obj\stm32f4xx_gpio.o
                0x080047f0                GPIO_PinAFConfig
 .text.VCP_Init
                0x080048a0       0x10 ..\obj\usbd_cdc_vcp.o
 .text.VCP_DeInit
                0x080048b0       0x10 ..\obj\usbd_cdc_vcp.o
 .text.VCP_Ctrl
                0x080048c0       0xbc ..\obj\usbd_cdc_vcp.o
 .text.VCP_DataTx
                0x0800497c       0x7c ..\obj\usbd_cdc_vcp.o
                0x0800497c                VCP_DataTx
 .text.VCP_DataRx
                0x080049f8       0xe0 ..\obj\usbd_cdc_vcp.o
 .text.vListInitialise
                0x08004ad8       0x48 ..\obj\list.o
                0x08004ad8                vListInitialise
 .text.vListInitialiseItem
                0x08004b20       0x1c ..\obj\list.o
                0x08004b20                vListInitialiseItem
 .text.vListInsertEnd
                0x08004b3c       0x54 ..\obj\list.o
                0x08004b3c                vListInsertEnd
 .text.vListInsert
                0x08004b90       0x78 ..\obj\list.o
                0x08004b90                vListInsert
 .text.vListRemove
                0x08004c08       0x54 ..\obj\list.o
                0x08004c08                vListRemove
 .text.SystemInit
                0x08004c5c       0x94 ..\obj\system_stm32f4xx.o
                0x08004c5c                SystemInit
 .text.SetSysClock
                0x08004cf0      0x150 ..\obj\system_stm32f4xx.o
 .text.ADC_Channel_Init
                0x08004e40      0x114 ..\obj\adc.o
                0x08004e40                ADC_Channel_Init
 .text.bubblesort
                0x08004f54       0xa4 ..\obj\adc.o
                0x08004f54                bubblesort
 .text.ADC_Task
                0x08004ff8      0x13c ..\obj\adc.o
 .text.USB_OTG_BSP_Init
                0x08005134      0x100 ..\obj\usb_bsp.o
                0x08005134                USB_OTG_BSP_Init
 .text.USB_OTG_BSP_EnableInterrupt
                0x08005234       0x3c ..\obj\usb_bsp.o
                0x08005234                USB_OTG_BSP_EnableInterrupt
 .text.USB_OTG_BSP_uDelay
                0x08005270       0x58 ..\obj\usb_bsp.o
                0x08005270                USB_OTG_BSP_uDelay
 .text.USB_OTG_BSP_mDelay
                0x080052c8       0x20 ..\obj\usb_bsp.o
                0x080052c8                USB_OTG_BSP_mDelay
 .text.OTG_FS_WKUP_IRQHandler
                0x080052e8       0x44 ..\obj\usb_bsp.o
                0x080052e8                OTG_FS_WKUP_IRQHandler
 .text.OTG_FS_IRQHandler
                0x0800532c       0x14 ..\obj\usb_bsp.o
                0x0800532c                OTG_FS_IRQHandler
 .text.USBD_StdDevReq
                0x08005340       0xa4 ..\obj\usbd_req.o
                0x08005340                USBD_StdDevReq
 .text.USBD_StdItfReq
                0x080053e4       0x70 ..\obj\usbd_req.o
                0x080053e4                USBD_StdItfReq
 .text.USBD_StdEPReq
                0x08005454      0x1d8 ..\obj\usbd_req.o
                0x08005454                USBD_StdEPReq
 .text.USBD_GetDescriptor
                0x0800562c      0x1c8 ..\obj\usbd_req.o
 .text.USBD_SetAddress
                0x080057f4       0x80 ..\obj\usbd_req.o
 .text.USBD_SetConfig
                0x08005874      0x134 ..\obj\usbd_req.o
 .text.USBD_GetConfig
                0x080059a8       0x68 ..\obj\usbd_req.o
 .text.USBD_GetStatus
                0x08005a10       0x68 ..\obj\usbd_req.o
 .text.USBD_SetFeature
                0x08005a78       0xe0 ..\obj\usbd_req.o
 .text.USBD_ClrFeature
                0x08005b58       0x58 ..\obj\usbd_req.o
 .text.USBD_ParseSetupRequest
                0x08005bb0       0xbc ..\obj\usbd_req.o
                0x08005bb0                USBD_ParseSetupRequest
 .text.USBD_CtlError
                0x08005c6c       0x50 ..\obj\usbd_req.o
                0x08005c6c                USBD_CtlError
 .text.USBD_GetString
                0x08005cbc       0x9c ..\obj\usbd_req.o
                0x08005cbc                USBD_GetString
 .text.USBD_GetLen
                0x08005d58       0x38 ..\obj\usbd_req.o
 .text.pxPortInitialiseStack
                0x08005d90       0x60 ..\obj\port.o
                0x08005d90                pxPortInitialiseStack
 .text.SVC_Handler
                0x08005df0       0x20 ..\obj\port.o
                0x08005df0                SVC_Handler
 .text.vPortStartFirstTask
                0x08005e10       0x14 ..\obj\port.o
                0x08005e10                vPortStartFirstTask
 .text.xPortStartScheduler
                0x08005e24       0x54 ..\obj\port.o
                0x08005e24                xPortStartScheduler
 .text.vPortYieldFromISR
                0x08005e78       0x18 ..\obj\port.o
                0x08005e78                vPortYieldFromISR
 .text.vPortEnterCritical
                0x08005e90       0x2c ..\obj\port.o
                0x08005e90                vPortEnterCritical
 .text.vPortExitCritical
                0x08005ebc       0x38 ..\obj\port.o
                0x08005ebc                vPortExitCritical
 .text.PendSV_Handler
                0x08005ef4       0x3c ..\obj\port.o
                0x08005ef4                PendSV_Handler
 .text.SysTick_Handler
                0x08005f30       0x38 ..\obj\port.o
                0x08005f30                SysTick_Handler
 .text.prvSetupTimerInterrupt
                0x08005f68       0x28 ..\obj\port.o
 .text.USBD_OTG_ISR_Handler
                0x08005f90      0x178 ..\obj\usb_dcd_int.o
                0x08005f90                USBD_OTG_ISR_Handler
 .text.DCD_HandleResume_ISR
                0x08006108       0x90 ..\obj\usb_dcd_int.o
 .text.DCD_HandleUSBSuspend_ISR
                0x08006198       0xb4 ..\obj\usb_dcd_int.o
 .text.DCD_HandleInEP_ISR
                0x0800624c      0x234 ..\obj\usb_dcd_int.o
 .text.DCD_HandleOutEP_ISR
                0x08006480      0x1b4 ..\obj\usb_dcd_int.o
 .text.DCD_HandleSof_ISR
                0x08006634       0x3c ..\obj\usb_dcd_int.o
 .text.DCD_HandleRxStatusQueueLevel_ISR
                0x08006670      0x120 ..\obj\usb_dcd_int.o
 .text.DCD_WriteEmptyTxFifo
                0x08006790      0x134 ..\obj\usb_dcd_int.o
 .text.DCD_HandleUsbReset_ISR
                0x080068c4      0x168 ..\obj\usb_dcd_int.o
 .text.DCD_HandleEnumDone_ISR
                0x08006a2c       0x88 ..\obj\usb_dcd_int.o
 .text.DCD_IsoINIncomplete_ISR
                0x08006ab4       0x3c ..\obj\usb_dcd_int.o
 .text.DCD_IsoOUTIncomplete_ISR
                0x08006af0       0x3c ..\obj\usb_dcd_int.o
 .text.DCD_ReadDevInEP
                0x08006b2c       0x60 ..\obj\usb_dcd_int.o
 .text.usbd_cdc_Init
                0x08006b8c       0xd0 ..\obj\usbd_cdc_core.o
 .text.usbd_cdc_DeInit
                0x08006c5c       0x4c ..\obj\usbd_cdc_core.o
 .text.usbd_cdc_Setup
                0x08006ca8      0x168 ..\obj\usbd_cdc_core.o
 .text.usbd_cdc_EP0_RxReady
                0x08006e10       0x60 ..\obj\usbd_cdc_core.o
 .text.usbd_cdc_DataIn
                0x08006e70      0x128 ..\obj\usbd_cdc_core.o
 .text.usbd_cdc_DataOut
                0x08006f98       0x6c ..\obj\usbd_cdc_core.o
 .text.usbd_cdc_SOF
                0x08007004       0x50 ..\obj\usbd_cdc_core.o
 .text.Handle_USBAsynchXfer
                0x08007054      0x1a8 ..\obj\usbd_cdc_core.o
 .text.USBD_cdc_GetCfgDesc
                0x080071fc       0x28 ..\obj\usbd_cdc_core.o
 .text.TIMER_PROPERTIES_GetTimerProperties
                0x08007224      0x124 ..\obj\timer_properties.o
                0x08007224                TIMER_PROPERTIES_GetTimerProperties
 .text.TIMER_PROPERTIES_GenerateDataForWorkingFrequency
                0x08007348      0x164 ..\obj\timer_properties.o
                0x08007348                TIMER_PROPERTIES_GenerateDataForWorkingFrequency
 .text.TIMER_PROPERTIES_EnableClock
                0x080074ac      0x198 ..\obj\timer_properties.o
                0x080074ac                TIMER_PROPERTIES_EnableClock
 .text.SPI_Init
                0x08007644       0x98 ..\obj\stm32f4xx_spi.o
                0x08007644                SPI_Init
 .text.SPI_Cmd  0x080076dc       0x40 ..\obj\stm32f4xx_spi.o
                0x080076dc                SPI_Cmd
 .text.SPI_CalculateCRC
                0x0800771c       0x40 ..\obj\stm32f4xx_spi.o
                0x0800771c                SPI_CalculateCRC
 .text.EXTI_Init
                0x0800775c      0x158 ..\obj\stm32f4xx_exti.o
                0x0800775c                EXTI_Init
 .text.EXTI_GetITStatus
                0x080078b4       0x60 ..\obj\stm32f4xx_exti.o
                0x080078b4                EXTI_GetITStatus
 .text.EXTI_ClearITPendingBit
                0x08007914       0x20 ..\obj\stm32f4xx_exti.o
                0x08007914                EXTI_ClearITPendingBit
 .text.NVIC_PriorityGroupConfig
                0x08007934       0x28 ..\obj\misc.o
                0x08007934                NVIC_PriorityGroupConfig
 .text.NVIC_Init
                0x0800795c       0xe8 ..\obj\misc.o
                0x0800795c                NVIC_Init
 .text.DCD_Init
                0x08007a44      0x12c ..\obj\usb_dcd.o
                0x08007a44                DCD_Init
 .text.DCD_EP_Open
                0x08007b70       0xac ..\obj\usb_dcd.o
                0x08007b70                DCD_EP_Open
 .text.DCD_EP_Close
                0x08007c1c       0x7c ..\obj\usb_dcd.o
                0x08007c1c                DCD_EP_Close
 .text.DCD_EP_PrepareRx
                0x08007c98       0x8c ..\obj\usb_dcd.o
                0x08007c98                DCD_EP_PrepareRx
 .text.DCD_EP_Tx
                0x08007d24       0x84 ..\obj\usb_dcd.o
                0x08007d24                DCD_EP_Tx
 .text.DCD_EP_Stall
                0x08007da8       0x80 ..\obj\usb_dcd.o
                0x08007da8                DCD_EP_Stall
 .text.DCD_EP_ClrStall
                0x08007e28       0x80 ..\obj\usb_dcd.o
                0x08007e28                DCD_EP_ClrStall
 .text.DCD_EP_SetAddress
                0x08007ea8       0x40 ..\obj\usb_dcd.o
                0x08007ea8                DCD_EP_SetAddress
 .text.pvPortMalloc
                0x08007ee8       0xa4 ..\obj\heap_1.o
                0x08007ee8                pvPortMalloc
 .text.vPortFree
                0x08007f8c       0x14 ..\obj\heap_1.o
                0x08007f8c                vPortFree
 .text.xPortGetFreeHeapSize
                0x08007fa0       0x1c ..\obj\heap_1.o
                0x08007fa0                xPortGetFreeHeapSize
 .text.USBD_CtlSendData
                0x08007fbc       0x48 ..\obj\usbd_ioreq.o
                0x08007fbc                USBD_CtlSendData
 .text.USBD_CtlContinueSendData
                0x08008004       0x30 ..\obj\usbd_ioreq.o
                0x08008004                USBD_CtlContinueSendData
 .text.USBD_CtlPrepareRx
                0x08008034       0x48 ..\obj\usbd_ioreq.o
                0x08008034                USBD_CtlPrepareRx
 .text.USBD_CtlContinueRx
                0x0800807c       0x30 ..\obj\usbd_ioreq.o
                0x0800807c                USBD_CtlContinueRx
 .text.USBD_CtlSendStatus
                0x080080ac       0x3c ..\obj\usbd_ioreq.o
                0x080080ac                USBD_CtlSendStatus
 .text.USBD_CtlReceiveStatus
                0x080080e8       0x3c ..\obj\usbd_ioreq.o
                0x080080e8                USBD_CtlReceiveStatus
 .text.TIM_TimeBaseInit
                0x08008124       0xf8 ..\obj\stm32f4xx_tim.o
                0x08008124                TIM_TimeBaseInit
 .text.TIM_Cmd  0x0800821c       0x40 ..\obj\stm32f4xx_tim.o
                0x0800821c                TIM_Cmd
 .text.TIM_ITConfig
                0x0800825c       0x4c ..\obj\stm32f4xx_tim.o
                0x0800825c                TIM_ITConfig
 .text.TIM_ClearITPendingBit
                0x080082a8       0x24 ..\obj\stm32f4xx_tim.o
                0x080082a8                TIM_ClearITPendingBit
 .text.NVIC_SystemReset
                0x080082cc       0x34 ..\obj\power_detector.o
 .text.PVD_IRQHandler
                0x08008300       0x20 ..\obj\power_detector.o
                0x08008300                PVD_IRQHandler
 .text          0x08008320      0x370 c:/coocox/coide/gcc/sourcery g++ lite/bin/../lib/gcc/arm-none-eabi/4.5.1/thumb2\libgcc.a(_arm_addsubdf3.o)
                0x08008320                __aeabi_drsub
                0x08008328                __aeabi_dsub
                0x08008328                __subdf3
                0x0800832c                __aeabi_dadd
                0x0800832c                __adddf3
                0x080085a4                __floatunsidf
                0x080085a4                __aeabi_ui2d
                0x080085c4                __floatsidf
                0x080085c4                __aeabi_i2d
                0x080085e8                __aeabi_f2d
                0x080085e8                __extendsfdf2
                0x08008624                __floatundidf
                0x08008624                __aeabi_ul2d
                0x08008634                __floatdidf
                0x08008634                __aeabi_l2d
 .text          0x08008690      0x424 c:/coocox/coide/gcc/sourcery g++ lite/bin/../lib/gcc/arm-none-eabi/4.5.1/thumb2\libgcc.a(_arm_muldivdf3.o)
                0x08008690                __aeabi_dmul
                0x08008690                __muldf3
                0x080088e4                __divdf3
                0x080088e4                __aeabi_ddiv
 .text          0x08008ab4      0x110 c:/coocox/coide/gcc/sourcery g++ lite/bin/../lib/gcc/arm-none-eabi/4.5.1/thumb2\libgcc.a(_arm_cmpdf2.o)
                0x08008ab4                __gtdf2
                0x08008ab4                __gedf2
                0x08008abc                __ltdf2
                0x08008abc                __ledf2
                0x08008ac4                __nedf2
                0x08008ac4                __eqdf2
                0x08008ac4                __cmpdf2
                0x08008b40                __aeabi_cdrcmple
                0x08008b50                __aeabi_cdcmpeq
                0x08008b50                __aeabi_cdcmple
                0x08008b60                __aeabi_dcmpeq
                0x08008b74                __aeabi_dcmplt
                0x08008b88                __aeabi_dcmple
                0x08008b9c                __aeabi_dcmpge
                0x08008bb0                __aeabi_dcmpgt
 .text          0x08008bc4       0x40 c:/coocox/coide/gcc/sourcery g++ lite/bin/../lib/gcc/arm-none-eabi/4.5.1/thumb2\libgcc.a(_arm_fixunsdfsi.o)
                0x08008bc4                __aeabi_d2uiz
                0x08008bc4                __fixunsdfsi
 .text          0x08008c04       0x58 c:/coocox/coide/gcc/sourcery g++ lite/bin/../lib/gcc/arm-none-eabi/4.5.1/../../../../arm-none-eabi/lib/thumb2\libc.a(lib_a-memcmp.o)
                0x08008c04                memcmp
 .text          0x08008c5c       0xb4 c:/coocox/coide/gcc/sourcery g++ lite/bin/../lib/gcc/arm-none-eabi/4.5.1/../../../../arm-none-eabi/lib/thumb2\libc.a(lib_a-memset.o)
                0x08008c5c                memset
 .text          0x08008d10       0x7c c:/coocox/coide/gcc/sourcery g++ lite/bin/../lib/gcc/arm-none-eabi/4.5.1/../../../../arm-none-eabi/lib/thumb2\libc.a(lib_a-strncpy.o)
                0x08008d10                strncpy
 *(.glue_7t)
 .glue_7t       0x00000000        0x0 linker stubs
 *(.glue_7)
 .glue_7        0x00000000        0x0 linker stubs
 *(.rodata .rodata* .gnu.linkonce.r.*)
 .rodata        0x08008d8c       0x28 ..\obj\ADS1120.o
 .rodata        0x08008db4        0x4 ..\obj\hd44780.o
 .rodata        0x08008db8       0x1c ..\obj\tasks.o
 .rodata        0x08008dd4       0x98 ..\obj\usbd_desc.o
 .rodata        0x08008e6c        0x4 ..\obj\adc.o

.vfp11_veneer   0x08008e70        0x0
 .vfp11_veneer  0x00000000        0x0 linker stubs

.v4_bx          0x08008e70        0x0
 .v4_bx         0x00000000        0x0 linker stubs

.ARM.extab
 *(.ARM.extab* .gnu.linkonce.armextab.*)

.ARM.exidx
 *(.ARM.exidx* .gnu.linkonce.armexidx.*)
                0x08008e70                . = ALIGN (0x4)
                0x08008e70                _etext = .
                0x08008e70                _sidata = .

.data           0x20000000      0x12c load address 0x08008e70
                0x20000000                _sdata = .
 *(.data .data.*)
 .data          0x20000000       0x1c ..\obj\usbd_usr.o
                0x20000000                USR_cb
 .data          0x2000001c       0x30 ..\obj\usbd_core.o
                0x2000001c                USBD_DCD_INT_cb
                0x20000048                USBD_DCD_INT_fops
 .data          0x2000004c       0x10 ..\obj\stm32f4xx_rcc.o
 .data          0x2000005c        0x4 ..\obj\tasks.o
 .data          0x20000060       0x40 ..\obj\usbd_desc.o
                0x20000060                USR_desc
                0x2000007c                USBD_DeviceDesc
                0x20000090                USBD_DeviceQualifierDesc
                0x2000009c                USBD_LangIDDesc
 .data          0x200000a0       0x14 ..\obj\usbd_cdc_vcp.o
                0x200000a0                VCP_fops
 .data          0x200000b4        0x4 ..\obj\port.o
 .data          0x200000b8       0x74 ..\obj\usbd_cdc_core.o
                0x200000b8                usbd_cdc_CfgDesc
                0x20000100                USBD_CDC_cb
                0x2000012c                . = ALIGN (0x4)
                0x2000012c                _edata = .

.bss            0x20000130     0x2d38 load address 0x08008fa0
                0x20000130                _sbss = .
 *(.bss .bss.*)
 .bss           0x20000130       0x10 ..\obj\delay.o
                0x20000130                TimingDelay
                0x20000134                Time
                0x20000138                Time2
                0x2000013c                DELAY_Initialized
 .bss           0x20000140        0x1 ..\obj\phaze_detector.o
 *fill*         0x20000141        0x3 00
 .bss           0x20000144      0x100 ..\obj\tasks.o
                0x20000144                pxCurrentTCB
 .bss           0x20000244        0x8 ..\obj\usbd_cdc_vcp.o
                0x20000244                counter
                0x20000248                counter2
 .bss           0x2000024c       0x10 ..\obj\usbd_req.o
                0x2000024c                USBD_ep_status
                0x20000250                USBD_default_cfg
                0x20000254                USBD_cfg_status
 .bss           0x2000025c       0x20 ..\obj\usbd_cdc_core.o
                0x20000260                APP_Rx_ptr_in
                0x20000264                APP_Rx_ptr_out
                0x20000268                APP_Rx_length
                0x2000026c                USB_Tx_State
 *fill*         0x2000027c        0x4 00
 .bss           0x20000280     0x1c08 ..\obj\heap_1.o
 *(COMMON)
 COMMON         0x20001e88      0x600 ..\obj\ADS1120.o
                0x20001e88                ADC_result
                0x20001e8c                adc_reg
                0x20001e90                xSPI_Buf_Mutex
                0x20001e94                ADC_result_temp
                0x20001e98                USB_OTG_dev
 COMMON         0x20002488        0x6 ..\obj\phaze_detector.o
                0x20002488                phaze_detect
 *fill*         0x2000248e        0x2 00
 COMMON         0x20002490        0x7 ..\obj\hd44780.o
                0x20002490                HD44780_Opts
 *fill*         0x20002497        0x1 00
 COMMON         0x20002498      0x110 ..\obj\adc.o
                0x20002498                adc_lm35_chnl
 COMMON         0x200025a8       0x32 ..\obj\usbd_req.o
                0x200025a8                USBD_StrDesc
 *fill*         0x200025da        0x2 00
 COMMON         0x200025dc      0x88c ..\obj\usbd_cdc_core.o
                0x200025dc                usbd_cdc_OtherCfgDesc
                0x20002620                USB_Rx_Buffer
                0x20002660                CmdBuff
                0x20002668                APP_Rx_Buffer
                0x20002e68                . = ALIGN (0x4)
                0x20002e68                _ebss = .

.co_stack       0x20002e68      0x800 load address 0x0800bcd8
                0x20002e68                . = ALIGN (0x8)
 *(.co_stack .co_stack.*)
 .co_stack      0x20002e68      0x800 ..\obj\startup_stm32f4xx.o
                0x20002e68                pulStack
                0x20003668                . = ALIGN (0x4)
                0x20003668                _end = .
LOAD ..\obj\stm32f4xx_syscfg.o
LOAD ..\obj\usb_core.o
LOAD ..\obj\delay.o
LOAD ..\obj\pid_regulator.o
LOAD ..\obj\usbd_usr.o
LOAD ..\obj\buzzer.o
LOAD ..\obj\stm32f4xx_usart.o
LOAD ..\obj\stm32f4xx_pwr.o
LOAD ..\obj\rtc.o
LOAD ..\obj\startup_stm32f4xx.o
LOAD ..\obj\backup_sram.o
LOAD ..\obj\stm32f4xx_iwdg.o
LOAD ..\obj\ADS1120.o
LOAD ..\obj\usbd_core.o
LOAD ..\obj\main.o
LOAD ..\obj\uks.o
LOAD ..\obj\stm32f4xx_rcc.o
LOAD ..\obj\timers.o
LOAD ..\obj\stm32f4xx_adc.o
LOAD ..\obj\printf.o
LOAD ..\obj\phaze_detector.o
LOAD ..\obj\watchdog.o
LOAD ..\obj\hd44780.o
LOAD ..\obj\tasks.o
LOAD ..\obj\usbd_desc.o
LOAD ..\obj\keyboard.o
LOAD ..\obj\stm32f4xx_gpio.o
LOAD ..\obj\usbd_cdc_vcp.o
LOAD ..\obj\list.o
LOAD ..\obj\system_stm32f4xx.o
LOAD ..\obj\syscalls.o
LOAD ..\obj\adc.o
LOAD ..\obj\usb_bsp.o
LOAD ..\obj\usbd_req.o
LOAD ..\obj\queue.o
LOAD ..\obj\port.o
LOAD ..\obj\usb_dcd_int.o
LOAD ..\obj\usbd_cdc_core.o
LOAD ..\obj\croutine.o
LOAD ..\obj\timer_properties.o
LOAD ..\obj\stm32f4xx_spi.o
LOAD ..\obj\stm32f4xx_exti.o
LOAD ..\obj\misc.o
LOAD ..\obj\usb_dcd.o
LOAD ..\obj\heap_1.o
LOAD ..\obj\stm32f4xx_rtc.o
LOAD ..\obj\usbd_ioreq.o
LOAD ..\obj\stm32f4xx_tim.o
LOAD ..\obj\power_detector.o
START GROUP
LOAD c:/coocox/coide/gcc/sourcery g++ lite/bin/../lib/gcc/arm-none-eabi/4.5.1/thumb2\libgcc.a
LOAD c:/coocox/coide/gcc/sourcery g++ lite/bin/../lib/gcc/arm-none-eabi/4.5.1/../../../../arm-none-eabi/lib/thumb2\libc.a
END GROUP
OUTPUT(stm32f2_uks.elf elf32-littlearm)

.debug_abbrev   0x00000000     0x4343
 .debug_abbrev  0x00000000      0x12a ..\obj\stm32f4xx_syscfg.o
 .debug_abbrev  0x0000012a      0x277 ..\obj\usb_core.o
 .debug_abbrev  0x000003a1      0x125 ..\obj\delay.o
 .debug_abbrev  0x000004c6       0xe4 ..\obj\pid_regulator.o
 .debug_abbrev  0x000005aa       0xd9 ..\obj\usbd_usr.o
 .debug_abbrev  0x00000683      0x14a ..\obj\buzzer.o
 .debug_abbrev  0x000007cd      0x14e ..\obj\stm32f4xx_usart.o
 .debug_abbrev  0x0000091b      0x175 ..\obj\stm32f4xx_pwr.o
 .debug_abbrev  0x00000a90      0x125 ..\obj\rtc.o
 .debug_abbrev  0x00000bb5       0xac ..\obj\startup_stm32f4xx.o
 .debug_abbrev  0x00000c61       0xee ..\obj\backup_sram.o
 .debug_abbrev  0x00000d4f       0xfa ..\obj\stm32f4xx_iwdg.o
 .debug_abbrev  0x00000e49      0x1d6 ..\obj\ADS1120.o
 .debug_abbrev  0x0000101f      0x1f4 ..\obj\usbd_core.o
 .debug_abbrev  0x00001213      0x1ba ..\obj\main.o
 .debug_abbrev  0x000013cd       0x94 ..\obj\uks.o
 .debug_abbrev  0x00001461      0x1b7 ..\obj\stm32f4xx_rcc.o
 .debug_abbrev  0x00001618       0x28 ..\obj\timers.o
 .debug_abbrev  0x00001640      0x189 ..\obj\stm32f4xx_adc.o
 .debug_abbrev  0x000017c9      0x238 ..\obj\printf.o
 .debug_abbrev  0x00001a01      0x1a5 ..\obj\phaze_detector.o
 .debug_abbrev  0x00001ba6      0x108 ..\obj\watchdog.o
 .debug_abbrev  0x00001cae      0x180 ..\obj\hd44780.o
 .debug_abbrev  0x00001e2e      0x193 ..\obj\tasks.o
 .debug_abbrev  0x00001fc1      0x10c ..\obj\usbd_desc.o
 .debug_abbrev  0x000020cd      0x15a ..\obj\keyboard.o
 .debug_abbrev  0x00002227      0x182 ..\obj\stm32f4xx_gpio.o
 .debug_abbrev  0x000023a9      0x13a ..\obj\usbd_cdc_vcp.o
 .debug_abbrev  0x000024e3       0xb6 ..\obj\list.o
 .debug_abbrev  0x00002599      0x140 ..\obj\system_stm32f4xx.o
 .debug_abbrev  0x000026d9       0xde ..\obj\syscalls.o
 .debug_abbrev  0x000027b7      0x1e4 ..\obj\adc.o
 .debug_abbrev  0x0000299b      0x1db ..\obj\usb_bsp.o
 .debug_abbrev  0x00002b76      0x253 ..\obj\usbd_req.o
 .debug_abbrev  0x00002dc9      0x109 ..\obj\queue.o
 .debug_abbrev  0x00002ed2      0x120 ..\obj\port.o
 .debug_abbrev  0x00002ff2      0x210 ..\obj\usb_dcd_int.o
 .debug_abbrev  0x00003202      0x1e1 ..\obj\usbd_cdc_core.o
 .debug_abbrev  0x000033e3      0x186 ..\obj\croutine.o
 .debug_abbrev  0x00003569      0x106 ..\obj\timer_properties.o
 .debug_abbrev  0x0000366f      0x160 ..\obj\stm32f4xx_spi.o
 .debug_abbrev  0x000037cf      0x198 ..\obj\stm32f4xx_exti.o
 .debug_abbrev  0x00003967      0x126 ..\obj\misc.o
 .debug_abbrev  0x00003a8d      0x208 ..\obj\usb_dcd.o
 .debug_abbrev  0x00003c95      0x116 ..\obj\heap_1.o
 .debug_abbrev  0x00003dab      0x16b ..\obj\stm32f4xx_rtc.o
 .debug_abbrev  0x00003f16      0x165 ..\obj\usbd_ioreq.o
 .debug_abbrev  0x0000407b      0x163 ..\obj\stm32f4xx_tim.o
 .debug_abbrev  0x000041de      0x165 ..\obj\power_detector.o

.debug_info     0x00000000    0x1cc62
 .debug_info    0x00000000      0x27a ..\obj\stm32f4xx_syscfg.o
 .debug_info    0x0000027a     0x27fc ..\obj\usb_core.o
 .debug_info    0x00002a76      0x777 ..\obj\delay.o
 .debug_info    0x000031ed      0x243 ..\obj\pid_regulator.o
 .debug_info    0x00003430      0x1c5 ..\obj\usbd_usr.o
 .debug_info    0x000035f5      0x458 ..\obj\buzzer.o
 .debug_info    0x00003a4d      0xa4f ..\obj\stm32f4xx_usart.o
 .debug_info    0x0000449c      0x53e ..\obj\stm32f4xx_pwr.o
 .debug_info    0x000049da      0x296 ..\obj\rtc.o
 .debug_info    0x00004c70      0x147 ..\obj\startup_stm32f4xx.o
 .debug_info    0x00004db7      0x237 ..\obj\backup_sram.o
 .debug_info    0x00004fee      0x20b ..\obj\stm32f4xx_iwdg.o
 .debug_info    0x000051f9     0x10ff ..\obj\ADS1120.o
 .debug_info    0x000062f8      0xff8 ..\obj\usbd_core.o
 .debug_info    0x000072f0      0xd37 ..\obj\main.o
 .debug_info    0x00008027      0x13a ..\obj\uks.o
 .debug_info    0x00008161      0xd24 ..\obj\stm32f4xx_rcc.o
 .debug_info    0x00008e85       0x4c ..\obj\timers.o
 .debug_info    0x00008ed1      0xcf5 ..\obj\stm32f4xx_adc.o
 .debug_info    0x00009bc6      0xed2 ..\obj\printf.o
 .debug_info    0x0000aa98      0x8c5 ..\obj\phaze_detector.o
 .debug_info    0x0000b35d      0x18a ..\obj\watchdog.o
 .debug_info    0x0000b4e7      0x877 ..\obj\hd44780.o
 .debug_info    0x0000bd5e      0xd75 ..\obj\tasks.o
 .debug_info    0x0000cad3      0x3a7 ..\obj\usbd_desc.o
 .debug_info    0x0000ce7a      0x388 ..\obj\keyboard.o
 .debug_info    0x0000d202      0x639 ..\obj\stm32f4xx_gpio.o
 .debug_info    0x0000d83b      0x31a ..\obj\usbd_cdc_vcp.o
 .debug_info    0x0000db55      0x2a6 ..\obj\list.o
 .debug_info    0x0000ddfb      0x5ea ..\obj\system_stm32f4xx.o
 .debug_info    0x0000e3e5      0x440 ..\obj\syscalls.o
 .debug_info    0x0000e825     0x1141 ..\obj\adc.o
 .debug_info    0x0000f966     0x113d ..\obj\usb_bsp.o
 .debug_info    0x00010aa3     0x111b ..\obj\usbd_req.o
 .debug_info    0x00011bbe      0x7c1 ..\obj\queue.o
 .debug_info    0x0001237f      0x1d7 ..\obj\port.o
 .debug_info    0x00012556     0x2027 ..\obj\usb_dcd_int.o
 .debug_info    0x0001457d     0x1102 ..\obj\usbd_cdc_core.o
 .debug_info    0x0001567f      0x4af ..\obj\croutine.o
 .debug_info    0x00015b2e      0x4d1 ..\obj\timer_properties.o
 .debug_info    0x00015fff      0xbcc ..\obj\stm32f4xx_spi.o
 .debug_info    0x00016bcb      0x372 ..\obj\stm32f4xx_exti.o
 .debug_info    0x00016f3d      0x594 ..\obj\misc.o
 .debug_info    0x000174d1     0x1184 ..\obj\usb_dcd.o
 .debug_info    0x00018655      0x186 ..\obj\heap_1.o
 .debug_info    0x000187db     0x1223 ..\obj\stm32f4xx_rtc.o
 .debug_info    0x000199fe      0xde4 ..\obj\usbd_ioreq.o
 .debug_info    0x0001a7e2     0x1e28 ..\obj\stm32f4xx_tim.o
 .debug_info    0x0001c60a      0x658 ..\obj\power_detector.o

.debug_line     0x00000000     0x96d7
 .debug_line    0x00000000      0x1e7 ..\obj\stm32f4xx_syscfg.o
 .debug_line    0x000001e7      0x6b4 ..\obj\usb_core.o
 .debug_line    0x0000089b      0x2a5 ..\obj\delay.o
 .debug_line    0x00000b40      0x198 ..\obj\pid_regulator.o
 .debug_line    0x00000cd8      0x1b1 ..\obj\usbd_usr.o
 .debug_line    0x00000e89      0x2c7 ..\obj\buzzer.o
 .debug_line    0x00001150      0x478 ..\obj\stm32f4xx_usart.o
 .debug_line    0x000015c8      0x284 ..\obj\stm32f4xx_pwr.o
 .debug_line    0x0000184c      0x21a ..\obj\rtc.o
 .debug_line    0x00001a66       0xa6 ..\obj\startup_stm32f4xx.o
 .debug_line    0x00001b0c      0x1e9 ..\obj\backup_sram.o
 .debug_line    0x00001cf5      0x1de ..\obj\stm32f4xx_iwdg.o
 .debug_line    0x00001ed3      0x378 ..\obj\ADS1120.o
 .debug_line    0x0000224b      0x305 ..\obj\usbd_core.o
 .debug_line    0x00002550      0x309 ..\obj\main.o
 .debug_line    0x00002859      0x152 ..\obj\uks.o
 .debug_line    0x000029ab      0x574 ..\obj\stm32f4xx_rcc.o
 .debug_line    0x00002f1f       0x1d ..\obj\timers.o
 .debug_line    0x00002f3c      0x528 ..\obj\stm32f4xx_adc.o
 .debug_line    0x00003464      0x3c6 ..\obj\printf.o
 .debug_line    0x0000382a      0x2b2 ..\obj\phaze_detector.o
 .debug_line    0x00003adc      0x1b0 ..\obj\watchdog.o
 .debug_line    0x00003c8c      0x406 ..\obj\hd44780.o
 .debug_line    0x00004092      0x792 ..\obj\tasks.o
 .debug_line    0x00004824      0x1f7 ..\obj\usbd_desc.o
 .debug_line    0x00004a1b      0x2ed ..\obj\keyboard.o
 .debug_line    0x00004d08      0x313 ..\obj\stm32f4xx_gpio.o
 .debug_line    0x0000501b      0x1f6 ..\obj\usbd_cdc_vcp.o
 .debug_line    0x00005211      0x1a6 ..\obj\list.o
 .debug_line    0x000053b7      0x200 ..\obj\system_stm32f4xx.o
 .debug_line    0x000055b7      0x194 ..\obj\syscalls.o
 .debug_line    0x0000574b      0x324 ..\obj\adc.o
 .debug_line    0x00005a6f      0x2a0 ..\obj\usb_bsp.o
 .debug_line    0x00005d0f      0x3c1 ..\obj\usbd_req.o
 .debug_line    0x000060d0      0x4ff ..\obj\queue.o
 .debug_line    0x000065cf      0x1bd ..\obj\port.o
 .debug_line    0x0000678c      0x3b0 ..\obj\usb_dcd_int.o
 .debug_line    0x00006b3c      0x2b5 ..\obj\usbd_cdc_core.o
 .debug_line    0x00006df1      0x274 ..\obj\croutine.o
 .debug_line    0x00007065      0x2e1 ..\obj\timer_properties.o
 .debug_line    0x00007346      0x428 ..\obj\stm32f4xx_spi.o
 .debug_line    0x0000776e      0x27d ..\obj\stm32f4xx_exti.o
 .debug_line    0x000079eb      0x219 ..\obj\misc.o
 .debug_line    0x00007c04      0x323 ..\obj\usb_dcd.o
 .debug_line    0x00007f27      0x135 ..\obj\heap_1.o
 .debug_line    0x0000805c      0x7eb ..\obj\stm32f4xx_rtc.o
 .debug_line    0x00008847      0x20d ..\obj\usbd_ioreq.o
 .debug_line    0x00008a54      0xa4d ..\obj\stm32f4xx_tim.o
 .debug_line    0x000094a1      0x236 ..\obj\power_detector.o

.debug_loc      0x00000000     0x888f
 .debug_loc     0x00000000      0x144 ..\obj\stm32f4xx_syscfg.o
 .debug_loc     0x00000144      0x7e0 ..\obj\usb_core.o
 .debug_loc     0x00000924       0xe8 ..\obj\delay.o
 .debug_loc     0x00000a0c       0xe0 ..\obj\pid_regulator.o
 .debug_loc     0x00000aec       0xe8 ..\obj\usbd_usr.o
 .debug_loc     0x00000bd4       0xa8 ..\obj\buzzer.o
 .debug_loc     0x00000c7c      0x658 ..\obj\stm32f4xx_usart.o
 .debug_loc     0x000012d4      0x288 ..\obj\stm32f4xx_pwr.o
 .debug_loc     0x0000155c       0x70 ..\obj\rtc.o
 .debug_loc     0x000015cc       0x64 ..\obj\startup_stm32f4xx.o
 .debug_loc     0x00001630       0xd4 ..\obj\backup_sram.o
 .debug_loc     0x00001704      0x138 ..\obj\stm32f4xx_iwdg.o
 .debug_loc     0x0000183c      0x10c ..\obj\ADS1120.o
 .debug_loc     0x00001948      0x2d8 ..\obj\usbd_core.o
 .debug_loc     0x00001c20      0x10c ..\obj\main.o
 .debug_loc     0x00001d2c      0x97c ..\obj\stm32f4xx_rcc.o
 .debug_loc     0x000026a8      0x838 ..\obj\stm32f4xx_adc.o
 .debug_loc     0x00002ee0      0x3ea ..\obj\printf.o
 .debug_loc     0x000032ca      0x100 ..\obj\phaze_detector.o
 .debug_loc     0x000033ca       0x70 ..\obj\watchdog.o
 .debug_loc     0x0000343a      0x3bc ..\obj\hd44780.o
 .debug_loc     0x000037f6      0x708 ..\obj\tasks.o
 .debug_loc     0x00003efe      0x188 ..\obj\usbd_desc.o
 .debug_loc     0x00004086       0x70 ..\obj\keyboard.o
 .debug_loc     0x000040f6      0x310 ..\obj\stm32f4xx_gpio.o
 .debug_loc     0x00004406      0x100 ..\obj\usbd_cdc_vcp.o
 .debug_loc     0x00004506      0x118 ..\obj\list.o
 .debug_loc     0x0000461e       0x9c ..\obj\system_stm32f4xx.o
 .debug_loc     0x000046ba      0x1ec ..\obj\syscalls.o
 .debug_loc     0x000048a6       0xa9 ..\obj\adc.o
 .debug_loc     0x0000494f      0x138 ..\obj\usb_bsp.o
 .debug_loc     0x00004a87      0x310 ..\obj\usbd_req.o
 .debug_loc     0x00004d97      0x3b8 ..\obj\queue.o
 .debug_loc     0x0000514f      0x178 ..\obj\port.o
 .debug_loc     0x000052c7      0x2d8 ..\obj\usb_dcd_int.o
 .debug_loc     0x0000559f      0x224 ..\obj\usbd_cdc_core.o
 .debug_loc     0x000057c3      0x188 ..\obj\croutine.o
 .debug_loc     0x0000594b       0xe0 ..\obj\timer_properties.o
 .debug_loc     0x00005a2b      0x578 ..\obj\stm32f4xx_spi.o
 .debug_loc     0x00005fa3      0x1b4 ..\obj\stm32f4xx_exti.o
 .debug_loc     0x00006157      0x118 ..\obj\misc.o
 .debug_loc     0x0000626f      0x2d8 ..\obj\usb_dcd.o
 .debug_loc     0x00006547       0xc8 ..\obj\heap_1.o
 .debug_loc     0x0000660f      0xc48 ..\obj\stm32f4xx_rtc.o
 .debug_loc     0x00007257      0x188 ..\obj\usbd_ioreq.o
 .debug_loc     0x000073df     0x1420 ..\obj\stm32f4xx_tim.o
 .debug_loc     0x000087ff       0x90 ..\obj\power_detector.o

.debug_pubnames
                0x00000000     0x38ad
 .debug_pubnames
                0x00000000       0xc3 ..\obj\stm32f4xx_syscfg.o
 .debug_pubnames
                0x000000c3      0x364 ..\obj\usb_core.o
 .debug_pubnames
                0x00000427       0xc4 ..\obj\delay.o
 .debug_pubnames
                0x000004eb       0x4b ..\obj\pid_regulator.o
 .debug_pubnames
                0x00000536       0x9e ..\obj\usbd_usr.o
 .debug_pubnames
                0x000005d4       0x62 ..\obj\buzzer.o
 .debug_pubnames
                0x00000636      0x294 ..\obj\stm32f4xx_usart.o
 .debug_pubnames
                0x000008ca      0x120 ..\obj\stm32f4xx_pwr.o
 .debug_pubnames
                0x000009ea       0x46 ..\obj\rtc.o
 .debug_pubnames
                0x00000a30       0x4a ..\obj\startup_stm32f4xx.o
 .debug_pubnames
                0x00000a7a       0x6c ..\obj\backup_sram.o
 .debug_pubnames
                0x00000ae6       0x91 ..\obj\stm32f4xx_iwdg.o
 .debug_pubnames
                0x00000b77       0x91 ..\obj\ADS1120.o
 .debug_pubnames
                0x00000c08       0x7a ..\obj\usbd_core.o
 .debug_pubnames
                0x00000c82       0xa0 ..\obj\main.o
 .debug_pubnames
                0x00000d22       0x21 ..\obj\uks.o
 .debug_pubnames
                0x00000d43      0x417 ..\obj\stm32f4xx_rcc.o
 .debug_pubnames
                0x0000115a      0x446 ..\obj\stm32f4xx_adc.o
 .debug_pubnames
                0x000015a0      0x101 ..\obj\printf.o
 .debug_pubnames
                0x000016a1       0x7a ..\obj\phaze_detector.o
 .debug_pubnames
                0x0000171b       0x35 ..\obj\watchdog.o
 .debug_pubnames
                0x00001750      0x194 ..\obj\hd44780.o
 .debug_pubnames
                0x000018e4      0x275 ..\obj\tasks.o
 .debug_pubnames
                0x00001b59      0x152 ..\obj\usbd_desc.o
 .debug_pubnames
                0x00001cab       0x44 ..\obj\keyboard.o
 .debug_pubnames
                0x00001cef      0x12d ..\obj\stm32f4xx_gpio.o
 .debug_pubnames
                0x00001e1c       0x47 ..\obj\usbd_cdc_vcp.o
 .debug_pubnames
                0x00001e63       0x71 ..\obj\list.o
 .debug_pubnames
                0x00001ed4       0x61 ..\obj\system_stm32f4xx.o
 .debug_pubnames
                0x00001f35       0x71 ..\obj\syscalls.o
 .debug_pubnames
                0x00001fa6       0x58 ..\obj\adc.o
 .debug_pubnames
                0x00001ffe       0xa6 ..\obj\usb_bsp.o
 .debug_pubnames
                0x000020a4       0xd7 ..\obj\usbd_req.o
 .debug_pubnames
                0x0000217b      0x145 ..\obj\queue.o
 .debug_pubnames
                0x000022c0      0x101 ..\obj\port.o
 .debug_pubnames
                0x000023c1       0x2b ..\obj\usb_dcd_int.o
 .debug_pubnames
                0x000023ec       0xe5 ..\obj\usbd_cdc_core.o
 .debug_pubnames
                0x000024d1       0x96 ..\obj\croutine.o
 .debug_pubnames
                0x00002567       0xb2 ..\obj\timer_properties.o
 .debug_pubnames
                0x00002619      0x221 ..\obj\stm32f4xx_spi.o
 .debug_pubnames
                0x0000283a       0xbb ..\obj\stm32f4xx_exti.o
 .debug_pubnames
                0x000028f5       0x89 ..\obj\misc.o
 .debug_pubnames
                0x0000297e      0x100 ..\obj\usb_dcd.o
 .debug_pubnames
                0x00002a7e       0x64 ..\obj\heap_1.o
 .debug_pubnames
                0x00002ae2      0x514 ..\obj\stm32f4xx_rtc.o
 .debug_pubnames
                0x00002ff6       0xb6 ..\obj\usbd_ioreq.o
 .debug_pubnames
                0x000030ac      0x7c4 ..\obj\stm32f4xx_tim.o
 .debug_pubnames
                0x00003870       0x3d ..\obj\power_detector.o

.debug_pubtypes
                0x00000000     0x3e0f
 .debug_pubtypes
                0x00000000       0x6d ..\obj\stm32f4xx_syscfg.o
 .debug_pubtypes
                0x0000006d      0x675 ..\obj\usb_core.o
 .debug_pubtypes
                0x000006e2       0xb9 ..\obj\delay.o
 .debug_pubtypes
                0x0000079b       0x45 ..\obj\pid_regulator.o
 .debug_pubtypes
                0x000007e0       0x55 ..\obj\usbd_usr.o
 .debug_pubtypes
                0x00000835       0xea ..\obj\buzzer.o
 .debug_pubtypes
                0x0000091f       0xcd ..\obj\stm32f4xx_usart.o
 .debug_pubtypes
                0x000009ec       0x84 ..\obj\stm32f4xx_pwr.o
 .debug_pubtypes
                0x00000a70       0x73 ..\obj\rtc.o
 .debug_pubtypes
                0x00000ae3       0x5b ..\obj\backup_sram.o
 .debug_pubtypes
                0x00000b3e       0x64 ..\obj\stm32f4xx_iwdg.o
 .debug_pubtypes
                0x00000ba2      0x34b ..\obj\ADS1120.o
 .debug_pubtypes
                0x00000eed      0x2df ..\obj\usbd_core.o
 .debug_pubtypes
                0x000011cc      0x2a0 ..\obj\main.o
 .debug_pubtypes
                0x0000146c       0x6f ..\obj\uks.o
 .debug_pubtypes
                0x000014db       0xaa ..\obj\stm32f4xx_rcc.o
 .debug_pubtypes
                0x00001585       0x12 ..\obj\timers.o
 .debug_pubtypes
                0x00001597       0xc9 ..\obj\stm32f4xx_adc.o
 .debug_pubtypes
                0x00001660      0x139 ..\obj\printf.o
 .debug_pubtypes
                0x00001799      0x174 ..\obj\phaze_detector.o
 .debug_pubtypes
                0x0000190d       0x53 ..\obj\watchdog.o
 .debug_pubtypes
                0x00001960       0xe6 ..\obj\hd44780.o
 .debug_pubtypes
                0x00001a46      0x10c ..\obj\tasks.o
 .debug_pubtypes
                0x00001b52       0x5b ..\obj\usbd_desc.o
 .debug_pubtypes
                0x00001bad       0xf7 ..\obj\keyboard.o
 .debug_pubtypes
                0x00001ca4       0xce ..\obj\stm32f4xx_gpio.o
 .debug_pubtypes
                0x00001d72       0x6d ..\obj\usbd_cdc_vcp.o
 .debug_pubtypes
                0x00001ddf       0x7a ..\obj\list.o
 .debug_pubtypes
                0x00001e59       0x73 ..\obj\system_stm32f4xx.o
 .debug_pubtypes
                0x00001ecc       0xaa ..\obj\syscalls.o
 .debug_pubtypes
                0x00001f76      0x369 ..\obj\adc.o
 .debug_pubtypes
                0x000022df      0x333 ..\obj\usb_bsp.o
 .debug_pubtypes
                0x00002612      0x2c8 ..\obj\usbd_req.o
 .debug_pubtypes
                0x000028da       0xd4 ..\obj\queue.o
 .debug_pubtypes
                0x000029ae       0x33 ..\obj\port.o
 .debug_pubtypes
                0x000029e1      0x5e1 ..\obj\usb_dcd_int.o
 .debug_pubtypes
                0x00002fc2      0x2ae ..\obj\usbd_cdc_core.o
 .debug_pubtypes
                0x00003270       0xcd ..\obj\croutine.o
 .debug_pubtypes
                0x0000333d       0x93 ..\obj\timer_properties.o
 .debug_pubtypes
                0x000033d0       0xbc ..\obj\stm32f4xx_spi.o
 .debug_pubtypes
                0x0000348c       0xae ..\obj\stm32f4xx_exti.o
 .debug_pubtypes
                0x0000353a       0x8c ..\obj\misc.o
 .debug_pubtypes
                0x000035c6      0x307 ..\obj\usb_dcd.o
 .debug_pubtypes
                0x000038cd       0x2c ..\obj\heap_1.o
 .debug_pubtypes
                0x000038f9       0xd8 ..\obj\stm32f4xx_rtc.o
 .debug_pubtypes
                0x000039d1      0x295 ..\obj\usbd_ioreq.o
 .debug_pubtypes
                0x00003c66       0xe4 ..\obj\stm32f4xx_tim.o
 .debug_pubtypes
                0x00003d4a       0xc5 ..\obj\power_detector.o

.debug_aranges  0x00000000     0x1860
 .debug_aranges
                0x00000000       0x48 ..\obj\stm32f4xx_syscfg.o
 .debug_aranges
                0x00000048      0x138 ..\obj\usb_core.o
 .debug_aranges
                0x00000180       0x40 ..\obj\delay.o
 .debug_aranges
                0x000001c0       0x38 ..\obj\pid_regulator.o
 .debug_aranges
                0x000001f8       0x40 ..\obj\usbd_usr.o
 .debug_aranges
                0x00000238       0x30 ..\obj\buzzer.o
 .debug_aranges
                0x00000268      0x100 ..\obj\stm32f4xx_usart.o
 .debug_aranges
                0x00000368       0x78 ..\obj\stm32f4xx_pwr.o
 .debug_aranges
                0x000003e0       0x28 ..\obj\rtc.o
 .debug_aranges
                0x00000408       0x28 ..\obj\startup_stm32f4xx.o
 .debug_aranges
                0x00000430       0x38 ..\obj\backup_sram.o
 .debug_aranges
                0x00000468       0x48 ..\obj\stm32f4xx_iwdg.o
 .debug_aranges
                0x000004b0       0x40 ..\obj\ADS1120.o
 .debug_aranges
                0x000004f0       0x80 ..\obj\usbd_core.o
 .debug_aranges
                0x00000570       0x40 ..\obj\main.o
 .debug_aranges
                0x000005b0      0x178 ..\obj\stm32f4xx_rcc.o
 .debug_aranges
                0x00000728      0x148 ..\obj\stm32f4xx_adc.o
 .debug_aranges
                0x00000870       0xa0 ..\obj\printf.o
 .debug_aranges
                0x00000910       0x40 ..\obj\phaze_detector.o
 .debug_aranges
                0x00000950       0x28 ..\obj\watchdog.o
 .debug_aranges
                0x00000978       0xb0 ..\obj\hd44780.o
 .debug_aranges
                0x00000a28      0x120 ..\obj\tasks.o
 .debug_aranges
                0x00000b48       0x50 ..\obj\usbd_desc.o
 .debug_aranges
                0x00000b98       0x28 ..\obj\keyboard.o
 .debug_aranges
                0x00000bc0       0x88 ..\obj\stm32f4xx_gpio.o
 .debug_aranges
                0x00000c48       0x40 ..\obj\usbd_cdc_vcp.o
 .debug_aranges
                0x00000c88       0x40 ..\obj\list.o
 .debug_aranges
                0x00000cc8       0x30 ..\obj\system_stm32f4xx.o
 .debug_aranges
                0x00000cf8       0x60 ..\obj\syscalls.o
 .debug_aranges
                0x00000d58       0x30 ..\obj\adc.o
 .debug_aranges
                0x00000d88       0x48 ..\obj\usb_bsp.o
 .debug_aranges
                0x00000dd0       0x88 ..\obj\usbd_req.o
 .debug_aranges
                0x00000e58       0xa0 ..\obj\queue.o
 .debug_aranges
                0x00000ef8       0x70 ..\obj\port.o
 .debug_aranges
                0x00000f68       0x80 ..\obj\usb_dcd_int.o
 .debug_aranges
                0x00000fe8       0x68 ..\obj\usbd_cdc_core.o
 .debug_aranges
                0x00001050       0x50 ..\obj\croutine.o
 .debug_aranges
                0x000010a0       0x38 ..\obj\timer_properties.o
 .debug_aranges
                0x000010d8       0xe0 ..\obj\stm32f4xx_spi.o
 .debug_aranges
                0x000011b8       0x58 ..\obj\stm32f4xx_exti.o
 .debug_aranges
                0x00001210       0x40 ..\obj\misc.o
 .debug_aranges
                0x00001250       0x80 ..\obj\usb_dcd.o
 .debug_aranges
                0x000012d0       0x38 ..\obj\heap_1.o
 .debug_aranges
                0x00001308      0x1e0 ..\obj\stm32f4xx_rtc.o
 .debug_aranges
                0x000014e8       0x50 ..\obj\usbd_ioreq.o
 .debug_aranges
                0x00001538      0x2f8 ..\obj\stm32f4xx_tim.o
 .debug_aranges
                0x00001830       0x30 ..\obj\power_detector.o

.debug_ranges   0x00000000     0x1570
 .debug_ranges  0x00000000       0x38 ..\obj\stm32f4xx_syscfg.o
 .debug_ranges  0x00000038      0x128 ..\obj\usb_core.o
 .debug_ranges  0x00000160       0x30 ..\obj\delay.o
 .debug_ranges  0x00000190       0x28 ..\obj\pid_regulator.o
 .debug_ranges  0x000001b8       0x30 ..\obj\usbd_usr.o
 .debug_ranges  0x000001e8       0x20 ..\obj\buzzer.o
 .debug_ranges  0x00000208       0xf0 ..\obj\stm32f4xx_usart.o
 .debug_ranges  0x000002f8       0x68 ..\obj\stm32f4xx_pwr.o
 .debug_ranges  0x00000360       0x18 ..\obj\rtc.o
 .debug_ranges  0x00000378       0x18 ..\obj\startup_stm32f4xx.o
 .debug_ranges  0x00000390       0x28 ..\obj\backup_sram.o
 .debug_ranges  0x000003b8       0x38 ..\obj\stm32f4xx_iwdg.o
 .debug_ranges  0x000003f0       0x30 ..\obj\ADS1120.o
 .debug_ranges  0x00000420       0x70 ..\obj\usbd_core.o
 .debug_ranges  0x00000490       0x30 ..\obj\main.o
 .debug_ranges  0x000004c0      0x168 ..\obj\stm32f4xx_rcc.o
 .debug_ranges  0x00000628      0x138 ..\obj\stm32f4xx_adc.o
 .debug_ranges  0x00000760       0x90 ..\obj\printf.o
 .debug_ranges  0x000007f0       0x30 ..\obj\phaze_detector.o
 .debug_ranges  0x00000820       0x18 ..\obj\watchdog.o
 .debug_ranges  0x00000838       0xa0 ..\obj\hd44780.o
 .debug_ranges  0x000008d8      0x110 ..\obj\tasks.o
 .debug_ranges  0x000009e8       0x40 ..\obj\usbd_desc.o
 .debug_ranges  0x00000a28       0x18 ..\obj\keyboard.o
 .debug_ranges  0x00000a40       0x78 ..\obj\stm32f4xx_gpio.o
 .debug_ranges  0x00000ab8       0x30 ..\obj\usbd_cdc_vcp.o
 .debug_ranges  0x00000ae8       0x30 ..\obj\list.o
 .debug_ranges  0x00000b18       0x20 ..\obj\system_stm32f4xx.o
 .debug_ranges  0x00000b38       0x50 ..\obj\syscalls.o
 .debug_ranges  0x00000b88       0x20 ..\obj\adc.o
 .debug_ranges  0x00000ba8       0x38 ..\obj\usb_bsp.o
 .debug_ranges  0x00000be0       0x78 ..\obj\usbd_req.o
 .debug_ranges  0x00000c58       0x90 ..\obj\queue.o
 .debug_ranges  0x00000ce8       0x60 ..\obj\port.o
 .debug_ranges  0x00000d48       0x70 ..\obj\usb_dcd_int.o
 .debug_ranges  0x00000db8       0x58 ..\obj\usbd_cdc_core.o
 .debug_ranges  0x00000e10       0x40 ..\obj\croutine.o
 .debug_ranges  0x00000e50       0x28 ..\obj\timer_properties.o
 .debug_ranges  0x00000e78       0xd0 ..\obj\stm32f4xx_spi.o
 .debug_ranges  0x00000f48       0x48 ..\obj\stm32f4xx_exti.o
 .debug_ranges  0x00000f90       0x30 ..\obj\misc.o
 .debug_ranges  0x00000fc0       0x70 ..\obj\usb_dcd.o
 .debug_ranges  0x00001030       0x28 ..\obj\heap_1.o
 .debug_ranges  0x00001058      0x1d0 ..\obj\stm32f4xx_rtc.o
 .debug_ranges  0x00001228       0x40 ..\obj\usbd_ioreq.o
 .debug_ranges  0x00001268      0x2e8 ..\obj\stm32f4xx_tim.o
 .debug_ranges  0x00001550       0x20 ..\obj\power_detector.o

.debug_str      0x00000000     0x803b
 .debug_str     0x00000000      0x214 ..\obj\stm32f4xx_syscfg.o
                                0x261 (size before relaxing)
 .debug_str     0x00000214     0x1245 ..\obj\usb_core.o
                               0x15e8 (size before relaxing)
 .debug_str     0x00001459      0x7e8 ..\obj\delay.o
                                0x8f0 (size before relaxing)
 .debug_str     0x00001c41      0x148 ..\obj\pid_regulator.o
                                0x1ed (size before relaxing)
 .debug_str     0x00001d89       0xb3 ..\obj\usbd_usr.o
                                0x1ec (size before relaxing)
 .debug_str     0x00001e3c      0x33a ..\obj\buzzer.o
                                0x42b (size before relaxing)
 .debug_str     0x00002176      0x495 ..\obj\stm32f4xx_usart.o
                                0x5f1 (size before relaxing)
 .debug_str     0x0000260b      0x1e0 ..\obj\stm32f4xx_pwr.o
                                0x2f3 (size before relaxing)
 .debug_str     0x000027eb      0x14c ..\obj\rtc.o
                                0x251 (size before relaxing)
 .debug_str     0x00002937       0xb5 ..\obj\startup_stm32f4xx.o
                                 0xe0 (size before relaxing)
 .debug_str     0x000029ec       0xc8 ..\obj\backup_sram.o
                                0x1b1 (size before relaxing)
 .debug_str     0x00002ab4       0xed ..\obj\stm32f4xx_iwdg.o
                                0x1ce (size before relaxing)
 .debug_str     0x00002ba1      0x20d ..\obj\ADS1120.o
                                0xc55 (size before relaxing)
 .debug_str     0x00002dae      0x18d ..\obj\usbd_core.o
                                0xa2d (size before relaxing)
 .debug_str     0x00002f3b       0xed ..\obj\main.o
                                0x966 (size before relaxing)
 .debug_str     0x00003028       0x82 ..\obj\uks.o
                                0x155 (size before relaxing)
 .debug_str     0x000030aa      0x5e8 ..\obj\stm32f4xx_rcc.o
                                0x7b2 (size before relaxing)
 .debug_str     0x00003692       0x4c ..\obj\timers.o
                                 0x9f (size before relaxing)
 .debug_str     0x000036de      0x638 ..\obj\stm32f4xx_adc.o
                                0x766 (size before relaxing)
 .debug_str     0x00003d16      0x493 ..\obj\printf.o
                                0x5e7 (size before relaxing)
 .debug_str     0x000041a9      0x233 ..\obj\phaze_detector.o
                                0xa68 (size before relaxing)
 .debug_str     0x000043dc       0x5c ..\obj\watchdog.o
                                0x181 (size before relaxing)
 .debug_str     0x00004438      0x219 ..\obj\hd44780.o
                                0x573 (size before relaxing)
 .debug_str     0x00004651      0x776 ..\obj\tasks.o
                                0x8b6 (size before relaxing)
 .debug_str     0x00004dc7      0x158 ..\obj\usbd_desc.o
                                0x2ef (size before relaxing)
 .debug_str     0x00004f1f       0xa4 ..\obj\keyboard.o
                                0x32f (size before relaxing)
 .debug_str     0x00004fc3      0x17b ..\obj\stm32f4xx_gpio.o
                                0x405 (size before relaxing)
 .debug_str     0x0000513e       0xf8 ..\obj\usbd_cdc_vcp.o
                                0x1db (size before relaxing)
 .debug_str     0x00005236       0xdd ..\obj\list.o
                                0x210 (size before relaxing)
 .debug_str     0x00005313       0xbd ..\obj\system_stm32f4xx.o
                                0x300 (size before relaxing)
 .debug_str     0x000053d0      0x147 ..\obj\syscalls.o
                                0x267 (size before relaxing)
 .debug_str     0x00005517       0xb4 ..\obj\adc.o
                                0xc36 (size before relaxing)
 .debug_str     0x000055cb       0xca ..\obj\usb_bsp.o
                               0x1034 (size before relaxing)
 .debug_str     0x00005695      0x173 ..\obj\usbd_req.o
                                0xa58 (size before relaxing)
 .debug_str     0x00005808      0x302 ..\obj\queue.o
                                0x4be (size before relaxing)
 .debug_str     0x00005b0a      0x156 ..\obj\port.o
                                0x1dc (size before relaxing)
 .debug_str     0x00005c60      0x289 ..\obj\usb_dcd_int.o
                               0x11e6 (size before relaxing)
 .debug_str     0x00005ee9      0x1a9 ..\obj\usbd_cdc_core.o
                                0xaa3 (size before relaxing)
 .debug_str     0x00006092      0x282 ..\obj\croutine.o
                                0x3df (size before relaxing)
 .debug_str     0x00006314      0x1e3 ..\obj\timer_properties.o
                                0x42f (size before relaxing)
 .debug_str     0x000064f7      0x2f5 ..\obj\stm32f4xx_spi.o
                                0x5ec (size before relaxing)
 .debug_str     0x000067ec       0xe8 ..\obj\stm32f4xx_exti.o
                                0x2d0 (size before relaxing)
 .debug_str     0x000068d4      0x11e ..\obj\misc.o
                                0x33b (size before relaxing)
 .debug_str     0x000069f2      0x10f ..\obj\usb_dcd.o
                                0xa88 (size before relaxing)
 .debug_str     0x00006b01       0xe1 ..\obj\heap_1.o
                                0x1a1 (size before relaxing)
 .debug_str     0x00006be2      0x88a ..\obj\stm32f4xx_rtc.o
                                0xab5 (size before relaxing)
 .debug_str     0x0000746c       0xc9 ..\obj\usbd_ioreq.o
                                0x917 (size before relaxing)
 .debug_str     0x00007535      0xa86 ..\obj\stm32f4xx_tim.o
                                0xd32 (size before relaxing)
 .debug_str     0x00007fbb       0x80 ..\obj\power_detector.o
                                0x828 (size before relaxing)

.comment        0x00000000       0x2a
 .comment       0x00000000       0x2a ..\obj\stm32f4xx_syscfg.o
                                 0x2b (size before relaxing)
 .comment       0x00000000       0x2b ..\obj\usb_core.o
 .comment       0x00000000       0x2b ..\obj\delay.o
 .comment       0x00000000       0x2b ..\obj\pid_regulator.o
 .comment       0x00000000       0x2b ..\obj\usbd_usr.o
 .comment       0x00000000       0x2b ..\obj\buzzer.o
 .comment       0x00000000       0x2b ..\obj\stm32f4xx_usart.o
 .comment       0x00000000       0x2b ..\obj\stm32f4xx_pwr.o
 .comment       0x00000000       0x2b ..\obj\rtc.o
 .comment       0x00000000       0x2b ..\obj\startup_stm32f4xx.o
 .comment       0x00000000       0x2b ..\obj\backup_sram.o
 .comment       0x00000000       0x2b ..\obj\stm32f4xx_iwdg.o
 .comment       0x00000000       0x2b ..\obj\ADS1120.o
 .comment       0x00000000       0x2b ..\obj\usbd_core.o
 .comment       0x00000000       0x2b ..\obj\main.o
 .comment       0x00000000       0x2b ..\obj\uks.o
 .comment       0x00000000       0x2b ..\obj\stm32f4xx_rcc.o
 .comment       0x00000000       0x2b ..\obj\timers.o
 .comment       0x00000000       0x2b ..\obj\stm32f4xx_adc.o
 .comment       0x00000000       0x2b ..\obj\printf.o
 .comment       0x00000000       0x2b ..\obj\phaze_detector.o
 .comment       0x00000000       0x2b ..\obj\watchdog.o
 .comment       0x00000000       0x2b ..\obj\hd44780.o
 .comment       0x00000000       0x2b ..\obj\tasks.o
 .comment       0x00000000       0x2b ..\obj\usbd_desc.o
 .comment       0x00000000       0x2b ..\obj\keyboard.o
 .comment       0x00000000       0x2b ..\obj\stm32f4xx_gpio.o
 .comment       0x00000000       0x2b ..\obj\usbd_cdc_vcp.o
 .comment       0x00000000       0x2b ..\obj\list.o
 .comment       0x00000000       0x2b ..\obj\system_stm32f4xx.o
 .comment       0x00000000       0x2b ..\obj\syscalls.o
 .comment       0x00000000       0x2b ..\obj\adc.o
 .comment       0x00000000       0x2b ..\obj\usb_bsp.o
 .comment       0x00000000       0x2b ..\obj\usbd_req.o
 .comment       0x00000000       0x2b ..\obj\queue.o
 .comment       0x00000000       0x2b ..\obj\port.o
 .comment       0x00000000       0x2b ..\obj\usb_dcd_int.o
 .comment       0x00000000       0x2b ..\obj\usbd_cdc_core.o
 .comment       0x00000000       0x2b ..\obj\croutine.o
 .comment       0x00000000       0x2b ..\obj\timer_properties.o
 .comment       0x00000000       0x2b ..\obj\stm32f4xx_spi.o
 .comment       0x00000000       0x2b ..\obj\stm32f4xx_exti.o
 .comment       0x00000000       0x2b ..\obj\misc.o
 .comment       0x00000000       0x2b ..\obj\usb_dcd.o
 .comment       0x00000000       0x2b ..\obj\heap_1.o
 .comment       0x00000000       0x2b ..\obj\stm32f4xx_rtc.o
 .comment       0x00000000       0x2b ..\obj\usbd_ioreq.o
 .comment       0x00000000       0x2b ..\obj\stm32f4xx_tim.o
 .comment       0x00000000       0x2b ..\obj\power_detector.o

.ARM.attributes
                0x00000000       0x31
 .ARM.attributes
                0x00000000       0x31 ..\obj\stm32f4xx_syscfg.o
 .ARM.attributes
                0x00000031       0x31 ..\obj\usb_core.o
 .ARM.attributes
                0x00000062       0x31 ..\obj\delay.o
 .ARM.attributes
                0x00000093       0x31 ..\obj\pid_regulator.o
 .ARM.attributes
                0x000000c4       0x31 ..\obj\usbd_usr.o
 .ARM.attributes
                0x000000f5       0x31 ..\obj\buzzer.o
 .ARM.attributes
                0x00000126       0x31 ..\obj\stm32f4xx_usart.o
 .ARM.attributes
                0x00000157       0x31 ..\obj\stm32f4xx_pwr.o
 .ARM.attributes
                0x00000188       0x31 ..\obj\rtc.o
 .ARM.attributes
                0x000001b9       0x31 ..\obj\startup_stm32f4xx.o
 .ARM.attributes
                0x000001ea       0x31 ..\obj\backup_sram.o
 .ARM.attributes
                0x0000021b       0x31 ..\obj\stm32f4xx_iwdg.o
 .ARM.attributes
                0x0000024c       0x31 ..\obj\ADS1120.o
 .ARM.attributes
                0x0000027d       0x31 ..\obj\usbd_core.o
 .ARM.attributes
                0x000002ae       0x31 ..\obj\main.o
 .ARM.attributes
                0x000002df       0x31 ..\obj\uks.o
 .ARM.attributes
                0x00000310       0x31 ..\obj\stm32f4xx_rcc.o
 .ARM.attributes
                0x00000341       0x31 ..\obj\timers.o
 .ARM.attributes
                0x00000372       0x31 ..\obj\stm32f4xx_adc.o
 .ARM.attributes
                0x000003a3       0x31 ..\obj\printf.o
 .ARM.attributes
                0x000003d4       0x31 ..\obj\phaze_detector.o
 .ARM.attributes
                0x00000405       0x31 ..\obj\watchdog.o
 .ARM.attributes
                0x00000436       0x31 ..\obj\hd44780.o
 .ARM.attributes
                0x00000467       0x31 ..\obj\tasks.o
 .ARM.attributes
                0x00000498       0x31 ..\obj\usbd_desc.o
 .ARM.attributes
                0x000004c9       0x31 ..\obj\keyboard.o
 .ARM.attributes
                0x000004fa       0x31 ..\obj\stm32f4xx_gpio.o
 .ARM.attributes
                0x0000052b       0x31 ..\obj\usbd_cdc_vcp.o
 .ARM.attributes
                0x0000055c       0x31 ..\obj\list.o
 .ARM.attributes
                0x0000058d       0x31 ..\obj\system_stm32f4xx.o
 .ARM.attributes
                0x000005be       0x31 ..\obj\syscalls.o
 .ARM.attributes
                0x000005ef       0x31 ..\obj\adc.o
 .ARM.attributes
                0x00000620       0x31 ..\obj\usb_bsp.o
 .ARM.attributes
                0x00000651       0x31 ..\obj\usbd_req.o
 .ARM.attributes
                0x00000682       0x31 ..\obj\queue.o
 .ARM.attributes
                0x000006b3       0x31 ..\obj\port.o
 .ARM.attributes
                0x000006e4       0x31 ..\obj\usb_dcd_int.o
 .ARM.attributes
                0x00000715       0x31 ..\obj\usbd_cdc_core.o
 .ARM.attributes
                0x00000746       0x31 ..\obj\croutine.o
 .ARM.attributes
                0x00000777       0x31 ..\obj\timer_properties.o
 .ARM.attributes
                0x000007a8       0x31 ..\obj\stm32f4xx_spi.o
 .ARM.attributes
                0x000007d9       0x31 ..\obj\stm32f4xx_exti.o
 .ARM.attributes
                0x0000080a       0x31 ..\obj\misc.o
 .ARM.attributes
                0x0000083b       0x31 ..\obj\usb_dcd.o
 .ARM.attributes
                0x0000086c       0x31 ..\obj\heap_1.o
 .ARM.attributes
                0x0000089d       0x31 ..\obj\stm32f4xx_rtc.o
 .ARM.attributes
                0x000008ce       0x31 ..\obj\usbd_ioreq.o
 .ARM.attributes
                0x000008ff       0x31 ..\obj\stm32f4xx_tim.o
 .ARM.attributes
                0x00000930       0x31 ..\obj\power_detector.o
 .ARM.attributes
                0x00000961       0x1b c:/coocox/coide/gcc/sourcery g++ lite/bin/../lib/gcc/arm-none-eabi/4.5.1/thumb2\libgcc.a(_arm_addsubdf3.o)
 .ARM.attributes
                0x0000097c       0x1b c:/coocox/coide/gcc/sourcery g++ lite/bin/../lib/gcc/arm-none-eabi/4.5.1/thumb2\libgcc.a(_arm_muldivdf3.o)
 .ARM.attributes
                0x00000997       0x1b c:/coocox/coide/gcc/sourcery g++ lite/bin/../lib/gcc/arm-none-eabi/4.5.1/thumb2\libgcc.a(_arm_cmpdf2.o)
 .ARM.attributes
                0x000009b2       0x1b c:/coocox/coide/gcc/sourcery g++ lite/bin/../lib/gcc/arm-none-eabi/4.5.1/thumb2\libgcc.a(_arm_fixunsdfsi.o)
 .ARM.attributes
                0x000009cd       0x29 c:/coocox/coide/gcc/sourcery g++ lite/bin/../lib/gcc/arm-none-eabi/4.5.1/../../../../arm-none-eabi/lib/thumb2\libc.a(lib_a-memcmp.o)
 .ARM.attributes
                0x000009f6       0x29 c:/coocox/coide/gcc/sourcery g++ lite/bin/../lib/gcc/arm-none-eabi/4.5.1/../../../../arm-none-eabi/lib/thumb2\libc.a(lib_a-memcpy.o)
 .ARM.attributes
                0x00000a1f       0x29 c:/coocox/coide/gcc/sourcery g++ lite/bin/../lib/gcc/arm-none-eabi/4.5.1/../../../../arm-none-eabi/lib/thumb2\libc.a(lib_a-memset.o)
 .ARM.attributes
                0x00000a48       0x29 c:/coocox/coide/gcc/sourcery g++ lite/bin/../lib/gcc/arm-none-eabi/4.5.1/../../../../arm-none-eabi/lib/thumb2\libc.a(lib_a-strncpy.o)

.debug_frame    0x00000000     0x4c3c
 .debug_frame   0x00000000       0xbc ..\obj\stm32f4xx_syscfg.o
 .debug_frame   0x000000bc      0x434 ..\obj\usb_core.o
 .debug_frame   0x000004f0       0xa0 ..\obj\delay.o
 .debug_frame   0x00000590       0x84 ..\obj\pid_regulator.o
 .debug_frame   0x00000614       0x8c ..\obj\usbd_usr.o
 .debug_frame   0x000006a0       0x70 ..\obj\buzzer.o
 .debug_frame   0x00000710      0x344 ..\obj\stm32f4xx_usart.o
 .debug_frame   0x00000a54      0x15c ..\obj\stm32f4xx_pwr.o
 .debug_frame   0x00000bb0       0x50 ..\obj\rtc.o
 .debug_frame   0x00000c00       0x48 ..\obj\startup_stm32f4xx.o
 .debug_frame   0x00000c48       0x88 ..\obj\backup_sram.o
 .debug_frame   0x00000cd0       0xb0 ..\obj\stm32f4xx_iwdg.o
 .debug_frame   0x00000d80       0xa8 ..\obj\ADS1120.o
 .debug_frame   0x00000e28      0x1ac ..\obj\usbd_core.o
 .debug_frame   0x00000fd4       0xa0 ..\obj\main.o
 .debug_frame   0x00001074      0x4d8 ..\obj\stm32f4xx_rcc.o
 .debug_frame   0x0000154c      0x434 ..\obj\stm32f4xx_adc.o
 .debug_frame   0x00001980      0x244 ..\obj\printf.o
 .debug_frame   0x00001bc4       0xa0 ..\obj\phaze_detector.o
 .debug_frame   0x00001c64       0x50 ..\obj\watchdog.o
 .debug_frame   0x00001cb4      0x248 ..\obj\hd44780.o
 .debug_frame   0x00001efc      0x404 ..\obj\tasks.o
 .debug_frame   0x00002300       0xe8 ..\obj\usbd_desc.o
 .debug_frame   0x000023e8       0x50 ..\obj\keyboard.o
 .debug_frame   0x00002438      0x19c ..\obj\stm32f4xx_gpio.o
 .debug_frame   0x000025d4       0x94 ..\obj\usbd_cdc_vcp.o
 .debug_frame   0x00002668       0x9c ..\obj\list.o
 .debug_frame   0x00002704       0x64 ..\obj\system_stm32f4xx.o
 .debug_frame   0x00002768      0x108 ..\obj\syscalls.o
 .debug_frame   0x00002870       0x6c ..\obj\adc.o
 .debug_frame   0x000028dc       0xc4 ..\obj\usb_bsp.o
 .debug_frame   0x000029a0      0x1c8 ..\obj\usbd_req.o
 .debug_frame   0x00002b68      0x224 ..\obj\queue.o
 .debug_frame   0x00002d8c      0x110 ..\obj\port.o
 .debug_frame   0x00002e9c      0x1ac ..\obj\usb_dcd_int.o
 .debug_frame   0x00003048      0x144 ..\obj\usbd_cdc_core.o
 .debug_frame   0x0000318c       0xf0 ..\obj\croutine.o
 .debug_frame   0x0000327c       0x90 ..\obj\timer_properties.o
 .debug_frame   0x0000330c      0x2d0 ..\obj\stm32f4xx_spi.o
 .debug_frame   0x000035dc       0xec ..\obj\stm32f4xx_exti.o
 .debug_frame   0x000036c8       0x9c ..\obj\misc.o
 .debug_frame   0x00003764      0x1ac ..\obj\usb_dcd.o
 .debug_frame   0x00003910       0x7c ..\obj\heap_1.o
 .debug_frame   0x0000398c      0x670 ..\obj\stm32f4xx_rtc.o
 .debug_frame   0x00003ffc       0xec ..\obj\usbd_ioreq.o
 .debug_frame   0x000040e8      0xa3c ..\obj\stm32f4xx_tim.o
 .debug_frame   0x00004b24       0x64 ..\obj\power_detector.o
 .debug_frame   0x00004b88       0x2c c:/coocox/coide/gcc/sourcery g++ lite/bin/../lib/gcc/arm-none-eabi/4.5.1/../../../../arm-none-eabi/lib/thumb2\libc.a(lib_a-memcmp.o)
 .debug_frame   0x00004bb4       0x30 c:/coocox/coide/gcc/sourcery g++ lite/bin/../lib/gcc/arm-none-eabi/4.5.1/../../../../arm-none-eabi/lib/thumb2\libc.a(lib_a-memcpy.o)
 .debug_frame   0x00004be4       0x2c c:/coocox/coide/gcc/sourcery g++ lite/bin/../lib/gcc/arm-none-eabi/4.5.1/../../../../arm-none-eabi/lib/thumb2\libc.a(lib_a-memset.o)
 .debug_frame   0x00004c10       0x2c c:/coocox/coide/gcc/sourcery g++ lite/bin/../lib/gcc/arm-none-eabi/4.5.1/../../../../arm-none-eabi/lib/thumb2\libc.a(lib_a-strncpy.o)
