Archive member included because of file (symbol)

c:/coocox/coide/gcc/sourcery g++ lite/bin/../lib/gcc/arm-none-eabi/4.5.1/thumb2\libgcc.a(_arm_addsubdf3.o)
                              ..\obj\ADS1120.o (__aeabi_dadd)
c:/coocox/coide/gcc/sourcery g++ lite/bin/../lib/gcc/arm-none-eabi/4.5.1/thumb2\libgcc.a(_arm_muldivdf3.o)
                              ..\obj\ADS1120.o (__aeabi_dmul)
c:/coocox/coide/gcc/sourcery g++ lite/bin/../lib/gcc/arm-none-eabi/4.5.1/thumb2\libgcc.a(_arm_cmpdf2.o)
                              ..\obj\timer_properties.o (__aeabi_dcmpeq)
c:/coocox/coide/gcc/sourcery g++ lite/bin/../lib/gcc/arm-none-eabi/4.5.1/thumb2\libgcc.a(_arm_fixunsdfsi.o)
                              ..\obj\timer_properties.o (__aeabi_d2uiz)
c:/coocox/coide/gcc/sourcery g++ lite/bin/../lib/gcc/arm-none-eabi/4.5.1/thumb2\libgcc.a(_arm_truncdfsf2.o)
                              ..\obj\ADS1120.o (__aeabi_d2f)
c:/coocox/coide/gcc/sourcery g++ lite/bin/../lib/gcc/arm-none-eabi/4.5.1/thumb2\libgcc.a(_arm_addsubsf3.o)
                              ..\obj\pid_regulator.o (__aeabi_fsub)
c:/coocox/coide/gcc/sourcery g++ lite/bin/../lib/gcc/arm-none-eabi/4.5.1/thumb2\libgcc.a(_arm_muldivsf3.o)
                              ..\obj\pid_regulator.o (__aeabi_fmul)
c:/coocox/coide/gcc/sourcery g++ lite/bin/../lib/gcc/arm-none-eabi/4.5.1/thumb2\libgcc.a(_arm_cmpsf2.o)
                              ..\obj\pid_regulator.o (__aeabi_fcmplt)
c:/coocox/coide/gcc/sourcery g++ lite/bin/../lib/gcc/arm-none-eabi/4.5.1/thumb2\libgcc.a(_arm_fixsfsi.o)
                              ..\obj\pid_regulator.o (__aeabi_f2iz)
c:/coocox/coide/gcc/sourcery g++ lite/bin/../lib/gcc/arm-none-eabi/4.5.1/thumb2\libgcc.a(_arm_fixunssfsi.o)
                              ..\obj\display.o (__aeabi_f2uiz)
c:/coocox/coide/gcc/sourcery g++ lite/bin/../lib/gcc/arm-none-eabi/4.5.1/../../../../arm-none-eabi/lib/thumb2\libc.a(lib_a-memcmp.o)
                              ..\obj\tasks.o (memcmp)
c:/coocox/coide/gcc/sourcery g++ lite/bin/../lib/gcc/arm-none-eabi/4.5.1/../../../../arm-none-eabi/lib/thumb2\libc.a(lib_a-memcpy.o)
                              ..\obj\mbfuncother.o (memcpy)
c:/coocox/coide/gcc/sourcery g++ lite/bin/../lib/gcc/arm-none-eabi/4.5.1/../../../../arm-none-eabi/lib/thumb2\libc.a(lib_a-memset.o)
                              ..\obj\tasks.o (memset)
c:/coocox/coide/gcc/sourcery g++ lite/bin/../lib/gcc/arm-none-eabi/4.5.1/../../../../arm-none-eabi/lib/thumb2\libc.a(lib_a-strncpy.o)
                              ..\obj\tasks.o (strncpy)

Allocating common symbols
Common symbol       size              file

pxMBFrameCBTransmitterEmpty
                    0x4               ..\obj\mb.o
pid_heater          0x1c              ..\obj\pid_regulator.o
pxMBPortCBTimerExpired
                    0x4               ..\obj\mb.o
ADC_result          0x4               ..\obj\ADS1120.o
xBuzzer_Handle      0x4               ..\obj\buzzer.o
adc_reg             0x1               ..\obj\ADS1120.o
ucRTUBuf            0x100             ..\obj\mbrtu.o
HD44780_Opts        0x7               ..\obj\hd44780.o
xPhazeSemaphore     0x4               ..\obj\phaze_detector.o
usbd_cdc_OtherCfgDesc
                    0x43              ..\obj\usbd_cdc_core.o
xSPI_Buf_Mutex      0x4               ..\obj\ADS1120.o
pxMBFrameCBByteReceived
                    0x4               ..\obj\mb.o
buzz                0x2               ..\obj\buzzer.o
pxMBFrameCBTransmitFSMCur
                    0x4               ..\obj\mb.o
xMeasure_LM35_Semaphore
                    0x4               ..\obj\adc.o
USB_Rx_Buffer       0x40              ..\obj\usbd_cdc_core.o
ADC_result_temp     0x4               ..\obj\ADS1120.o
ADS1120_res         0x28              ..\obj\ADS1120.o
pxMBFrameCBReceiveFSMCur
                    0x4               ..\obj\mb.o
CmdBuff             0x8               ..\obj\usbd_cdc_core.o
USB_OTG_dev         0x5f0             ..\obj\main.o
adc_lm35_chnl       0xee              ..\obj\adc.o
mult                0x4               ..\obj\delay.o
APP_Rx_Buffer       0x800             ..\obj\usbd_cdc_core.o
uks_channels        0x4b8             ..\obj\uks.o
task_watches        0x10              ..\obj\watchdog.o
USBD_StrDesc        0x32              ..\obj\usbd_req.o
phaze_detect        0x6               ..\obj\phaze_detector.o

Discarded input sections

 .text          0x00000000        0x0 ..\obj\stm32f4xx_syscfg.o
 .data          0x00000000        0x0 ..\obj\stm32f4xx_syscfg.o
 .bss           0x00000000        0x0 ..\obj\stm32f4xx_syscfg.o
 .text.SYSCFG_DeInit
                0x00000000       0x20 ..\obj\stm32f4xx_syscfg.o
 .text.SYSCFG_MemoryRemapConfig
                0x00000000       0x20 ..\obj\stm32f4xx_syscfg.o
 .text.SYSCFG_ETH_MediaInterfaceConfig
                0x00000000       0x20 ..\obj\stm32f4xx_syscfg.o
 .text.SYSCFG_CompensationCellCmd
                0x00000000       0x20 ..\obj\stm32f4xx_syscfg.o
 .text.SYSCFG_GetCompensationCellStatus
[...]
Memory Configuration

Name             Origin             Length             Attributes
rom              0x08000000         0x00100000         xr
ram              0x20000000         0x00020000         xrw
ram1             0x10000000         0x00010000         xrw
*default*        0x00000000         0xffffffff

Linker script and memory map

                0x20020000                _eram = 0x20020000

.text           0x08000000     0xd8a8
 *(.isr_vector .isr_vector.*)
 .isr_vector    0x08000000      0x188 ..\obj\startup_stm32f4xx.o
                0x08000000                g_pfnVectors
 *(.text .text.* .gnu.linkonce.t.*)
 .text.SYSCFG_EXTILineConfig
                0x08000188       0xb4 ..\obj\stm32f4xx_syscfg.o
                0x08000188                SYSCFG_EXTILineConfig
 .text.USB_OTG_EnableCommonInt
                0x0800023c       0x44 ..\obj\usb_core.o
 .text.USB_OTG_CoreReset
                0x08000280       0xa8 ..\obj\usb_core.o
 .text.USB_OTG_WritePacket
                0x08000328       0x88 ..\obj\usb_core.o
                0x08000328                USB_OTG_WritePacket
 .text.USB_OTG_ReadPacket
                0x080003b0       0x68 ..\obj\usb_core.o
                0x080003b0                USB_OTG_ReadPacket
 .text.USB_OTG_SelectCore
                0x08000418      0x1b4 ..\obj\usb_core.o
                0x08000418                USB_OTG_SelectCore
 .text.USB_OTG_CoreInit
                0x080005cc      0x1f8 ..\obj\usb_core.o
                0x080005cc                USB_OTG_CoreInit
 .text.USB_OTG_EnableGlobalInt
                0x080007c4       0x40 ..\obj\usb_core.o
                0x080007c4                USB_OTG_EnableGlobalInt
 .text.USB_OTG_DisableGlobalInt
                0x08000804       0x44 ..\obj\usb_core.o
                0x08000804                USB_OTG_DisableGlobalInt
 .text.USB_OTG_FlushTxFifo
                0x08000848       0x80 ..\obj\usb_core.o
                0x08000848                USB_OTG_FlushTxFifo
 .text.USB_OTG_FlushRxFifo
                0x080008c8       0x6c ..\obj\usb_core.o
                0x080008c8                USB_OTG_FlushRxFifo
 .text.USB_OTG_SetCurrentMode
                0x08000934       0x64 ..\obj\usb_core.o
                0x08000934                USB_OTG_SetCurrentMode
 .text.USB_OTG_GetMode
                0x08000998       0x20 ..\obj\usb_core.o
                0x08000998                USB_OTG_GetMode
 .text.USB_OTG_IsDeviceMode
                0x080009b8       0x24 ..\obj\usb_core.o
                0x080009b8                USB_OTG_IsDeviceMode
 .text.USB_OTG_ReadCoreItr
                0x080009dc       0x34 ..\obj\usb_core.o
                0x080009dc                USB_OTG_ReadCoreItr
 .text.USB_OTG_InitDevSpeed
                0x08000a10       0x38 ..\obj\usb_core.o
                0x08000a10                USB_OTG_InitDevSpeed
 .text.USB_OTG_CoreInitDev
                0x08000a48      0x2d0 ..\obj\usb_core.o
                0x08000a48                USB_OTG_CoreInitDev
 .text.USB_OTG_EnableDevInt
                0x08000d18       0xa8 ..\obj\usb_core.o
                0x08000d18                USB_OTG_EnableDevInt
 .text.USB_OTG_GetDeviceSpeed
                0x08000dc0       0x50 ..\obj\usb_core.o
                0x08000dc0                USB_OTG_GetDeviceSpeed
 .text.USB_OTG_EP0Activate
                0x08000e10       0x84 ..\obj\usb_core.o
                0x08000e10                USB_OTG_EP0Activate
 .text.USB_OTG_EPActivate
                0x08000e94       0xf8 ..\obj\usb_core.o
                0x08000e94                USB_OTG_EPActivate
 .text.USB_OTG_EPDeactivate
                0x08000f8c       0xa4 ..\obj\usb_core.o
                0x08000f8c                USB_OTG_EPDeactivate
 .text.USB_OTG_EPStartXfer
                0x08001030      0x2d4 ..\obj\usb_core.o
                0x08001030                USB_OTG_EPStartXfer
 .text.USB_OTG_EP0StartXfer
                0x08001304      0x208 ..\obj\usb_core.o
                0x08001304                USB_OTG_EP0StartXfer
 .text.USB_OTG_EPSetStall
                0x0800150c       0x94 ..\obj\usb_core.o
                0x0800150c                USB_OTG_EPSetStall
 .text.USB_OTG_EPClearStall
                0x080015a0       0x84 ..\obj\usb_core.o
                0x080015a0                USB_OTG_EPClearStall
 .text.USB_OTG_ReadDevAllOutEp_itr
                0x08001624       0x30 ..\obj\usb_core.o
                0x08001624                USB_OTG_ReadDevAllOutEp_itr
 .text.USB_OTG_ReadDevOutEP_itr
                0x08001654       0x3c ..\obj\usb_core.o
                0x08001654                USB_OTG_ReadDevOutEP_itr
 .text.USB_OTG_ReadDevAllInEPItr
                0x08001690       0x34 ..\obj\usb_core.o
                0x08001690                USB_OTG_ReadDevAllInEPItr
 .text.USB_OTG_EP0_OutStart
                0x080016c4       0x7c ..\obj\usb_core.o
                0x080016c4                USB_OTG_EP0_OutStart
 .text.USB_OTG_UngateClock
                0x08001740       0x54 ..\obj\usb_core.o
                0x08001740                USB_OTG_UngateClock
 .text.TIM2_IRQHandler
                0x08001794       0x50 ..\obj\delay.o
                0x08001794                TIM2_IRQHandler
 .text.DELAY_Init
                0x080017e4       0x2c ..\obj\delay.o
                0x080017e4                DELAY_Init
 .text.DELAY_INT_InitTIM
                0x08001810       0xa8 ..\obj\delay.o
                0x08001810                DELAY_INT_InitTIM
 .text.ENTER_CRITICAL_SECTION
                0x080018b8        0xc ..\obj\mbport.o
                0x080018b8                ENTER_CRITICAL_SECTION
 .text.EXIT_CRITICAL_SECTION
                0x080018c4        0xc ..\obj\mbport.o
                0x080018c4                EXIT_CRITICAL_SECTION
 .text.eMBRegInputCB
                0x080018d0       0xc4 ..\obj\mbport.o
                0x080018d0                eMBRegInputCB
 .text.eMBRegHoldingCB
                0x08001994      0x10c ..\obj\mbport.o
                0x08001994                eMBRegHoldingCB
 .text.eMBRegCoilsCB
                0x08001aa0       0x20 ..\obj\mbport.o
                0x08001aa0                eMBRegCoilsCB
 .text.eMBRegDiscreteCB
                0x08001ac0       0x20 ..\obj\mbport.o
                0x08001ac0                eMBRegDiscreteCB
 .text.eMBInit  0x08001ae0      0x134 ..\obj\mb.o
                0x08001ae0                eMBInit
 .text.eMBEnable
                0x08001c14       0x48 ..\obj\mb.o
                0x08001c14                eMBEnable
 .text.eMBPoll  0x08001c5c      0x23c ..\obj\mb.o
                0x08001c5c                eMBPoll
 .text.PID_Heater_Init
                0x08001e98       0x24 ..\obj\pid_regulator.o
                0x08001e98                PID_Heater_Init
 .text.pid_Init
                0x08001ebc       0xf4 ..\obj\pid_regulator.o
                0x08001ebc                pid_Init
 .text.pid_Controller
                0x08001fb0      0x1d8 ..\obj\pid_regulator.o
                0x08001fb0                pid_Controller
 .text.PID_Regulator_Task
                0x08002188      0x1c8 ..\obj\pid_regulator.o
 .text.Protocol_Init
                0x08002350       0x64 ..\obj\protocol.o
                0x08002350                Protocol_Init
 .text.Modbus_Task
                0x080023b4       0x14 ..\obj\protocol.o
 .text.eMBFuncReadDiscreteInputs
                0x080023c8      0x130 ..\obj\mbfuncdisc.o
                0x080023c8                eMBFuncReadDiscreteInputs
 .text.USBD_USR_Init
                0x080024f8        0xc ..\obj\usbd_usr.o
                0x080024f8                USBD_USR_Init
 .text.USBD_USR_DeviceReset
                0x08002504       0x14 ..\obj\usbd_usr.o
                0x08002504                USBD_USR_DeviceReset
 .text.USBD_USR_DeviceConfigured
                0x08002518        0xc ..\obj\usbd_usr.o
                0x08002518                USBD_USR_DeviceConfigured
 .text.USBD_USR_DeviceSuspended
                0x08002524        0xc ..\obj\usbd_usr.o
                0x08002524                USBD_USR_DeviceSuspended
 .text.USBD_USR_DeviceResumed
                0x08002530        0xc ..\obj\usbd_usr.o
                0x08002530                USBD_USR_DeviceResumed
 .text.xMBPortEventInit
                0x0800253c       0x20 ..\obj\portevent.o
                0x0800253c                xMBPortEventInit
 .text.xMBPortEventPost
                0x0800255c       0x34 ..\obj\portevent.o
                0x0800255c                xMBPortEventPost
 .text.xMBPortEventGet
                0x08002590       0x4c ..\obj\portevent.o
                0x08002590                xMBPortEventGet
 .text.Buzzer_Init
                0x080025dc       0xa4 ..\obj\buzzer.o
                0x080025dc                Buzzer_Init
 .text.Buzzer_Task
                0x08002680      0x244 ..\obj\buzzer.o
                0x08002680                Buzzer_Task
 .text.Buzzer_Set_Buzz
                0x080028c4       0xc0 ..\obj\buzzer.o
                0x080028c4                Buzzer_Set_Buzz
 .text.eMBFuncReportSlaveID
                0x08002984       0x4c ..\obj\mbfuncother.o
                0x08002984                eMBFuncReportSlaveID
 .text.PWR_PVDLevelConfig
                0x080029d0       0x44 ..\obj\stm32f4xx_pwr.o
                0x080029d0                PWR_PVDLevelConfig
 .text.PWR_PVDCmd
                0x08002a14       0x20 ..\obj\stm32f4xx_pwr.o
                0x08002a14                PWR_PVDCmd
 .text.prveMBError2Exception
                0x08002a34       0x48 ..\obj\mbutils.o
                0x08002a34                prveMBError2Exception
 .text.Default_Reset_Handler
                0x08002a7c       0x68 ..\obj\startup_stm32f4xx.o
                0x08002a7c                Default_Reset_Handler
                0x08002a7c                Reset_Handler
 .text.Default_Handler
                0x08002ae4        0x8 ..\obj\startup_stm32f4xx.o
                0x08002ae4                RTC_Alarm_IRQHandler
                0x08002ae4                HASH_RNG_IRQHandler
                0x08002ae4                EXTI2_IRQHandler
                0x08002ae4                TIM8_CC_IRQHandler
                0x08002ae4                DebugMon_Handler
                0x08002ae4                TIM1_CC_IRQHandler
                0x08002ae4                DMA2_Stream5_IRQHandler
                0x08002ae4                HardFault_Handler
                0x08002ae4                DMA1_Stream5_IRQHandler
                0x08002ae4                SDIO_IRQHandler
                0x08002ae4                TAMP_STAMP_IRQHandler
                0x08002ae4                NMI_Handler
                0x08002ae4                CAN2_RX1_IRQHandler
                0x08002ae4                EXTI3_IRQHandler
                0x08002ae4                TIM8_TRG_COM_TIM14_IRQHandler
                0x08002ae4                TIM1_UP_TIM10_IRQHandler
                0x08002ae4                TIM8_UP_TIM13_IRQHandler
                0x08002ae4                I2C3_ER_IRQHandler
                0x08002ae4                I2C2_EV_IRQHandler
                0x08002ae4                DMA1_Stream2_IRQHandler
                0x08002ae4                CAN1_RX0_IRQHandler
                0x08002ae4                FPU_IRQHandler
                0x08002ae4                OTG_HS_WKUP_IRQHandler
                0x08002ae4                UsageFault_Handler
                0x08002ae4                CAN2_SCE_IRQHandler
                0x08002ae4                DMA2_Stream2_IRQHandler
                0x08002ae4                SPI1_IRQHandler
                0x08002ae4                TIM6_DAC_IRQHandler
                0x08002ae4                TIM1_BRK_TIM9_IRQHandler
                0x08002ae4                DCMI_IRQHandler
                0x08002ae4                CAN2_RX0_IRQHandler
                0x08002ae4                DMA2_Stream3_IRQHandler
                0x08002ae4                USART6_IRQHandler
                0x08002ae4                USART3_IRQHandler
                0x08002ae4                CRYP_IRQHandler
                0x08002ae4                CAN1_RX1_IRQHandler
                0x08002ae4                UART5_IRQHandler
                0x08002ae4                DMA2_Stream0_IRQHandler
                0x08002ae4                I2C1_EV_IRQHandler
                0x08002ae4                DMA1_Stream6_IRQHandler
                0x08002ae4                DMA1_Stream1_IRQHandler
                0x08002ae4                UART4_IRQHandler
                0x08002ae4                TIM3_IRQHandler
                0x08002ae4                RCC_IRQHandler
                0x08002ae4                TIM8_BRK_TIM12_IRQHandler
                0x08002ae4                EXTI15_10_IRQHandler
                0x08002ae4                ADC_IRQHandler
                0x08002ae4                DMA1_Stream7_IRQHandler
                0x08002ae4                TIM7_IRQHandler
                0x08002ae4                CAN2_TX_IRQHandler
                0x08002ae4                TIM5_IRQHandler
                0x08002ae4                DMA2_Stream7_IRQHandler
                0x08002ae4                I2C3_EV_IRQHandler
                0x08002ae4                EXTI9_5_IRQHandler
                0x08002ae4                RTC_WKUP_IRQHandler
                0x08002ae4                ETH_WKUP_IRQHandler
                0x08002ae4                SPI2_IRQHandler
                0x08002ae4                OTG_HS_EP1_IN_IRQHandler
                0x08002ae4                MemManage_Handler
                0x08002ae4                DMA1_Stream0_IRQHandler
                0x08002ae4                CAN1_TX_IRQHandler
                0x08002ae4                EXTI4_IRQHandler
                0x08002ae4                FSMC_IRQHandler
                0x08002ae4                ETH_IRQHandler
                0x08002ae4                OTG_HS_EP1_OUT_IRQHandler
                0x08002ae4                WWDG_IRQHandler
                0x08002ae4                TIM1_TRG_COM_TIM11_IRQHandler
                0x08002ae4                OTG_HS_IRQHandler
                0x08002ae4                USART2_IRQHandler
                0x08002ae4                I2C2_ER_IRQHandler
                0x08002ae4                DMA2_Stream1_IRQHandler
                0x08002ae4                CAN1_SCE_IRQHandler
                0x08002ae4                FLASH_IRQHandler
                0x08002ae4                DMA2_Stream4_IRQHandler
                0x08002ae4                BusFault_Handler
                0x08002ae4                USART1_IRQHandler
                0x08002ae4                SPI3_IRQHandler
                0x08002ae4                DMA1_Stream4_IRQHandler
                0x08002ae4                I2C1_ER_IRQHandler
                0x08002ae4                DMA2_Stream6_IRQHandler
                0x08002ae4                DMA1_Stream3_IRQHandler
 .text.ADS1120_init
                0x08002aec       0x4c ..\obj\ADS1120.o
                0x08002aec                ADS1120_init
 .text.SPI2_config
                0x08002b38      0x170 ..\obj\ADS1120.o
 .text.SPI2_send
                0x08002ca8       0x60 ..\obj\ADS1120.o
                0x08002ca8                SPI2_send
 .text.SPI2_read
                0x08002d08       0x14 ..\obj\ADS1120.o
                0x08002d08                SPI2_read
 .text.ADS1120_task
                0x08002d1c      0x194 ..\obj\ADS1120.o
 .text.PT100_Code_To_Temperature
                0x08002eb0       0xa0 ..\obj\ADS1120.o
                0x08002eb0                PT100_Code_To_Temperature
 .text.eMBFuncWriteHoldingRegister
                0x08002f50       0x84 ..\obj\mbfuncholding.o
                0x08002f50                eMBFuncWriteHoldingRegister
 .text.eMBFuncWriteMultipleHoldingRegister
                0x08002fd4       0xdc ..\obj\mbfuncholding.o
                0x08002fd4                eMBFuncWriteMultipleHoldingRegister
 .text.eMBFuncReadHoldingRegister
                0x080030b0      0x10c ..\obj\mbfuncholding.o
                0x080030b0                eMBFuncReadHoldingRegister
 .text.eMBFuncReadWriteMultipleHoldingRegister
                0x080031bc      0x1a0 ..\obj\mbfuncholding.o
                0x080031bc                eMBFuncReadWriteMultipleHoldingRegister
 .text.USBD_Init
                0x0800335c       0x58 ..\obj\usbd_core.o
                0x0800335c                USBD_Init
 .text.USBD_DeInit
                0x080033b4       0x18 ..\obj\usbd_core.o
                0x080033b4                USBD_DeInit
 .text.USBD_SetupStage
                0x080033cc       0x70 ..\obj\usbd_core.o
 .text.USBD_DataOutStage
                0x0800343c       0xd4 ..\obj\usbd_core.o
 .text.USBD_DataInStage
                0x08003510      0x114 ..\obj\usbd_core.o
 .text.USBD_Reset
                0x08003624       0x54 ..\obj\usbd_core.o
 .text.USBD_Resume
                0x08003678       0x2c ..\obj\usbd_core.o
 .text.USBD_Suspend
                0x080036a4       0x2c ..\obj\usbd_core.o
 .text.USBD_SOF
                0x080036d0       0x30 ..\obj\usbd_core.o
 .text.USBD_SetCfg
                0x08003700       0x34 ..\obj\usbd_core.o
                0x08003700                USBD_SetCfg
 .text.USBD_ClrCfg
                0x08003734       0x2c ..\obj\usbd_core.o
                0x08003734                USBD_ClrCfg
 .text.USBD_IsoINIncomplete
                0x08003760       0x24 ..\obj\usbd_core.o
 .text.USBD_IsoOUTIncomplete
                0x08003784       0x24 ..\obj\usbd_core.o
 .text.main     0x080037a8       0x68 ..\obj\main.o
                0x080037a8                main
 .text.vApplicationMallocFailedHook
                0x08003810        0x8 ..\obj\main.o
                0x08003810                vApplicationMallocFailedHook
 .text.vApplicationStackOverflowHook
                0x08003818        0xc ..\obj\main.o
                0x08003818                vApplicationStackOverflowHook
 .text.vApplicationIdleHook
                0x08003824       0x18 ..\obj\main.o
                0x08003824                vApplicationIdleHook
 .text.usMBCRC16
                0x0800383c       0x90 ..\obj\mbcrc.o
                0x0800383c                usMBCRC16
 .text.UKS_Drying_Init
                0x080038cc      0x148 ..\obj\uks.o
                0x080038cc                UKS_Drying_Init
 .text.UKS_Drying_Task
                0x08003a14       0x68 ..\obj\uks.o
                0x08003a14                UKS_Drying_Task
 .text.UKS_Sort_Channels
                0x08003a7c      0x32c ..\obj\uks.o
                0x08003a7c                UKS_Sort_Channels
 .text.UKS_Channel_State_Drying
                0x08003da8      0x104 ..\obj\uks.o
                0x08003da8                UKS_Channel_State_Drying
 .text.RCC_GetClocksFreq
                0x08003eac      0x1d4 ..\obj\stm32f4xx_rcc.o
                0x08003eac                RCC_GetClocksFreq
 .text.RCC_AHB1PeriphClockCmd
                0x08004080       0x5c ..\obj\stm32f4xx_rcc.o
                0x08004080                RCC_AHB1PeriphClockCmd
 .text.RCC_AHB2PeriphClockCmd
                0x080040dc       0x5c ..\obj\stm32f4xx_rcc.o
                0x080040dc                RCC_AHB2PeriphClockCmd
 .text.RCC_APB1PeriphClockCmd
                0x08004138       0x5c ..\obj\stm32f4xx_rcc.o
                0x08004138                RCC_APB1PeriphClockCmd
 .text.RCC_APB2PeriphClockCmd
                0x08004194       0x5c ..\obj\stm32f4xx_rcc.o
                0x08004194                RCC_APB2PeriphClockCmd
 .text.RCC_APB1PeriphResetCmd
                0x080041f0       0x5c ..\obj\stm32f4xx_rcc.o
                0x080041f0                RCC_APB1PeriphResetCmd
 .text.RCC_APB2PeriphResetCmd
                0x0800424c       0x5c ..\obj\stm32f4xx_rcc.o
                0x0800424c                RCC_APB2PeriphResetCmd
 .text.ADC_DeInit
                0x080042a8       0x20 ..\obj\stm32f4xx_adc.o
                0x080042a8                ADC_DeInit
 .text.ADC_Init
                0x080042c8       0xc4 ..\obj\stm32f4xx_adc.o
                0x080042c8                ADC_Init
 .text.ADC_StructInit
                0x0800438c       0x4c ..\obj\stm32f4xx_adc.o
                0x0800438c                ADC_StructInit
 .text.ADC_CommonInit
                0x080043d8       0x60 ..\obj\stm32f4xx_adc.o
                0x080043d8                ADC_CommonInit
 .text.ADC_CommonStructInit
                0x08004438       0x34 ..\obj\stm32f4xx_adc.o
                0x08004438                ADC_CommonStructInit
 .text.ADC_Cmd  0x0800446c       0x38 ..\obj\stm32f4xx_adc.o
                0x0800446c                ADC_Cmd
 .text.ADC_RegularChannelConfig
                0x080044a4      0x1d0 ..\obj\stm32f4xx_adc.o
                0x080044a4                ADC_RegularChannelConfig
 .text.ADC_GetFlagStatus
                0x08004674       0x40 ..\obj\stm32f4xx_adc.o
                0x08004674                ADC_GetFlagStatus
 .text.eMBFuncReadInputRegister
                0x080046b4      0x110 ..\obj\mbfuncinput.o
                0x080046b4                eMBFuncReadInputRegister
 .text.PutChar  0x080047c4       0x24 ..\obj\printf.o
                0x080047c4                PutChar
 .text.PutString
                0x080047e8       0x48 ..\obj\printf.o
                0x080047e8                PutString
 .text.PutUnsignedInt
                0x08004830       0xbc ..\obj\printf.o
                0x08004830                PutUnsignedInt
 .text.PutSignedInt
                0x080048ec      0x12c ..\obj\printf.o
                0x080048ec                PutSignedInt
 .text.PutHexa  0x08004a18       0xe8 ..\obj\printf.o
                0x08004a18                PutHexa
 .text.vsnprintf
                0x08004b00      0x2a4 ..\obj\printf.o
                0x08004b00                vsnprintf
 .text.vsprintf
                0x08004da4       0x28 ..\obj\printf.o
                0x08004da4                vsprintf
 .text.sprintf  0x08004dcc       0x30 ..\obj\printf.o
                0x08004dcc                sprintf
 .text.NVIC_EnableIRQ
                0x08004dfc       0x38 ..\obj\phaze_detector.o
 .text.Phaze_Detector_Init
                0x08004e34      0x174 ..\obj\phaze_detector.o
                0x08004e34                Phaze_Detector_Init
 .text.Set_Heater_Power
                0x08004fa8       0x58 ..\obj\phaze_detector.o
                0x08004fa8                Set_Heater_Power
 .text.EXTI0_IRQHandler
                0x08005000      0x114 ..\obj\phaze_detector.o
                0x08005000                EXTI0_IRQHandler
 .text.EXTI1_IRQHandler
                0x08005114       0x38 ..\obj\phaze_detector.o
                0x08005114                EXTI1_IRQHandler
 .text.Display_Init
                0x0800514c       0x4c ..\obj\display.o
                0x0800514c                Display_Init
 .text.Display_Task
                0x08005198      0x454 ..\obj\display.o
                0x08005198                Display_Task
 .text.Delay    0x080055ec       0x44 ..\obj\hd44780.o
 .text.HD44780_Init
                0x08005630      0x110 ..\obj\hd44780.o
                0x08005630                HD44780_Init
 .text.HD44780_Reinit
                0x08005740      0x100 ..\obj\hd44780.o
                0x08005740                HD44780_Reinit
 .text.HD44780_InitPins
                0x08005840       0x80 ..\obj\hd44780.o
                0x08005840                HD44780_InitPins
 .text.HD44780_Clear
                0x080058c0       0x18 ..\obj\hd44780.o
                0x080058c0                HD44780_Clear
 .text.HD44780_Cmd
                0x080058d8       0x28 ..\obj\hd44780.o
                0x080058d8                HD44780_Cmd
 .text.HD44780_Data
                0x08005900       0x28 ..\obj\hd44780.o
                0x08005900                HD44780_Data
 .text.HD44780_Cmd4bit
                0x08005928       0xb0 ..\obj\hd44780.o
                0x08005928                HD44780_Cmd4bit
 .text.HD44780_Cmd8bit
                0x080059d8       0xb0 ..\obj\hd44780.o
                0x080059d8                HD44780_Cmd8bit
 .text.HD44780_CursorSet
                0x08005a88       0x74 ..\obj\hd44780.o
                0x08005a88                HD44780_CursorSet
 .text.HD44780_Puts
                0x08005afc      0x114 ..\obj\hd44780.o
                0x08005afc                HD44780_Puts
 .text.HD44780_DisplayOn
                0x08005c10       0x38 ..\obj\hd44780.o
                0x08005c10                HD44780_DisplayOn
 .text.xTaskGenericCreate
                0x08005c48      0x1f8 ..\obj\tasks.o
                0x08005c48                xTaskGenericCreate
 .text.vTaskDelay
                0x08005e40       0x5c ..\obj\tasks.o
                0x08005e40                vTaskDelay
 .text.vTaskSuspend
                0x08005e9c       0xc0 ..\obj\tasks.o
                0x08005e9c                vTaskSuspend
 .text.xTaskIsTaskSuspended
                0x08005f5c       0x60 ..\obj\tasks.o
                0x08005f5c                xTaskIsTaskSuspended
 .text.vTaskResume
                0x08005fbc       0xbc ..\obj\tasks.o
                0x08005fbc                vTaskResume
 .text.vTaskStartScheduler
                0x08006078       0x84 ..\obj\tasks.o
                0x08006078                vTaskStartScheduler
 .text.vTaskSuspendAll
                0x080060fc       0x24 ..\obj\tasks.o
                0x080060fc                vTaskSuspendAll
 .text.xTaskResumeAll
                0x08006120      0x16c ..\obj\tasks.o
                0x08006120                xTaskResumeAll
 .text.vTaskIncrementTick
                0x0800628c      0x1d0 ..\obj\tasks.o
                0x0800628c                vTaskIncrementTick
 .text.vTaskSwitchContext
                0x0800645c      0x168 ..\obj\tasks.o
                0x0800645c                vTaskSwitchContext
 .text.vTaskPlaceOnEventList
                0x080065c4       0x88 ..\obj\tasks.o
                0x080065c4                vTaskPlaceOnEventList
 .text.xTaskRemoveFromEventList
                0x0800664c       0xd4 ..\obj\tasks.o
                0x0800664c                xTaskRemoveFromEventList
 .text.vTaskSetTimeOutState
                0x08006720       0x40 ..\obj\tasks.o
                0x08006720                vTaskSetTimeOutState
 .text.xTaskCheckForTimeOut
                0x08006760       0xc4 ..\obj\tasks.o
                0x08006760                xTaskCheckForTimeOut
 .text.vTaskMissedYield
                0x08006824       0x18 ..\obj\tasks.o
                0x08006824                vTaskMissedYield
 .text.prvIdleTask
                0x0800683c       0x24 ..\obj\tasks.o
 .text.prvInitialiseTCBVariables
                0x08006860       0x7c ..\obj\tasks.o
 .text.prvInitialiseTaskLists
                0x080068dc       0xa4 ..\obj\tasks.o
 .text.prvCheckTasksWaitingTermination
                0x08006980       0x98 ..\obj\tasks.o
 .text.prvAddCurrentTaskToDelayedList
                0x08006a18       0x8c ..\obj\tasks.o
 .text.prvAllocateTCBAndStack
                0x08006aa4       0x74 ..\obj\tasks.o
 .text.prvDeleteTCB
                0x08006b18       0x20 ..\obj\tasks.o
 .text.xTaskGetCurrentTaskHandle
                0x08006b38       0x20 ..\obj\tasks.o
                0x08006b38                xTaskGetCurrentTaskHandle
 .text.vTaskPriorityInherit
                0x08006b58       0xe8 ..\obj\tasks.o
                0x08006b58                vTaskPriorityInherit
 .text.vTaskPriorityDisinherit
                0x08006c40       0x90 ..\obj\tasks.o
                0x08006c40                vTaskPriorityDisinherit
 .text.USBD_USR_DeviceDescriptor
                0x08006cd0       0x28 ..\obj\usbd_desc.o
                0x08006cd0                USBD_USR_DeviceDescriptor
 .text.USBD_USR_LangIDStrDescriptor
                0x08006cf8       0x28 ..\obj\usbd_desc.o
                0x08006cf8                USBD_USR_LangIDStrDescriptor
 .text.USBD_USR_ProductStrDescriptor
                0x08006d20       0x54 ..\obj\usbd_desc.o
                0x08006d20                USBD_USR_ProductStrDescriptor
 .text.USBD_USR_ManufacturerStrDescriptor
                0x08006d74       0x34 ..\obj\usbd_desc.o
                0x08006d74                USBD_USR_ManufacturerStrDescriptor
 .text.USBD_USR_SerialStrDescriptor
                0x08006da8       0x54 ..\obj\usbd_desc.o
                0x08006da8                USBD_USR_SerialStrDescriptor
 .text.USBD_USR_ConfigStrDescriptor
                0x08006dfc       0x54 ..\obj\usbd_desc.o
                0x08006dfc                USBD_USR_ConfigStrDescriptor
 .text.USBD_USR_InterfaceStrDescriptor
                0x08006e50       0x54 ..\obj\usbd_desc.o
                0x08006e50                USBD_USR_InterfaceStrDescriptor
 .text.Keyboard_Init
                0x08006ea4       0x78 ..\obj\keyboard.o
                0x08006ea4                Keyboard_Init
 .text.vKeyboardTask
                0x08006f1c      0x1d0 ..\obj\keyboard.o
 .text.GPIO_Init
                0x080070ec      0x158 ..\obj\stm32f4xx_gpio.o
                0x080070ec                GPIO_Init
 .text.GPIO_StructInit
                0x08007244       0x3c ..\obj\stm32f4xx_gpio.o
                0x08007244                GPIO_StructInit
 .text.GPIO_ReadInputDataBit
                0x08007280       0x40 ..\obj\stm32f4xx_gpio.o
                0x08007280                GPIO_ReadInputDataBit
 .text.GPIO_WriteBit
                0x080072c0       0x30 ..\obj\stm32f4xx_gpio.o
                0x080072c0                GPIO_WriteBit
 .text.GPIO_PinAFConfig
                0x080072f0       0xb0 ..\obj\stm32f4xx_gpio.o
                0x080072f0                GPIO_PinAFConfig
 .text.xMBPortTimersInit
                0x080073a0       0xe0 ..\obj\porttimer.o
                0x080073a0                xMBPortTimersInit
 .text.vMBPortTimersEnable
                0x08007480       0x4c ..\obj\porttimer.o
                0x08007480                vMBPortTimersEnable
 .text.vMBPortTimersDisable
                0x080074cc       0x4c ..\obj\porttimer.o
                0x080074cc                vMBPortTimersDisable
 .text.TIM4_IRQHandler
                0x08007518       0x24 ..\obj\porttimer.o
                0x08007518                TIM4_IRQHandler
 .text.VCP_Init
                0x0800753c       0x10 ..\obj\usbd_cdc_vcp.o
 .text.VCP_DeInit
                0x0800754c       0x10 ..\obj\usbd_cdc_vcp.o
 .text.VCP_Ctrl
                0x0800755c       0xbc ..\obj\usbd_cdc_vcp.o
 .text.VCP_DataTx
                0x08007618       0x7c ..\obj\usbd_cdc_vcp.o
                0x08007618                VCP_DataTx
 .text.VCP_DataRx
                0x08007694       0xa4 ..\obj\usbd_cdc_vcp.o
                0x08007694                VCP_DataRx
 .text.VCP_get_char
                0x08007738       0x84 ..\obj\usbd_cdc_vcp.o
                0x08007738                VCP_get_char
 .text.vListInitialise
                0x080077bc       0x48 ..\obj\list.o
                0x080077bc                vListInitialise
 .text.vListInitialiseItem
                0x08007804       0x1c ..\obj\list.o
                0x08007804                vListInitialiseItem
 .text.vListInsertEnd
                0x08007820       0x54 ..\obj\list.o
                0x08007820                vListInsertEnd
 .text.vListInsert
                0x08007874       0x78 ..\obj\list.o
                0x08007874                vListInsert
 .text.vListRemove
                0x080078ec       0x54 ..\obj\list.o
                0x080078ec                vListRemove
 .text.eMBRTUInit
                0x08007940       0x84 ..\obj\mbrtu.o
                0x08007940                eMBRTUInit
 .text.eMBRTUStart
                0x080079c4       0x2c ..\obj\mbrtu.o
                0x080079c4                eMBRTUStart
 .text.eMBRTUStop
                0x080079f0       0x20 ..\obj\mbrtu.o
                0x080079f0                eMBRTUStop
 .text.eMBRTUReceive
                0x08007a10       0x9c ..\obj\mbrtu.o
                0x08007a10                eMBRTUReceive
 .text.eMBRTUSend
                0x08007aac      0x124 ..\obj\mbrtu.o
                0x08007aac                eMBRTUSend
 .text.xMBRTUReceiveFSM
                0x08007bd0       0xf0 ..\obj\mbrtu.o
                0x08007bd0                xMBRTUReceiveFSM
 .text.xMBRTUTransmitFSM
                0x08007cc0       0xc0 ..\obj\mbrtu.o
                0x08007cc0                xMBRTUTransmitFSM
 .text.xMBRTUTimerT35Expired
                0x08007d80       0x60 ..\obj\mbrtu.o
                0x08007d80                xMBRTUTimerT35Expired
 .text.SystemInit
                0x08007de0       0x94 ..\obj\system_stm32f4xx.o
                0x08007de0                SystemInit
 .text.SetSysClock
                0x08007e74      0x150 ..\obj\system_stm32f4xx.o
 .text.ADC_Channel_Init
                0x08007fc4      0x15c ..\obj\adc.o
                0x08007fc4                ADC_Channel_Init
 .text.bubblesort
                0x08008120       0xa4 ..\obj\adc.o
                0x08008120                bubblesort
 *fill*         0x080081c4        0x4 00
 .text.ADC_Task
                0x080081c8      0x2d8 ..\obj\adc.o
 .text.USB_OTG_BSP_Init
                0x080084a0      0x100 ..\obj\usb_bsp.o
                0x080084a0                USB_OTG_BSP_Init
 .text.USB_OTG_BSP_EnableInterrupt
                0x080085a0       0x3c ..\obj\usb_bsp.o
                0x080085a0                USB_OTG_BSP_EnableInterrupt
 .text.USB_OTG_BSP_uDelay
                0x080085dc       0x58 ..\obj\usb_bsp.o
                0x080085dc                USB_OTG_BSP_uDelay
 .text.USB_OTG_BSP_mDelay
                0x08008634       0x20 ..\obj\usb_bsp.o
                0x08008634                USB_OTG_BSP_mDelay
 .text.OTG_FS_WKUP_IRQHandler
                0x08008654       0x44 ..\obj\usb_bsp.o
                0x08008654                OTG_FS_WKUP_IRQHandler
 .text.OTG_FS_IRQHandler
                0x08008698       0x14 ..\obj\usb_bsp.o
                0x08008698                OTG_FS_IRQHandler
 .text.USBD_StdDevReq
                0x080086ac       0xa4 ..\obj\usbd_req.o
                0x080086ac                USBD_StdDevReq
 .text.USBD_StdItfReq
                0x08008750       0x70 ..\obj\usbd_req.o
                0x08008750                USBD_StdItfReq
 .text.USBD_StdEPReq
                0x080087c0      0x1d8 ..\obj\usbd_req.o
                0x080087c0                USBD_StdEPReq
 .text.USBD_GetDescriptor
                0x08008998      0x1c8 ..\obj\usbd_req.o
 .text.USBD_SetAddress
                0x08008b60       0x80 ..\obj\usbd_req.o
 .text.USBD_SetConfig
                0x08008be0      0x134 ..\obj\usbd_req.o
 .text.USBD_GetConfig
                0x08008d14       0x68 ..\obj\usbd_req.o
 .text.USBD_GetStatus
                0x08008d7c       0x68 ..\obj\usbd_req.o
 .text.USBD_SetFeature
                0x08008de4       0xe0 ..\obj\usbd_req.o
 .text.USBD_ClrFeature
                0x08008ec4       0x58 ..\obj\usbd_req.o
 .text.USBD_ParseSetupRequest
                0x08008f1c       0xbc ..\obj\usbd_req.o
                0x08008f1c                USBD_ParseSetupRequest
 .text.USBD_CtlError
                0x08008fd8       0x50 ..\obj\usbd_req.o
                0x08008fd8                USBD_CtlError
 .text.USBD_GetString
                0x08009028       0x9c ..\obj\usbd_req.o
                0x08009028                USBD_GetString
 .text.USBD_GetLen
                0x080090c4       0x38 ..\obj\usbd_req.o
 .text.xQueueGenericReset
                0x080090fc       0xc0 ..\obj\queue.o
                0x080090fc                xQueueGenericReset
 .text.xQueueGenericCreate
                0x080091bc       0x90 ..\obj\queue.o
                0x080091bc                xQueueGenericCreate
 .text.xQueueGenericSend
                0x0800924c      0x158 ..\obj\queue.o
                0x0800924c                xQueueGenericSend
 .text.xQueueGenericSendFromISR
                0x080093a4       0xcc ..\obj\queue.o
                0x080093a4                xQueueGenericSendFromISR
 .text.xQueueGenericReceive
                0x08009470      0x1bc ..\obj\queue.o
                0x08009470                xQueueGenericReceive
 .text.prvCopyDataToQueue
                0x0800962c       0xc4 ..\obj\queue.o
 .text.prvCopyDataFromQueue
                0x080096f0       0x50 ..\obj\queue.o
 .text.prvUnlockQueue
                0x08009740       0xa0 ..\obj\queue.o
 .text.prvIsQueueEmpty
                0x080097e0       0x2c ..\obj\queue.o
 .text.prvIsQueueFull
                0x0800980c       0x30 ..\obj\queue.o
 .text.pxPortInitialiseStack
                0x0800983c       0x60 ..\obj\port.o
                0x0800983c                pxPortInitialiseStack
 .text.SVC_Handler
                0x0800989c       0x20 ..\obj\port.o
                0x0800989c                SVC_Handler
 .text.vPortStartFirstTask
                0x080098bc       0x14 ..\obj\port.o
                0x080098bc                vPortStartFirstTask
 .text.xPortStartScheduler
                0x080098d0       0x54 ..\obj\port.o
                0x080098d0                xPortStartScheduler
 .text.vPortYieldFromISR
                0x08009924       0x18 ..\obj\port.o
                0x08009924                vPortYieldFromISR
 .text.vPortEnterCritical
                0x0800993c       0x2c ..\obj\port.o
                0x0800993c                vPortEnterCritical
 .text.vPortExitCritical
                0x08009968       0x38 ..\obj\port.o
                0x08009968                vPortExitCritical
 .text.PendSV_Handler
                0x080099a0       0x3c ..\obj\port.o
                0x080099a0                PendSV_Handler
 .text.SysTick_Handler
                0x080099dc       0x38 ..\obj\port.o
                0x080099dc                SysTick_Handler
 .text.prvSetupTimerInterrupt
                0x08009a14       0x28 ..\obj\port.o
 .text.USBD_OTG_ISR_Handler
                0x08009a3c      0x178 ..\obj\usb_dcd_int.o
                0x08009a3c                USBD_OTG_ISR_Handler
 .text.DCD_HandleResume_ISR
                0x08009bb4       0x90 ..\obj\usb_dcd_int.o
 .text.DCD_HandleUSBSuspend_ISR
                0x08009c44       0xb4 ..\obj\usb_dcd_int.o
 .text.DCD_HandleInEP_ISR
                0x08009cf8      0x234 ..\obj\usb_dcd_int.o
 .text.DCD_HandleOutEP_ISR
                0x08009f2c      0x1b4 ..\obj\usb_dcd_int.o
 .text.DCD_HandleSof_ISR
                0x0800a0e0       0x3c ..\obj\usb_dcd_int.o
 .text.DCD_HandleRxStatusQueueLevel_ISR
                0x0800a11c      0x120 ..\obj\usb_dcd_int.o
 .text.DCD_WriteEmptyTxFifo
                0x0800a23c      0x134 ..\obj\usb_dcd_int.o
 .text.DCD_HandleUsbReset_ISR
                0x0800a370      0x168 ..\obj\usb_dcd_int.o
 .text.DCD_HandleEnumDone_ISR
                0x0800a4d8       0x88 ..\obj\usb_dcd_int.o
 .text.DCD_IsoINIncomplete_ISR
                0x0800a560       0x3c ..\obj\usb_dcd_int.o
 .text.DCD_IsoOUTIncomplete_ISR
                0x0800a59c       0x3c ..\obj\usb_dcd_int.o
 .text.DCD_ReadDevInEP
                0x0800a5d8       0x60 ..\obj\usb_dcd_int.o
 .text.vMBPortSerialEnable
                0x0800a638       0x18 ..\obj\portserial.o
                0x0800a638                vMBPortSerialEnable
 .text.xMBPortSerialInit
                0x0800a650       0x54 ..\obj\portserial.o
                0x0800a650                xMBPortSerialInit
 .text.xMBPortSerialPutByte
                0x0800a6a4       0x38 ..\obj\portserial.o
                0x0800a6a4                xMBPortSerialPutByte
 .text.xMBPortSerialGetByte
                0x0800a6dc       0x28 ..\obj\portserial.o
                0x0800a6dc                xMBPortSerialGetByte
 .text.Serial_Task
                0x0800a704       0x2c ..\obj\portserial.o
 .text.usbd_cdc_Init
                0x0800a730       0xd0 ..\obj\usbd_cdc_core.o
 .text.usbd_cdc_DeInit
                0x0800a800       0x4c ..\obj\usbd_cdc_core.o
 .text.usbd_cdc_Setup
                0x0800a84c      0x168 ..\obj\usbd_cdc_core.o
 .text.usbd_cdc_EP0_RxReady
                0x0800a9b4       0x60 ..\obj\usbd_cdc_core.o
 .text.usbd_cdc_DataIn
                0x0800aa14      0x128 ..\obj\usbd_cdc_core.o
 .text.usbd_cdc_DataOut
                0x0800ab3c       0x6c ..\obj\usbd_cdc_core.o
 .text.usbd_cdc_SOF
                0x0800aba8       0x50 ..\obj\usbd_cdc_core.o
 .text.Handle_USBAsynchXfer
                0x0800abf8      0x1a8 ..\obj\usbd_cdc_core.o
 .text.USBD_cdc_GetCfgDesc
                0x0800ada0       0x28 ..\obj\usbd_cdc_core.o
 .text.TIMER_PROPERTIES_GetTimerProperties
                0x0800adc8      0x124 ..\obj\timer_properties.o
                0x0800adc8                TIMER_PROPERTIES_GetTimerProperties
 .text.TIMER_PROPERTIES_GenerateDataForWorkingFrequency
                0x0800aeec      0x164 ..\obj\timer_properties.o
                0x0800aeec                TIMER_PROPERTIES_GenerateDataForWorkingFrequency
 .text.TIMER_PROPERTIES_EnableClock
                0x0800b050      0x198 ..\obj\timer_properties.o
                0x0800b050                TIMER_PROPERTIES_EnableClock
 .text.SPI_Init
                0x0800b1e8       0x98 ..\obj\stm32f4xx_spi.o
                0x0800b1e8                SPI_Init
 .text.SPI_Cmd  0x0800b280       0x40 ..\obj\stm32f4xx_spi.o
                0x0800b280                SPI_Cmd
 .text.SPI_CalculateCRC
                0x0800b2c0       0x40 ..\obj\stm32f4xx_spi.o
                0x0800b2c0                SPI_CalculateCRC
 .text.eMBFuncReadCoils
                0x0800b300      0x134 ..\obj\mbfunccoils.o
                0x0800b300                eMBFuncReadCoils
 .text.eMBFuncWriteCoil
                0x0800b434       0xcc ..\obj\mbfunccoils.o
                0x0800b434                eMBFuncWriteCoil
 .text.eMBFuncWriteMultipleCoils
                0x0800b500       0xfc ..\obj\mbfunccoils.o
                0x0800b500                eMBFuncWriteMultipleCoils
 .text.EXTI_Init
                0x0800b5fc      0x158 ..\obj\stm32f4xx_exti.o
                0x0800b5fc                EXTI_Init
 .text.EXTI_GetITStatus
                0x0800b754       0x60 ..\obj\stm32f4xx_exti.o
                0x0800b754                EXTI_GetITStatus
 .text.EXTI_ClearITPendingBit
                0x0800b7b4       0x20 ..\obj\stm32f4xx_exti.o
                0x0800b7b4                EXTI_ClearITPendingBit
 .text.NVIC_PriorityGroupConfig
                0x0800b7d4       0x28 ..\obj\misc.o
                0x0800b7d4                NVIC_PriorityGroupConfig
 .text.NVIC_Init
                0x0800b7fc       0xe8 ..\obj\misc.o
                0x0800b7fc                NVIC_Init
 .text.DCD_Init
                0x0800b8e4      0x12c ..\obj\usb_dcd.o
                0x0800b8e4                DCD_Init
 .text.DCD_EP_Open
                0x0800ba10       0xac ..\obj\usb_dcd.o
                0x0800ba10                DCD_EP_Open
 .text.DCD_EP_Close
                0x0800babc       0x7c ..\obj\usb_dcd.o
                0x0800babc                DCD_EP_Close
 .text.DCD_EP_PrepareRx
                0x0800bb38       0x8c ..\obj\usb_dcd.o
                0x0800bb38                DCD_EP_PrepareRx
 .text.DCD_EP_Tx
                0x0800bbc4       0x84 ..\obj\usb_dcd.o
                0x0800bbc4                DCD_EP_Tx
 .text.DCD_EP_Stall
                0x0800bc48       0x80 ..\obj\usb_dcd.o
                0x0800bc48                DCD_EP_Stall
 .text.DCD_EP_ClrStall
                0x0800bcc8       0x80 ..\obj\usb_dcd.o
                0x0800bcc8                DCD_EP_ClrStall
 .text.DCD_EP_SetAddress
                0x0800bd48       0x40 ..\obj\usb_dcd.o
                0x0800bd48                DCD_EP_SetAddress
 .text.pvPortMalloc
                0x0800bd88       0xa4 ..\obj\heap_1.o
                0x0800bd88                pvPortMalloc
 .text.vPortFree
                0x0800be2c       0x14 ..\obj\heap_1.o
                0x0800be2c                vPortFree
 .text.xPortGetFreeHeapSize
                0x0800be40       0x1c ..\obj\heap_1.o
                0x0800be40                xPortGetFreeHeapSize
 .text.USBD_CtlSendData
                0x0800be5c       0x48 ..\obj\usbd_ioreq.o
                0x0800be5c                USBD_CtlSendData
 .text.USBD_CtlContinueSendData
                0x0800bea4       0x30 ..\obj\usbd_ioreq.o
                0x0800bea4                USBD_CtlContinueSendData
 .text.USBD_CtlPrepareRx
                0x0800bed4       0x48 ..\obj\usbd_ioreq.o
                0x0800bed4                USBD_CtlPrepareRx
 .text.USBD_CtlContinueRx
                0x0800bf1c       0x30 ..\obj\usbd_ioreq.o
                0x0800bf1c                USBD_CtlContinueRx
 .text.USBD_CtlSendStatus
                0x0800bf4c       0x3c ..\obj\usbd_ioreq.o
                0x0800bf4c                USBD_CtlSendStatus
 .text.USBD_CtlReceiveStatus
                0x0800bf88       0x3c ..\obj\usbd_ioreq.o
                0x0800bf88                USBD_CtlReceiveStatus
 .text.TIM_TimeBaseInit
                0x0800bfc4       0xf8 ..\obj\stm32f4xx_tim.o
                0x0800bfc4                TIM_TimeBaseInit
 .text.TIM_SetCounter
                0x0800c0bc       0x1c ..\obj\stm32f4xx_tim.o
                0x0800c0bc                TIM_SetCounter
 .text.TIM_ARRPreloadConfig
                0x0800c0d8       0x40 ..\obj\stm32f4xx_tim.o
                0x0800c0d8                TIM_ARRPreloadConfig
 .text.TIM_Cmd  0x0800c118       0x40 ..\obj\stm32f4xx_tim.o
                0x0800c118                TIM_Cmd
 .text.TIM_ITConfig
                0x0800c158       0x4c ..\obj\stm32f4xx_tim.o
                0x0800c158                TIM_ITConfig
 .text.TIM_ClearITPendingBit
                0x0800c1a4       0x24 ..\obj\stm32f4xx_tim.o
                0x0800c1a4                TIM_ClearITPendingBit
 .text.NVIC_SystemReset
                0x0800c1c8       0x34 ..\obj\power_detector.o
 .text.Power_Detector_Init
                0x0800c1fc       0x80 ..\obj\power_detector.o
                0x0800c1fc                Power_Detector_Init
 .text.PVD_IRQHandler
                0x0800c27c       0x20 ..\obj\power_detector.o
                0x0800c27c                PVD_IRQHandler
 .text          0x0800c29c      0x370 c:/coocox/coide/gcc/sourcery g++ lite/bin/../lib/gcc/arm-none-eabi/4.5.1/thumb2\libgcc.a(_arm_addsubdf3.o)
                0x0800c29c                __aeabi_drsub
                0x0800c2a4                __aeabi_dsub
                0x0800c2a4                __subdf3
                0x0800c2a8                __aeabi_dadd
                0x0800c2a8                __adddf3
                0x0800c520                __floatunsidf
                0x0800c520                __aeabi_ui2d
                0x0800c540                __floatsidf
                0x0800c540                __aeabi_i2d
                0x0800c564                __aeabi_f2d
                0x0800c564                __extendsfdf2
                0x0800c5a0                __floatundidf
                0x0800c5a0                __aeabi_ul2d
                0x0800c5b0                __floatdidf
                0x0800c5b0                __aeabi_l2d
 .text          0x0800c60c      0x424 c:/coocox/coide/gcc/sourcery g++ lite/bin/../lib/gcc/arm-none-eabi/4.5.1/thumb2\libgcc.a(_arm_muldivdf3.o)
                0x0800c60c                __aeabi_dmul
                0x0800c60c                __muldf3
                0x0800c860                __divdf3
                0x0800c860                __aeabi_ddiv
 .text          0x0800ca30      0x110 c:/coocox/coide/gcc/sourcery g++ lite/bin/../lib/gcc/arm-none-eabi/4.5.1/thumb2\libgcc.a(_arm_cmpdf2.o)
                0x0800ca30                __gtdf2
                0x0800ca30                __gedf2
                0x0800ca38                __ltdf2
                0x0800ca38                __ledf2
                0x0800ca40                __nedf2
                0x0800ca40                __eqdf2
                0x0800ca40                __cmpdf2
                0x0800cabc                __aeabi_cdrcmple
                0x0800cacc                __aeabi_cdcmpeq
                0x0800cacc                __aeabi_cdcmple
                0x0800cadc                __aeabi_dcmpeq
                0x0800caf0                __aeabi_dcmplt
                0x0800cb04                __aeabi_dcmple
                0x0800cb18                __aeabi_dcmpge
                0x0800cb2c                __aeabi_dcmpgt
 .text          0x0800cb40       0x40 c:/coocox/coide/gcc/sourcery g++ lite/bin/../lib/gcc/arm-none-eabi/4.5.1/thumb2\libgcc.a(_arm_fixunsdfsi.o)
                0x0800cb40                __aeabi_d2uiz
                0x0800cb40                __fixunsdfsi
 .text          0x0800cb80       0xa0 c:/coocox/coide/gcc/sourcery g++ lite/bin/../lib/gcc/arm-none-eabi/4.5.1/thumb2\libgcc.a(_arm_truncdfsf2.o)
                0x0800cb80                __truncdfsf2
                0x0800cb80                __aeabi_d2f
 .text          0x0800cc20      0x21c c:/coocox/coide/gcc/sourcery g++ lite/bin/../lib/gcc/arm-none-eabi/4.5.1/thumb2\libgcc.a(_arm_addsubsf3.o)
                0x0800cc20                __aeabi_frsub
                0x0800cc28                __subsf3
                0x0800cc28                __aeabi_fsub
                0x0800cc2c                __aeabi_fadd
                0x0800cc2c                __addsf3
                0x0800cd8c                __aeabi_ui2f
                0x0800cd8c                __floatunsisf
                0x0800cd94                __aeabi_i2f
                0x0800cd94                __floatsisf
                0x0800cdb0                __aeabi_ul2f
                0x0800cdb0                __floatundisf
                0x0800cdc0                __aeabi_l2f
                0x0800cdc0                __floatdisf
 .text          0x0800ce3c      0x2a0 c:/coocox/coide/gcc/sourcery g++ lite/bin/../lib/gcc/arm-none-eabi/4.5.1/thumb2\libgcc.a(_arm_muldivsf3.o)
                0x0800ce3c                __mulsf3
                0x0800ce3c                __aeabi_fmul
                0x0800cfa4                __aeabi_fdiv
                0x0800cfa4                __divsf3
 .text          0x0800d0dc       0xec c:/coocox/coide/gcc/sourcery g++ lite/bin/../lib/gcc/arm-none-eabi/4.5.1/thumb2\libgcc.a(_arm_cmpsf2.o)
                0x0800d0dc                __gesf2
                0x0800d0dc                __gtsf2
                0x0800d0e4                __lesf2
                0x0800d0e4                __ltsf2
                0x0800d0ec                __nesf2
                0x0800d0ec                __eqsf2
                0x0800d0ec                __cmpsf2
                0x0800d14c                __aeabi_cfrcmple
                0x0800d154                __aeabi_cfcmpeq
                0x0800d154                __aeabi_cfcmple
                0x0800d164                __aeabi_fcmpeq
                0x0800d178                __aeabi_fcmplt
                0x0800d18c                __aeabi_fcmple
                0x0800d1a0                __aeabi_fcmpge
                0x0800d1b4                __aeabi_fcmpgt
 .text          0x0800d1c8       0x4c c:/coocox/coide/gcc/sourcery g++ lite/bin/../lib/gcc/arm-none-eabi/4.5.1/thumb2\libgcc.a(_arm_fixsfsi.o)
                0x0800d1c8                __aeabi_f2iz
                0x0800d1c8                __fixsfsi
 .text          0x0800d214       0x40 c:/coocox/coide/gcc/sourcery g++ lite/bin/../lib/gcc/arm-none-eabi/4.5.1/thumb2\libgcc.a(_arm_fixunssfsi.o)
                0x0800d214                __fixunssfsi
                0x0800d214                __aeabi_f2uiz
 .text          0x0800d254       0x58 c:/coocox/coide/gcc/sourcery g++ lite/bin/../lib/gcc/arm-none-eabi/4.5.1/../../../../arm-none-eabi/lib/thumb2\libc.a(lib_a-memcmp.o)
                0x0800d254                memcmp
 .text          0x0800d2ac      0x150 c:/coocox/coide/gcc/sourcery g++ lite/bin/../lib/gcc/arm-none-eabi/4.5.1/../../../../arm-none-eabi/lib/thumb2\libc.a(lib_a-memcpy.o)
                0x0800d2ac                memcpy
 .text          0x0800d3fc       0xb4 c:/coocox/coide/gcc/sourcery g++ lite/bin/../lib/gcc/arm-none-eabi/4.5.1/../../../../arm-none-eabi/lib/thumb2\libc.a(lib_a-memset.o)
                0x0800d3fc                memset
 .text          0x0800d4b0       0x7c c:/coocox/coide/gcc/sourcery g++ lite/bin/../lib/gcc/arm-none-eabi/4.5.1/../../../../arm-none-eabi/lib/thumb2\libc.a(lib_a-strncpy.o)
                0x0800d4b0                strncpy
 *(.glue_7t)
 .glue_7t       0x00000000        0x0 linker stubs
 *(.glue_7)
 .glue_7        0x00000000        0x0 linker stubs
 *(.rodata .rodata* .gnu.linkonce.r.*)
 .rodata        0x0800d52c        0x4 ..\obj\pid_regulator.o
 .rodata        0x0800d530        0x8 ..\obj\protocol.o
 .rodata        0x0800d538        0x8 ..\obj\buzzer.o
 .rodata        0x0800d540       0x10 ..\obj\ADS1120.o
 .rodata        0x0800d550      0x200 ..\obj\mbcrc.o
 .rodata        0x0800d750       0x14 ..\obj\uks.o
 .rodata        0x0800d764       0x74 ..\obj\display.o
 .rodata        0x0800d7d8        0x4 ..\obj\hd44780.o
 .rodata        0x0800d7dc       0x1c ..\obj\tasks.o
 .rodata        0x0800d7f8       0x98 ..\obj\usbd_desc.o
 .rodata        0x0800d890        0xc ..\obj\keyboard.o
 .rodata        0x0800d89c        0x4 ..\obj\adc.o
 .rodata        0x0800d8a0        0x8 ..\obj\portserial.o

.vfp11_veneer   0x0800d8a8        0x0
 .vfp11_veneer  0x00000000        0x0 linker stubs

.v4_bx          0x0800d8a8        0x0
 .v4_bx         0x00000000        0x0 linker stubs

.ARM.extab
 *(.ARM.extab* .gnu.linkonce.armextab.*)

.ARM.exidx
 *(.ARM.exidx* .gnu.linkonce.armexidx.*)
                0x0800d8a8                . = ALIGN (0x4)
                0x0800d8a8                _etext = .
                0x0800d8a8                _sidata = .

.data           0x20000000      0x210 load address 0x0800d8a8
                0x20000000                _sdata = .
 *(.data .data.*)
 .data          0x20000000       0x1c ..\obj\mbport.o
                0x20000000                usRegInputBuf
                0x20000014                usRegHoldingBuf
                0x20000018                REG_INPUT_START
                0x20000019                REG_HOLDING_START
                0x2000001a                REG_INPUT_NREGS
                0x2000001b                REG_HOLDING_NREGS
 .data          0x2000001c       0x84 ..\obj\mb.o
 .data          0x200000a0       0x1c ..\obj\usbd_usr.o
                0x200000a0                USR_cb
 .data          0x200000bc       0x30 ..\obj\usbd_core.o
                0x200000bc                USBD_DCD_INT_cb
                0x200000e8                USBD_DCD_INT_fops
 .data          0x200000ec       0x10 ..\obj\stm32f4xx_rcc.o
 .data          0x200000fc       0x30 ..\obj\display.o
                0x200000fc                drying_states
 .data          0x2000012c        0x4 ..\obj\tasks.o
 .data          0x20000130       0x40 ..\obj\usbd_desc.o
                0x20000130                USR_desc
                0x2000014c                USBD_DeviceDesc
                0x20000160                USBD_DeviceQualifierDesc
                0x2000016c                USBD_LangIDDesc
 .data          0x20000170       0x14 ..\obj\usbd_cdc_vcp.o
                0x20000170                VCP_fops
 .data          0x20000184       0x14 ..\obj\system_stm32f4xx.o
                0x20000184                SystemCoreClock
                0x20000188                AHBPrescTable
 .data          0x20000198        0x4 ..\obj\port.o
 .data          0x2000019c       0x74 ..\obj\usbd_cdc_core.o
                0x2000019c                usbd_cdc_CfgDesc
                0x200001e4                USBD_CDC_cb
                0x20000210                . = ALIGN (0x4)
                0x20000210                _edata = .

.bss            0x20000210     0x33d8 load address 0x0800dab8
                0x20000210                _sbss = .
 *(.bss .bss.*)
 .bss           0x20000210       0x10 ..\obj\delay.o
                0x20000210                TimingDelay
                0x20000214                Time
                0x20000218                Time2
                0x2000021c                DELAY_Initialized
 .bss           0x20000220        0x2 ..\obj\mbport.o
                0x20000220                usRegInputStart
                0x20000221                usRegHoldingStart
 *fill*         0x20000222        0x2 00
 .bss           0x20000224       0x24 ..\obj\mb.o
 .bss           0x20000248        0x4 ..\obj\pid_regulator.o
 .bss           0x2000024c        0x2 ..\obj\portevent.o
 *fill*         0x2000024e        0x2 00
 .bss           0x20000250       0x24 ..\obj\mbfuncother.o
 .bss           0x20000274        0x8 ..\obj\phaze_detector.o
 .bss           0x2000027c       0x24 ..\obj\display.o
 .bss           0x200002a0      0x100 ..\obj\tasks.o
                0x200002a0                pxCurrentTCB
 .bss           0x200003a0        0x2 ..\obj\keyboard.o
 *fill*         0x200003a2        0x2 00
 .bss           0x200003a4        0xc ..\obj\usbd_cdc_vcp.o
                0x200003a4                counter
                0x200003a8                counter2
                0x200003ac                APP_Rx_ptr_tail
 .bss           0x200003b0        0xc ..\obj\mbrtu.o
 .bss           0x200003bc       0x10 ..\obj\usbd_req.o
                0x200003bc                USBD_ep_status
                0x200003c0                USBD_default_cfg
                0x200003c4                USBD_cfg_status
 .bss           0x200003cc        0x1 ..\obj\portserial.o
 *fill*         0x200003cd        0x3 00
 .bss           0x200003d0       0x20 ..\obj\usbd_cdc_core.o
                0x200003d4                APP_Rx_ptr_in
                0x200003d8                APP_Rx_ptr_out
                0x200003dc                APP_Rx_length
                0x200003e0                USB_Tx_State
 .bss           0x200003f0     0x1c08 ..\obj\heap_1.o
 *(COMMON)
 COMMON         0x20001ff8       0x14 ..\obj\mb.o
                0x20001ff8                pxMBFrameCBTransmitterEmpty
                0x20001ffc                pxMBPortCBTimerExpired
                0x20002000                pxMBFrameCBByteReceived
                0x20002004                pxMBFrameCBTransmitFSMCur
                0x20002008                pxMBFrameCBReceiveFSMCur
 COMMON         0x2000200c       0x1c ..\obj\pid_regulator.o
                0x2000200c                pid_heater
 COMMON         0x20002028        0x6 ..\obj\buzzer.o
                0x20002028                xBuzzer_Handle
                0x2000202c                buzz
 *fill*         0x2000202e        0x2 00
 COMMON         0x20002030       0x38 ..\obj\ADS1120.o
                0x20002030                ADC_result
                0x20002034                adc_reg
                0x20002038                xSPI_Buf_Mutex
                0x2000203c                ADC_result_temp
                0x20002040                ADS1120_res
 COMMON         0x20002068      0x5f0 ..\obj\main.o
                0x20002068                USB_OTG_dev
 COMMON         0x20002658      0x4b8 ..\obj\uks.o
                0x20002658                uks_channels
 COMMON         0x20002b10        0xa ..\obj\phaze_detector.o
                0x20002b10                xPhazeSemaphore
                0x20002b14                phaze_detect
 *fill*         0x20002b1a        0x2 00
 COMMON         0x20002b1c       0x10 ..\obj\watchdog.o
                0x20002b1c                task_watches
 COMMON         0x20002b2c        0x7 ..\obj\hd44780.o
                0x20002b2c                HD44780_Opts
 *fill*         0x20002b33        0x1 00
 COMMON         0x20002b34      0x100 ..\obj\mbrtu.o
                0x20002b34                ucRTUBuf
 COMMON         0x20002c34       0xf2 ..\obj\adc.o
                0x20002c34                xMeasure_LM35_Semaphore
                0x20002c38                adc_lm35_chnl
 *fill*         0x20002d26        0x2 00
 COMMON         0x20002d28       0x32 ..\obj\usbd_req.o
                0x20002d28                USBD_StrDesc
 *fill*         0x20002d5a        0x2 00
 COMMON         0x20002d5c      0x88c ..\obj\usbd_cdc_core.o
                0x20002d5c                usbd_cdc_OtherCfgDesc
                0x20002da0                USB_Rx_Buffer
                0x20002de0                CmdBuff
                0x20002de8                APP_Rx_Buffer
                0x200035e8                . = ALIGN (0x4)
                0x200035e8                _ebss = .

.co_stack       0x200035e8      0x800 load address 0x08010e90
                0x200035e8                . = ALIGN (0x8)
 *(.co_stack .co_stack.*)
 .co_stack      0x200035e8      0x800 ..\obj\startup_stm32f4xx.o
                0x200035e8                pulStack
                0x20003de8                . = ALIGN (0x4)
                0x20003de8                _end = .
LOAD ..\obj\stm32f4xx_syscfg.o
LOAD ..\obj\usb_core.o
LOAD ..\obj\delay.o
LOAD ..\obj\mbport.o
LOAD ..\obj\mb.o
LOAD ..\obj\pid_regulator.o
LOAD ..\obj\protocol.o
LOAD ..\obj\mbfuncdisc.o
LOAD ..\obj\usbd_usr.o
LOAD ..\obj\portevent.o
LOAD ..\obj\buzzer.o
LOAD ..\obj\mbfuncother.o
LOAD ..\obj\stm32f4xx_usart.o
LOAD ..\obj\stm32f4xx_pwr.o
LOAD ..\obj\rtc.o
LOAD ..\obj\mbutils.o
LOAD ..\obj\startup_stm32f4xx.o
LOAD ..\obj\backup_sram.o
LOAD ..\obj\stm32f4xx_iwdg.o
LOAD ..\obj\ADS1120.o
LOAD ..\obj\mbfuncholding.o
LOAD ..\obj\usbd_core.o
LOAD ..\obj\main.o
LOAD ..\obj\mbcrc.o
LOAD ..\obj\uks.o
LOAD ..\obj\stm32f4xx_rcc.o
LOAD ..\obj\timers.o
LOAD ..\obj\stm32f4xx_adc.o
LOAD ..\obj\mbfuncinput.o
LOAD ..\obj\printf.o
LOAD ..\obj\phaze_detector.o
LOAD ..\obj\watchdog.o
LOAD ..\obj\mbfuncdiag.o
LOAD ..\obj\display.o
LOAD ..\obj\hd44780.o
LOAD ..\obj\tasks.o
LOAD ..\obj\usbd_desc.o
LOAD ..\obj\keyboard.o
LOAD ..\obj\stm32f4xx_gpio.o
LOAD ..\obj\porttimer.o
LOAD ..\obj\usbd_cdc_vcp.o
LOAD ..\obj\list.o
LOAD ..\obj\mbrtu.o
LOAD ..\obj\system_stm32f4xx.o
LOAD ..\obj\syscalls.o
LOAD ..\obj\adc.o
LOAD ..\obj\usb_bsp.o
LOAD ..\obj\usbd_req.o
LOAD ..\obj\queue.o
LOAD ..\obj\port.o
LOAD ..\obj\usb_dcd_int.o
LOAD ..\obj\portserial.o
LOAD ..\obj\usbd_cdc_core.o
LOAD ..\obj\croutine.o
LOAD ..\obj\timer_properties.o
LOAD ..\obj\stm32f4xx_spi.o
LOAD ..\obj\mbfunccoils.o
LOAD ..\obj\stm32f4xx_exti.o
LOAD ..\obj\misc.o
LOAD ..\obj\usb_dcd.o
LOAD ..\obj\heap_1.o
LOAD ..\obj\stm32f4xx_rtc.o
LOAD ..\obj\usbd_ioreq.o
LOAD ..\obj\mbascii.o
LOAD ..\obj\stm32f4xx_tim.o
LOAD ..\obj\power_detector.o
START GROUP
LOAD c:/coocox/coide/gcc/sourcery g++ lite/bin/../lib/gcc/arm-none-eabi/4.5.1/thumb2\libgcc.a
LOAD c:/coocox/coide/gcc/sourcery g++ lite/bin/../lib/gcc/arm-none-eabi/4.5.1/../../../../arm-none-eabi/lib/thumb2\libc.a
END GROUP
OUTPUT(stm32f2_uks.elf elf32-littlearm)

.debug_abbrev   0x00000000     0x53c9
 .debug_abbrev  0x00000000      0x12a ..\obj\stm32f4xx_syscfg.o
 .debug_abbrev  0x0000012a      0x277 ..\obj\usb_core.o
 .debug_abbrev  0x000003a1      0x125 ..\obj\delay.o
 .debug_abbrev  0x000004c6      0x172 ..\obj\mbport.o
 .debug_abbrev  0x00000638      0x164 ..\obj\mb.o
 .debug_abbrev  0x0000079c      0x1af ..\obj\pid_regulator.o
 .debug_abbrev  0x0000094b       0xd5 ..\obj\protocol.o
 .debug_abbrev  0x00000a20       0xa5 ..\obj\mbfuncdisc.o
 .debug_abbrev  0x00000ac5       0xd9 ..\obj\usbd_usr.o
 .debug_abbrev  0x00000b9e       0xbc ..\obj\portevent.o
 .debug_abbrev  0x00000c5a      0x14a ..\obj\buzzer.o
 .debug_abbrev  0x00000da4       0xbe ..\obj\mbfuncother.o
 .debug_abbrev  0x00000e62      0x14e ..\obj\stm32f4xx_usart.o
 .debug_abbrev  0x00000fb0      0x175 ..\obj\stm32f4xx_pwr.o
 .debug_abbrev  0x00001125      0x125 ..\obj\rtc.o
 .debug_abbrev  0x0000124a       0xd2 ..\obj\mbutils.o
 .debug_abbrev  0x0000131c       0xac ..\obj\startup_stm32f4xx.o
 .debug_abbrev  0x000013c8       0xee ..\obj\backup_sram.o
 .debug_abbrev  0x000014b6       0xfa ..\obj\stm32f4xx_iwdg.o
 .debug_abbrev  0x000015b0      0x175 ..\obj\ADS1120.o
 .debug_abbrev  0x00001725       0xa5 ..\obj\mbfuncholding.o
 .debug_abbrev  0x000017ca      0x1f4 ..\obj\usbd_core.o
 .debug_abbrev  0x000019be      0x1cd ..\obj\main.o
 .debug_abbrev  0x00001b8b       0xa8 ..\obj\mbcrc.o
 .debug_abbrev  0x00001c33      0x158 ..\obj\uks.o
 .debug_abbrev  0x00001d8b      0x1b7 ..\obj\stm32f4xx_rcc.o
 .debug_abbrev  0x00001f42       0x28 ..\obj\timers.o
 .debug_abbrev  0x00001f6a      0x189 ..\obj\stm32f4xx_adc.o
 .debug_abbrev  0x000020f3       0xa5 ..\obj\mbfuncinput.o
 .debug_abbrev  0x00002198      0x238 ..\obj\printf.o
 .debug_abbrev  0x000023d0      0x1ac ..\obj\phaze_detector.o
 .debug_abbrev  0x0000257c      0x108 ..\obj\watchdog.o
 .debug_abbrev  0x00002684        0x1 ..\obj\mbfuncdiag.o
 .debug_abbrev  0x00002685      0x15d ..\obj\display.o
 .debug_abbrev  0x000027e2      0x1d9 ..\obj\hd44780.o
 .debug_abbrev  0x000029bb      0x193 ..\obj\tasks.o
 .debug_abbrev  0x00002b4e      0x10c ..\obj\usbd_desc.o
 .debug_abbrev  0x00002c5a      0x179 ..\obj\keyboard.o
 .debug_abbrev  0x00002dd3      0x182 ..\obj\stm32f4xx_gpio.o
 .debug_abbrev  0x00002f55      0x137 ..\obj\porttimer.o
 .debug_abbrev  0x0000308c      0x13a ..\obj\usbd_cdc_vcp.o
 .debug_abbrev  0x000031c6       0xb6 ..\obj\list.o
 .debug_abbrev  0x0000327c      0x11d ..\obj\mbrtu.o
 .debug_abbrev  0x00003399      0x140 ..\obj\system_stm32f4xx.o
 .debug_abbrev  0x000034d9       0xde ..\obj\syscalls.o
 .debug_abbrev  0x000035b7      0x1a4 ..\obj\adc.o
 .debug_abbrev  0x0000375b      0x1db ..\obj\usb_bsp.o
 .debug_abbrev  0x00003936      0x253 ..\obj\usbd_req.o
 .debug_abbrev  0x00003b89      0x109 ..\obj\queue.o
 .debug_abbrev  0x00003c92      0x120 ..\obj\port.o
 .debug_abbrev  0x00003db2      0x210 ..\obj\usb_dcd_int.o
 .debug_abbrev  0x00003fc2      0x1c2 ..\obj\portserial.o
 .debug_abbrev  0x00004184      0x1e1 ..\obj\usbd_cdc_core.o
 .debug_abbrev  0x00004365      0x186 ..\obj\croutine.o
 .debug_abbrev  0x000044eb      0x106 ..\obj\timer_properties.o
 .debug_abbrev  0x000045f1      0x160 ..\obj\stm32f4xx_spi.o
 .debug_abbrev  0x00004751       0xb7 ..\obj\mbfunccoils.o
 .debug_abbrev  0x00004808      0x198 ..\obj\stm32f4xx_exti.o
 .debug_abbrev  0x000049a0      0x126 ..\obj\misc.o
 .debug_abbrev  0x00004ac6      0x208 ..\obj\usb_dcd.o
 .debug_abbrev  0x00004cce      0x116 ..\obj\heap_1.o
 .debug_abbrev  0x00004de4      0x16b ..\obj\stm32f4xx_rtc.o
 .debug_abbrev  0x00004f4f      0x165 ..\obj\usbd_ioreq.o
 .debug_abbrev  0x000050b4       0x4d ..\obj\mbascii.o
 .debug_abbrev  0x00005101      0x163 ..\obj\stm32f4xx_tim.o
 .debug_abbrev  0x00005264      0x165 ..\obj\power_detector.o

.debug_info     0x00000000    0x1fd65
 .debug_info    0x00000000      0x27a ..\obj\stm32f4xx_syscfg.o
 .debug_info    0x0000027a     0x27fc ..\obj\usb_core.o
 .debug_info    0x00002a76      0x777 ..\obj\delay.o
 .debug_info    0x000031ed      0x494 ..\obj\mbport.o
 .debug_info    0x00003681      0x62f ..\obj\mb.o
 .debug_info    0x00003cb0      0x587 ..\obj\pid_regulator.o
 .debug_info    0x00004237      0x197 ..\obj\protocol.o
 .debug_info    0x000043ce      0x1ee ..\obj\mbfuncdisc.o
 .debug_info    0x000045bc      0x1c5 ..\obj\usbd_usr.o
 .debug_info    0x00004781      0x188 ..\obj\portevent.o
 .debug_info    0x00004909      0x45f ..\obj\buzzer.o
 .debug_info    0x00004d68      0x25c ..\obj\mbfuncother.o
 .debug_info    0x00004fc4      0xa4f ..\obj\stm32f4xx_usart.o
 .debug_info    0x00005a13      0x53e ..\obj\stm32f4xx_pwr.o
 .debug_info    0x00005f51      0x296 ..\obj\rtc.o
 .debug_info    0x000061e7      0x2c6 ..\obj\mbutils.o
 .debug_info    0x000064ad      0x147 ..\obj\startup_stm32f4xx.o
 .debug_info    0x000065f4      0x237 ..\obj\backup_sram.o
 .debug_info    0x0000682b      0x20b ..\obj\stm32f4xx_iwdg.o
 .debug_info    0x00006a36      0x698 ..\obj\ADS1120.o
 .debug_info    0x000070ce      0x383 ..\obj\mbfuncholding.o
 .debug_info    0x00007451      0xff8 ..\obj\usbd_core.o
 .debug_info    0x00008449      0xd37 ..\obj\main.o
 .debug_info    0x00009180      0x166 ..\obj\mbcrc.o
 .debug_info    0x000092e6      0x42f ..\obj\uks.o
 .debug_info    0x00009715      0xd24 ..\obj\stm32f4xx_rcc.o
 .debug_info    0x0000a439       0x4c ..\obj\timers.o
 .debug_info    0x0000a485      0xcf5 ..\obj\stm32f4xx_adc.o
 .debug_info    0x0000b17a      0x1e0 ..\obj\mbfuncinput.o
 .debug_info    0x0000b35a      0xed2 ..\obj\printf.o
 .debug_info    0x0000c22c      0x91d ..\obj\phaze_detector.o
 .debug_info    0x0000cb49      0x18a ..\obj\watchdog.o
 .debug_info    0x0000ccd3        0x0 ..\obj\mbfuncdiag.o
 .debug_info    0x0000ccd3      0x3b2 ..\obj\display.o
 .debug_info    0x0000d085      0x90c ..\obj\hd44780.o
 .debug_info    0x0000d991      0xd75 ..\obj\tasks.o
 .debug_info    0x0000e706      0x3a7 ..\obj\usbd_desc.o
 .debug_info    0x0000eaad      0x4d3 ..\obj\keyboard.o
 .debug_info    0x0000ef80      0x639 ..\obj\stm32f4xx_gpio.o
 .debug_info    0x0000f5b9      0x6e8 ..\obj\porttimer.o
 .debug_info    0x0000fca1      0x358 ..\obj\usbd_cdc_vcp.o
 .debug_info    0x0000fff9      0x2a6 ..\obj\list.o
 .debug_info    0x0001029f      0x48d ..\obj\mbrtu.o
 .debug_info    0x0001072c      0x5ea ..\obj\system_stm32f4xx.o
 .debug_info    0x00010d16      0x440 ..\obj\syscalls.o
 .debug_info    0x00011156      0x7b7 ..\obj\adc.o
 .debug_info    0x0001190d     0x113d ..\obj\usb_bsp.o
 .debug_info    0x00012a4a     0x111b ..\obj\usbd_req.o
 .debug_info    0x00013b65      0x7c1 ..\obj\queue.o
 .debug_info    0x00014326      0x1d7 ..\obj\port.o
 .debug_info    0x000144fd     0x2027 ..\obj\usb_dcd_int.o
 .debug_info    0x00016524      0xdae ..\obj\portserial.o
 .debug_info    0x000172d2     0x1102 ..\obj\usbd_cdc_core.o
 .debug_info    0x000183d4      0x4af ..\obj\croutine.o
 .debug_info    0x00018883      0x4d1 ..\obj\timer_properties.o
 .debug_info    0x00018d54      0xbcc ..\obj\stm32f4xx_spi.o
 .debug_info    0x00019920      0x313 ..\obj\mbfunccoils.o
 .debug_info    0x00019c33      0x372 ..\obj\stm32f4xx_exti.o
 .debug_info    0x00019fa5      0x594 ..\obj\misc.o
 .debug_info    0x0001a539     0x1184 ..\obj\usb_dcd.o
 .debug_info    0x0001b6bd      0x186 ..\obj\heap_1.o
 .debug_info    0x0001b843     0x1223 ..\obj\stm32f4xx_rtc.o
 .debug_info    0x0001ca66      0xde4 ..\obj\usbd_ioreq.o
 .debug_info    0x0001d84a       0x9b ..\obj\mbascii.o
 .debug_info    0x0001d8e5     0x1e28 ..\obj\stm32f4xx_tim.o
 .debug_info    0x0001f70d      0x658 ..\obj\power_detector.o

.debug_line     0x00000000     0xbf47
 .debug_line    0x00000000      0x1e7 ..\obj\stm32f4xx_syscfg.o
 .debug_line    0x000001e7      0x6b4 ..\obj\usb_core.o
 .debug_line    0x0000089b      0x2a5 ..\obj\delay.o
 .debug_line    0x00000b40      0x2c5 ..\obj\mbport.o
 .debug_line    0x00000e05      0x2df ..\obj\mb.o
 .debug_line    0x000010e4      0x3b5 ..\obj\pid_regulator.o
 .debug_line    0x00001499      0x1eb ..\obj\protocol.o
 .debug_line    0x00001684      0x1f0 ..\obj\mbfuncdisc.o
 .debug_line    0x00001874      0x1b1 ..\obj\usbd_usr.o
 .debug_line    0x00001a25      0x1e5 ..\obj\portevent.o
 .debug_line    0x00001c0a      0x2c9 ..\obj\buzzer.o
 .debug_line    0x00001ed3      0x25c ..\obj\mbfuncother.o
 .debug_line    0x0000212f      0x478 ..\obj\stm32f4xx_usart.o
 .debug_line    0x000025a7      0x284 ..\obj\stm32f4xx_pwr.o
 .debug_line    0x0000282b      0x21a ..\obj\rtc.o
 .debug_line    0x00002a45      0x264 ..\obj\mbutils.o
 .debug_line    0x00002ca9       0xa6 ..\obj\startup_stm32f4xx.o
 .debug_line    0x00002d4f      0x1e9 ..\obj\backup_sram.o
 .debug_line    0x00002f38      0x1de ..\obj\stm32f4xx_iwdg.o
 .debug_line    0x00003116      0x383 ..\obj\ADS1120.o
 .debug_line    0x00003499      0x27e ..\obj\mbfuncholding.o
 .debug_line    0x00003717      0x305 ..\obj\usbd_core.o
 .debug_line    0x00003a1c      0x2c1 ..\obj\main.o
 .debug_line    0x00003cdd      0x17a ..\obj\mbcrc.o
 .debug_line    0x00003e57      0x343 ..\obj\uks.o
 .debug_line    0x0000419a      0x574 ..\obj\stm32f4xx_rcc.o
 .debug_line    0x0000470e       0x1d ..\obj\timers.o
 .debug_line    0x0000472b      0x528 ..\obj\stm32f4xx_adc.o
 .debug_line    0x00004c53      0x1e6 ..\obj\mbfuncinput.o
 .debug_line    0x00004e39      0x3c6 ..\obj\printf.o
 .debug_line    0x000051ff      0x38b ..\obj\phaze_detector.o
 .debug_line    0x0000558a      0x1b0 ..\obj\watchdog.o
 .debug_line    0x0000573a        0x0 ..\obj\mbfuncdiag.o
 .debug_line    0x0000573a      0x240 ..\obj\display.o
 .debug_line    0x0000597a      0x43f ..\obj\hd44780.o
 .debug_line    0x00005db9      0x792 ..\obj\tasks.o
 .debug_line    0x0000654b      0x1f7 ..\obj\usbd_desc.o
 .debug_line    0x00006742      0x25f ..\obj\keyboard.o
 .debug_line    0x000069a1      0x313 ..\obj\stm32f4xx_gpio.o
 .debug_line    0x00006cb4      0x2c4 ..\obj\porttimer.o
 .debug_line    0x00006f78      0x20e ..\obj\usbd_cdc_vcp.o
 .debug_line    0x00007186      0x1a6 ..\obj\list.o
 .debug_line    0x0000732c      0x29c ..\obj\mbrtu.o
 .debug_line    0x000075c8      0x200 ..\obj\system_stm32f4xx.o
 .debug_line    0x000077c8      0x194 ..\obj\syscalls.o
 .debug_line    0x0000795c      0x3d8 ..\obj\adc.o
 .debug_line    0x00007d34      0x2a0 ..\obj\usb_bsp.o
 .debug_line    0x00007fd4      0x3c1 ..\obj\usbd_req.o
 .debug_line    0x00008395      0x4ff ..\obj\queue.o
 .debug_line    0x00008894      0x1bd ..\obj\port.o
 .debug_line    0x00008a51      0x3b0 ..\obj\usb_dcd_int.o
 .debug_line    0x00008e01      0x280 ..\obj\portserial.o
 .debug_line    0x00009081      0x2b5 ..\obj\usbd_cdc_core.o
 .debug_line    0x00009336      0x274 ..\obj\croutine.o
 .debug_line    0x000095aa      0x2e1 ..\obj\timer_properties.o
 .debug_line    0x0000988b      0x428 ..\obj\stm32f4xx_spi.o
 .debug_line    0x00009cb3      0x256 ..\obj\mbfunccoils.o
 .debug_line    0x00009f09      0x27d ..\obj\stm32f4xx_exti.o
 .debug_line    0x0000a186      0x219 ..\obj\misc.o
 .debug_line    0x0000a39f      0x323 ..\obj\usb_dcd.o
 .debug_line    0x0000a6c2      0x135 ..\obj\heap_1.o
 .debug_line    0x0000a7f7      0x7eb ..\obj\stm32f4xx_rtc.o
 .debug_line    0x0000afe2      0x20d ..\obj\usbd_ioreq.o
 .debug_line    0x0000b1ef       0xd5 ..\obj\mbascii.o
 .debug_line    0x0000b2c4      0xa4d ..\obj\stm32f4xx_tim.o
 .debug_line    0x0000bd11      0x236 ..\obj\power_detector.o

.debug_loc      0x00000000     0x959d
 .debug_loc     0x00000000      0x144 ..\obj\stm32f4xx_syscfg.o
 .debug_loc     0x00000144      0x7e0 ..\obj\usb_core.o
 .debug_loc     0x00000924       0xe8 ..\obj\delay.o
 .debug_loc     0x00000a0c      0x138 ..\obj\mbport.o
 .debug_loc     0x00000b44      0x150 ..\obj\mb.o
 .debug_loc     0x00000c94      0x10c ..\obj\pid_regulator.o
 .debug_loc     0x00000da0       0x70 ..\obj\protocol.o
 .debug_loc     0x00000e10       0x38 ..\obj\mbfuncdisc.o
 .debug_loc     0x00000e48       0xe8 ..\obj\usbd_usr.o
 .debug_loc     0x00000f30       0x9c ..\obj\portevent.o
 .debug_loc     0x00000fcc       0xa8 ..\obj\buzzer.o
 .debug_loc     0x00001074       0x70 ..\obj\mbfuncother.o
 .debug_loc     0x000010e4      0x658 ..\obj\stm32f4xx_usart.o
 .debug_loc     0x0000173c      0x288 ..\obj\stm32f4xx_pwr.o
 .debug_loc     0x000019c4       0x70 ..\obj\rtc.o
 .debug_loc     0x00001a34       0xa8 ..\obj\mbutils.o
 .debug_loc     0x00001adc       0x64 ..\obj\startup_stm32f4xx.o
 .debug_loc     0x00001b40       0xd4 ..\obj\backup_sram.o
 .debug_loc     0x00001c14      0x138 ..\obj\stm32f4xx_iwdg.o
 .debug_loc     0x00001d4c      0x144 ..\obj\ADS1120.o
 .debug_loc     0x00001e90       0xe0 ..\obj\mbfuncholding.o
 .debug_loc     0x00001f70      0x2d8 ..\obj\usbd_core.o
 .debug_loc     0x00002248      0x10c ..\obj\main.o
 .debug_loc     0x00002354       0x38 ..\obj\mbcrc.o
 .debug_loc     0x0000238c       0xe0 ..\obj\uks.o
 .debug_loc     0x0000246c      0x97c ..\obj\stm32f4xx_rcc.o
 .debug_loc     0x00002de8      0x838 ..\obj\stm32f4xx_adc.o
 .debug_loc     0x00003620       0x38 ..\obj\mbfuncinput.o
 .debug_loc     0x00003658      0x3ea ..\obj\printf.o
 .debug_loc     0x00003a42      0x100 ..\obj\phaze_detector.o
 .debug_loc     0x00003b42       0x70 ..\obj\watchdog.o
 .debug_loc     0x00003bb2       0x70 ..\obj\display.o
 .debug_loc     0x00003c22      0x42c ..\obj\hd44780.o
 .debug_loc     0x0000404e      0x708 ..\obj\tasks.o
 .debug_loc     0x00004756      0x188 ..\obj\usbd_desc.o
 .debug_loc     0x000048de       0x70 ..\obj\keyboard.o
 .debug_loc     0x0000494e      0x310 ..\obj\stm32f4xx_gpio.o
 .debug_loc     0x00004c5e       0xbc ..\obj\porttimer.o
 .debug_loc     0x00004d1a      0x138 ..\obj\usbd_cdc_vcp.o
 .debug_loc     0x00004e52      0x118 ..\obj\list.o
 .debug_loc     0x00004f6a      0x1a8 ..\obj\mbrtu.o
 .debug_loc     0x00005112       0x9c ..\obj\system_stm32f4xx.o
 .debug_loc     0x000051ae      0x1ec ..\obj\syscalls.o
 .debug_loc     0x0000539a       0xab ..\obj\adc.o
 .debug_loc     0x00005445      0x138 ..\obj\usb_bsp.o
 .debug_loc     0x0000557d      0x310 ..\obj\usbd_req.o
 .debug_loc     0x0000588d      0x3b8 ..\obj\queue.o
 .debug_loc     0x00005c45      0x178 ..\obj\port.o
 .debug_loc     0x00005dbd      0x2d8 ..\obj\usb_dcd_int.o
 .debug_loc     0x00006095      0x170 ..\obj\portserial.o
 .debug_loc     0x00006205      0x224 ..\obj\usbd_cdc_core.o
 .debug_loc     0x00006429      0x188 ..\obj\croutine.o
 .debug_loc     0x000065b1       0xe0 ..\obj\timer_properties.o
 .debug_loc     0x00006691      0x578 ..\obj\stm32f4xx_spi.o
 .debug_loc     0x00006c09       0xa8 ..\obj\mbfunccoils.o
 .debug_loc     0x00006cb1      0x1b4 ..\obj\stm32f4xx_exti.o
 .debug_loc     0x00006e65      0x118 ..\obj\misc.o
 .debug_loc     0x00006f7d      0x2d8 ..\obj\usb_dcd.o
 .debug_loc     0x00007255       0xc8 ..\obj\heap_1.o
 .debug_loc     0x0000731d      0xc48 ..\obj\stm32f4xx_rtc.o
 .debug_loc     0x00007f65      0x188 ..\obj\usbd_ioreq.o
 .debug_loc     0x000080ed     0x1420 ..\obj\stm32f4xx_tim.o
 .debug_loc     0x0000950d       0x90 ..\obj\power_detector.o

.debug_pubnames
                0x00000000     0x4068
 .debug_pubnames
                0x00000000       0xc3 ..\obj\stm32f4xx_syscfg.o
 .debug_pubnames
                0x000000c3      0x364 ..\obj\usb_core.o
 .debug_pubnames
                0x00000427       0xc4 ..\obj\delay.o
 .debug_pubnames
                0x000004eb      0x138 ..\obj\mbport.o
 .debug_pubnames
                0x00000623       0xf8 ..\obj\mb.o
 .debug_pubnames
                0x0000071b       0x6e ..\obj\pid_regulator.o
 .debug_pubnames
                0x00000789       0x24 ..\obj\protocol.o
 .debug_pubnames
                0x000007ad       0x30 ..\obj\mbfuncdisc.o
 .debug_pubnames
                0x000007dd       0x9e ..\obj\usbd_usr.o
 .debug_pubnames
                0x0000087b       0x50 ..\obj\portevent.o
 .debug_pubnames
                0x000008cb       0x62 ..\obj\buzzer.o
 .debug_pubnames
                0x0000092d       0x3d ..\obj\mbfuncother.o
 .debug_pubnames
                0x0000096a      0x294 ..\obj\stm32f4xx_usart.o
 .debug_pubnames
                0x00000bfe      0x120 ..\obj\stm32f4xx_pwr.o
 .debug_pubnames
                0x00000d1e       0x46 ..\obj\rtc.o
 .debug_pubnames
                0x00000d64       0x52 ..\obj\mbutils.o
 .debug_pubnames
                0x00000db6       0x4a ..\obj\startup_stm32f4xx.o
 .debug_pubnames
                0x00000e00       0x6c ..\obj\backup_sram.o
 .debug_pubnames
                0x00000e6c       0x91 ..\obj\stm32f4xx_iwdg.o
 .debug_pubnames
                0x00000efd       0xaf ..\obj\ADS1120.o
 .debug_pubnames
                0x00000fac       0xa5 ..\obj\mbfuncholding.o
 .debug_pubnames
                0x00001051       0x7a ..\obj\usbd_core.o
 .debug_pubnames
                0x000010cb       0xa0 ..\obj\main.o
 .debug_pubnames
                0x0000116b       0x20 ..\obj\mbcrc.o
 .debug_pubnames
                0x0000118b       0x7e ..\obj\uks.o
 .debug_pubnames
                0x00001209      0x417 ..\obj\stm32f4xx_rcc.o
 .debug_pubnames
                0x00001620      0x446 ..\obj\stm32f4xx_adc.o
 .debug_pubnames
                0x00001a66       0x2f ..\obj\mbfuncinput.o
 .debug_pubnames
                0x00001a95      0x101 ..\obj\printf.o
 .debug_pubnames
                0x00001b96       0x8e ..\obj\phaze_detector.o
 .debug_pubnames
                0x00001c24       0x35 ..\obj\watchdog.o
 .debug_pubnames
                0x00001c59       0x46 ..\obj\display.o
 .debug_pubnames
                0x00001c9f      0x1bb ..\obj\hd44780.o
 .debug_pubnames
                0x00001e5a      0x275 ..\obj\tasks.o
 .debug_pubnames
                0x000020cf      0x152 ..\obj\usbd_desc.o
 .debug_pubnames
                0x00002221       0x24 ..\obj\keyboard.o
 .debug_pubnames
                0x00002245      0x12d ..\obj\stm32f4xx_gpio.o
 .debug_pubnames
                0x00002372       0x6d ..\obj\porttimer.o
 .debug_pubnames
                0x000023df       0x7b ..\obj\usbd_cdc_vcp.o
 .debug_pubnames
                0x0000245a       0x71 ..\obj\list.o
 .debug_pubnames
                0x000024cb       0xb3 ..\obj\mbrtu.o
 .debug_pubnames
                0x0000257e       0x61 ..\obj\system_stm32f4xx.o
 .debug_pubnames
                0x000025df       0x71 ..\obj\syscalls.o
 .debug_pubnames
                0x00002650       0x64 ..\obj\adc.o
 .debug_pubnames
                0x000026b4       0xa6 ..\obj\usb_bsp.o
 .debug_pubnames
                0x0000275a       0xd7 ..\obj\usbd_req.o
 .debug_pubnames
                0x00002831      0x145 ..\obj\queue.o
 .debug_pubnames
                0x00002976      0x101 ..\obj\port.o
 .debug_pubnames
                0x00002a77       0x2b ..\obj\usb_dcd_int.o
 .debug_pubnames
                0x00002aa2       0xab ..\obj\portserial.o
 .debug_pubnames
                0x00002b4d       0xe5 ..\obj\usbd_cdc_core.o
 .debug_pubnames
                0x00002c32       0x96 ..\obj\croutine.o
 .debug_pubnames
                0x00002cc8       0xb2 ..\obj\timer_properties.o
 .debug_pubnames
                0x00002d7a      0x221 ..\obj\stm32f4xx_spi.o
 .debug_pubnames
                0x00002f9b       0x5a ..\obj\mbfunccoils.o
 .debug_pubnames
                0x00002ff5       0xbb ..\obj\stm32f4xx_exti.o
 .debug_pubnames
                0x000030b0       0x89 ..\obj\misc.o
 .debug_pubnames
                0x00003139      0x100 ..\obj\usb_dcd.o
 .debug_pubnames
                0x00003239       0x64 ..\obj\heap_1.o
 .debug_pubnames
                0x0000329d      0x514 ..\obj\stm32f4xx_rtc.o
 .debug_pubnames
                0x000037b1       0xb6 ..\obj\usbd_ioreq.o
 .debug_pubnames
                0x00003867      0x7c4 ..\obj\stm32f4xx_tim.o
 .debug_pubnames
                0x0000402b       0x3d ..\obj\power_detector.o

.debug_pubtypes
                0x00000000     0x44d5
 .debug_pubtypes
                0x00000000       0x6d ..\obj\stm32f4xx_syscfg.o
 .debug_pubtypes
                0x0000006d      0x675 ..\obj\usb_core.o
 .debug_pubtypes
                0x000006e2       0xb9 ..\obj\delay.o
 .debug_pubtypes
                0x0000079b       0x8d ..\obj\mbport.o
 .debug_pubtypes
                0x00000828      0x147 ..\obj\mb.o
 .debug_pubtypes
                0x0000096f      0x131 ..\obj\pid_regulator.o
 .debug_pubtypes
                0x00000aa0       0x40 ..\obj\protocol.o
 .debug_pubtypes
                0x00000ae0       0x62 ..\obj\mbfuncdisc.o
 .debug_pubtypes
                0x00000b42       0x55 ..\obj\usbd_usr.o
 .debug_pubtypes
                0x00000b97       0x44 ..\obj\portevent.o
 .debug_pubtypes
                0x00000bdb       0xea ..\obj\buzzer.o
 .debug_pubtypes
                0x00000cc5       0x82 ..\obj\mbfuncother.o
 .debug_pubtypes
                0x00000d47       0xcd ..\obj\stm32f4xx_usart.o
 .debug_pubtypes
                0x00000e14       0x84 ..\obj\stm32f4xx_pwr.o
 .debug_pubtypes
                0x00000e98       0x73 ..\obj\rtc.o
 .debug_pubtypes
                0x00000f0b       0x6d ..\obj\mbutils.o
 .debug_pubtypes
                0x00000f78       0x5b ..\obj\backup_sram.o
 .debug_pubtypes
                0x00000fd3       0x64 ..\obj\stm32f4xx_iwdg.o
 .debug_pubtypes
                0x00001037      0x11d ..\obj\ADS1120.o
 .debug_pubtypes
                0x00001154       0x62 ..\obj\mbfuncholding.o
 .debug_pubtypes
                0x000011b6      0x2df ..\obj\usbd_core.o
 .debug_pubtypes
                0x00001495      0x2a0 ..\obj\main.o
 .debug_pubtypes
                0x00001735       0x40 ..\obj\mbcrc.o
 .debug_pubtypes
                0x00001775       0x89 ..\obj\uks.o
 .debug_pubtypes
                0x000017fe       0xaa ..\obj\stm32f4xx_rcc.o
 .debug_pubtypes
                0x000018a8       0x12 ..\obj\timers.o
 .debug_pubtypes
                0x000018ba       0xc9 ..\obj\stm32f4xx_adc.o
 .debug_pubtypes
                0x00001983       0x62 ..\obj\mbfuncinput.o
 .debug_pubtypes
                0x000019e5      0x139 ..\obj\printf.o
 .debug_pubtypes
                0x00001b1e      0x1ab ..\obj\phaze_detector.o
 .debug_pubtypes
                0x00001cc9       0x53 ..\obj\watchdog.o
 .debug_pubtypes
                0x00001d1c       0x72 ..\obj\display.o
 .debug_pubtypes
                0x00001d8e       0xe6 ..\obj\hd44780.o
 .debug_pubtypes
                0x00001e74      0x10c ..\obj\tasks.o
 .debug_pubtypes
                0x00001f80       0x5b ..\obj\usbd_desc.o
 .debug_pubtypes
                0x00001fdb       0xdb ..\obj\keyboard.o
 .debug_pubtypes
                0x000020b6       0xce ..\obj\stm32f4xx_gpio.o
 .debug_pubtypes
                0x00002184       0xb6 ..\obj\porttimer.o
 .debug_pubtypes
                0x0000223a       0x6d ..\obj\usbd_cdc_vcp.o
 .debug_pubtypes
                0x000022a7       0x7a ..\obj\list.o
 .debug_pubtypes
                0x00002321       0xb4 ..\obj\mbrtu.o
 .debug_pubtypes
                0x000023d5       0x73 ..\obj\system_stm32f4xx.o
 .debug_pubtypes
                0x00002448       0xaa ..\obj\syscalls.o
 .debug_pubtypes
                0x000024f2      0x17a ..\obj\adc.o
 .debug_pubtypes
                0x0000266c      0x333 ..\obj\usb_bsp.o
 .debug_pubtypes
                0x0000299f      0x2c8 ..\obj\usbd_req.o
 .debug_pubtypes
                0x00002c67       0xd4 ..\obj\queue.o
 .debug_pubtypes
                0x00002d3b       0x33 ..\obj\port.o
 .debug_pubtypes
                0x00002d6e      0x5e1 ..\obj\usb_dcd_int.o
 .debug_pubtypes
                0x0000334f      0x2b9 ..\obj\portserial.o
 .debug_pubtypes
                0x00003608      0x2ae ..\obj\usbd_cdc_core.o
 .debug_pubtypes
                0x000038b6       0xcd ..\obj\croutine.o
 .debug_pubtypes
                0x00003983       0x93 ..\obj\timer_properties.o
 .debug_pubtypes
                0x00003a16       0xbc ..\obj\stm32f4xx_spi.o
 .debug_pubtypes
                0x00003ad2       0x62 ..\obj\mbfunccoils.o
 .debug_pubtypes
                0x00003b34       0xae ..\obj\stm32f4xx_exti.o
 .debug_pubtypes
                0x00003be2       0x8c ..\obj\misc.o
 .debug_pubtypes
                0x00003c6e      0x307 ..\obj\usb_dcd.o
 .debug_pubtypes
                0x00003f75       0x2c ..\obj\heap_1.o
 .debug_pubtypes
                0x00003fa1       0xd8 ..\obj\stm32f4xx_rtc.o
 .debug_pubtypes
                0x00004079      0x295 ..\obj\usbd_ioreq.o
 .debug_pubtypes
                0x0000430e       0x1e ..\obj\mbascii.o
 .debug_pubtypes
                0x0000432c       0xe4 ..\obj\stm32f4xx_tim.o
 .debug_pubtypes
                0x00004410       0xc5 ..\obj\power_detector.o

.debug_aranges  0x00000000     0x1bd0
 .debug_aranges
                0x00000000       0x48 ..\obj\stm32f4xx_syscfg.o
 .debug_aranges
                0x00000048      0x138 ..\obj\usb_core.o
 .debug_aranges
                0x00000180       0x40 ..\obj\delay.o
 .debug_aranges
                0x000001c0       0x48 ..\obj\mbport.o
 .debug_aranges
                0x00000208       0x48 ..\obj\mb.o
 .debug_aranges
                0x00000250       0x40 ..\obj\pid_regulator.o
 .debug_aranges
                0x00000290       0x28 ..\obj\protocol.o
 .debug_aranges
                0x000002b8       0x20 ..\obj\mbfuncdisc.o
 .debug_aranges
                0x000002d8       0x40 ..\obj\usbd_usr.o
 .debug_aranges
                0x00000318       0x30 ..\obj\portevent.o
 .debug_aranges
                0x00000348       0x30 ..\obj\buzzer.o
 .debug_aranges
                0x00000378       0x28 ..\obj\mbfuncother.o
 .debug_aranges
                0x000003a0      0x100 ..\obj\stm32f4xx_usart.o
 .debug_aranges
                0x000004a0       0x78 ..\obj\stm32f4xx_pwr.o
 .debug_aranges
                0x00000518       0x28 ..\obj\rtc.o
 .debug_aranges
                0x00000540       0x30 ..\obj\mbutils.o
 .debug_aranges
                0x00000570       0x28 ..\obj\startup_stm32f4xx.o
 .debug_aranges
                0x00000598       0x38 ..\obj\backup_sram.o
 .debug_aranges
                0x000005d0       0x48 ..\obj\stm32f4xx_iwdg.o
 .debug_aranges
                0x00000618       0x48 ..\obj\ADS1120.o
 .debug_aranges
                0x00000660       0x38 ..\obj\mbfuncholding.o
 .debug_aranges
                0x00000698       0x80 ..\obj\usbd_core.o
 .debug_aranges
                0x00000718       0x40 ..\obj\main.o
 .debug_aranges
                0x00000758       0x20 ..\obj\mbcrc.o
 .debug_aranges
                0x00000778       0x38 ..\obj\uks.o
 .debug_aranges
                0x000007b0      0x178 ..\obj\stm32f4xx_rcc.o
 .debug_aranges
                0x00000928      0x148 ..\obj\stm32f4xx_adc.o
 .debug_aranges
                0x00000a70       0x20 ..\obj\mbfuncinput.o
 .debug_aranges
                0x00000a90       0xa0 ..\obj\printf.o
 .debug_aranges
                0x00000b30       0x40 ..\obj\phaze_detector.o
 .debug_aranges
                0x00000b70       0x28 ..\obj\watchdog.o
 .debug_aranges
                0x00000b98       0x28 ..\obj\display.o
 .debug_aranges
                0x00000bc0       0xc0 ..\obj\hd44780.o
 .debug_aranges
                0x00000c80      0x120 ..\obj\tasks.o
 .debug_aranges
                0x00000da0       0x50 ..\obj\usbd_desc.o
 .debug_aranges
                0x00000df0       0x28 ..\obj\keyboard.o
 .debug_aranges
                0x00000e18       0x88 ..\obj\stm32f4xx_gpio.o
 .debug_aranges
                0x00000ea0       0x38 ..\obj\porttimer.o
 .debug_aranges
                0x00000ed8       0x48 ..\obj\usbd_cdc_vcp.o
 .debug_aranges
                0x00000f20       0x40 ..\obj\list.o
 .debug_aranges
                0x00000f60       0x58 ..\obj\mbrtu.o
 .debug_aranges
                0x00000fb8       0x30 ..\obj\system_stm32f4xx.o
 .debug_aranges
                0x00000fe8       0x60 ..\obj\syscalls.o
 .debug_aranges
                0x00001048       0x30 ..\obj\adc.o
 .debug_aranges
                0x00001078       0x48 ..\obj\usb_bsp.o
 .debug_aranges
                0x000010c0       0x88 ..\obj\usbd_req.o
 .debug_aranges
                0x00001148       0xa0 ..\obj\queue.o
 .debug_aranges
                0x000011e8       0x70 ..\obj\port.o
 .debug_aranges
                0x00001258       0x80 ..\obj\usb_dcd_int.o
 .debug_aranges
                0x000012d8       0x50 ..\obj\portserial.o
 .debug_aranges
                0x00001328       0x68 ..\obj\usbd_cdc_core.o
 .debug_aranges
                0x00001390       0x50 ..\obj\croutine.o
 .debug_aranges
                0x000013e0       0x38 ..\obj\timer_properties.o
 .debug_aranges
                0x00001418       0xe0 ..\obj\stm32f4xx_spi.o
 .debug_aranges
                0x000014f8       0x30 ..\obj\mbfunccoils.o
 .debug_aranges
                0x00001528       0x58 ..\obj\stm32f4xx_exti.o
 .debug_aranges
                0x00001580       0x40 ..\obj\misc.o
 .debug_aranges
                0x000015c0       0x80 ..\obj\usb_dcd.o
 .debug_aranges
                0x00001640       0x38 ..\obj\heap_1.o
 .debug_aranges
                0x00001678      0x1e0 ..\obj\stm32f4xx_rtc.o
 .debug_aranges
                0x00001858       0x50 ..\obj\usbd_ioreq.o
 .debug_aranges
                0x000018a8      0x2f8 ..\obj\stm32f4xx_tim.o
 .debug_aranges
                0x00001ba0       0x30 ..\obj\power_detector.o

.debug_ranges   0x00000000     0x17e0
 .debug_ranges  0x00000000       0x38 ..\obj\stm32f4xx_syscfg.o
 .debug_ranges  0x00000038      0x128 ..\obj\usb_core.o
 .debug_ranges  0x00000160       0x30 ..\obj\delay.o
 .debug_ranges  0x00000190       0x38 ..\obj\mbport.o
 .debug_ranges  0x000001c8       0x38 ..\obj\mb.o
 .debug_ranges  0x00000200       0x30 ..\obj\pid_regulator.o
 .debug_ranges  0x00000230       0x18 ..\obj\protocol.o
 .debug_ranges  0x00000248       0x10 ..\obj\mbfuncdisc.o
 .debug_ranges  0x00000258       0x30 ..\obj\usbd_usr.o
 .debug_ranges  0x00000288       0x20 ..\obj\portevent.o
 .debug_ranges  0x000002a8       0x20 ..\obj\buzzer.o
 .debug_ranges  0x000002c8       0x18 ..\obj\mbfuncother.o
 .debug_ranges  0x000002e0       0xf0 ..\obj\stm32f4xx_usart.o
 .debug_ranges  0x000003d0       0x68 ..\obj\stm32f4xx_pwr.o
 .debug_ranges  0x00000438       0x18 ..\obj\rtc.o
 .debug_ranges  0x00000450       0x20 ..\obj\mbutils.o
 .debug_ranges  0x00000470       0x18 ..\obj\startup_stm32f4xx.o
 .debug_ranges  0x00000488       0x28 ..\obj\backup_sram.o
 .debug_ranges  0x000004b0       0x38 ..\obj\stm32f4xx_iwdg.o
 .debug_ranges  0x000004e8       0x38 ..\obj\ADS1120.o
 .debug_ranges  0x00000520       0x28 ..\obj\mbfuncholding.o
 .debug_ranges  0x00000548       0x70 ..\obj\usbd_core.o
 .debug_ranges  0x000005b8       0x30 ..\obj\main.o
 .debug_ranges  0x000005e8       0x10 ..\obj\mbcrc.o
 .debug_ranges  0x000005f8       0x28 ..\obj\uks.o
 .debug_ranges  0x00000620      0x168 ..\obj\stm32f4xx_rcc.o
 .debug_ranges  0x00000788      0x138 ..\obj\stm32f4xx_adc.o
 .debug_ranges  0x000008c0       0x10 ..\obj\mbfuncinput.o
 .debug_ranges  0x000008d0       0x90 ..\obj\printf.o
 .debug_ranges  0x00000960       0x30 ..\obj\phaze_detector.o
 .debug_ranges  0x00000990       0x18 ..\obj\watchdog.o
 .debug_ranges  0x000009a8       0x18 ..\obj\display.o
 .debug_ranges  0x000009c0       0xb0 ..\obj\hd44780.o
 .debug_ranges  0x00000a70      0x110 ..\obj\tasks.o
 .debug_ranges  0x00000b80       0x40 ..\obj\usbd_desc.o
 .debug_ranges  0x00000bc0       0x18 ..\obj\keyboard.o
 .debug_ranges  0x00000bd8       0x78 ..\obj\stm32f4xx_gpio.o
 .debug_ranges  0x00000c50       0x28 ..\obj\porttimer.o
 .debug_ranges  0x00000c78       0x38 ..\obj\usbd_cdc_vcp.o
 .debug_ranges  0x00000cb0       0x30 ..\obj\list.o
 .debug_ranges  0x00000ce0       0x48 ..\obj\mbrtu.o
 .debug_ranges  0x00000d28       0x20 ..\obj\system_stm32f4xx.o
 .debug_ranges  0x00000d48       0x50 ..\obj\syscalls.o
 .debug_ranges  0x00000d98       0x20 ..\obj\adc.o
 .debug_ranges  0x00000db8       0x38 ..\obj\usb_bsp.o
 .debug_ranges  0x00000df0       0x78 ..\obj\usbd_req.o
 .debug_ranges  0x00000e68       0x90 ..\obj\queue.o
 .debug_ranges  0x00000ef8       0x60 ..\obj\port.o
 .debug_ranges  0x00000f58       0x70 ..\obj\usb_dcd_int.o