Archive member included because of file (symbol)

c:/coocox/coide/gcc/sourcery g++ lite/bin/../lib/gcc/arm-none-eabi/4.5.1/thumb2\libgcc.a(_arm_addsubdf3.o)
                              ..\obj\ADS1120.o (__aeabi_dadd)
c:/coocox/coide/gcc/sourcery g++ lite/bin/../lib/gcc/arm-none-eabi/4.5.1/thumb2\libgcc.a(_arm_muldivdf3.o)
                              ..\obj\ADS1120.o (__aeabi_dmul)
c:/coocox/coide/gcc/sourcery g++ lite/bin/../lib/gcc/arm-none-eabi/4.5.1/thumb2\libgcc.a(_arm_cmpdf2.o)
                              ..\obj\timer_properties.o (__aeabi_dcmpeq)
c:/coocox/coide/gcc/sourcery g++ lite/bin/../lib/gcc/arm-none-eabi/4.5.1/thumb2\libgcc.a(_arm_fixunsdfsi.o)
                              ..\obj\timer_properties.o (__aeabi_d2uiz)
c:/coocox/coide/gcc/sourcery g++ lite/bin/../lib/gcc/arm-none-eabi/4.5.1/thumb2\libgcc.a(_arm_truncdfsf2.o)
                              ..\obj\ADS1120.o (__aeabi_d2f)
c:/coocox/coide/gcc/sourcery g++ lite/bin/../lib/gcc/arm-none-eabi/4.5.1/thumb2\libgcc.a(_arm_addsubsf3.o)
                              ..\obj\pid_regulator.o (__aeabi_fsub)
c:/coocox/coide/gcc/sourcery g++ lite/bin/../lib/gcc/arm-none-eabi/4.5.1/thumb2\libgcc.a(_arm_muldivsf3.o)
                              ..\obj\pid_regulator.o (__aeabi_fmul)
c:/coocox/coide/gcc/sourcery g++ lite/bin/../lib/gcc/arm-none-eabi/4.5.1/thumb2\libgcc.a(_arm_cmpsf2.o)
                              ..\obj\pid_regulator.o (__aeabi_fcmplt)
c:/coocox/coide/gcc/sourcery g++ lite/bin/../lib/gcc/arm-none-eabi/4.5.1/thumb2\libgcc.a(_arm_fixsfsi.o)
                              ..\obj\pid_regulator.o (__aeabi_f2iz)
c:/coocox/coide/gcc/sourcery g++ lite/bin/../lib/gcc/arm-none-eabi/4.5.1/thumb2\libgcc.a(_arm_fixunssfsi.o)
                              ..\obj\display.o (__aeabi_f2uiz)
c:/coocox/coide/gcc/sourcery g++ lite/bin/../lib/gcc/arm-none-eabi/4.5.1/../../../../arm-none-eabi/lib/thumb2\libc.a(lib_a-memcmp.o)
                              ..\obj\tasks.o (memcmp)
c:/coocox/coide/gcc/sourcery g++ lite/bin/../lib/gcc/arm-none-eabi/4.5.1/../../../../arm-none-eabi/lib/thumb2\libc.a(lib_a-memcpy.o)
                              ..\obj\mbfuncother.o (memcpy)
c:/coocox/coide/gcc/sourcery g++ lite/bin/../lib/gcc/arm-none-eabi/4.5.1/../../../../arm-none-eabi/lib/thumb2\libc.a(lib_a-memset.o)
                              ..\obj\tasks.o (memset)
c:/coocox/coide/gcc/sourcery g++ lite/bin/../lib/gcc/arm-none-eabi/4.5.1/../../../../arm-none-eabi/lib/thumb2\libc.a(lib_a-strncpy.o)
                              ..\obj\tasks.o (strncpy)

Allocating common symbols
Common symbol       size              file

pxMBFrameCBTransmitterEmpty
                    0x4               ..\obj\mb.o
APP_Tx_Buffer       0x80              ..\obj\usbd_cdc_vcp.o
pid_heater          0x1c              ..\obj\pid_regulator.o
pxMBPortCBTimerExpired
                    0x4               ..\obj\mb.o
ADC_result          0x4               ..\obj\ADS1120.o
xBuzzer_Handle      0x4               ..\obj\buzzer.o
adc_reg             0x1               ..\obj\ADS1120.o
ucRTUBuf            0x100             ..\obj\mbrtu.o
HD44780_Opts        0x7               ..\obj\hd44780.o
xPhazeSemaphore     0x4               ..\obj\phaze_detector.o
usbd_cdc_OtherCfgDesc
                    0x43              ..\obj\usbd_cdc_core.o
xSPI_Buf_Mutex      0x4               ..\obj\ADS1120.o
pxMBFrameCBByteReceived
                    0x4               ..\obj\mb.o
buzz                0x2               ..\obj\buzzer.o
APP_tx_ptr_tail     0x4               ..\obj\usbd_cdc_vcp.o
pxMBFrameCBTransmitFSMCur
                    0x4               ..\obj\mb.o
xMeasure_LM35_Semaphore
                    0x4               ..\obj\adc.o
USB_Rx_Buffer       0x40              ..\obj\usbd_cdc_core.o
ADC_result_temp     0x4               ..\obj\ADS1120.o
pxMBFrameCBReceiveFSMCur
                    0x4               ..\obj\mb.o
CmdBuff             0x8               ..\obj\usbd_cdc_core.o
USB_OTG_dev         0x5f0             ..\obj\main.o
adc_lm35_chnl       0xee              ..\obj\adc.o
mult                0x4               ..\obj\delay.o
APP_Rx_Buffer       0x800             ..\obj\usbd_cdc_core.o
uks_channels        0x450             ..\obj\uks.o
task_watches        0x10              ..\obj\watchdog.o
USBD_StrDesc        0x32              ..\obj\usbd_req.o
APP_tx_ptr_head     0x4               ..\obj\usbd_cdc_vcp.o
phaze_detect        0x8               ..\obj\phaze_detector.o

Discarded input sections

 .text          0x00000000        0x0 ..\obj\stm32f4xx_syscfg.o
 .data          0x00000000        0x0 ..\obj\stm32f4xx_syscfg.o
 .bss           0x00000000        0x0 ..\obj\stm32f4xx_syscfg.o
 .text.SYSCFG_DeInit
                0x00000000       0x20 ..\obj\stm32f4xx_syscfg.o
 .text.SYSCFG_MemoryRemapConfig
                0x00000000       0x20 ..\obj\stm32f4xx_syscfg.o
 .text.SYSCFG_ETH_MediaInterfaceConfig
                0x00000000       0x20 ..\obj\stm32f4xx_syscfg.o
 .text.SYSCFG_CompensationCellCmd
[...]
Memory Configuration

Name             Origin             Length             Attributes
rom              0x08000000         0x00100000         xr
ram              0x20000000         0x00020000         xrw
ram1             0x10000000         0x00010000         xrw
*default*        0x00000000         0xffffffff

Linker script and memory map

                0x20020000                _eram = 0x20020000

.text           0x08000000     0xde40
 *(.isr_vector .isr_vector.*)
 .isr_vector    0x08000000      0x188 ..\obj\startup_stm32f4xx.o
                0x08000000                g_pfnVectors
 *(.text .text.* .gnu.linkonce.t.*)
 .text.SYSCFG_EXTILineConfig
                0x08000188       0xb4 ..\obj\stm32f4xx_syscfg.o
                0x08000188                SYSCFG_EXTILineConfig
 .text.USB_OTG_EnableCommonInt
                0x0800023c       0x44 ..\obj\usb_core.o
 .text.USB_OTG_CoreReset
                0x08000280       0xa8 ..\obj\usb_core.o
 .text.USB_OTG_WritePacket
                0x08000328       0x88 ..\obj\usb_core.o
                0x08000328                USB_OTG_WritePacket
 .text.USB_OTG_ReadPacket
                0x080003b0       0x68 ..\obj\usb_core.o
                0x080003b0                USB_OTG_ReadPacket
 .text.USB_OTG_SelectCore
                0x08000418      0x1b4 ..\obj\usb_core.o
                0x08000418                USB_OTG_SelectCore
 .text.USB_OTG_CoreInit
                0x080005cc      0x1f8 ..\obj\usb_core.o
                0x080005cc                USB_OTG_CoreInit
 .text.USB_OTG_EnableGlobalInt
                0x080007c4       0x40 ..\obj\usb_core.o
                0x080007c4                USB_OTG_EnableGlobalInt
 .text.USB_OTG_DisableGlobalInt
                0x08000804       0x44 ..\obj\usb_core.o
                0x08000804                USB_OTG_DisableGlobalInt
 .text.USB_OTG_FlushTxFifo
                0x08000848       0x80 ..\obj\usb_core.o
                0x08000848                USB_OTG_FlushTxFifo
 .text.USB_OTG_FlushRxFifo
                0x080008c8       0x6c ..\obj\usb_core.o
                0x080008c8                USB_OTG_FlushRxFifo
 .text.USB_OTG_SetCurrentMode
                0x08000934       0x64 ..\obj\usb_core.o
                0x08000934                USB_OTG_SetCurrentMode
 .text.USB_OTG_GetMode
                0x08000998       0x20 ..\obj\usb_core.o
                0x08000998                USB_OTG_GetMode
 .text.USB_OTG_IsDeviceMode
                0x080009b8       0x24 ..\obj\usb_core.o
                0x080009b8                USB_OTG_IsDeviceMode
 .text.USB_OTG_ReadCoreItr
                0x080009dc       0x34 ..\obj\usb_core.o
                0x080009dc                USB_OTG_ReadCoreItr
 .text.USB_OTG_InitDevSpeed
                0x08000a10       0x38 ..\obj\usb_core.o
                0x08000a10                USB_OTG_InitDevSpeed
 .text.USB_OTG_CoreInitDev
                0x08000a48      0x2d0 ..\obj\usb_core.o
                0x08000a48                USB_OTG_CoreInitDev
 .text.USB_OTG_EnableDevInt
                0x08000d18       0xa8 ..\obj\usb_core.o
                0x08000d18                USB_OTG_EnableDevInt
 .text.USB_OTG_GetDeviceSpeed
                0x08000dc0       0x50 ..\obj\usb_core.o
                0x08000dc0                USB_OTG_GetDeviceSpeed
 .text.USB_OTG_EP0Activate
                0x08000e10       0x84 ..\obj\usb_core.o
                0x08000e10                USB_OTG_EP0Activate
 .text.USB_OTG_EPActivate
                0x08000e94       0xf8 ..\obj\usb_core.o
                0x08000e94                USB_OTG_EPActivate
 .text.USB_OTG_EPDeactivate
                0x08000f8c       0xa4 ..\obj\usb_core.o
                0x08000f8c                USB_OTG_EPDeactivate
 .text.USB_OTG_EPStartXfer
                0x08001030      0x2d4 ..\obj\usb_core.o
                0x08001030                USB_OTG_EPStartXfer
 .text.USB_OTG_EP0StartXfer
                0x08001304      0x208 ..\obj\usb_core.o
                0x08001304                USB_OTG_EP0StartXfer
 .text.USB_OTG_EPSetStall
                0x0800150c       0x94 ..\obj\usb_core.o
                0x0800150c                USB_OTG_EPSetStall
 .text.USB_OTG_EPClearStall
                0x080015a0       0x84 ..\obj\usb_core.o
                0x080015a0                USB_OTG_EPClearStall
 .text.USB_OTG_ReadDevAllOutEp_itr
                0x08001624       0x30 ..\obj\usb_core.o
                0x08001624                USB_OTG_ReadDevAllOutEp_itr
 .text.USB_OTG_ReadDevOutEP_itr
                0x08001654       0x3c ..\obj\usb_core.o
                0x08001654                USB_OTG_ReadDevOutEP_itr
 .text.USB_OTG_ReadDevAllInEPItr
                0x08001690       0x34 ..\obj\usb_core.o
                0x08001690                USB_OTG_ReadDevAllInEPItr
 .text.USB_OTG_EP0_OutStart
                0x080016c4       0x7c ..\obj\usb_core.o
                0x080016c4                USB_OTG_EP0_OutStart
 .text.USB_OTG_UngateClock
                0x08001740       0x54 ..\obj\usb_core.o
                0x08001740                USB_OTG_UngateClock
 .text.TIM2_IRQHandler
                0x08001794       0x50 ..\obj\delay.o
                0x08001794                TIM2_IRQHandler
 .text.DELAY_Init
                0x080017e4       0x2c ..\obj\delay.o
                0x080017e4                DELAY_Init
 .text.DELAY_INT_InitTIM
                0x08001810       0xa8 ..\obj\delay.o
                0x08001810                DELAY_INT_InitTIM
 .text.ENTER_CRITICAL_SECTION
                0x080018b8        0xc ..\obj\mbport.o
                0x080018b8                ENTER_CRITICAL_SECTION
 .text.EXIT_CRITICAL_SECTION
                0x080018c4        0xc ..\obj\mbport.o
                0x080018c4                EXIT_CRITICAL_SECTION
 .text.eMBRegInputCB
                0x080018d0      0x138 ..\obj\mbport.o
                0x080018d0                eMBRegInputCB
 .text.eMBRegHoldingCB
                0x08001a08      0x10c ..\obj\mbport.o
                0x08001a08                eMBRegHoldingCB
 .text.eMBRegCoilsCB
                0x08001b14       0x20 ..\obj\mbport.o
                0x08001b14                eMBRegCoilsCB
 .text.eMBRegDiscreteCB
                0x08001b34       0x20 ..\obj\mbport.o
                0x08001b34                eMBRegDiscreteCB
 .text.eMBInit  0x08001b54      0x134 ..\obj\mb.o
                0x08001b54                eMBInit
 .text.eMBEnable
                0x08001c88       0x48 ..\obj\mb.o
                0x08001c88                eMBEnable
 .text.eMBPoll  0x08001cd0      0x23c ..\obj\mb.o
                0x08001cd0                eMBPoll
 .text.PID_Heater_Init
                0x08001f0c       0x24 ..\obj\pid_regulator.o
                0x08001f0c                PID_Heater_Init
 .text.pid_Init
                0x08001f30       0xf4 ..\obj\pid_regulator.o
                0x08001f30                pid_Init
 .text.pid_Controller
                0x08002024      0x1d8 ..\obj\pid_regulator.o
                0x08002024                pid_Controller
 .text.PID_Regulator_Task
                0x080021fc      0x1b8 ..\obj\pid_regulator.o
 .text.Protocol_Init
                0x080023b4       0x64 ..\obj\protocol.o
                0x080023b4                Protocol_Init
 .text.Modbus_Task
                0x08002418       0x1c ..\obj\protocol.o
 .text.eMBFuncReadDiscreteInputs
                0x08002434      0x130 ..\obj\mbfuncdisc.o
                0x08002434                eMBFuncReadDiscreteInputs
 .text.USBD_USR_Init
                0x08002564        0xc ..\obj\usbd_usr.o
                0x08002564                USBD_USR_Init
 .text.USBD_USR_DeviceReset
                0x08002570       0x14 ..\obj\usbd_usr.o
                0x08002570                USBD_USR_DeviceReset
 .text.USBD_USR_DeviceConfigured
                0x08002584        0xc ..\obj\usbd_usr.o
                0x08002584                USBD_USR_DeviceConfigured
 .text.USBD_USR_DeviceSuspended
                0x08002590        0xc ..\obj\usbd_usr.o
                0x08002590                USBD_USR_DeviceSuspended
 .text.USBD_USR_DeviceResumed
                0x0800259c        0xc ..\obj\usbd_usr.o
                0x0800259c                USBD_USR_DeviceResumed
 .text.xMBPortEventInit
                0x080025a8       0x20 ..\obj\portevent.o
                0x080025a8                xMBPortEventInit
 .text.xMBPortEventPost
                0x080025c8       0x34 ..\obj\portevent.o
                0x080025c8                xMBPortEventPost
 .text.xMBPortEventGet
                0x080025fc       0x4c ..\obj\portevent.o
                0x080025fc                xMBPortEventGet
 .text.Buzzer_Init
                0x08002648       0xa4 ..\obj\buzzer.o
                0x08002648                Buzzer_Init
 .text.Buzzer_Task
                0x080026ec      0x244 ..\obj\buzzer.o
                0x080026ec                Buzzer_Task
 .text.Buzzer_Set_Buzz
                0x08002930       0xc0 ..\obj\buzzer.o
                0x08002930                Buzzer_Set_Buzz
 .text.eMBFuncReportSlaveID
                0x080029f0       0x4c ..\obj\mbfuncother.o
                0x080029f0                eMBFuncReportSlaveID
 .text.PWR_PVDLevelConfig
                0x08002a3c       0x44 ..\obj\stm32f4xx_pwr.o
                0x08002a3c                PWR_PVDLevelConfig
 .text.PWR_PVDCmd
                0x08002a80       0x20 ..\obj\stm32f4xx_pwr.o
                0x08002a80                PWR_PVDCmd
 .text.prveMBError2Exception
                0x08002aa0       0x48 ..\obj\mbutils.o
                0x08002aa0                prveMBError2Exception
 .text.Default_Reset_Handler
                0x08002ae8       0x68 ..\obj\startup_stm32f4xx.o
                0x08002ae8                Default_Reset_Handler
                0x08002ae8                Reset_Handler
 .text.Default_Handler
                0x08002b50        0x8 ..\obj\startup_stm32f4xx.o
                0x08002b50                RTC_Alarm_IRQHandler
                0x08002b50                HASH_RNG_IRQHandler
                0x08002b50                EXTI2_IRQHandler
                0x08002b50                TIM8_CC_IRQHandler
                0x08002b50                DebugMon_Handler
                0x08002b50                TIM1_CC_IRQHandler
                0x08002b50                DMA2_Stream5_IRQHandler
                0x08002b50                HardFault_Handler
                0x08002b50                DMA1_Stream5_IRQHandler
                0x08002b50                SDIO_IRQHandler
                0x08002b50                TAMP_STAMP_IRQHandler
                0x08002b50                NMI_Handler
                0x08002b50                CAN2_RX1_IRQHandler
                0x08002b50                EXTI3_IRQHandler
                0x08002b50                TIM8_TRG_COM_TIM14_IRQHandler
                0x08002b50                TIM1_UP_TIM10_IRQHandler
                0x08002b50                TIM8_UP_TIM13_IRQHandler
                0x08002b50                I2C3_ER_IRQHandler
                0x08002b50                I2C2_EV_IRQHandler
                0x08002b50                DMA1_Stream2_IRQHandler
                0x08002b50                CAN1_RX0_IRQHandler
                0x08002b50                FPU_IRQHandler
                0x08002b50                OTG_HS_WKUP_IRQHandler
                0x08002b50                UsageFault_Handler
                0x08002b50                CAN2_SCE_IRQHandler
                0x08002b50                DMA2_Stream2_IRQHandler
                0x08002b50                SPI1_IRQHandler
                0x08002b50                TIM6_DAC_IRQHandler
                0x08002b50                TIM1_BRK_TIM9_IRQHandler
                0x08002b50                DCMI_IRQHandler
                0x08002b50                CAN2_RX0_IRQHandler
                0x08002b50                DMA2_Stream3_IRQHandler
                0x08002b50                USART6_IRQHandler
                0x08002b50                USART3_IRQHandler
                0x08002b50                CRYP_IRQHandler
                0x08002b50                CAN1_RX1_IRQHandler
                0x08002b50                UART5_IRQHandler
                0x08002b50                DMA2_Stream0_IRQHandler
                0x08002b50                I2C1_EV_IRQHandler
                0x08002b50                DMA1_Stream6_IRQHandler
                0x08002b50                DMA1_Stream1_IRQHandler
                0x08002b50                UART4_IRQHandler
                0x08002b50                TIM3_IRQHandler
                0x08002b50                RCC_IRQHandler
                0x08002b50                TIM8_BRK_TIM12_IRQHandler
                0x08002b50                EXTI15_10_IRQHandler
                0x08002b50                ADC_IRQHandler
                0x08002b50                DMA1_Stream7_IRQHandler
                0x08002b50                TIM7_IRQHandler
                0x08002b50                CAN2_TX_IRQHandler
                0x08002b50                TIM5_IRQHandler
                0x08002b50                DMA2_Stream7_IRQHandler
                0x08002b50                I2C3_EV_IRQHandler
                0x08002b50                EXTI9_5_IRQHandler
                0x08002b50                RTC_WKUP_IRQHandler
                0x08002b50                ETH_WKUP_IRQHandler
                0x08002b50                SPI2_IRQHandler
                0x08002b50                OTG_HS_EP1_IN_IRQHandler
                0x08002b50                MemManage_Handler
                0x08002b50                DMA1_Stream0_IRQHandler
                0x08002b50                CAN1_TX_IRQHandler
                0x08002b50                EXTI4_IRQHandler
                0x08002b50                FSMC_IRQHandler
                0x08002b50                ETH_IRQHandler
                0x08002b50                OTG_HS_EP1_OUT_IRQHandler
                0x08002b50                WWDG_IRQHandler
                0x08002b50                TIM1_TRG_COM_TIM11_IRQHandler
                0x08002b50                OTG_HS_IRQHandler
                0x08002b50                USART2_IRQHandler
                0x08002b50                I2C2_ER_IRQHandler
                0x08002b50                DMA2_Stream1_IRQHandler
                0x08002b50                CAN1_SCE_IRQHandler
                0x08002b50                FLASH_IRQHandler
                0x08002b50                DMA2_Stream4_IRQHandler
                0x08002b50                BusFault_Handler
                0x08002b50                USART1_IRQHandler
                0x08002b50                SPI3_IRQHandler
                0x08002b50                DMA1_Stream4_IRQHandler
                0x08002b50                I2C1_ER_IRQHandler
                0x08002b50                DMA2_Stream6_IRQHandler
                0x08002b50                DMA1_Stream3_IRQHandler
 .text.ADS1120_init
                0x08002b58       0x4c ..\obj\ADS1120.o
                0x08002b58                ADS1120_init
 .text.SPI2_config
                0x08002ba4      0x170 ..\obj\ADS1120.o
 .text.SPI2_send
                0x08002d14       0x60 ..\obj\ADS1120.o
                0x08002d14                SPI2_send
 .text.SPI2_read
                0x08002d74       0x14 ..\obj\ADS1120.o
                0x08002d74                SPI2_read
 .text.ADS1120_task
                0x08002d88      0x18c ..\obj\ADS1120.o
 .text.PT100_Code_To_Temperature
                0x08002f14       0xa0 ..\obj\ADS1120.o
                0x08002f14                PT100_Code_To_Temperature
 .text.eMBFuncWriteHoldingRegister
                0x08002fb4       0x84 ..\obj\mbfuncholding.o
                0x08002fb4                eMBFuncWriteHoldingRegister
 .text.eMBFuncWriteMultipleHoldingRegister
                0x08003038       0xdc ..\obj\mbfuncholding.o
                0x08003038                eMBFuncWriteMultipleHoldingRegister
 .text.eMBFuncReadHoldingRegister
                0x08003114      0x10c ..\obj\mbfuncholding.o
                0x08003114                eMBFuncReadHoldingRegister
 .text.eMBFuncReadWriteMultipleHoldingRegister
                0x08003220      0x1a0 ..\obj\mbfuncholding.o
                0x08003220                eMBFuncReadWriteMultipleHoldingRegister
 .text.USBD_Init
                0x080033c0       0x58 ..\obj\usbd_core.o
                0x080033c0                USBD_Init
 .text.USBD_DeInit
                0x08003418       0x18 ..\obj\usbd_core.o
                0x08003418                USBD_DeInit
 .text.USBD_SetupStage
                0x08003430       0x70 ..\obj\usbd_core.o
 .text.USBD_DataOutStage
                0x080034a0       0xd4 ..\obj\usbd_core.o
 .text.USBD_DataInStage
                0x08003574      0x114 ..\obj\usbd_core.o
 .text.USBD_Reset
                0x08003688       0x54 ..\obj\usbd_core.o
 .text.USBD_Resume
                0x080036dc       0x2c ..\obj\usbd_core.o
 .text.USBD_Suspend
                0x08003708       0x2c ..\obj\usbd_core.o
 .text.USBD_SOF
                0x08003734       0x30 ..\obj\usbd_core.o
 .text.USBD_SetCfg
                0x08003764       0x34 ..\obj\usbd_core.o
                0x08003764                USBD_SetCfg
 .text.USBD_ClrCfg
                0x08003798       0x2c ..\obj\usbd_core.o
                0x08003798                USBD_ClrCfg
 .text.USBD_IsoINIncomplete
                0x080037c4       0x24 ..\obj\usbd_core.o
 .text.USBD_IsoOUTIncomplete
                0x080037e8       0x24 ..\obj\usbd_core.o
 .text.main     0x0800380c       0x68 ..\obj\main.o
                0x0800380c                main
 .text.vApplicationMallocFailedHook
                0x08003874        0x8 ..\obj\main.o
                0x08003874                vApplicationMallocFailedHook
 .text.vApplicationStackOverflowHook
                0x0800387c        0xc ..\obj\main.o
                0x0800387c                vApplicationStackOverflowHook
 .text.vApplicationIdleHook
                0x08003888       0x18 ..\obj\main.o
                0x08003888                vApplicationIdleHook
 .text.usMBCRC16
                0x080038a0       0x90 ..\obj\mbcrc.o
                0x080038a0                usMBCRC16
 .text.UKS_Drying_Init
                0x08003930      0x158 ..\obj\uks.o
                0x08003930                UKS_Drying_Init
 .text.UKS_Drying_Task
                0x08003a88       0x68 ..\obj\uks.o
                0x08003a88                UKS_Drying_Task
 .text.UKS_Sort_Channels
                0x08003af0      0x32c ..\obj\uks.o
                0x08003af0                UKS_Sort_Channels
 .text.UKS_Channel_State_Drying
                0x08003e1c      0x1dc ..\obj\uks.o
                0x08003e1c                UKS_Channel_State_Drying
 .text.RCC_GetClocksFreq
                0x08003ff8      0x1d4 ..\obj\stm32f4xx_rcc.o
                0x08003ff8                RCC_GetClocksFreq
 .text.RCC_AHB1PeriphClockCmd
                0x080041cc       0x5c ..\obj\stm32f4xx_rcc.o
                0x080041cc                RCC_AHB1PeriphClockCmd
 .text.RCC_AHB2PeriphClockCmd
                0x08004228       0x5c ..\obj\stm32f4xx_rcc.o
                0x08004228                RCC_AHB2PeriphClockCmd
 .text.RCC_APB1PeriphClockCmd
                0x08004284       0x5c ..\obj\stm32f4xx_rcc.o
                0x08004284                RCC_APB1PeriphClockCmd
 .text.RCC_APB2PeriphClockCmd
                0x080042e0       0x5c ..\obj\stm32f4xx_rcc.o
                0x080042e0                RCC_APB2PeriphClockCmd
 .text.RCC_APB1PeriphResetCmd
                0x0800433c       0x5c ..\obj\stm32f4xx_rcc.o
                0x0800433c                RCC_APB1PeriphResetCmd
 .text.RCC_APB2PeriphResetCmd
                0x08004398       0x5c ..\obj\stm32f4xx_rcc.o
                0x08004398                RCC_APB2PeriphResetCmd
 .text.ADC_DeInit
                0x080043f4       0x20 ..\obj\stm32f4xx_adc.o
                0x080043f4                ADC_DeInit
 .text.ADC_Init
                0x08004414       0xc4 ..\obj\stm32f4xx_adc.o
                0x08004414                ADC_Init
 .text.ADC_StructInit
                0x080044d8       0x4c ..\obj\stm32f4xx_adc.o
                0x080044d8                ADC_StructInit
 .text.ADC_CommonInit
                0x08004524       0x60 ..\obj\stm32f4xx_adc.o
                0x08004524                ADC_CommonInit
 .text.ADC_CommonStructInit
                0x08004584       0x34 ..\obj\stm32f4xx_adc.o
                0x08004584                ADC_CommonStructInit
 .text.ADC_Cmd  0x080045b8       0x38 ..\obj\stm32f4xx_adc.o
                0x080045b8                ADC_Cmd
 .text.ADC_RegularChannelConfig
                0x080045f0      0x1d0 ..\obj\stm32f4xx_adc.o
                0x080045f0                ADC_RegularChannelConfig
 .text.ADC_GetFlagStatus
                0x080047c0       0x40 ..\obj\stm32f4xx_adc.o
                0x080047c0                ADC_GetFlagStatus
 .text.eMBFuncReadInputRegister
                0x08004800      0x110 ..\obj\mbfuncinput.o
                0x08004800                eMBFuncReadInputRegister
 .text.PutChar  0x08004910       0x24 ..\obj\printf.o
                0x08004910                PutChar
 .text.PutString
                0x08004934       0x48 ..\obj\printf.o
                0x08004934                PutString
 .text.PutUnsignedInt
                0x0800497c       0xbc ..\obj\printf.o
                0x0800497c                PutUnsignedInt
 .text.PutSignedInt
                0x08004a38      0x12c ..\obj\printf.o
                0x08004a38                PutSignedInt
 .text.PutHexa  0x08004b64       0xe8 ..\obj\printf.o
                0x08004b64                PutHexa
 .text.vsnprintf
                0x08004c4c      0x2a4 ..\obj\printf.o
                0x08004c4c                vsnprintf
 .text.vsprintf
                0x08004ef0       0x28 ..\obj\printf.o
                0x08004ef0                vsprintf
 .text.sprintf  0x08004f18       0x30 ..\obj\printf.o
                0x08004f18                sprintf
 .text.NVIC_EnableIRQ
                0x08004f48       0x38 ..\obj\phaze_detector.o
 .text.Phaze_Detector_Init
                0x08004f80      0x1d4 ..\obj\phaze_detector.o
                0x08004f80                Phaze_Detector_Init
 .text.Set_Heater_Power
                0x08005154       0x58 ..\obj\phaze_detector.o
                0x08005154                Set_Heater_Power
 .text.EXTI0_IRQHandler
                0x080051ac      0x154 ..\obj\phaze_detector.o
                0x080051ac                EXTI0_IRQHandler
 .text.EXTI1_IRQHandler
                0x08005300       0x34 ..\obj\phaze_detector.o
                0x08005300                EXTI1_IRQHandler
 .text.Heater_Control_Task
                0x08005334      0x144 ..\obj\phaze_detector.o
 .text.Display_Init
                0x08005478       0x4c ..\obj\display.o
                0x08005478                Display_Init
 .text.Display_Task
                0x080054c4      0x6a0 ..\obj\display.o
                0x080054c4                Display_Task
 .text.Delay    0x08005b64       0x44 ..\obj\hd44780.o
 .text.HD44780_Init
                0x08005ba8      0x110 ..\obj\hd44780.o
                0x08005ba8                HD44780_Init
 .text.HD44780_Reinit
                0x08005cb8      0x100 ..\obj\hd44780.o
                0x08005cb8                HD44780_Reinit
 .text.HD44780_InitPins
                0x08005db8       0x80 ..\obj\hd44780.o
                0x08005db8                HD44780_InitPins
 .text.HD44780_Clear
                0x08005e38       0x18 ..\obj\hd44780.o
                0x08005e38                HD44780_Clear
 .text.HD44780_Cmd
                0x08005e50       0x28 ..\obj\hd44780.o
                0x08005e50                HD44780_Cmd
 .text.HD44780_Data
                0x08005e78       0x28 ..\obj\hd44780.o
                0x08005e78                HD44780_Data
 .text.HD44780_Cmd4bit
                0x08005ea0       0xb0 ..\obj\hd44780.o
                0x08005ea0                HD44780_Cmd4bit
 .text.HD44780_Cmd8bit
                0x08005f50       0xb0 ..\obj\hd44780.o
                0x08005f50                HD44780_Cmd8bit
 .text.HD44780_CursorSet
                0x08006000       0x74 ..\obj\hd44780.o
                0x08006000                HD44780_CursorSet
 .text.HD44780_Puts
                0x08006074      0x114 ..\obj\hd44780.o
                0x08006074                HD44780_Puts
 .text.HD44780_DisplayOn
                0x08006188       0x38 ..\obj\hd44780.o
                0x08006188                HD44780_DisplayOn
 .text.xTaskGenericCreate
                0x080061c0      0x1f8 ..\obj\tasks.o
                0x080061c0                xTaskGenericCreate
 .text.vTaskDelay
                0x080063b8       0x5c ..\obj\tasks.o
                0x080063b8                vTaskDelay
 .text.vTaskSuspend
                0x08006414       0xc0 ..\obj\tasks.o
                0x08006414                vTaskSuspend
 .text.xTaskIsTaskSuspended
                0x080064d4       0x60 ..\obj\tasks.o
                0x080064d4                xTaskIsTaskSuspended
 .text.vTaskResume
                0x08006534       0xbc ..\obj\tasks.o
                0x08006534                vTaskResume
 .text.vTaskStartScheduler
                0x080065f0       0x84 ..\obj\tasks.o
                0x080065f0                vTaskStartScheduler
 .text.vTaskSuspendAll
                0x08006674       0x24 ..\obj\tasks.o
                0x08006674                vTaskSuspendAll
 .text.xTaskResumeAll
                0x08006698      0x16c ..\obj\tasks.o
                0x08006698                xTaskResumeAll
 .text.vTaskIncrementTick
                0x08006804      0x1d0 ..\obj\tasks.o
                0x08006804                vTaskIncrementTick
 .text.vTaskSwitchContext
                0x080069d4      0x168 ..\obj\tasks.o
                0x080069d4                vTaskSwitchContext
 .text.vTaskPlaceOnEventList
                0x08006b3c       0x88 ..\obj\tasks.o
                0x08006b3c                vTaskPlaceOnEventList
 .text.xTaskRemoveFromEventList
                0x08006bc4       0xd4 ..\obj\tasks.o
                0x08006bc4                xTaskRemoveFromEventList
 .text.vTaskSetTimeOutState
                0x08006c98       0x40 ..\obj\tasks.o
                0x08006c98                vTaskSetTimeOutState
 .text.xTaskCheckForTimeOut
                0x08006cd8       0xc4 ..\obj\tasks.o
                0x08006cd8                xTaskCheckForTimeOut
 .text.vTaskMissedYield
                0x08006d9c       0x18 ..\obj\tasks.o
                0x08006d9c                vTaskMissedYield
 .text.prvIdleTask
                0x08006db4       0x24 ..\obj\tasks.o
 .text.prvInitialiseTCBVariables
                0x08006dd8       0x7c ..\obj\tasks.o
 .text.prvInitialiseTaskLists
                0x08006e54       0xa4 ..\obj\tasks.o
 .text.prvCheckTasksWaitingTermination
                0x08006ef8       0x98 ..\obj\tasks.o
 .text.prvAddCurrentTaskToDelayedList
                0x08006f90       0x8c ..\obj\tasks.o
 .text.prvAllocateTCBAndStack
                0x0800701c       0x74 ..\obj\tasks.o
 .text.prvDeleteTCB
                0x08007090       0x20 ..\obj\tasks.o
 .text.xTaskGetCurrentTaskHandle
                0x080070b0       0x20 ..\obj\tasks.o
                0x080070b0                xTaskGetCurrentTaskHandle
 .text.vTaskPriorityInherit
                0x080070d0       0xe8 ..\obj\tasks.o
                0x080070d0                vTaskPriorityInherit
 .text.vTaskPriorityDisinherit
                0x080071b8       0x90 ..\obj\tasks.o
                0x080071b8                vTaskPriorityDisinherit
 .text.USBD_USR_DeviceDescriptor
                0x08007248       0x28 ..\obj\usbd_desc.o
                0x08007248                USBD_USR_DeviceDescriptor
 .text.USBD_USR_LangIDStrDescriptor
                0x08007270       0x28 ..\obj\usbd_desc.o
                0x08007270                USBD_USR_LangIDStrDescriptor
 .text.USBD_USR_ProductStrDescriptor
                0x08007298       0x54 ..\obj\usbd_desc.o
                0x08007298                USBD_USR_ProductStrDescriptor
 .text.USBD_USR_ManufacturerStrDescriptor
                0x080072ec       0x34 ..\obj\usbd_desc.o
                0x080072ec                USBD_USR_ManufacturerStrDescriptor
 .text.USBD_USR_SerialStrDescriptor
                0x08007320       0x54 ..\obj\usbd_desc.o
                0x08007320                USBD_USR_SerialStrDescriptor
 .text.USBD_USR_ConfigStrDescriptor
                0x08007374       0x54 ..\obj\usbd_desc.o
                0x08007374                USBD_USR_ConfigStrDescriptor
 .text.USBD_USR_InterfaceStrDescriptor
                0x080073c8       0x54 ..\obj\usbd_desc.o
                0x080073c8                USBD_USR_InterfaceStrDescriptor
 .text.Keyboard_Init
                0x0800741c       0x78 ..\obj\keyboard.o
                0x0800741c                Keyboard_Init
 .text.vKeyboardTask
                0x08007494      0x1fc ..\obj\keyboard.o
 .text.GPIO_Init
                0x08007690      0x158 ..\obj\stm32f4xx_gpio.o
                0x08007690                GPIO_Init
 .text.GPIO_StructInit
                0x080077e8       0x3c ..\obj\stm32f4xx_gpio.o
                0x080077e8                GPIO_StructInit
 .text.GPIO_ReadInputDataBit
                0x08007824       0x40 ..\obj\stm32f4xx_gpio.o
                0x08007824                GPIO_ReadInputDataBit
 .text.GPIO_WriteBit
                0x08007864       0x30 ..\obj\stm32f4xx_gpio.o
                0x08007864                GPIO_WriteBit
 .text.GPIO_PinAFConfig
                0x08007894       0xb0 ..\obj\stm32f4xx_gpio.o
                0x08007894                GPIO_PinAFConfig
 .text.xMBPortTimersInit
                0x08007944       0xe0 ..\obj\porttimer.o
                0x08007944                xMBPortTimersInit
 .text.vMBPortTimersEnable
                0x08007a24       0x4c ..\obj\porttimer.o
                0x08007a24                vMBPortTimersEnable
 .text.vMBPortTimersDisable
                0x08007a70       0x4c ..\obj\porttimer.o
                0x08007a70                vMBPortTimersDisable
 .text.TIM4_IRQHandler
                0x08007abc       0x24 ..\obj\porttimer.o
                0x08007abc                TIM4_IRQHandler
 .text.VCP_Init
                0x08007ae0       0x10 ..\obj\usbd_cdc_vcp.o
 .text.VCP_DeInit
                0x08007af0       0x10 ..\obj\usbd_cdc_vcp.o
 .text.VCP_Ctrl
                0x08007b00       0xbc ..\obj\usbd_cdc_vcp.o
 .text.VCP_DataTx
                0x08007bbc       0x84 ..\obj\usbd_cdc_vcp.o
                0x08007bbc                VCP_DataTx
 .text.VCP_DataRx
                0x08007c40       0xa0 ..\obj\usbd_cdc_vcp.o
                0x08007c40                VCP_DataRx
 .text.VCP_get_char
                0x08007ce0       0x84 ..\obj\usbd_cdc_vcp.o
                0x08007ce0                VCP_get_char
 .text.vListInitialise
                0x08007d64       0x48 ..\obj\list.o
                0x08007d64                vListInitialise
 .text.vListInitialiseItem
                0x08007dac       0x1c ..\obj\list.o
                0x08007dac                vListInitialiseItem
 .text.vListInsertEnd
                0x08007dc8       0x54 ..\obj\list.o
                0x08007dc8                vListInsertEnd
 .text.vListInsert
                0x08007e1c       0x78 ..\obj\list.o
                0x08007e1c                vListInsert
 .text.vListRemove
                0x08007e94       0x54 ..\obj\list.o
                0x08007e94                vListRemove
 .text.eMBRTUInit
                0x08007ee8       0x84 ..\obj\mbrtu.o
                0x08007ee8                eMBRTUInit
 .text.eMBRTUStart
                0x08007f6c       0x2c ..\obj\mbrtu.o
                0x08007f6c                eMBRTUStart
 .text.eMBRTUStop
                0x08007f98       0x20 ..\obj\mbrtu.o
                0x08007f98                eMBRTUStop
 .text.eMBRTUReceive
                0x08007fb8       0x9c ..\obj\mbrtu.o
                0x08007fb8                eMBRTUReceive
 .text.eMBRTUSend
                0x08008054      0x124 ..\obj\mbrtu.o
                0x08008054                eMBRTUSend
 .text.xMBRTUReceiveFSM
                0x08008178       0xf0 ..\obj\mbrtu.o
                0x08008178                xMBRTUReceiveFSM
 .text.xMBRTUTransmitFSM
                0x08008268       0xa4 ..\obj\mbrtu.o
                0x08008268                xMBRTUTransmitFSM
 .text.xMBRTUTimerT35Expired
                0x0800830c       0x60 ..\obj\mbrtu.o
                0x0800830c                xMBRTUTimerT35Expired
 .text.SystemInit
                0x0800836c       0x94 ..\obj\system_stm32f4xx.o
                0x0800836c                SystemInit
 .text.SetSysClock
                0x08008400      0x150 ..\obj\system_stm32f4xx.o
 .text.ADC_Channel_Init
                0x08008550      0x15c ..\obj\adc.o
                0x08008550                ADC_Channel_Init
 .text.bubblesort
                0x080086ac       0xa4 ..\obj\adc.o
                0x080086ac                bubblesort
 .text.ADC_Task
                0x08008750      0x2a0 ..\obj\adc.o
 .text.USB_OTG_BSP_Init
                0x080089f0      0x100 ..\obj\usb_bsp.o
                0x080089f0                USB_OTG_BSP_Init
 .text.USB_OTG_BSP_EnableInterrupt
                0x08008af0       0x3c ..\obj\usb_bsp.o
                0x08008af0                USB_OTG_BSP_EnableInterrupt
 .text.USB_OTG_BSP_uDelay
                0x08008b2c       0x58 ..\obj\usb_bsp.o
                0x08008b2c                USB_OTG_BSP_uDelay
 .text.USB_OTG_BSP_mDelay
                0x08008b84       0x20 ..\obj\usb_bsp.o
                0x08008b84                USB_OTG_BSP_mDelay
 .text.OTG_FS_WKUP_IRQHandler
                0x08008ba4       0x44 ..\obj\usb_bsp.o
                0x08008ba4                OTG_FS_WKUP_IRQHandler
 .text.OTG_FS_IRQHandler
                0x08008be8       0x14 ..\obj\usb_bsp.o
                0x08008be8                OTG_FS_IRQHandler
 .text.USBD_StdDevReq
                0x08008bfc       0xa4 ..\obj\usbd_req.o
                0x08008bfc                USBD_StdDevReq
 .text.USBD_StdItfReq
                0x08008ca0       0x70 ..\obj\usbd_req.o
                0x08008ca0                USBD_StdItfReq
 .text.USBD_StdEPReq
                0x08008d10      0x1d8 ..\obj\usbd_req.o
                0x08008d10                USBD_StdEPReq
 .text.USBD_GetDescriptor
                0x08008ee8      0x1c8 ..\obj\usbd_req.o
 .text.USBD_SetAddress
                0x080090b0       0x80 ..\obj\usbd_req.o
 .text.USBD_SetConfig
                0x08009130      0x134 ..\obj\usbd_req.o
 .text.USBD_GetConfig
                0x08009264       0x68 ..\obj\usbd_req.o
 .text.USBD_GetStatus
                0x080092cc       0x68 ..\obj\usbd_req.o
 .text.USBD_SetFeature
                0x08009334       0xe0 ..\obj\usbd_req.o
 .text.USBD_ClrFeature
                0x08009414       0x58 ..\obj\usbd_req.o
 .text.USBD_ParseSetupRequest
                0x0800946c       0xbc ..\obj\usbd_req.o
                0x0800946c                USBD_ParseSetupRequest
 .text.USBD_CtlError
                0x08009528       0x50 ..\obj\usbd_req.o
                0x08009528                USBD_CtlError
 .text.USBD_GetString
                0x08009578       0x9c ..\obj\usbd_req.o
                0x08009578                USBD_GetString
 .text.USBD_GetLen
                0x08009614       0x38 ..\obj\usbd_req.o
 .text.xQueueGenericReset
                0x0800964c       0xc0 ..\obj\queue.o
                0x0800964c                xQueueGenericReset
 .text.xQueueGenericCreate
                0x0800970c       0x90 ..\obj\queue.o
                0x0800970c                xQueueGenericCreate
 .text.xQueueGenericSend
                0x0800979c      0x158 ..\obj\queue.o
                0x0800979c                xQueueGenericSend
 .text.xQueueGenericSendFromISR
                0x080098f4       0xcc ..\obj\queue.o
                0x080098f4                xQueueGenericSendFromISR
 .text.xQueueGenericReceive
                0x080099c0      0x1bc ..\obj\queue.o
                0x080099c0                xQueueGenericReceive
 .text.prvCopyDataToQueue
                0x08009b7c       0xc4 ..\obj\queue.o
 .text.prvCopyDataFromQueue
                0x08009c40       0x50 ..\obj\queue.o
 .text.prvUnlockQueue
                0x08009c90       0xa0 ..\obj\queue.o
 .text.prvIsQueueEmpty
                0x08009d30       0x2c ..\obj\queue.o
 .text.prvIsQueueFull
                0x08009d5c       0x30 ..\obj\queue.o
 .text.pxPortInitialiseStack
                0x08009d8c       0x60 ..\obj\port.o
                0x08009d8c                pxPortInitialiseStack
 .text.SVC_Handler
                0x08009dec       0x20 ..\obj\port.o
                0x08009dec                SVC_Handler
 .text.vPortStartFirstTask
                0x08009e0c       0x14 ..\obj\port.o
                0x08009e0c                vPortStartFirstTask
 .text.xPortStartScheduler
                0x08009e20       0x54 ..\obj\port.o
                0x08009e20                xPortStartScheduler
 .text.vPortYieldFromISR
                0x08009e74       0x18 ..\obj\port.o
                0x08009e74                vPortYieldFromISR
 .text.vPortEnterCritical
                0x08009e8c       0x2c ..\obj\port.o
                0x08009e8c                vPortEnterCritical
 .text.vPortExitCritical
                0x08009eb8       0x38 ..\obj\port.o
                0x08009eb8                vPortExitCritical
 .text.PendSV_Handler
                0x08009ef0       0x3c ..\obj\port.o
                0x08009ef0                PendSV_Handler
 .text.SysTick_Handler
                0x08009f2c       0x38 ..\obj\port.o
                0x08009f2c                SysTick_Handler
 .text.prvSetupTimerInterrupt
                0x08009f64       0x28 ..\obj\port.o
 .text.USBD_OTG_ISR_Handler
                0x08009f8c      0x178 ..\obj\usb_dcd_int.o
                0x08009f8c                USBD_OTG_ISR_Handler
 .text.DCD_HandleResume_ISR
                0x0800a104       0x90 ..\obj\usb_dcd_int.o
 .text.DCD_HandleUSBSuspend_ISR
                0x0800a194       0xb4 ..\obj\usb_dcd_int.o
 .text.DCD_HandleInEP_ISR
                0x0800a248      0x234 ..\obj\usb_dcd_int.o
 .text.DCD_HandleOutEP_ISR
                0x0800a47c      0x1b4 ..\obj\usb_dcd_int.o
 .text.DCD_HandleSof_ISR
                0x0800a630       0x3c ..\obj\usb_dcd_int.o
 .text.DCD_HandleRxStatusQueueLevel_ISR
                0x0800a66c      0x120 ..\obj\usb_dcd_int.o
 .text.DCD_WriteEmptyTxFifo
                0x0800a78c      0x134 ..\obj\usb_dcd_int.o
 .text.DCD_HandleUsbReset_ISR
                0x0800a8c0      0x168 ..\obj\usb_dcd_int.o
 .text.DCD_HandleEnumDone_ISR
                0x0800aa28       0x88 ..\obj\usb_dcd_int.o
 .text.DCD_IsoINIncomplete_ISR
                0x0800aab0       0x3c ..\obj\usb_dcd_int.o
 .text.DCD_IsoOUTIncomplete_ISR
                0x0800aaec       0x3c ..\obj\usb_dcd_int.o
 .text.DCD_ReadDevInEP
                0x0800ab28       0x60 ..\obj\usb_dcd_int.o
 .text.vMBPortSerialEnable
                0x0800ab88       0x28 ..\obj\portserial.o
                0x0800ab88                vMBPortSerialEnable
 .text.xMBPortSerialInit
                0x0800abb0       0x54 ..\obj\portserial.o
                0x0800abb0                xMBPortSerialInit
 .text.xMBPortSerialGetByte
                0x0800ac04       0x28 ..\obj\portserial.o
                0x0800ac04                xMBPortSerialGetByte
 .text.Serial_Task
                0x0800ac2c       0x2c ..\obj\portserial.o
 .text.usbd_cdc_Init
                0x0800ac58       0xd0 ..\obj\usbd_cdc_core.o
 .text.usbd_cdc_DeInit
                0x0800ad28       0x4c ..\obj\usbd_cdc_core.o
 .text.usbd_cdc_Setup
                0x0800ad74      0x168 ..\obj\usbd_cdc_core.o
 .text.usbd_cdc_EP0_RxReady
                0x0800aedc       0x60 ..\obj\usbd_cdc_core.o
 .text.usbd_cdc_DataIn
                0x0800af3c      0x128 ..\obj\usbd_cdc_core.o
 .text.usbd_cdc_DataOut
                0x0800b064       0x6c ..\obj\usbd_cdc_core.o
 .text.usbd_cdc_SOF
                0x0800b0d0       0x50 ..\obj\usbd_cdc_core.o
 .text.Handle_USBAsynchXfer
                0x0800b120      0x1a8 ..\obj\usbd_cdc_core.o
 .text.USBD_cdc_GetCfgDesc
                0x0800b2c8       0x28 ..\obj\usbd_cdc_core.o
 .text.TIMER_PROPERTIES_GetTimerProperties
                0x0800b2f0      0x124 ..\obj\timer_properties.o
                0x0800b2f0                TIMER_PROPERTIES_GetTimerProperties
 .text.TIMER_PROPERTIES_GenerateDataForWorkingFrequency
                0x0800b414      0x164 ..\obj\timer_properties.o
                0x0800b414                TIMER_PROPERTIES_GenerateDataForWorkingFrequency
 .text.TIMER_PROPERTIES_EnableClock
                0x0800b578      0x198 ..\obj\timer_properties.o
                0x0800b578                TIMER_PROPERTIES_EnableClock
 .text.SPI_Init
                0x0800b710       0x98 ..\obj\stm32f4xx_spi.o
                0x0800b710                SPI_Init
 .text.SPI_Cmd  0x0800b7a8       0x40 ..\obj\stm32f4xx_spi.o
                0x0800b7a8                SPI_Cmd
 .text.SPI_CalculateCRC
                0x0800b7e8       0x40 ..\obj\stm32f4xx_spi.o
                0x0800b7e8                SPI_CalculateCRC
 .text.eMBFuncReadCoils
                0x0800b828      0x134 ..\obj\mbfunccoils.o
                0x0800b828                eMBFuncReadCoils
 .text.eMBFuncWriteCoil
                0x0800b95c       0xcc ..\obj\mbfunccoils.o
                0x0800b95c                eMBFuncWriteCoil
 .text.eMBFuncWriteMultipleCoils
                0x0800ba28       0xfc ..\obj\mbfunccoils.o
                0x0800ba28                eMBFuncWriteMultipleCoils
 .text.EXTI_Init
                0x0800bb24      0x158 ..\obj\stm32f4xx_exti.o
                0x0800bb24                EXTI_Init
 .text.EXTI_GetITStatus
                0x0800bc7c       0x60 ..\obj\stm32f4xx_exti.o
                0x0800bc7c                EXTI_GetITStatus
 .text.EXTI_ClearITPendingBit
                0x0800bcdc       0x20 ..\obj\stm32f4xx_exti.o
                0x0800bcdc                EXTI_ClearITPendingBit
 .text.NVIC_PriorityGroupConfig
                0x0800bcfc       0x28 ..\obj\misc.o
                0x0800bcfc                NVIC_PriorityGroupConfig
 .text.NVIC_Init
                0x0800bd24       0xe8 ..\obj\misc.o
                0x0800bd24                NVIC_Init
 .text.DCD_Init
                0x0800be0c      0x12c ..\obj\usb_dcd.o
                0x0800be0c                DCD_Init
 .text.DCD_EP_Open
                0x0800bf38       0xac ..\obj\usb_dcd.o
                0x0800bf38                DCD_EP_Open
 .text.DCD_EP_Close
                0x0800bfe4       0x7c ..\obj\usb_dcd.o
                0x0800bfe4                DCD_EP_Close
 .text.DCD_EP_PrepareRx
                0x0800c060       0x8c ..\obj\usb_dcd.o
                0x0800c060                DCD_EP_PrepareRx
 .text.DCD_EP_Tx
                0x0800c0ec       0x84 ..\obj\usb_dcd.o
                0x0800c0ec                DCD_EP_Tx
 .text.DCD_EP_Stall
                0x0800c170       0x80 ..\obj\usb_dcd.o
                0x0800c170                DCD_EP_Stall
 .text.DCD_EP_ClrStall
                0x0800c1f0       0x80 ..\obj\usb_dcd.o
                0x0800c1f0                DCD_EP_ClrStall
 .text.DCD_EP_SetAddress
                0x0800c270       0x40 ..\obj\usb_dcd.o
                0x0800c270                DCD_EP_SetAddress
 .text.pvPortMalloc
                0x0800c2b0       0xa4 ..\obj\heap_1.o
                0x0800c2b0                pvPortMalloc
 .text.vPortFree
                0x0800c354       0x14 ..\obj\heap_1.o
                0x0800c354                vPortFree
 .text.xPortGetFreeHeapSize
                0x0800c368       0x1c ..\obj\heap_1.o
                0x0800c368                xPortGetFreeHeapSize
 .text.USBD_CtlSendData
                0x0800c384       0x48 ..\obj\usbd_ioreq.o
                0x0800c384                USBD_CtlSendData
 .text.USBD_CtlContinueSendData
                0x0800c3cc       0x30 ..\obj\usbd_ioreq.o
                0x0800c3cc                USBD_CtlContinueSendData
 .text.USBD_CtlPrepareRx
                0x0800c3fc       0x48 ..\obj\usbd_ioreq.o
                0x0800c3fc                USBD_CtlPrepareRx
 .text.USBD_CtlContinueRx
                0x0800c444       0x30 ..\obj\usbd_ioreq.o
                0x0800c444                USBD_CtlContinueRx
 .text.USBD_CtlSendStatus
                0x0800c474       0x3c ..\obj\usbd_ioreq.o
                0x0800c474                USBD_CtlSendStatus
 .text.USBD_CtlReceiveStatus
                0x0800c4b0       0x3c ..\obj\usbd_ioreq.o
                0x0800c4b0                USBD_CtlReceiveStatus
 .text.TIM_TimeBaseInit
                0x0800c4ec       0xf8 ..\obj\stm32f4xx_tim.o
                0x0800c4ec                TIM_TimeBaseInit
 .text.TIM_SetCounter
                0x0800c5e4       0x1c ..\obj\stm32f4xx_tim.o
                0x0800c5e4                TIM_SetCounter
 .text.TIM_ARRPreloadConfig
                0x0800c600       0x40 ..\obj\stm32f4xx_tim.o
                0x0800c600                TIM_ARRPreloadConfig
 .text.TIM_Cmd  0x0800c640       0x40 ..\obj\stm32f4xx_tim.o
                0x0800c640                TIM_Cmd
 .text.TIM_ITConfig
                0x0800c680       0x4c ..\obj\stm32f4xx_tim.o
                0x0800c680                TIM_ITConfig
 .text.TIM_ClearITPendingBit
                0x0800c6cc       0x24 ..\obj\stm32f4xx_tim.o
                0x0800c6cc                TIM_ClearITPendingBit
 .text.NVIC_SystemReset
                0x0800c6f0       0x34 ..\obj\power_detector.o
 .text.Power_Detector_Init
                0x0800c724       0x80 ..\obj\power_detector.o
                0x0800c724                Power_Detector_Init
 .text.PVD_IRQHandler
                0x0800c7a4       0x20 ..\obj\power_detector.o
                0x0800c7a4                PVD_IRQHandler
 .text          0x0800c7c4      0x370 c:/coocox/coide/gcc/sourcery g++ lite/bin/../lib/gcc/arm-none-eabi/4.5.1/thumb2\libgcc.a(_arm_addsubdf3.o)
                0x0800c7c4                __aeabi_drsub
                0x0800c7cc                __aeabi_dsub
                0x0800c7cc                __subdf3
                0x0800c7d0                __aeabi_dadd
                0x0800c7d0                __adddf3
                0x0800ca48                __floatunsidf
                0x0800ca48                __aeabi_ui2d
                0x0800ca68                __floatsidf
                0x0800ca68                __aeabi_i2d
                0x0800ca8c                __aeabi_f2d
                0x0800ca8c                __extendsfdf2
                0x0800cac8                __floatundidf
                0x0800cac8                __aeabi_ul2d
                0x0800cad8                __floatdidf
                0x0800cad8                __aeabi_l2d
 .text          0x0800cb34      0x424 c:/coocox/coide/gcc/sourcery g++ lite/bin/../lib/gcc/arm-none-eabi/4.5.1/thumb2\libgcc.a(_arm_muldivdf3.o)
                0x0800cb34                __aeabi_dmul
                0x0800cb34                __muldf3
                0x0800cd88                __divdf3
                0x0800cd88                __aeabi_ddiv
 .text          0x0800cf58      0x110 c:/coocox/coide/gcc/sourcery g++ lite/bin/../lib/gcc/arm-none-eabi/4.5.1/thumb2\libgcc.a(_arm_cmpdf2.o)
                0x0800cf58                __gtdf2
                0x0800cf58                __gedf2
                0x0800cf60                __ltdf2
                0x0800cf60                __ledf2
                0x0800cf68                __nedf2
                0x0800cf68                __eqdf2
                0x0800cf68                __cmpdf2
                0x0800cfe4                __aeabi_cdrcmple
                0x0800cff4                __aeabi_cdcmpeq
                0x0800cff4                __aeabi_cdcmple
                0x0800d004                __aeabi_dcmpeq
                0x0800d018                __aeabi_dcmplt
                0x0800d02c                __aeabi_dcmple
                0x0800d040                __aeabi_dcmpge
                0x0800d054                __aeabi_dcmpgt
 .text          0x0800d068       0x40 c:/coocox/coide/gcc/sourcery g++ lite/bin/../lib/gcc/arm-none-eabi/4.5.1/thumb2\libgcc.a(_arm_fixunsdfsi.o)
                0x0800d068                __aeabi_d2uiz
                0x0800d068                __fixunsdfsi
 .text          0x0800d0a8       0xa0 c:/coocox/coide/gcc/sourcery g++ lite/bin/../lib/gcc/arm-none-eabi/4.5.1/thumb2\libgcc.a(_arm_truncdfsf2.o)
                0x0800d0a8                __truncdfsf2
                0x0800d0a8                __aeabi_d2f
 .text          0x0800d148      0x21c c:/coocox/coide/gcc/sourcery g++ lite/bin/../lib/gcc/arm-none-eabi/4.5.1/thumb2\libgcc.a(_arm_addsubsf3.o)
                0x0800d148                __aeabi_frsub
                0x0800d150                __subsf3
                0x0800d150                __aeabi_fsub
                0x0800d154                __aeabi_fadd
                0x0800d154                __addsf3
                0x0800d2b4                __aeabi_ui2f
                0x0800d2b4                __floatunsisf
                0x0800d2bc                __aeabi_i2f
                0x0800d2bc                __floatsisf
                0x0800d2d8                __aeabi_ul2f
                0x0800d2d8                __floatundisf
                0x0800d2e8                __aeabi_l2f
                0x0800d2e8                __floatdisf
 .text          0x0800d364      0x2a0 c:/coocox/coide/gcc/sourcery g++ lite/bin/../lib/gcc/arm-none-eabi/4.5.1/thumb2\libgcc.a(_arm_muldivsf3.o)
                0x0800d364                __mulsf3
                0x0800d364                __aeabi_fmul
                0x0800d4cc                __aeabi_fdiv
                0x0800d4cc                __divsf3
 .text          0x0800d604       0xec c:/coocox/coide/gcc/sourcery g++ lite/bin/../lib/gcc/arm-none-eabi/4.5.1/thumb2\libgcc.a(_arm_cmpsf2.o)
                0x0800d604                __gesf2
                0x0800d604                __gtsf2
                0x0800d60c                __lesf2
                0x0800d60c                __ltsf2
                0x0800d614                __nesf2
                0x0800d614                __eqsf2
                0x0800d614                __cmpsf2
                0x0800d674                __aeabi_cfrcmple
                0x0800d67c                __aeabi_cfcmpeq
                0x0800d67c                __aeabi_cfcmple
                0x0800d68c                __aeabi_fcmpeq
                0x0800d6a0                __aeabi_fcmplt
                0x0800d6b4                __aeabi_fcmple
                0x0800d6c8                __aeabi_fcmpge
                0x0800d6dc                __aeabi_fcmpgt
 .text          0x0800d6f0       0x4c c:/coocox/coide/gcc/sourcery g++ lite/bin/../lib/gcc/arm-none-eabi/4.5.1/thumb2\libgcc.a(_arm_fixsfsi.o)
                0x0800d6f0                __aeabi_f2iz
                0x0800d6f0                __fixsfsi
 .text          0x0800d73c       0x40 c:/coocox/coide/gcc/sourcery g++ lite/bin/../lib/gcc/arm-none-eabi/4.5.1/thumb2\libgcc.a(_arm_fixunssfsi.o)
                0x0800d73c                __fixunssfsi
                0x0800d73c                __aeabi_f2uiz
 .text          0x0800d77c       0x58 c:/coocox/coide/gcc/sourcery g++ lite/bin/../lib/gcc/arm-none-eabi/4.5.1/../../../../arm-none-eabi/lib/thumb2\libc.a(lib_a-memcmp.o)
                0x0800d77c                memcmp
 .text          0x0800d7d4      0x150 c:/coocox/coide/gcc/sourcery g++ lite/bin/../lib/gcc/arm-none-eabi/4.5.1/../../../../arm-none-eabi/lib/thumb2\libc.a(lib_a-memcpy.o)
                0x0800d7d4                memcpy
 .text          0x0800d924       0xb4 c:/coocox/coide/gcc/sourcery g++ lite/bin/../lib/gcc/arm-none-eabi/4.5.1/../../../../arm-none-eabi/lib/thumb2\libc.a(lib_a-memset.o)
                0x0800d924                memset
 .text          0x0800d9d8       0x7c c:/coocox/coide/gcc/sourcery g++ lite/bin/../lib/gcc/arm-none-eabi/4.5.1/../../../../arm-none-eabi/lib/thumb2\libc.a(lib_a-strncpy.o)
                0x0800d9d8                strncpy
 *(.glue_7t)
 .glue_7t       0x00000000        0x0 linker stubs
 *(.glue_7)
 .glue_7        0x00000000        0x0 linker stubs
 *(.rodata .rodata* .gnu.linkonce.r.*)
 .rodata        0x0800da54        0x4 ..\obj\pid_regulator.o
 .rodata        0x0800da58        0x8 ..\obj\protocol.o
 .rodata        0x0800da60        0x8 ..\obj\buzzer.o
 .rodata        0x0800da68       0x10 ..\obj\ADS1120.o
 .rodata        0x0800da78      0x200 ..\obj\mbcrc.o
 .rodata        0x0800dc78       0x14 ..\obj\uks.o
 .rodata        0x0800dc8c       0x10 ..\obj\phaze_detector.o
 .rodata        0x0800dc9c       0xd4 ..\obj\display.o
 .rodata        0x0800dd70        0x4 ..\obj\hd44780.o
 .rodata        0x0800dd74       0x1c ..\obj\tasks.o
 .rodata        0x0800dd90       0x98 ..\obj\usbd_desc.o
 .rodata        0x0800de28        0xc ..\obj\keyboard.o
 .rodata        0x0800de34        0x4 ..\obj\adc.o
 .rodata        0x0800de38        0x8 ..\obj\portserial.o

.vfp11_veneer   0x0800de40        0x0
 .vfp11_veneer  0x00000000        0x0 linker stubs

.v4_bx          0x0800de40        0x0
 .v4_bx         0x00000000        0x0 linker stubs

.ARM.extab
 *(.ARM.extab* .gnu.linkonce.armextab.*)

.ARM.exidx
 *(.ARM.exidx* .gnu.linkonce.armexidx.*)
                0x0800de40                . = ALIGN (0x4)
                0x0800de40                _etext = .
                0x0800de40                _sidata = .

.data           0x20000000      0x200 load address 0x0800de40
                0x20000000                _sdata = .
 *(.data .data.*)
 .data          0x20000000        0xc ..\obj\mbport.o
                0x20000000                usRegHoldingBuf
                0x20000004                REG_INPUT_START
                0x20000005                REG_HOLDING_START
                0x20000006                REG_INPUT_NREGS
                0x20000007                REG_HOLDING_NREGS
                0x20000008                usRegInputStart
                0x20000009                usRegHoldingStart
 .data          0x2000000c       0x84 ..\obj\mb.o
 .data          0x20000090       0x1c ..\obj\usbd_usr.o
                0x20000090                USR_cb
 .data          0x200000ac       0x30 ..\obj\usbd_core.o
                0x200000ac                USBD_DCD_INT_cb
                0x200000d8                USBD_DCD_INT_fops
 .data          0x200000dc       0x10 ..\obj\stm32f4xx_rcc.o
 .data          0x200000ec       0x30 ..\obj\display.o
                0x200000ec                drying_states
 .data          0x2000011c        0x4 ..\obj\tasks.o
 .data          0x20000120       0x40 ..\obj\usbd_desc.o
                0x20000120                USR_desc
                0x2000013c                USBD_DeviceDesc
                0x20000150                USBD_DeviceQualifierDesc
                0x2000015c                USBD_LangIDDesc
 .data          0x20000160       0x14 ..\obj\usbd_cdc_vcp.o
                0x20000160                VCP_fops
 .data          0x20000174       0x14 ..\obj\system_stm32f4xx.o
                0x20000174                SystemCoreClock
                0x20000178                AHBPrescTable
 .data          0x20000188        0x4 ..\obj\port.o
 .data          0x2000018c       0x74 ..\obj\usbd_cdc_core.o
                0x2000018c                usbd_cdc_CfgDesc
                0x200001d4                USBD_CDC_cb
                0x20000200                . = ALIGN (0x4)
                0x20000200                _edata = .

.bss            0x20000200     0x3440 load address 0x0800e040
                0x20000200                _sbss = .
 *(.bss .bss.*)
 .bss           0x20000200       0x10 ..\obj\delay.o
                0x20000200                TimingDelay
                0x20000204                Time
                0x20000208                Time2
                0x2000020c                DELAY_Initialized
 .bss           0x20000210       0x80 ..\obj\mbport.o
 .bss           0x20000290       0x24 ..\obj\mb.o
 .bss           0x200002b4        0x4 ..\obj\pid_regulator.o
 .bss           0x200002b8        0x2 ..\obj\portevent.o
 *fill*         0x200002ba        0x2 00
 .bss           0x200002bc       0x24 ..\obj\mbfuncother.o
 .bss           0x200002e0        0x8 ..\obj\phaze_detector.o
 .bss           0x200002e8       0x24 ..\obj\display.o
 .bss           0x2000030c      0x100 ..\obj\tasks.o
                0x2000030c                pxCurrentTCB
 .bss           0x2000040c        0x2 ..\obj\keyboard.o
 *fill*         0x2000040e        0x2 00
 .bss           0x20000410        0xc ..\obj\mbrtu.o
 .bss           0x2000041c       0x10 ..\obj\usbd_req.o
                0x2000041c                USBD_ep_status
                0x20000420                USBD_default_cfg
                0x20000424                USBD_cfg_status
 .bss           0x2000042c        0x1 ..\obj\portserial.o
 *fill*         0x2000042d        0x3 00
 .bss           0x20000430       0x20 ..\obj\usbd_cdc_core.o
                0x20000434                APP_Rx_ptr_in
                0x20000438                APP_Rx_ptr_out
                0x2000043c                APP_Rx_length
                0x20000440                USB_Tx_State
 .bss           0x20000450     0x1c08 ..\obj\heap_1.o
 *(COMMON)
 COMMON         0x20002058       0x14 ..\obj\mb.o
                0x20002058                pxMBFrameCBTransmitterEmpty
                0x2000205c                pxMBPortCBTimerExpired
                0x20002060                pxMBFrameCBByteReceived
                0x20002064                pxMBFrameCBTransmitFSMCur
                0x20002068                pxMBFrameCBReceiveFSMCur
 COMMON         0x2000206c       0x1c ..\obj\pid_regulator.o
                0x2000206c                pid_heater
 COMMON         0x20002088        0x6 ..\obj\buzzer.o
                0x20002088                xBuzzer_Handle
                0x2000208c                buzz
 *fill*         0x2000208e        0x2 00
 COMMON         0x20002090       0x10 ..\obj\ADS1120.o
                0x20002090                ADC_result
                0x20002094                adc_reg
                0x20002098                xSPI_Buf_Mutex
                0x2000209c                ADC_result_temp
 COMMON         0x200020a0      0x5f0 ..\obj\main.o
                0x200020a0                USB_OTG_dev
 COMMON         0x20002690      0x450 ..\obj\uks.o
                0x20002690                uks_channels
 COMMON         0x20002ae0        0xc ..\obj\phaze_detector.o
                0x20002ae0                xPhazeSemaphore
                0x20002ae4                phaze_detect
 COMMON         0x20002aec       0x10 ..\obj\watchdog.o
                0x20002aec                task_watches
 COMMON         0x20002afc        0x7 ..\obj\hd44780.o
                0x20002afc                HD44780_Opts
 *fill*         0x20002b03        0x1 00
 COMMON         0x20002b04       0x88 ..\obj\usbd_cdc_vcp.o
                0x20002b04                APP_Tx_Buffer
                0x20002b84                APP_tx_ptr_tail
                0x20002b88                APP_tx_ptr_head
 COMMON         0x20002b8c      0x100 ..\obj\mbrtu.o
                0x20002b8c                ucRTUBuf
 COMMON         0x20002c8c       0xf2 ..\obj\adc.o
                0x20002c8c                xMeasure_LM35_Semaphore
                0x20002c90                adc_lm35_chnl
 *fill*         0x20002d7e        0x2 00
 COMMON         0x20002d80       0x32 ..\obj\usbd_req.o
                0x20002d80                USBD_StrDesc
 *fill*         0x20002db2        0x2 00
 COMMON         0x20002db4      0x88c ..\obj\usbd_cdc_core.o
                0x20002db4                usbd_cdc_OtherCfgDesc
                0x20002df8                USB_Rx_Buffer
                0x20002e38                CmdBuff
                0x20002e40                APP_Rx_Buffer
                0x20003640                . = ALIGN (0x4)
                0x20003640                _ebss = .

.co_stack       0x20003640      0x800 load address 0x08011480
                0x20003640                . = ALIGN (0x8)
 *(.co_stack .co_stack.*)
 .co_stack      0x20003640      0x800 ..\obj\startup_stm32f4xx.o
                0x20003640                pulStack
                0x20003e40                . = ALIGN (0x4)
                0x20003e40                _end = .
LOAD ..\obj\stm32f4xx_syscfg.o
LOAD ..\obj\usb_core.o
LOAD ..\obj\delay.o
LOAD ..\obj\mbport.o
LOAD ..\obj\mb.o
LOAD ..\obj\pid_regulator.o
LOAD ..\obj\protocol.o
LOAD ..\obj\mbfuncdisc.o
LOAD ..\obj\usbd_usr.o
LOAD ..\obj\portevent.o
LOAD ..\obj\buzzer.o
LOAD ..\obj\mbfuncother.o
LOAD ..\obj\stm32f4xx_usart.o
LOAD ..\obj\stm32f4xx_pwr.o
LOAD ..\obj\rtc.o
LOAD ..\obj\mbutils.o
LOAD ..\obj\startup_stm32f4xx.o
LOAD ..\obj\backup_sram.o
LOAD ..\obj\stm32f4xx_iwdg.o
LOAD ..\obj\ADS1120.o
LOAD ..\obj\mbfuncholding.o
LOAD ..\obj\usbd_core.o
LOAD ..\obj\main.o
LOAD ..\obj\mbcrc.o
LOAD ..\obj\uks.o
LOAD ..\obj\stm32f4xx_rcc.o
LOAD ..\obj\timers.o
LOAD ..\obj\stm32f4xx_adc.o
LOAD ..\obj\mbfuncinput.o
LOAD ..\obj\printf.o
LOAD ..\obj\phaze_detector.o
LOAD ..\obj\watchdog.o
LOAD ..\obj\mbfuncdiag.o
LOAD ..\obj\display.o
LOAD ..\obj\hd44780.o
LOAD ..\obj\tasks.o
LOAD ..\obj\usbd_desc.o
LOAD ..\obj\keyboard.o
LOAD ..\obj\stm32f4xx_gpio.o
LOAD ..\obj\porttimer.o
LOAD ..\obj\usbd_cdc_vcp.o
LOAD ..\obj\list.o
LOAD ..\obj\mbrtu.o
LOAD ..\obj\system_stm32f4xx.o
LOAD ..\obj\syscalls.o
LOAD ..\obj\adc.o
LOAD ..\obj\usb_bsp.o
LOAD ..\obj\usbd_req.o
LOAD ..\obj\queue.o
LOAD ..\obj\port.o
LOAD ..\obj\usb_dcd_int.o
LOAD ..\obj\portserial.o
LOAD ..\obj\usbd_cdc_core.o
LOAD ..\obj\croutine.o
LOAD ..\obj\timer_properties.o
LOAD ..\obj\stm32f4xx_spi.o
LOAD ..\obj\mbfunccoils.o
LOAD ..\obj\stm32f4xx_exti.o
LOAD ..\obj\misc.o
LOAD ..\obj\usb_dcd.o
LOAD ..\obj\heap_1.o
LOAD ..\obj\stm32f4xx_rtc.o
LOAD ..\obj\usbd_ioreq.o
LOAD ..\obj\mbascii.o
LOAD ..\obj\stm32f4xx_tim.o
LOAD ..\obj\power_detector.o
LOAD c:/coocox/coide/gcc/sourcery g++ lite/bin/../lib/gcc/arm-none-eabi/4.5.1/../../../../arm-none-eabi/lib/thumb2\libm.a
LOAD c:/coocox/coide/gcc/sourcery g++ lite/bin/../lib/gcc/arm-none-eabi/4.5.1/thumb2\libgcc.a
LOAD c:/coocox/coide/gcc/sourcery g++ lite/bin/../lib/gcc/arm-none-eabi/4.5.1/../../../../arm-none-eabi/lib/thumb2\libc.a
START GROUP
LOAD c:/coocox/coide/gcc/sourcery g++ lite/bin/../lib/gcc/arm-none-eabi/4.5.1/thumb2\libgcc.a
LOAD c:/coocox/coide/gcc/sourcery g++ lite/bin/../lib/gcc/arm-none-eabi/4.5.1/../../../../arm-none-eabi/lib/thumb2\libc.a
END GROUP
OUTPUT(stm32f2_uks.elf elf32-littlearm)

.debug_abbrev   0x00000000     0x54d7
 .debug_abbrev  0x00000000      0x12a ..\obj\stm32f4xx_syscfg.o
 .debug_abbrev  0x0000012a      0x277 ..\obj\usb_core.o
 .debug_abbrev  0x000003a1      0x125 ..\obj\delay.o
 .debug_abbrev  0x000004c6      0x19f ..\obj\mbport.o
 .debug_abbrev  0x00000665      0x164 ..\obj\mb.o
 .debug_abbrev  0x000007c9      0x1be ..\obj\pid_regulator.o
 .debug_abbrev  0x00000987       0xc3 ..\obj\protocol.o
 .debug_abbrev  0x00000a4a       0xa5 ..\obj\mbfuncdisc.o
 .debug_abbrev  0x00000aef       0xd9 ..\obj\usbd_usr.o
 .debug_abbrev  0x00000bc8       0xbc ..\obj\portevent.o
 .debug_abbrev  0x00000c84      0x14a ..\obj\buzzer.o
 .debug_abbrev  0x00000dce       0xbe ..\obj\mbfuncother.o
 .debug_abbrev  0x00000e8c      0x14e ..\obj\stm32f4xx_usart.o
 .debug_abbrev  0x00000fda      0x175 ..\obj\stm32f4xx_pwr.o
 .debug_abbrev  0x0000114f      0x125 ..\obj\rtc.o
 .debug_abbrev  0x00001274       0xd2 ..\obj\mbutils.o
 .debug_abbrev  0x00001346       0xac ..\obj\startup_stm32f4xx.o
 .debug_abbrev  0x000013f2       0xee ..\obj\backup_sram.o
 .debug_abbrev  0x000014e0       0xfa ..\obj\stm32f4xx_iwdg.o
 .debug_abbrev  0x000015da      0x18d ..\obj\ADS1120.o
 .debug_abbrev  0x00001767       0xa5 ..\obj\mbfuncholding.o
 .debug_abbrev  0x0000180c      0x1f4 ..\obj\usbd_core.o
 .debug_abbrev  0x00001a00      0x1cd ..\obj\main.o
 .debug_abbrev  0x00001bcd       0xa8 ..\obj\mbcrc.o
 .debug_abbrev  0x00001c75      0x158 ..\obj\uks.o
 .debug_abbrev  0x00001dcd      0x1b7 ..\obj\stm32f4xx_rcc.o
 .debug_abbrev  0x00001f84       0x28 ..\obj\timers.o
 .debug_abbrev  0x00001fac      0x189 ..\obj\stm32f4xx_adc.o
 .debug_abbrev  0x00002135       0xa5 ..\obj\mbfuncinput.o
 .debug_abbrev  0x000021da      0x238 ..\obj\printf.o
 .debug_abbrev  0x00002412      0x1d0 ..\obj\phaze_detector.o
 .debug_abbrev  0x000025e2      0x108 ..\obj\watchdog.o
 .debug_abbrev  0x000026ea        0x1 ..\obj\mbfuncdiag.o
 .debug_abbrev  0x000026eb      0x15d ..\obj\display.o
 .debug_abbrev  0x00002848      0x1d9 ..\obj\hd44780.o
 .debug_abbrev  0x00002a21      0x193 ..\obj\tasks.o
 .debug_abbrev  0x00002bb4      0x10c ..\obj\usbd_desc.o
 .debug_abbrev  0x00002cc0      0x179 ..\obj\keyboard.o
 .debug_abbrev  0x00002e39      0x182 ..\obj\stm32f4xx_gpio.o
 .debug_abbrev  0x00002fbb      0x137 ..\obj\porttimer.o
 .debug_abbrev  0x000030f2      0x143 ..\obj\usbd_cdc_vcp.o
 .debug_abbrev  0x00003235       0xb6 ..\obj\list.o
 .debug_abbrev  0x000032eb      0x1bc ..\obj\mbrtu.o
 .debug_abbrev  0x000034a7      0x140 ..\obj\system_stm32f4xx.o
 .debug_abbrev  0x000035e7       0xde ..\obj\syscalls.o
 .debug_abbrev  0x000036c5      0x1a4 ..\obj\adc.o
 .debug_abbrev  0x00003869      0x1db ..\obj\usb_bsp.o
 .debug_abbrev  0x00003a44      0x253 ..\obj\usbd_req.o
 .debug_abbrev  0x00003c97      0x109 ..\obj\queue.o
 .debug_abbrev  0x00003da0      0x120 ..\obj\port.o
 .debug_abbrev  0x00003ec0      0x210 ..\obj\usb_dcd_int.o
 .debug_abbrev  0x000040d0      0x1c2 ..\obj\portserial.o
 .debug_abbrev  0x00004292      0x1e1 ..\obj\usbd_cdc_core.o
 .debug_abbrev  0x00004473      0x186 ..\obj\croutine.o
 .debug_abbrev  0x000045f9      0x106 ..\obj\timer_properties.o
 .debug_abbrev  0x000046ff      0x160 ..\obj\stm32f4xx_spi.o
 .debug_abbrev  0x0000485f       0xb7 ..\obj\mbfunccoils.o
 .debug_abbrev  0x00004916      0x198 ..\obj\stm32f4xx_exti.o
 .debug_abbrev  0x00004aae      0x126 ..\obj\misc.o
 .debug_abbrev  0x00004bd4      0x208 ..\obj\usb_dcd.o
 .debug_abbrev  0x00004ddc      0x116 ..\obj\heap_1.o
 .debug_abbrev  0x00004ef2      0x16b ..\obj\stm32f4xx_rtc.o
 .debug_abbrev  0x0000505d      0x165 ..\obj\usbd_ioreq.o
 .debug_abbrev  0x000051c2       0x4d ..\obj\mbascii.o
 .debug_abbrev  0x0000520f      0x163 ..\obj\stm32f4xx_tim.o
 .debug_abbrev  0x00005372      0x165 ..\obj\power_detector.o

.debug_info     0x00000000    0x20e90
 .debug_info    0x00000000      0x27a ..\obj\stm32f4xx_syscfg.o
 .debug_info    0x0000027a     0x27fc ..\obj\usb_core.o
 .debug_info    0x00002a76      0x777 ..\obj\delay.o
 .debug_info    0x000031ed      0x5e7 ..\obj\mbport.o
 .debug_info    0x000037d4      0x62f ..\obj\mb.o
 .debug_info    0x00003e03      0x66f ..\obj\pid_regulator.o
 .debug_info    0x00004472      0x165 ..\obj\protocol.o
 .debug_info    0x000045d7      0x1ee ..\obj\mbfuncdisc.o
 .debug_info    0x000047c5      0x1c5 ..\obj\usbd_usr.o
 .debug_info    0x0000498a      0x188 ..\obj\portevent.o
 .debug_info    0x00004b12      0x45f ..\obj\buzzer.o
 .debug_info    0x00004f71      0x25c ..\obj\mbfuncother.o
 .debug_info    0x000051cd      0xa4f ..\obj\stm32f4xx_usart.o
 .debug_info    0x00005c1c      0x53e ..\obj\stm32f4xx_pwr.o
 .debug_info    0x0000615a      0x296 ..\obj\rtc.o
 .debug_info    0x000063f0      0x2c6 ..\obj\mbutils.o
 .debug_info    0x000066b6      0x147 ..\obj\startup_stm32f4xx.o
 .debug_info    0x000067fd      0x237 ..\obj\backup_sram.o
 .debug_info    0x00006a34      0x20b ..\obj\stm32f4xx_iwdg.o
 .debug_info    0x00006c3f      0x77b ..\obj\ADS1120.o
 .debug_info    0x000073ba      0x383 ..\obj\mbfuncholding.o
 .debug_info    0x0000773d      0xff8 ..\obj\usbd_core.o
 .debug_info    0x00008735      0xd37 ..\obj\main.o
 .debug_info    0x0000946c      0x166 ..\obj\mbcrc.o
 .debug_info    0x000095d2      0x4d9 ..\obj\uks.o
 .debug_info    0x00009aab      0xd24 ..\obj\stm32f4xx_rcc.o
 .debug_info    0x0000a7cf       0x4c ..\obj\timers.o
 .debug_info    0x0000a81b      0xcf5 ..\obj\stm32f4xx_adc.o
 .debug_info    0x0000b510      0x1e0 ..\obj\mbfuncinput.o
 .debug_info    0x0000b6f0      0xed2 ..\obj\printf.o
 .debug_info    0x0000c5c2      0xb2d ..\obj\phaze_detector.o
 .debug_info    0x0000d0ef      0x18a ..\obj\watchdog.o
 .debug_info    0x0000d279        0x0 ..\obj\mbfuncdiag.o
 .debug_info    0x0000d279      0x39e ..\obj\display.o
 .debug_info    0x0000d617      0x90c ..\obj\hd44780.o
 .debug_info    0x0000df23      0xd75 ..\obj\tasks.o
 .debug_info    0x0000ec98      0x3a7 ..\obj\usbd_desc.o
 .debug_info    0x0000f03f      0x4ff ..\obj\keyboard.o
 .debug_info    0x0000f53e      0x639 ..\obj\stm32f4xx_gpio.o
 .debug_info    0x0000fb77      0x6e8 ..\obj\porttimer.o
 .debug_info    0x0001025f      0x3a6 ..\obj\usbd_cdc_vcp.o
 .debug_info    0x00010605      0x2a6 ..\obj\list.o
 .debug_info    0x000108ab      0xf98 ..\obj\mbrtu.o
 .debug_info    0x00011843      0x5ea ..\obj\system_stm32f4xx.o
 .debug_info    0x00011e2d      0x440 ..\obj\syscalls.o
 .debug_info    0x0001226d      0x7c4 ..\obj\adc.o
 .debug_info    0x00012a31     0x113d ..\obj\usb_bsp.o
 .debug_info    0x00013b6e     0x111b ..\obj\usbd_req.o
 .debug_info    0x00014c89      0x7c1 ..\obj\queue.o
 .debug_info    0x0001544a      0x1d7 ..\obj\port.o
 .debug_info    0x00015621     0x2027 ..\obj\usb_dcd_int.o
 .debug_info    0x00017648      0xdae ..\obj\portserial.o
 .debug_info    0x000183f6     0x1109 ..\obj\usbd_cdc_core.o
 .debug_info    0x000194ff      0x4af ..\obj\croutine.o
 .debug_info    0x000199ae      0x4d1 ..\obj\timer_properties.o
 .debug_info    0x00019e7f      0xbcc ..\obj\stm32f4xx_spi.o
 .debug_info    0x0001aa4b      0x313 ..\obj\mbfunccoils.o
 .debug_info    0x0001ad5e      0x372 ..\obj\stm32f4xx_exti.o
 .debug_info    0x0001b0d0      0x594 ..\obj\misc.o
 .debug_info    0x0001b664     0x1184 ..\obj\usb_dcd.o
 .debug_info    0x0001c7e8      0x186 ..\obj\heap_1.o
 .debug_info    0x0001c96e     0x1223 ..\obj\stm32f4xx_rtc.o
 .debug_info    0x0001db91      0xde4 ..\obj\usbd_ioreq.o
 .debug_info    0x0001e975       0x9b ..\obj\mbascii.o
 .debug_info    0x0001ea10     0x1e28 ..\obj\stm32f4xx_tim.o
 .debug_info    0x00020838      0x658 ..\obj\power_detector.o

.debug_line     0x00000000     0xc04e
 .debug_line    0x00000000      0x1e7 ..\obj\stm32f4xx_syscfg.o
 .debug_line    0x000001e7      0x6b4 ..\obj\usb_core.o
 .debug_line    0x0000089b      0x2a5 ..\obj\delay.o
 .debug_line    0x00000b40      0x31c ..\obj\mbport.o
 .debug_line    0x00000e5c      0x2df ..\obj\mb.o
 .debug_line    0x0000113b      0x3b1 ..\obj\pid_regulator.o
 .debug_line    0x000014ec      0x1f0 ..\obj\protocol.o
 .debug_line    0x000016dc      0x1f0 ..\obj\mbfuncdisc.o
 .debug_line    0x000018cc      0x1b1 ..\obj\usbd_usr.o
 .debug_line    0x00001a7d      0x1e5 ..\obj\portevent.o
 .debug_line    0x00001c62      0x2c9 ..\obj\buzzer.o
 .debug_line    0x00001f2b      0x25c ..\obj\mbfuncother.o
 .debug_line    0x00002187      0x478 ..\obj\stm32f4xx_usart.o
 .debug_line    0x000025ff      0x284 ..\obj\stm32f4xx_pwr.o
 .debug_line    0x00002883      0x21a ..\obj\rtc.o
 .debug_line    0x00002a9d      0x264 ..\obj\mbutils.o
 .debug_line    0x00002d01       0xa6 ..\obj\startup_stm32f4xx.o
 .debug_line    0x00002da7      0x1e9 ..\obj\backup_sram.o
 .debug_line    0x00002f90      0x1de ..\obj\stm32f4xx_iwdg.o
 .debug_line    0x0000316e      0x37a ..\obj\ADS1120.o
 .debug_line    0x000034e8      0x27e ..\obj\mbfuncholding.o
 .debug_line    0x00003766      0x305 ..\obj\usbd_core.o
 .debug_line    0x00003a6b      0x2c1 ..\obj\main.o
 .debug_line    0x00003d2c      0x17a ..\obj\mbcrc.o
 .debug_line    0x00003ea6      0x354 ..\obj\uks.o
 .debug_line    0x000041fa      0x574 ..\obj\stm32f4xx_rcc.o
 .debug_line    0x0000476e       0x1d ..\obj\timers.o
 .debug_line    0x0000478b      0x528 ..\obj\stm32f4xx_adc.o
 .debug_line    0x00004cb3      0x1e6 ..\obj\mbfuncinput.o
 .debug_line    0x00004e99      0x3c6 ..\obj\printf.o
 .debug_line    0x0000525f      0x3cb ..\obj\phaze_detector.o
 .debug_line    0x0000562a      0x1b0 ..\obj\watchdog.o
 .debug_line    0x000057da        0x0 ..\obj\mbfuncdiag.o
 .debug_line    0x000057da      0x250 ..\obj\display.o
 .debug_line    0x00005a2a      0x43f ..\obj\hd44780.o
 .debug_line    0x00005e69      0x792 ..\obj\tasks.o
 .debug_line    0x000065fb      0x1f7 ..\obj\usbd_desc.o
 .debug_line    0x000067f2      0x266 ..\obj\keyboard.o
 .debug_line    0x00006a58      0x313 ..\obj\stm32f4xx_gpio.o
 .debug_line    0x00006d6b      0x2c4 ..\obj\porttimer.o
 .debug_line    0x0000702f      0x20d ..\obj\usbd_cdc_vcp.o
 .debug_line    0x0000723c      0x1a6 ..\obj\list.o
 .debug_line    0x000073e2      0x2eb ..\obj\mbrtu.o
 .debug_line    0x000076cd      0x200 ..\obj\system_stm32f4xx.o
 .debug_line    0x000078cd      0x194 ..\obj\syscalls.o
 .debug_line    0x00007a61      0x3d8 ..\obj\adc.o
 .debug_line    0x00007e39      0x2a0 ..\obj\usb_bsp.o
 .debug_line    0x000080d9      0x3c1 ..\obj\usbd_req.o
 .debug_line    0x0000849a      0x4ff ..\obj\queue.o
 .debug_line    0x00008999      0x1bd ..\obj\port.o
 .debug_line    0x00008b56      0x3b0 ..\obj\usb_dcd_int.o
 .debug_line    0x00008f06      0x282 ..\obj\portserial.o
 .debug_line    0x00009188      0x2b5 ..\obj\usbd_cdc_core.o
 .debug_line    0x0000943d      0x274 ..\obj\croutine.o
 .debug_line    0x000096b1      0x2e1 ..\obj\timer_properties.o
 .debug_line    0x00009992      0x428 ..\obj\stm32f4xx_spi.o
 .debug_line    0x00009dba      0x256 ..\obj\mbfunccoils.o
 .debug_line    0x0000a010      0x27d ..\obj\stm32f4xx_exti.o
 .debug_line    0x0000a28d      0x219 ..\obj\misc.o
 .debug_line    0x0000a4a6      0x323 ..\obj\usb_dcd.o
 .debug_line    0x0000a7c9      0x135 ..\obj\heap_1.o
 .debug_line    0x0000a8fe      0x7eb ..\obj\stm32f4xx_rtc.o
 .debug_line    0x0000b0e9      0x20d ..\obj\usbd_ioreq.o
 .debug_line    0x0000b2f6       0xd5 ..\obj\mbascii.o
 .debug_line    0x0000b3cb      0xa4d ..\obj\stm32f4xx_tim.o
 .debug_line    0x0000be18      0x236 ..\obj\power_detector.o

.debug_loc      0x00000000     0x95d3
 .debug_loc     0x00000000      0x144 ..\obj\stm32f4xx_syscfg.o
 .debug_loc     0x00000144      0x7e0 ..\obj\usb_core.o
 .debug_loc     0x00000924       0xe8 ..\obj\delay.o
 .debug_loc     0x00000a0c      0x138 ..\obj\mbport.o
 .debug_loc     0x00000b44      0x150 ..\obj\mb.o
 .debug_loc     0x00000c94      0x10c ..\obj\pid_regulator.o
 .debug_loc     0x00000da0       0x70 ..\obj\protocol.o
 .debug_loc     0x00000e10       0x38 ..\obj\mbfuncdisc.o
 .debug_loc     0x00000e48       0xe8 ..\obj\usbd_usr.o
 .debug_loc     0x00000f30       0x9c ..\obj\portevent.o
 .debug_loc     0x00000fcc       0xa8 ..\obj\buzzer.o
 .debug_loc     0x00001074       0x70 ..\obj\mbfuncother.o
 .debug_loc     0x000010e4      0x658 ..\obj\stm32f4xx_usart.o
 .debug_loc     0x0000173c      0x288 ..\obj\stm32f4xx_pwr.o
 .debug_loc     0x000019c4       0x70 ..\obj\rtc.o
 .debug_loc     0x00001a34       0xa8 ..\obj\mbutils.o
 .debug_loc     0x00001adc       0x64 ..\obj\startup_stm32f4xx.o
 .debug_loc     0x00001b40       0xd4 ..\obj\backup_sram.o
 .debug_loc     0x00001c14      0x138 ..\obj\stm32f4xx_iwdg.o
 .debug_loc     0x00001d4c      0x144 ..\obj\ADS1120.o
 .debug_loc     0x00001e90       0xe0 ..\obj\mbfuncholding.o
 .debug_loc     0x00001f70      0x2d8 ..\obj\usbd_core.o
 .debug_loc     0x00002248      0x10c ..\obj\main.o
 .debug_loc     0x00002354       0x38 ..\obj\mbcrc.o
 .debug_loc     0x0000238c       0xe0 ..\obj\uks.o
 .debug_loc     0x0000246c      0x97c ..\obj\stm32f4xx_rcc.o
 .debug_loc     0x00002de8      0x838 ..\obj\stm32f4xx_adc.o
 .debug_loc     0x00003620       0x38 ..\obj\mbfuncinput.o
 .debug_loc     0x00003658      0x3ea ..\obj\printf.o
 .debug_loc     0x00003a42      0x138 ..\obj\phaze_detector.o
 .debug_loc     0x00003b7a       0x70 ..\obj\watchdog.o
 .debug_loc     0x00003bea       0x70 ..\obj\display.o
 .debug_loc     0x00003c5a      0x42c ..\obj\hd44780.o
 .debug_loc     0x00004086      0x708 ..\obj\tasks.o
 .debug_loc     0x0000478e      0x188 ..\obj\usbd_desc.o
 .debug_loc     0x00004916       0x70 ..\obj\keyboard.o
 .debug_loc     0x00004986      0x310 ..\obj\stm32f4xx_gpio.o
 .debug_loc     0x00004c96       0xbc ..\obj\porttimer.o
 .debug_loc     0x00004d52      0x138 ..\obj\usbd_cdc_vcp.o
 .debug_loc     0x00004e8a      0x118 ..\obj\list.o
 .debug_loc     0x00004fa2      0x1a8 ..\obj\mbrtu.o
 .debug_loc     0x0000514a       0x9c ..\obj\system_stm32f4xx.o
 .debug_loc     0x000051e6      0x1ec ..\obj\syscalls.o
 .debug_loc     0x000053d2       0xa9 ..\obj\adc.o
 .debug_loc     0x0000547b      0x138 ..\obj\usb_bsp.o
 .debug_loc     0x000055b3      0x310 ..\obj\usbd_req.o
 .debug_loc     0x000058c3      0x3b8 ..\obj\queue.o
 .debug_loc     0x00005c7b      0x178 ..\obj\port.o
 .debug_loc     0x00005df3      0x2d8 ..\obj\usb_dcd_int.o
 .debug_loc     0x000060cb      0x170 ..\obj\portserial.o
 .debug_loc     0x0000623b      0x224 ..\obj\usbd_cdc_core.o
 .debug_loc     0x0000645f      0x188 ..\obj\croutine.o
 .debug_loc     0x000065e7       0xe0 ..\obj\timer_properties.o
 .debug_loc     0x000066c7      0x578 ..\obj\stm32f4xx_spi.o
 .debug_loc     0x00006c3f       0xa8 ..\obj\mbfunccoils.o
 .debug_loc     0x00006ce7      0x1b4 ..\obj\stm32f4xx_exti.o
 .debug_loc     0x00006e9b      0x118 ..\obj\misc.o
 .debug_loc     0x00006fb3      0x2d8 ..\obj\usb_dcd.o
 .debug_loc     0x0000728b       0xc8 ..\obj\heap_1.o
 .debug_loc     0x00007353      0xc48 ..\obj\stm32f4xx_rtc.o
 .debug_loc     0x00007f9b      0x188 ..\obj\usbd_ioreq.o
 .debug_loc     0x00008123     0x1420 ..\obj\stm32f4xx_tim.o
 .debug_loc     0x00009543       0x90 ..\obj\power_detector.o

.debug_pubnames
                0x00000000     0x407c
 .debug_pubnames
                0x00000000       0xc3 ..\obj\stm32f4xx_syscfg.o
 .debug_pubnames
                0x000000c3      0x364 ..\obj\usb_core.o
 .debug_pubnames
                0x00000427       0xc4 ..\obj\delay.o
 .debug_pubnames
                0x000004eb      0x126 ..\obj\mbport.o
 .debug_pubnames
                0x00000611       0xf8 ..\obj\mb.o
 .debug_pubnames
                0x00000709       0x6e ..\obj\pid_regulator.o
 .debug_pubnames
                0x00000777       0x24 ..\obj\protocol.o
 .debug_pubnames
                0x0000079b       0x30 ..\obj\mbfuncdisc.o
 .debug_pubnames
                0x000007cb       0x9e ..\obj\usbd_usr.o
 .debug_pubnames
                0x00000869       0x50 ..\obj\portevent.o
 .debug_pubnames
                0x000008b9       0x62 ..\obj\buzzer.o
 .debug_pubnames
                0x0000091b       0x3d ..\obj\mbfuncother.o
 .debug_pubnames
                0x00000958      0x294 ..\obj\stm32f4xx_usart.o
 .debug_pubnames
                0x00000bec      0x120 ..\obj\stm32f4xx_pwr.o
 .debug_pubnames
                0x00000d0c       0x46 ..\obj\rtc.o
 .debug_pubnames
                0x00000d52       0x52 ..\obj\mbutils.o
 .debug_pubnames
                0x00000da4       0x4a ..\obj\startup_stm32f4xx.o
 .debug_pubnames
                0x00000dee       0x6c ..\obj\backup_sram.o
 .debug_pubnames
                0x00000e5a       0x91 ..\obj\stm32f4xx_iwdg.o
 .debug_pubnames
                0x00000eeb       0x9f ..\obj\ADS1120.o
 .debug_pubnames
                0x00000f8a       0xa5 ..\obj\mbfuncholding.o
 .debug_pubnames
                0x0000102f       0x7a ..\obj\usbd_core.o
 .debug_pubnames
                0x000010a9       0xa0 ..\obj\main.o
 .debug_pubnames
                0x00001149       0x20 ..\obj\mbcrc.o
 .debug_pubnames
                0x00001169       0x7e ..\obj\uks.o
 .debug_pubnames
                0x000011e7      0x417 ..\obj\stm32f4xx_rcc.o
 .debug_pubnames
                0x000015fe      0x446 ..\obj\stm32f4xx_adc.o
 .debug_pubnames
                0x00001a44       0x2f ..\obj\mbfuncinput.o
 .debug_pubnames
                0x00001a73      0x101 ..\obj\printf.o
 .debug_pubnames
                0x00001b74       0x8e ..\obj\phaze_detector.o
 .debug_pubnames
                0x00001c02       0x35 ..\obj\watchdog.o
 .debug_pubnames
                0x00001c37       0x46 ..\obj\display.o
 .debug_pubnames
                0x00001c7d      0x1bb ..\obj\hd44780.o
 .debug_pubnames
                0x00001e38      0x275 ..\obj\tasks.o
 .debug_pubnames
                0x000020ad      0x152 ..\obj\usbd_desc.o
 .debug_pubnames
                0x000021ff       0x24 ..\obj\keyboard.o
 .debug_pubnames
                0x00002223      0x12d ..\obj\stm32f4xx_gpio.o
 .debug_pubnames
                0x00002350       0x6d ..\obj\porttimer.o
 .debug_pubnames
                0x000023bd       0xa1 ..\obj\usbd_cdc_vcp.o
 .debug_pubnames
                0x0000245e       0x71 ..\obj\list.o
 .debug_pubnames
                0x000024cf       0xc3 ..\obj\mbrtu.o
 .debug_pubnames
                0x00002592       0x61 ..\obj\system_stm32f4xx.o
 .debug_pubnames
                0x000025f3       0x71 ..\obj\syscalls.o
 .debug_pubnames
                0x00002664       0x64 ..\obj\adc.o
 .debug_pubnames
                0x000026c8       0xa6 ..\obj\usb_bsp.o
 .debug_pubnames
                0x0000276e       0xd7 ..\obj\usbd_req.o
 .debug_pubnames
                0x00002845      0x145 ..\obj\queue.o
 .debug_pubnames
                0x0000298a      0x101 ..\obj\port.o
 .debug_pubnames
                0x00002a8b       0x2b ..\obj\usb_dcd_int.o
 .debug_pubnames
                0x00002ab6       0xab ..\obj\portserial.o
 .debug_pubnames
                0x00002b61       0xe5 ..\obj\usbd_cdc_core.o
 .debug_pubnames
                0x00002c46       0x96 ..\obj\croutine.o
 .debug_pubnames
                0x00002cdc       0xb2 ..\obj\timer_properties.o
 .debug_pubnames
                0x00002d8e      0x221 ..\obj\stm32f4xx_spi.o
 .debug_pubnames
                0x00002faf       0x5a ..\obj\mbfunccoils.o
 .debug_pubnames
                0x00003009       0xbb ..\obj\stm32f4xx_exti.o
 .debug_pubnames
                0x000030c4       0x89 ..\obj\misc.o
 .debug_pubnames
                0x0000314d      0x100 ..\obj\usb_dcd.o
 .debug_pubnames
                0x0000324d       0x64 ..\obj\heap_1.o
 .debug_pubnames
                0x000032b1      0x514 ..\obj\stm32f4xx_rtc.o
 .debug_pubnames
                0x000037c5       0xb6 ..\obj\usbd_ioreq.o
 .debug_pubnames
                0x0000387b      0x7c4 ..\obj\stm32f4xx_tim.o
 .debug_pubnames
                0x0000403f       0x3d ..\obj\power_detector.o

.debug_pubtypes
                0x00000000     0x4762
 .debug_pubtypes
                0x00000000       0x6d ..\obj\stm32f4xx_syscfg.o
 .debug_pubtypes
                0x0000006d      0x675 ..\obj\usb_core.o
 .debug_pubtypes
                0x000006e2       0xb9 ..\obj\delay.o
 .debug_pubtypes
                0x0000079b       0xa8 ..\obj\mbport.o
 .debug_pubtypes
                0x00000843      0x147 ..\obj\mb.o
 .debug_pubtypes
                0x0000098a      0x139 ..\obj\pid_regulator.o
 .debug_pubtypes
                0x00000ac3       0x40 ..\obj\protocol.o
 .debug_pubtypes
                0x00000b03       0x62 ..\obj\mbfuncdisc.o
 .debug_pubtypes
                0x00000b65       0x55 ..\obj\usbd_usr.o
 .debug_pubtypes
                0x00000bba       0x44 ..\obj\portevent.o
 .debug_pubtypes
                0x00000bfe       0xea ..\obj\buzzer.o
 .debug_pubtypes
                0x00000ce8       0x82 ..\obj\mbfuncother.o
 .debug_pubtypes
                0x00000d6a       0xcd ..\obj\stm32f4xx_usart.o
 .debug_pubtypes
                0x00000e37       0x84 ..\obj\stm32f4xx_pwr.o
 .debug_pubtypes
                0x00000ebb       0x73 ..\obj\rtc.o
 .debug_pubtypes
                0x00000f2e       0x6d ..\obj\mbutils.o
 .debug_pubtypes
                0x00000f9b       0x5b ..\obj\backup_sram.o
 .debug_pubtypes
                0x00000ff6       0x64 ..\obj\stm32f4xx_iwdg.o
 .debug_pubtypes
                0x0000105a      0x125 ..\obj\ADS1120.o
 .debug_pubtypes
                0x0000117f       0x62 ..\obj\mbfuncholding.o
 .debug_pubtypes
                0x000011e1      0x2df ..\obj\usbd_core.o
 .debug_pubtypes
                0x000014c0      0x2a0 ..\obj\main.o
 .debug_pubtypes
                0x00001760       0x40 ..\obj\mbcrc.o
 .debug_pubtypes
                0x000017a0       0x96 ..\obj\uks.o
 .debug_pubtypes
                0x00001836       0xaa ..\obj\stm32f4xx_rcc.o
 .debug_pubtypes
                0x000018e0       0x12 ..\obj\timers.o
 .debug_pubtypes
                0x000018f2       0xc9 ..\obj\stm32f4xx_adc.o
 .debug_pubtypes
                0x000019bb       0x62 ..\obj\mbfuncinput.o
 .debug_pubtypes
                0x00001a1d      0x139 ..\obj\printf.o
 .debug_pubtypes
                0x00001b56      0x1d2 ..\obj\phaze_detector.o
 .debug_pubtypes
                0x00001d28       0x53 ..\obj\watchdog.o
 .debug_pubtypes
                0x00001d7b       0x5f ..\obj\display.o
 .debug_pubtypes
                0x00001dda       0xe6 ..\obj\hd44780.o
 .debug_pubtypes
                0x00001ec0      0x10c ..\obj\tasks.o
 .debug_pubtypes
                0x00001fcc       0x5b ..\obj\usbd_desc.o
 .debug_pubtypes
                0x00002027       0xdb ..\obj\keyboard.o
 .debug_pubtypes
                0x00002102       0xce ..\obj\stm32f4xx_gpio.o
 .debug_pubtypes
                0x000021d0       0xb6 ..\obj\porttimer.o
 .debug_pubtypes
                0x00002286       0x6d ..\obj\usbd_cdc_vcp.o
 .debug_pubtypes
                0x000022f3       0x7a ..\obj\list.o
 .debug_pubtypes
                0x0000236d      0x2f5 ..\obj\mbrtu.o
 .debug_pubtypes
                0x00002662       0x73 ..\obj\system_stm32f4xx.o
 .debug_pubtypes
                0x000026d5       0xaa ..\obj\syscalls.o
 .debug_pubtypes
                0x0000277f      0x17a ..\obj\adc.o
 .debug_pubtypes
                0x000028f9      0x333 ..\obj\usb_bsp.o
 .debug_pubtypes
                0x00002c2c      0x2c8 ..\obj\usbd_req.o
 .debug_pubtypes
                0x00002ef4       0xd4 ..\obj\queue.o
 .debug_pubtypes
                0x00002fc8       0x33 ..\obj\port.o
 .debug_pubtypes
                0x00002ffb      0x5e1 ..\obj\usb_dcd_int.o
 .debug_pubtypes
                0x000035dc      0x2b9 ..\obj\portserial.o
 .debug_pubtypes
                0x00003895      0x2ae ..\obj\usbd_cdc_core.o
 .debug_pubtypes
                0x00003b43       0xcd ..\obj\croutine.o
 .debug_pubtypes
                0x00003c10       0x93 ..\obj\timer_properties.o
 .debug_pubtypes
                0x00003ca3       0xbc ..\obj\stm32f4xx_spi.o
 .debug_pubtypes
                0x00003d5f       0x62 ..\obj\mbfunccoils.o
 .debug_pubtypes
                0x00003dc1       0xae ..\obj\stm32f4xx_exti.o
 .debug_pubtypes
                0x00003e6f       0x8c ..\obj\misc.o
 .debug_pubtypes
                0x00003efb      0x307 ..\obj\usb_dcd.o
 .debug_pubtypes
                0x00004202       0x2c ..\obj\heap_1.o
 .debug_pubtypes
                0x0000422e       0xd8 ..\obj\stm32f4xx_rtc.o
 .debug_pubtypes
                0x00004306      0x295 ..\obj\usbd_ioreq.o
 .debug_pubtypes
                0x0000459b       0x1e ..\obj\mbascii.o
 .debug_pubtypes
                0x000045b9       0xe4 ..\obj\stm32f4xx_tim.o
 .debug_pubtypes
                0x0000469d       0xc5 ..\obj\power_detector.o

.debug_aranges  0x00000000     0x1bd8
 .debug_aranges
                0x00000000       0x48 ..\obj\stm32f4xx_syscfg.o
 .debug_aranges
                0x00000048      0x138 ..\obj\usb_core.o
 .debug_aranges
                0x00000180       0x40 ..\obj\delay.o
 .debug_aranges
                0x000001c0       0x48 ..\obj\mbport.o
 .debug_aranges
                0x00000208       0x48 ..\obj\mb.o
 .debug_aranges
                0x00000250       0x40 ..\obj\pid_regulator.o
 .debug_aranges
                0x00000290       0x28 ..\obj\protocol.o
 .debug_aranges
                0x000002b8       0x20 ..\obj\mbfuncdisc.o
 .debug_aranges
                0x000002d8       0x40 ..\obj\usbd_usr.o
 .debug_aranges
                0x00000318       0x30 ..\obj\portevent.o
 .debug_aranges
                0x00000348       0x30 ..\obj\buzzer.o
 .debug_aranges
                0x00000378       0x28 ..\obj\mbfuncother.o
 .debug_aranges
                0x000003a0      0x100 ..\obj\stm32f4xx_usart.o
 .debug_aranges
                0x000004a0       0x78 ..\obj\stm32f4xx_pwr.o
 .debug_aranges
                0x00000518       0x28 ..\obj\rtc.o
 .debug_aranges
                0x00000540       0x30 ..\obj\mbutils.o
 .debug_aranges
                0x00000570       0x28 ..\obj\startup_stm32f4xx.o
 .debug_aranges
                0x00000598       0x38 ..\obj\backup_sram.o
 .debug_aranges
                0x000005d0       0x48 ..\obj\stm32f4xx_iwdg.o
 .debug_aranges
                0x00000618       0x48 ..\obj\ADS1120.o
 .debug_aranges
                0x00000660       0x38 ..\obj\mbfuncholding.o
 .debug_aranges
                0x00000698       0x80 ..\obj\usbd_core.o
 .debug_aranges
                0x00000718       0x40 ..\obj\main.o
 .debug_aranges
                0x00000758       0x20 ..\obj\mbcrc.o
 .debug_aranges
                0x00000778       0x38 ..\obj\uks.o
 .debug_aranges
                0x000007b0      0x178 ..\obj\stm32f4xx_rcc.o
 .debug_aranges
                0x00000928      0x148 ..\obj\stm32f4xx_adc.o
 .debug_aranges
                0x00000a70       0x20 ..\obj\mbfuncinput.o
 .debug_aranges
                0x00000a90       0xa0 ..\obj\printf.o
 .debug_aranges
                0x00000b30       0x48 ..\obj\phaze_detector.o
 .debug_aranges
                0x00000b78       0x28 ..\obj\watchdog.o
 .debug_aranges
                0x00000ba0       0x28 ..\obj\display.o
 .debug_aranges
                0x00000bc8       0xc0 ..\obj\hd44780.o
 .debug_aranges
                0x00000c88      0x120 ..\obj\tasks.o
 .debug_aranges
                0x00000da8       0x50 ..\obj\usbd_desc.o
 .debug_aranges
                0x00000df8       0x28 ..\obj\keyboard.o
 .debug_aranges
                0x00000e20       0x88 ..\obj\stm32f4xx_gpio.o
 .debug_aranges
                0x00000ea8       0x38 ..\obj\porttimer.o
 .debug_aranges
                0x00000ee0       0x48 ..\obj\usbd_cdc_vcp.o
 .debug_aranges
                0x00000f28       0x40 ..\obj\list.o
 .debug_aranges
                0x00000f68       0x58 ..\obj\mbrtu.o
 .debug_aranges
                0x00000fc0       0x30 ..\obj\system_stm32f4xx.o
 .debug_aranges
                0x00000ff0       0x60 ..\obj\syscalls.o
 .debug_aranges
                0x00001050       0x30 ..\obj\adc.o
 .debug_aranges
                0x00001080       0x48 ..\obj\usb_bsp.o
 .debug_aranges
                0x000010c8       0x88 ..\obj\usbd_req.o
 .debug_aranges
                0x00001150       0xa0 ..\obj\queue.o
 .debug_aranges
                0x000011f0       0x70 ..\obj\port.o
 .debug_aranges
                0x00001260       0x80 ..\obj\usb_dcd_int.o
 .debug_aranges
                0x000012e0       0x50 ..\obj\portserial.o
 .debug_aranges
                0x00001330       0x68 ..\obj\usbd_cdc_core.o
 .debug_aranges
                0x00001398       0x50 ..\obj\croutine.o
 .debug_aranges
                0x000013e8       0x38 ..\obj\timer_properties.o
 .debug_aranges
                0x00001420       0xe0 ..\obj\stm32f4xx_spi.o
 .debug_aranges
                0x00001500       0x30 ..\obj\mbfunccoils.o
 .debug_aranges
                0x00001530       0x58 ..\obj\stm32f4xx_exti.o
 .debug_aranges
                0x00001588       0x40 ..\obj\misc.o
 .debug_aranges
                0x000015c8       0x80 ..\obj\usb_dcd.o
 .debug_aranges
                0x00001648       0x38 ..\obj\heap_1.o
 .debug_aranges
                0x00001680      0x1e0 ..\obj\stm32f4xx_rtc.o
 .debug_aranges
                0x00001860       0x50 ..\obj\usbd_ioreq.o
 .debug_aranges
                0x000018b0      0x2f8 ..\obj\stm32f4xx_tim.o
 .debug_aranges
                0x00001ba8       0x30 ..\obj\power_detector.o

.debug_ranges   0x00000000     0x17e8
 .debug_ranges  0x00000000       0x38 ..\obj\stm32f4xx_syscfg.o
 .debug_ranges  0x00000038      0x128 ..\obj\usb_core.o
 .debug_ranges  0x00000160       0x30 ..\obj\delay.o
 .debug_ranges  0x00000190       0x38 ..\obj\mbport.o
 .debug_ranges  0x000001c8       0x38 ..\obj\mb.o
 .debug_ranges  0x00000200       0x30 ..\obj\pid_regulator.o
 .debug_ranges  0x00000230       0x18 ..\obj\protocol.o
 .debug_ranges  0x00000248       0x10 ..\obj\mbfuncdisc.o
 .debug_ranges  0x00000258       0x30 ..\obj\usbd_usr.o
 .debug_ranges  0x00000288       0x20 ..\obj\portevent.o
 .debug_ranges  0x000002a8       0x20 ..\obj\buzzer.o
 .debug_ranges  0x000002c8       0x18 ..\obj\mbfuncother.o
 .debug_ranges  0x000002e0       0xf0 ..\obj\stm32f4xx_usart.o
 .debug_ranges  0x000003d0       0x68 ..\obj\stm32f4xx_pwr.o
 .debug_ranges  0x00000438       0x18 ..\obj\rtc.o
 .debug_ranges  0x00000450       0x20 ..\obj\mbutils.o
 .debug_ranges  0x00000470       0x18 ..\obj\startup_stm32f4xx.o
 .debug_ranges  0x00000488       0x28 ..\obj\backup_sram.o
 .debug_ranges  0x000004b0       0x38 ..\obj\stm32f4xx_iwdg.o
 .debug_ranges  0x000004e8       0x38 ..\obj\ADS1120.o
 .debug_ranges  0x00000520       0x28 ..\obj\mbfuncholding.o
 .debug_ranges  0x00000548       0x70 ..\obj\usbd_core.o
 .debug_ranges  0x000005b8       0x30 ..\obj\main.o
 .debug_ranges  0x000005e8       0x10 ..\obj\mbcrc.o
 .debug_ranges  0x000005f8       0x28 ..\obj\uks.o
 .debug_ranges  0x00000620      0x168 ..\obj\stm32f4xx_rcc.o
 .debug_ranges  0x00000788      0x138 ..\obj\stm32f4xx_adc.o
 .debug_ranges  0x000008c0       0x10 ..\obj\mbfuncinput.o
 .debug_ranges  0x000008d0       0x90 ..\obj\printf.o
 .debug_ranges  0x00000960       0x38 ..\obj\phaze_detector.o
 .debug_ranges  0x00000998       0x18 ..\obj\watchdog.o
 .debug_ranges  0x000009b0       0x18 ..\obj\display.o
 .debug_ranges  0x000009c8       0xb0 ..\obj\hd44780.o
 .debug_ranges  0x00000a78      0x110 ..\obj\tasks.o
 .debug_ranges  0x00000b88       0x40 ..\obj\usbd_desc.o
 .debug_ranges  0x00000bc8       0x18 ..\obj\keyboard.o
 .debug_ranges  0x00000be0       0x78 ..\obj\stm32f4xx_gpio.o
 .debug_ranges  0x00000c58       0x28 ..\obj\porttimer.o
 .debug_ranges  0x00000c80       0x38 ..\obj\usbd_cdc_vcp.o
 .debug_ranges  0x00000cb8       0x30 ..\obj\list.o
 .debug_ranges  0x00000ce8       0x48 ..\obj\mbrtu.o
 .debug_ranges  0x00000d30       0x20 ..\obj\system_stm32f4xx.o
 .debug_ranges  0x00000d50       0x50 ..\obj\syscalls.o
 .debug_ranges  0x00000da0       0x20 ..\obj\adc.o
 .debug_ranges  0x00000dc0       0x38 ..\obj\usb_bsp.o
 .debug_ranges  0x00000df8       0x78 ..\obj\usbd_req.o
 .debug_ranges  0x00000e70       0x90 ..\obj\queue.o