Archive member included because of file (symbol)

c:/coocox/coide/gcc/sourcery g++ lite/bin/../lib/gcc/arm-none-eabi/4.5.1/thumb2\libgcc.a(_arm_addsubdf3.o)
                              ..\obj\ADS1120.o (__aeabi_dadd)
c:/coocox/coide/gcc/sourcery g++ lite/bin/../lib/gcc/arm-none-eabi/4.5.1/thumb2\libgcc.a(_arm_muldivdf3.o)
                              ..\obj\ADS1120.o (__aeabi_dmul)
c:/coocox/coide/gcc/sourcery g++ lite/bin/../lib/gcc/arm-none-eabi/4.5.1/thumb2\libgcc.a(_arm_cmpdf2.o)
                              ..\obj\timer_properties.o (__aeabi_dcmpeq)
c:/coocox/coide/gcc/sourcery g++ lite/bin/../lib/gcc/arm-none-eabi/4.5.1/thumb2\libgcc.a(_arm_fixunsdfsi.o)
                              ..\obj\timer_properties.o (__aeabi_d2uiz)
c:/coocox/coide/gcc/sourcery g++ lite/bin/../lib/gcc/arm-none-eabi/4.5.1/thumb2\libgcc.a(_arm_truncdfsf2.o)
                              ..\obj\ADS1120.o (__aeabi_d2f)
c:/coocox/coide/gcc/sourcery g++ lite/bin/../lib/gcc/arm-none-eabi/4.5.1/thumb2\libgcc.a(_arm_addsubsf3.o)
                              ..\obj\pid_regulator.o (__aeabi_fsub)
c:/coocox/coide/gcc/sourcery g++ lite/bin/../lib/gcc/arm-none-eabi/4.5.1/thumb2\libgcc.a(_arm_muldivsf3.o)
                              ..\obj\pid_regulator.o (__aeabi_fmul)
c:/coocox/coide/gcc/sourcery g++ lite/bin/../lib/gcc/arm-none-eabi/4.5.1/thumb2\libgcc.a(_arm_cmpsf2.o)
                              ..\obj\pid_regulator.o (__aeabi_fcmplt)
c:/coocox/coide/gcc/sourcery g++ lite/bin/../lib/gcc/arm-none-eabi/4.5.1/thumb2\libgcc.a(_arm_fixsfsi.o)
                              ..\obj\pid_regulator.o (__aeabi_f2iz)
c:/coocox/coide/gcc/sourcery g++ lite/bin/../lib/gcc/arm-none-eabi/4.5.1/thumb2\libgcc.a(_arm_fixunssfsi.o)
                              ..\obj\display.o (__aeabi_f2uiz)
c:/coocox/coide/gcc/sourcery g++ lite/bin/../lib/gcc/arm-none-eabi/4.5.1/../../../../arm-none-eabi/lib/thumb2\libc.a(lib_a-memcmp.o)
                              ..\obj\tasks.o (memcmp)
c:/coocox/coide/gcc/sourcery g++ lite/bin/../lib/gcc/arm-none-eabi/4.5.1/../../../../arm-none-eabi/lib/thumb2\libc.a(lib_a-memcpy.o)
                              ..\obj\queue.o (memcpy)
c:/coocox/coide/gcc/sourcery g++ lite/bin/../lib/gcc/arm-none-eabi/4.5.1/../../../../arm-none-eabi/lib/thumb2\libc.a(lib_a-memset.o)
                              ..\obj\tasks.o (memset)
c:/coocox/coide/gcc/sourcery g++ lite/bin/../lib/gcc/arm-none-eabi/4.5.1/../../../../arm-none-eabi/lib/thumb2\libc.a(lib_a-strncpy.o)
                              ..\obj\tasks.o (strncpy)

Allocating common symbols
Common symbol       size              file

pid_heater          0x1c              ..\obj\pid_regulator.o
ADC_result          0x4               ..\obj\ADS1120.o
xBuzzer_Handle      0x4               ..\obj\buzzer.o
adc_reg             0x1               ..\obj\ADS1120.o
HD44780_Opts        0x7               ..\obj\hd44780.o
xPhazeSemaphore     0x4               ..\obj\phaze_detector.o
usbd_cdc_OtherCfgDesc
                    0x43              ..\obj\usbd_cdc_core.o
xSPI_Buf_Mutex      0x4               ..\obj\ADS1120.o
buzz                0x2               ..\obj\buzzer.o
USB_Rx_Buffer       0x40              ..\obj\usbd_cdc_core.o
ADC_result_temp     0x4               ..\obj\ADS1120.o
ADS1120_res         0x28              ..\obj\ADS1120.o
CmdBuff             0x8               ..\obj\usbd_cdc_core.o
xKeySemaphore       0x4               ..\obj\keyboard.o
xKeyQueue           0x4               ..\obj\keyboard.o
USB_OTG_dev         0x5f0             ..\obj\ADS1120.o
adc_lm35_chnl       0x110             ..\obj\adc.o
mult                0x4               ..\obj\delay.o
APP_Rx_Buffer       0x800             ..\obj\usbd_cdc_core.o
uks_channels        0x498             ..\obj\uks.o
task_watches        0x10              ..\obj\watchdog.o
USBD_StrDesc        0x32              ..\obj\usbd_req.o
phaze_detect        0x6               ..\obj\phaze_detector.o

Discarded input sections

 .text          0x00000000        0x0 ..\obj\stm32f4xx_syscfg.o
 .data          0x00000000        0x0 ..\obj\stm32f4xx_syscfg.o
 .bss           0x00000000        0x0 ..\obj\stm32f4xx_syscfg.o
 .text.SYSCFG_DeInit
                0x00000000       0x20 ..\obj\stm32f4xx_syscfg.o
 .text.SYSCFG_MemoryRemapConfig
                0x00000000       0x20 ..\obj\stm32f4xx_syscfg.o
 .text.SYSCFG_ETH_MediaInterfaceConfig
                0x00000000       0x20 ..\obj\stm32f4xx_syscfg.o
 .text.SYSCFG_CompensationCellCmd
                0x00000000       0x20 ..\obj\stm32f4xx_syscfg.o
 .text.SYSCFG_GetCompensationCellStatus
                0x00000000       0x3c ..\obj\stm32f4xx_syscfg.o
 .text          0x00000000        0x0 ..\obj\usb_core.o
 .data          0x00000000        0x0 ..\obj\usb_core.o
 .bss           0x00000000        0x0 ..\obj\usb_core.o
 .text.USB_OTG_IsHostMode
                0x00000000       0x24 ..\obj\usb_core.o
 .text.USB_OTG_ReadOtgItr
                0x00000000       0x1c ..\obj\usb_core.o
 .text.USB_OTG_ActiveRemoteWakeup
[...]
Memory Configuration

Name             Origin             Length             Attributes
rom              0x08000000         0x00100000         xr
ram              0x20000000         0x00020000         xrw
ram1             0x10000000         0x00010000         xrw
*default*        0x00000000         0xffffffff

Linker script and memory map

                0x20020000                _eram = 0x20020000

.text           0x08000000     0xaa04
 *(.isr_vector .isr_vector.*)
 .isr_vector    0x08000000      0x188 ..\obj\startup_stm32f4xx.o
                0x08000000                g_pfnVectors
 *(.text .text.* .gnu.linkonce.t.*)
 .text.SYSCFG_EXTILineConfig
                0x08000188       0xb4 ..\obj\stm32f4xx_syscfg.o
                0x08000188                SYSCFG_EXTILineConfig
 .text.USB_OTG_EnableCommonInt
                0x0800023c       0x44 ..\obj\usb_core.o
 .text.USB_OTG_CoreReset
                0x08000280       0xa8 ..\obj\usb_core.o
 .text.USB_OTG_WritePacket
                0x08000328       0x88 ..\obj\usb_core.o
                0x08000328                USB_OTG_WritePacket
 .text.USB_OTG_ReadPacket
                0x080003b0       0x68 ..\obj\usb_core.o
                0x080003b0                USB_OTG_ReadPacket
 .text.USB_OTG_SelectCore
                0x08000418      0x1b4 ..\obj\usb_core.o
                0x08000418                USB_OTG_SelectCore
 .text.USB_OTG_CoreInit
                0x080005cc      0x1f8 ..\obj\usb_core.o
                0x080005cc                USB_OTG_CoreInit
 .text.USB_OTG_EnableGlobalInt
                0x080007c4       0x40 ..\obj\usb_core.o
                0x080007c4                USB_OTG_EnableGlobalInt
 .text.USB_OTG_DisableGlobalInt
                0x08000804       0x44 ..\obj\usb_core.o
                0x08000804                USB_OTG_DisableGlobalInt
 .text.USB_OTG_FlushTxFifo
                0x08000848       0x80 ..\obj\usb_core.o
                0x08000848                USB_OTG_FlushTxFifo
 .text.USB_OTG_FlushRxFifo
                0x080008c8       0x6c ..\obj\usb_core.o
                0x080008c8                USB_OTG_FlushRxFifo
 .text.USB_OTG_SetCurrentMode
                0x08000934       0x64 ..\obj\usb_core.o
                0x08000934                USB_OTG_SetCurrentMode
 .text.USB_OTG_GetMode
                0x08000998       0x20 ..\obj\usb_core.o
                0x08000998                USB_OTG_GetMode
 .text.USB_OTG_IsDeviceMode
                0x080009b8       0x24 ..\obj\usb_core.o
                0x080009b8                USB_OTG_IsDeviceMode
 .text.USB_OTG_ReadCoreItr
                0x080009dc       0x34 ..\obj\usb_core.o
                0x080009dc                USB_OTG_ReadCoreItr
 .text.USB_OTG_InitDevSpeed
                0x08000a10       0x38 ..\obj\usb_core.o
                0x08000a10                USB_OTG_InitDevSpeed
 .text.USB_OTG_CoreInitDev
                0x08000a48      0x2d0 ..\obj\usb_core.o
                0x08000a48                USB_OTG_CoreInitDev
 .text.USB_OTG_EnableDevInt
                0x08000d18       0xa8 ..\obj\usb_core.o
                0x08000d18                USB_OTG_EnableDevInt
 .text.USB_OTG_GetDeviceSpeed
                0x08000dc0       0x50 ..\obj\usb_core.o
                0x08000dc0                USB_OTG_GetDeviceSpeed
 .text.USB_OTG_EP0Activate
                0x08000e10       0x84 ..\obj\usb_core.o
                0x08000e10                USB_OTG_EP0Activate
 .text.USB_OTG_EPActivate
                0x08000e94       0xf8 ..\obj\usb_core.o
                0x08000e94                USB_OTG_EPActivate
 .text.USB_OTG_EPDeactivate
                0x08000f8c       0xa4 ..\obj\usb_core.o
                0x08000f8c                USB_OTG_EPDeactivate
 .text.USB_OTG_EPStartXfer
                0x08001030      0x2d4 ..\obj\usb_core.o
                0x08001030                USB_OTG_EPStartXfer
 .text.USB_OTG_EP0StartXfer
                0x08001304      0x208 ..\obj\usb_core.o
                0x08001304                USB_OTG_EP0StartXfer
 .text.USB_OTG_EPSetStall
                0x0800150c       0x94 ..\obj\usb_core.o
                0x0800150c                USB_OTG_EPSetStall
 .text.USB_OTG_EPClearStall
                0x080015a0       0x84 ..\obj\usb_core.o
                0x080015a0                USB_OTG_EPClearStall
 .text.USB_OTG_ReadDevAllOutEp_itr
                0x08001624       0x30 ..\obj\usb_core.o
                0x08001624                USB_OTG_ReadDevAllOutEp_itr
 .text.USB_OTG_ReadDevOutEP_itr
                0x08001654       0x3c ..\obj\usb_core.o
                0x08001654                USB_OTG_ReadDevOutEP_itr
 .text.USB_OTG_ReadDevAllInEPItr
                0x08001690       0x34 ..\obj\usb_core.o
                0x08001690                USB_OTG_ReadDevAllInEPItr
 .text.USB_OTG_EP0_OutStart
                0x080016c4       0x7c ..\obj\usb_core.o
                0x080016c4                USB_OTG_EP0_OutStart
 .text.USB_OTG_UngateClock
                0x08001740       0x54 ..\obj\usb_core.o
                0x08001740                USB_OTG_UngateClock
 .text.TIM2_IRQHandler
                0x08001794       0x50 ..\obj\delay.o
                0x08001794                TIM2_IRQHandler
 .text.DELAY_Init
                0x080017e4       0x2c ..\obj\delay.o
                0x080017e4                DELAY_Init
 .text.DELAY_INT_InitTIM
                0x08001810       0xa8 ..\obj\delay.o
                0x08001810                DELAY_INT_InitTIM
 .text.PID_Heater_Init
                0x080018b8       0x24 ..\obj\pid_regulator.o
                0x080018b8                PID_Heater_Init
 .text.pid_Init
                0x080018dc       0xf4 ..\obj\pid_regulator.o
                0x080018dc                pid_Init
 .text.pid_Controller
                0x080019d0      0x1d8 ..\obj\pid_regulator.o
                0x080019d0                pid_Controller
 .text.PID_Regulator_Task
                0x08001ba8      0x1c8 ..\obj\pid_regulator.o
 .text.USBD_USR_Init
                0x08001d70        0xc ..\obj\usbd_usr.o
                0x08001d70                USBD_USR_Init
 .text.USBD_USR_DeviceReset
                0x08001d7c       0x14 ..\obj\usbd_usr.o
                0x08001d7c                USBD_USR_DeviceReset
 .text.USBD_USR_DeviceConfigured
                0x08001d90        0xc ..\obj\usbd_usr.o
                0x08001d90                USBD_USR_DeviceConfigured
 .text.USBD_USR_DeviceSuspended
                0x08001d9c        0xc ..\obj\usbd_usr.o
                0x08001d9c                USBD_USR_DeviceSuspended
 .text.USBD_USR_DeviceResumed
                0x08001da8        0xc ..\obj\usbd_usr.o
                0x08001da8                USBD_USR_DeviceResumed
 .text.Buzzer_Init
                0x08001db4       0x68 ..\obj\buzzer.o
                0x08001db4                Buzzer_Init
 .text.PWR_PVDLevelConfig
                0x08001e1c       0x44 ..\obj\stm32f4xx_pwr.o
                0x08001e1c                PWR_PVDLevelConfig
 .text.PWR_PVDCmd
                0x08001e60       0x20 ..\obj\stm32f4xx_pwr.o
                0x08001e60                PWR_PVDCmd
 .text.Default_Reset_Handler
                0x08001e80       0x68 ..\obj\startup_stm32f4xx.o
                0x08001e80                Default_Reset_Handler
                0x08001e80                Reset_Handler
 .text.Default_Handler
                0x08001ee8        0x8 ..\obj\startup_stm32f4xx.o
                0x08001ee8                RTC_Alarm_IRQHandler
                0x08001ee8                HASH_RNG_IRQHandler
                0x08001ee8                EXTI2_IRQHandler
                0x08001ee8                TIM8_CC_IRQHandler
                0x08001ee8                DebugMon_Handler
                0x08001ee8                TIM1_CC_IRQHandler
                0x08001ee8                DMA2_Stream5_IRQHandler
                0x08001ee8                HardFault_Handler
                0x08001ee8                DMA1_Stream5_IRQHandler
                0x08001ee8                SDIO_IRQHandler
                0x08001ee8                TAMP_STAMP_IRQHandler
                0x08001ee8                NMI_Handler
                0x08001ee8                CAN2_RX1_IRQHandler
                0x08001ee8                EXTI3_IRQHandler
                0x08001ee8                TIM8_TRG_COM_TIM14_IRQHandler
                0x08001ee8                TIM1_UP_TIM10_IRQHandler
                0x08001ee8                TIM8_UP_TIM13_IRQHandler
                0x08001ee8                I2C3_ER_IRQHandler
                0x08001ee8                I2C2_EV_IRQHandler
                0x08001ee8                DMA1_Stream2_IRQHandler
                0x08001ee8                CAN1_RX0_IRQHandler
                0x08001ee8                FPU_IRQHandler
                0x08001ee8                OTG_HS_WKUP_IRQHandler
                0x08001ee8                UsageFault_Handler
                0x08001ee8                CAN2_SCE_IRQHandler
                0x08001ee8                DMA2_Stream2_IRQHandler
                0x08001ee8                SPI1_IRQHandler
                0x08001ee8                TIM6_DAC_IRQHandler
                0x08001ee8                TIM1_BRK_TIM9_IRQHandler
                0x08001ee8                DCMI_IRQHandler
                0x08001ee8                CAN2_RX0_IRQHandler
                0x08001ee8                DMA2_Stream3_IRQHandler
                0x08001ee8                USART6_IRQHandler
                0x08001ee8                USART3_IRQHandler
                0x08001ee8                CRYP_IRQHandler
                0x08001ee8                CAN1_RX1_IRQHandler
                0x08001ee8                UART5_IRQHandler
                0x08001ee8                DMA2_Stream0_IRQHandler
                0x08001ee8                TIM4_IRQHandler
                0x08001ee8                I2C1_EV_IRQHandler
                0x08001ee8                DMA1_Stream6_IRQHandler
                0x08001ee8                DMA1_Stream1_IRQHandler
                0x08001ee8                UART4_IRQHandler
                0x08001ee8                TIM3_IRQHandler
                0x08001ee8                RCC_IRQHandler
                0x08001ee8                TIM8_BRK_TIM12_IRQHandler
                0x08001ee8                EXTI15_10_IRQHandler
                0x08001ee8                ADC_IRQHandler
                0x08001ee8                DMA1_Stream7_IRQHandler
                0x08001ee8                TIM7_IRQHandler
                0x08001ee8                CAN2_TX_IRQHandler
                0x08001ee8                TIM5_IRQHandler
                0x08001ee8                DMA2_Stream7_IRQHandler
                0x08001ee8                I2C3_EV_IRQHandler
                0x08001ee8                EXTI9_5_IRQHandler
                0x08001ee8                RTC_WKUP_IRQHandler
                0x08001ee8                ETH_WKUP_IRQHandler
                0x08001ee8                SPI2_IRQHandler
                0x08001ee8                OTG_HS_EP1_IN_IRQHandler
                0x08001ee8                MemManage_Handler
                0x08001ee8                DMA1_Stream0_IRQHandler
                0x08001ee8                CAN1_TX_IRQHandler
                0x08001ee8                EXTI4_IRQHandler
                0x08001ee8                FSMC_IRQHandler
                0x08001ee8                ETH_IRQHandler
                0x08001ee8                OTG_HS_EP1_OUT_IRQHandler
                0x08001ee8                WWDG_IRQHandler
                0x08001ee8                TIM1_TRG_COM_TIM11_IRQHandler
                0x08001ee8                OTG_HS_IRQHandler
                0x08001ee8                USART2_IRQHandler
                0x08001ee8                I2C2_ER_IRQHandler
                0x08001ee8                DMA2_Stream1_IRQHandler
                0x08001ee8                CAN1_SCE_IRQHandler
                0x08001ee8                FLASH_IRQHandler
                0x08001ee8                DMA2_Stream4_IRQHandler
                0x08001ee8                BusFault_Handler
                0x08001ee8                USART1_IRQHandler
                0x08001ee8                SPI3_IRQHandler
                0x08001ee8                DMA1_Stream4_IRQHandler
                0x08001ee8                I2C1_ER_IRQHandler
                0x08001ee8                DMA2_Stream6_IRQHandler
                0x08001ee8                DMA1_Stream3_IRQHandler
 .text.ADS1120_init
                0x08001ef0       0x4c ..\obj\ADS1120.o
                0x08001ef0                ADS1120_init
 .text.SPI2_config
                0x08001f3c      0x170 ..\obj\ADS1120.o
 .text.SPI2_send
                0x080020ac       0x60 ..\obj\ADS1120.o
                0x080020ac                SPI2_send
 .text.SPI2_read
                0x0800210c       0x14 ..\obj\ADS1120.o
                0x0800210c                SPI2_read
 .text.ADS1120_task
                0x08002120      0x194 ..\obj\ADS1120.o
 .text.PT100_Code_To_Temperature
                0x080022b4       0xa0 ..\obj\ADS1120.o
                0x080022b4                PT100_Code_To_Temperature
 .text.USBD_Init
                0x08002354       0x58 ..\obj\usbd_core.o
                0x08002354                USBD_Init
 .text.USBD_DeInit
                0x080023ac       0x18 ..\obj\usbd_core.o
                0x080023ac                USBD_DeInit
 .text.USBD_SetupStage
                0x080023c4       0x70 ..\obj\usbd_core.o
 .text.USBD_DataOutStage
                0x08002434       0xd4 ..\obj\usbd_core.o
 .text.USBD_DataInStage
                0x08002508      0x114 ..\obj\usbd_core.o
 .text.USBD_Reset
                0x0800261c       0x54 ..\obj\usbd_core.o
 .text.USBD_Resume
                0x08002670       0x2c ..\obj\usbd_core.o
 .text.USBD_Suspend
                0x0800269c       0x2c ..\obj\usbd_core.o
 .text.USBD_SOF
                0x080026c8       0x30 ..\obj\usbd_core.o
 .text.USBD_SetCfg
                0x080026f8       0x34 ..\obj\usbd_core.o
                0x080026f8                USBD_SetCfg
 .text.USBD_ClrCfg
                0x0800272c       0x2c ..\obj\usbd_core.o
                0x0800272c                USBD_ClrCfg
 .text.USBD_IsoINIncomplete
                0x08002758       0x24 ..\obj\usbd_core.o
 .text.USBD_IsoOUTIncomplete
                0x0800277c       0x24 ..\obj\usbd_core.o
 .text.main     0x080027a0       0x58 ..\obj\main.o
                0x080027a0                main
 .text.vApplicationMallocFailedHook
                0x080027f8        0x8 ..\obj\main.o
                0x080027f8                vApplicationMallocFailedHook
 .text.vApplicationStackOverflowHook
                0x08002800        0xc ..\obj\main.o
                0x08002800                vApplicationStackOverflowHook
 .text.vApplicationIdleHook
                0x0800280c       0x18 ..\obj\main.o
                0x0800280c                vApplicationIdleHook
 .text.RCC_GetClocksFreq
                0x08002824      0x1d4 ..\obj\stm32f4xx_rcc.o
                0x08002824                RCC_GetClocksFreq
 .text.RCC_AHB1PeriphClockCmd
                0x080029f8       0x5c ..\obj\stm32f4xx_rcc.o
                0x080029f8                RCC_AHB1PeriphClockCmd
 .text.RCC_AHB2PeriphClockCmd
                0x08002a54       0x5c ..\obj\stm32f4xx_rcc.o
                0x08002a54                RCC_AHB2PeriphClockCmd
 .text.RCC_APB1PeriphClockCmd
                0x08002ab0       0x5c ..\obj\stm32f4xx_rcc.o
                0x08002ab0                RCC_APB1PeriphClockCmd
 .text.RCC_APB2PeriphClockCmd
                0x08002b0c       0x5c ..\obj\stm32f4xx_rcc.o
                0x08002b0c                RCC_APB2PeriphClockCmd
 .text.RCC_APB1PeriphResetCmd
                0x08002b68       0x5c ..\obj\stm32f4xx_rcc.o
                0x08002b68                RCC_APB1PeriphResetCmd
 .text.RCC_APB2PeriphResetCmd
                0x08002bc4       0x5c ..\obj\stm32f4xx_rcc.o
                0x08002bc4                RCC_APB2PeriphResetCmd
 .text.ADC_DeInit
                0x08002c20       0x20 ..\obj\stm32f4xx_adc.o
                0x08002c20                ADC_DeInit
 .text.ADC_Init
                0x08002c40       0xc4 ..\obj\stm32f4xx_adc.o
                0x08002c40                ADC_Init
 .text.ADC_StructInit
                0x08002d04       0x4c ..\obj\stm32f4xx_adc.o
                0x08002d04                ADC_StructInit
 .text.ADC_CommonInit
                0x08002d50       0x60 ..\obj\stm32f4xx_adc.o
                0x08002d50                ADC_CommonInit
 .text.ADC_CommonStructInit
                0x08002db0       0x34 ..\obj\stm32f4xx_adc.o
                0x08002db0                ADC_CommonStructInit
 .text.ADC_Cmd  0x08002de4       0x38 ..\obj\stm32f4xx_adc.o
                0x08002de4                ADC_Cmd
 .text.ADC_RegularChannelConfig
                0x08002e1c      0x1d0 ..\obj\stm32f4xx_adc.o
                0x08002e1c                ADC_RegularChannelConfig
 .text.ADC_GetFlagStatus
                0x08002fec       0x40 ..\obj\stm32f4xx_adc.o
                0x08002fec                ADC_GetFlagStatus
 .text.PutChar  0x0800302c       0x24 ..\obj\printf.o
                0x0800302c                PutChar
 .text.PutString
                0x08003050       0x48 ..\obj\printf.o
                0x08003050                PutString
 .text.PutUnsignedInt
                0x08003098       0xbc ..\obj\printf.o
                0x08003098                PutUnsignedInt
 .text.PutSignedInt
                0x08003154      0x12c ..\obj\printf.o
                0x08003154                PutSignedInt
 .text.PutHexa  0x08003280       0xe8 ..\obj\printf.o
                0x08003280                PutHexa
 .text.vsnprintf
                0x08003368      0x2a4 ..\obj\printf.o
                0x08003368                vsnprintf
 .text.vsprintf
                0x0800360c       0x28 ..\obj\printf.o
                0x0800360c                vsprintf
 .text.sprintf  0x08003634       0x30 ..\obj\printf.o
                0x08003634                sprintf
 .text.NVIC_EnableIRQ
                0x08003664       0x38 ..\obj\phaze_detector.o
 .text.Phaze_Detector_Init
                0x0800369c      0x174 ..\obj\phaze_detector.o
                0x0800369c                Phaze_Detector_Init
 .text.Set_Heater_Power
                0x08003810       0x58 ..\obj\phaze_detector.o
                0x08003810                Set_Heater_Power
 .text.EXTI0_IRQHandler
                0x08003868      0x114 ..\obj\phaze_detector.o
                0x08003868                EXTI0_IRQHandler
 .text.EXTI1_IRQHandler
                0x0800397c       0x38 ..\obj\phaze_detector.o
                0x0800397c                EXTI1_IRQHandler
 .text.Display_Init
                0x080039b4       0x4c ..\obj\display.o
                0x080039b4                Display_Init
 .text.Display_Task
                0x08003a00      0x198 ..\obj\display.o
                0x08003a00                Display_Task
 .text.Delay    0x08003b98       0x44 ..\obj\hd44780.o
 .text.HD44780_Init
                0x08003bdc      0x110 ..\obj\hd44780.o
                0x08003bdc                HD44780_Init
 .text.HD44780_InitPins
                0x08003cec       0x80 ..\obj\hd44780.o
                0x08003cec                HD44780_InitPins
 .text.HD44780_Clear
                0x08003d6c       0x18 ..\obj\hd44780.o
                0x08003d6c                HD44780_Clear
 .text.HD44780_Cmd
                0x08003d84       0x28 ..\obj\hd44780.o
                0x08003d84                HD44780_Cmd
 .text.HD44780_Data
                0x08003dac       0x28 ..\obj\hd44780.o
                0x08003dac                HD44780_Data
 .text.HD44780_Cmd4bit
                0x08003dd4       0xb0 ..\obj\hd44780.o
                0x08003dd4                HD44780_Cmd4bit
 .text.HD44780_Cmd8bit
                0x08003e84       0xb0 ..\obj\hd44780.o
                0x08003e84                HD44780_Cmd8bit
 .text.HD44780_CursorSet
                0x08003f34       0x74 ..\obj\hd44780.o
                0x08003f34                HD44780_CursorSet
 .text.HD44780_Puts
                0x08003fa8      0x114 ..\obj\hd44780.o
                0x08003fa8                HD44780_Puts
 .text.HD44780_DisplayOn
                0x080040bc       0x38 ..\obj\hd44780.o
                0x080040bc                HD44780_DisplayOn
 .text.xTaskGenericCreate
                0x080040f4      0x1f8 ..\obj\tasks.o
                0x080040f4                xTaskGenericCreate
 .text.vTaskDelay
                0x080042ec       0x5c ..\obj\tasks.o
                0x080042ec                vTaskDelay
 .text.vTaskStartScheduler
                0x08004348       0x84 ..\obj\tasks.o
                0x08004348                vTaskStartScheduler
 .text.vTaskSuspendAll
                0x080043cc       0x24 ..\obj\tasks.o
                0x080043cc                vTaskSuspendAll
 .text.xTaskResumeAll
                0x080043f0      0x16c ..\obj\tasks.o
                0x080043f0                xTaskResumeAll
 .text.vTaskIncrementTick
                0x0800455c      0x1d0 ..\obj\tasks.o
                0x0800455c                vTaskIncrementTick
 .text.vTaskSwitchContext
                0x0800472c      0x168 ..\obj\tasks.o
                0x0800472c                vTaskSwitchContext
 .text.vTaskPlaceOnEventList
                0x08004894       0x88 ..\obj\tasks.o
                0x08004894                vTaskPlaceOnEventList
 .text.xTaskRemoveFromEventList
                0x0800491c       0xd4 ..\obj\tasks.o
                0x0800491c                xTaskRemoveFromEventList
 .text.vTaskSetTimeOutState
                0x080049f0       0x40 ..\obj\tasks.o
                0x080049f0                vTaskSetTimeOutState
 .text.xTaskCheckForTimeOut
                0x08004a30       0xc4 ..\obj\tasks.o
                0x08004a30                xTaskCheckForTimeOut
 .text.vTaskMissedYield
                0x08004af4       0x18 ..\obj\tasks.o
                0x08004af4                vTaskMissedYield
 .text.prvIdleTask
                0x08004b0c       0x24 ..\obj\tasks.o
 .text.prvInitialiseTCBVariables
                0x08004b30       0x7c ..\obj\tasks.o
 .text.prvInitialiseTaskLists
                0x08004bac       0xa4 ..\obj\tasks.o
 .text.prvCheckTasksWaitingTermination
                0x08004c50       0x98 ..\obj\tasks.o
 .text.prvAddCurrentTaskToDelayedList
                0x08004ce8       0x8c ..\obj\tasks.o
 .text.prvAllocateTCBAndStack
                0x08004d74       0x74 ..\obj\tasks.o
 .text.prvDeleteTCB
                0x08004de8       0x20 ..\obj\tasks.o
 .text.xTaskGetCurrentTaskHandle
                0x08004e08       0x20 ..\obj\tasks.o
                0x08004e08                xTaskGetCurrentTaskHandle
 .text.vTaskPriorityInherit
                0x08004e28       0xe8 ..\obj\tasks.o
                0x08004e28                vTaskPriorityInherit
 .text.vTaskPriorityDisinherit
                0x08004f10       0x90 ..\obj\tasks.o
                0x08004f10                vTaskPriorityDisinherit
 .text.USBD_USR_DeviceDescriptor
                0x08004fa0       0x28 ..\obj\usbd_desc.o
                0x08004fa0                USBD_USR_DeviceDescriptor
 .text.USBD_USR_LangIDStrDescriptor
                0x08004fc8       0x28 ..\obj\usbd_desc.o
                0x08004fc8                USBD_USR_LangIDStrDescriptor
 .text.USBD_USR_ProductStrDescriptor
                0x08004ff0       0x54 ..\obj\usbd_desc.o
                0x08004ff0                USBD_USR_ProductStrDescriptor
 .text.USBD_USR_ManufacturerStrDescriptor
                0x08005044       0x34 ..\obj\usbd_desc.o
                0x08005044                USBD_USR_ManufacturerStrDescriptor
 .text.USBD_USR_SerialStrDescriptor
                0x08005078       0x54 ..\obj\usbd_desc.o
                0x08005078                USBD_USR_SerialStrDescriptor
 .text.USBD_USR_ConfigStrDescriptor
                0x080050cc       0x54 ..\obj\usbd_desc.o
                0x080050cc                USBD_USR_ConfigStrDescriptor
 .text.USBD_USR_InterfaceStrDescriptor
                0x08005120       0x54 ..\obj\usbd_desc.o
                0x08005120                USBD_USR_InterfaceStrDescriptor
 .text.GPIO_Init
                0x08005174      0x158 ..\obj\stm32f4xx_gpio.o
                0x08005174                GPIO_Init
 .text.GPIO_StructInit
                0x080052cc       0x3c ..\obj\stm32f4xx_gpio.o
                0x080052cc                GPIO_StructInit
 .text.GPIO_ReadInputDataBit
                0x08005308       0x40 ..\obj\stm32f4xx_gpio.o
                0x08005308                GPIO_ReadInputDataBit
 .text.GPIO_WriteBit
                0x08005348       0x30 ..\obj\stm32f4xx_gpio.o
                0x08005348                GPIO_WriteBit
 .text.GPIO_PinAFConfig
                0x08005378       0xb0 ..\obj\stm32f4xx_gpio.o
                0x08005378                GPIO_PinAFConfig
 .text.VCP_Init
                0x08005428       0x10 ..\obj\usbd_cdc_vcp.o
 .text.VCP_DeInit
                0x08005438       0x10 ..\obj\usbd_cdc_vcp.o
 .text.VCP_Ctrl
                0x08005448       0xbc ..\obj\usbd_cdc_vcp.o
 .text.VCP_DataTx
                0x08005504       0x7c ..\obj\usbd_cdc_vcp.o
                0x08005504                VCP_DataTx
 .text.VCP_DataRx
                0x08005580       0xe0 ..\obj\usbd_cdc_vcp.o
 .text.vListInitialise
                0x08005660       0x48 ..\obj\list.o
                0x08005660                vListInitialise
 .text.vListInitialiseItem
                0x080056a8       0x1c ..\obj\list.o
                0x080056a8                vListInitialiseItem
 .text.vListInsertEnd
                0x080056c4       0x54 ..\obj\list.o
                0x080056c4                vListInsertEnd
 .text.vListInsert
                0x08005718       0x78 ..\obj\list.o
                0x08005718                vListInsert
 .text.vListRemove
                0x08005790       0x54 ..\obj\list.o
                0x08005790                vListRemove
 .text.SystemInit
                0x080057e4       0x94 ..\obj\system_stm32f4xx.o
                0x080057e4                SystemInit
 .text.SetSysClock
                0x08005878      0x150 ..\obj\system_stm32f4xx.o
 .text.ADC_Channel_Init
                0x080059c8      0x114 ..\obj\adc.o
                0x080059c8                ADC_Channel_Init
 .text.bubblesort
                0x08005adc       0xa4 ..\obj\adc.o
                0x08005adc                bubblesort
 .text.ADC_Task
                0x08005b80      0x13c ..\obj\adc.o
 .text.USB_OTG_BSP_Init
                0x08005cbc      0x100 ..\obj\usb_bsp.o
                0x08005cbc                USB_OTG_BSP_Init
 .text.USB_OTG_BSP_EnableInterrupt
                0x08005dbc       0x3c ..\obj\usb_bsp.o
                0x08005dbc                USB_OTG_BSP_EnableInterrupt
 .text.USB_OTG_BSP_uDelay
                0x08005df8       0x58 ..\obj\usb_bsp.o
                0x08005df8                USB_OTG_BSP_uDelay
 .text.USB_OTG_BSP_mDelay
                0x08005e50       0x20 ..\obj\usb_bsp.o
                0x08005e50                USB_OTG_BSP_mDelay
 .text.OTG_FS_WKUP_IRQHandler
                0x08005e70       0x44 ..\obj\usb_bsp.o
                0x08005e70                OTG_FS_WKUP_IRQHandler
 .text.OTG_FS_IRQHandler
                0x08005eb4       0x14 ..\obj\usb_bsp.o
                0x08005eb4                OTG_FS_IRQHandler
 .text.USBD_StdDevReq
                0x08005ec8       0xa4 ..\obj\usbd_req.o
                0x08005ec8                USBD_StdDevReq
 .text.USBD_StdItfReq
                0x08005f6c       0x70 ..\obj\usbd_req.o
                0x08005f6c                USBD_StdItfReq
 .text.USBD_StdEPReq
                0x08005fdc      0x1d8 ..\obj\usbd_req.o
                0x08005fdc                USBD_StdEPReq
 .text.USBD_GetDescriptor
                0x080061b4      0x1c8 ..\obj\usbd_req.o
 .text.USBD_SetAddress
                0x0800637c       0x80 ..\obj\usbd_req.o
 .text.USBD_SetConfig
                0x080063fc      0x134 ..\obj\usbd_req.o
 .text.USBD_GetConfig
                0x08006530       0x68 ..\obj\usbd_req.o
 .text.USBD_GetStatus
                0x08006598       0x68 ..\obj\usbd_req.o
 .text.USBD_SetFeature
                0x08006600       0xe0 ..\obj\usbd_req.o
 .text.USBD_ClrFeature
                0x080066e0       0x58 ..\obj\usbd_req.o
 .text.USBD_ParseSetupRequest
                0x08006738       0xbc ..\obj\usbd_req.o
                0x08006738                USBD_ParseSetupRequest
 .text.USBD_CtlError
                0x080067f4       0x50 ..\obj\usbd_req.o
                0x080067f4                USBD_CtlError
 .text.USBD_GetString
                0x08006844       0x9c ..\obj\usbd_req.o
                0x08006844                USBD_GetString
 .text.USBD_GetLen
                0x080068e0       0x38 ..\obj\usbd_req.o
 .text.xQueueGenericReset
                0x08006918       0xc0 ..\obj\queue.o
                0x08006918                xQueueGenericReset
 .text.xQueueGenericCreate
                0x080069d8       0x90 ..\obj\queue.o
                0x080069d8                xQueueGenericCreate
 .text.xQueueGenericSend
                0x08006a68      0x158 ..\obj\queue.o
                0x08006a68                xQueueGenericSend
 .text.xQueueGenericSendFromISR
                0x08006bc0       0xcc ..\obj\queue.o
                0x08006bc0                xQueueGenericSendFromISR
 .text.xQueueGenericReceive
                0x08006c8c      0x1bc ..\obj\queue.o
                0x08006c8c                xQueueGenericReceive
 .text.prvCopyDataToQueue
                0x08006e48       0xc4 ..\obj\queue.o
 .text.prvCopyDataFromQueue
                0x08006f0c       0x50 ..\obj\queue.o
 .text.prvUnlockQueue
                0x08006f5c       0xa0 ..\obj\queue.o
 .text.prvIsQueueEmpty
                0x08006ffc       0x2c ..\obj\queue.o
 .text.prvIsQueueFull
                0x08007028       0x30 ..\obj\queue.o
 .text.pxPortInitialiseStack
                0x08007058       0x60 ..\obj\port.o
                0x08007058                pxPortInitialiseStack
 .text.SVC_Handler
                0x080070b8       0x20 ..\obj\port.o
                0x080070b8                SVC_Handler
 .text.vPortStartFirstTask
                0x080070d8       0x14 ..\obj\port.o
                0x080070d8                vPortStartFirstTask
 .text.xPortStartScheduler
                0x080070ec       0x54 ..\obj\port.o
                0x080070ec                xPortStartScheduler
 .text.vPortYieldFromISR
                0x08007140       0x18 ..\obj\port.o
                0x08007140                vPortYieldFromISR
 .text.vPortEnterCritical
                0x08007158       0x2c ..\obj\port.o
                0x08007158                vPortEnterCritical
 .text.vPortExitCritical
                0x08007184       0x38 ..\obj\port.o
                0x08007184                vPortExitCritical
 .text.PendSV_Handler
                0x080071bc       0x3c ..\obj\port.o
                0x080071bc                PendSV_Handler
 .text.SysTick_Handler
                0x080071f8       0x38 ..\obj\port.o
                0x080071f8                SysTick_Handler
 .text.prvSetupTimerInterrupt
                0x08007230       0x28 ..\obj\port.o
 .text.USBD_OTG_ISR_Handler
                0x08007258      0x178 ..\obj\usb_dcd_int.o
                0x08007258                USBD_OTG_ISR_Handler
 .text.DCD_HandleResume_ISR
                0x080073d0       0x90 ..\obj\usb_dcd_int.o
 .text.DCD_HandleUSBSuspend_ISR
                0x08007460       0xb4 ..\obj\usb_dcd_int.o
 .text.DCD_HandleInEP_ISR
                0x08007514      0x234 ..\obj\usb_dcd_int.o
 .text.DCD_HandleOutEP_ISR
                0x08007748      0x1b4 ..\obj\usb_dcd_int.o
 .text.DCD_HandleSof_ISR
                0x080078fc       0x3c ..\obj\usb_dcd_int.o
 .text.DCD_HandleRxStatusQueueLevel_ISR
                0x08007938      0x120 ..\obj\usb_dcd_int.o
 .text.DCD_WriteEmptyTxFifo
                0x08007a58      0x134 ..\obj\usb_dcd_int.o
 .text.DCD_HandleUsbReset_ISR
                0x08007b8c      0x168 ..\obj\usb_dcd_int.o
 .text.DCD_HandleEnumDone_ISR
                0x08007cf4       0x88 ..\obj\usb_dcd_int.o
 .text.DCD_IsoINIncomplete_ISR
                0x08007d7c       0x3c ..\obj\usb_dcd_int.o
 .text.DCD_IsoOUTIncomplete_ISR
                0x08007db8       0x3c ..\obj\usb_dcd_int.o
 .text.DCD_ReadDevInEP
                0x08007df4       0x60 ..\obj\usb_dcd_int.o
 .text.usbd_cdc_Init
                0x08007e54       0xd0 ..\obj\usbd_cdc_core.o
 .text.usbd_cdc_DeInit
                0x08007f24       0x4c ..\obj\usbd_cdc_core.o
 .text.usbd_cdc_Setup
                0x08007f70      0x168 ..\obj\usbd_cdc_core.o
 .text.usbd_cdc_EP0_RxReady
                0x080080d8       0x60 ..\obj\usbd_cdc_core.o
 .text.usbd_cdc_DataIn
                0x08008138      0x128 ..\obj\usbd_cdc_core.o
 .text.usbd_cdc_DataOut
                0x08008260       0x6c ..\obj\usbd_cdc_core.o
 .text.usbd_cdc_SOF
                0x080082cc       0x50 ..\obj\usbd_cdc_core.o
 .text.Handle_USBAsynchXfer
                0x0800831c      0x1a8 ..\obj\usbd_cdc_core.o
 .text.USBD_cdc_GetCfgDesc
                0x080084c4       0x28 ..\obj\usbd_cdc_core.o
 .text.TIMER_PROPERTIES_GetTimerProperties
                0x080084ec      0x124 ..\obj\timer_properties.o
                0x080084ec                TIMER_PROPERTIES_GetTimerProperties
 .text.TIMER_PROPERTIES_GenerateDataForWorkingFrequency
                0x08008610      0x164 ..\obj\timer_properties.o
                0x08008610                TIMER_PROPERTIES_GenerateDataForWorkingFrequency
 .text.TIMER_PROPERTIES_EnableClock
                0x08008774      0x198 ..\obj\timer_properties.o
                0x08008774                TIMER_PROPERTIES_EnableClock
 .text.SPI_Init
                0x0800890c       0x98 ..\obj\stm32f4xx_spi.o
                0x0800890c                SPI_Init
 .text.SPI_Cmd  0x080089a4       0x40 ..\obj\stm32f4xx_spi.o
                0x080089a4                SPI_Cmd
 .text.SPI_CalculateCRC
                0x080089e4       0x40 ..\obj\stm32f4xx_spi.o
                0x080089e4                SPI_CalculateCRC
 .text.EXTI_Init
                0x08008a24      0x158 ..\obj\stm32f4xx_exti.o
                0x08008a24                EXTI_Init
 .text.EXTI_GetITStatus
                0x08008b7c       0x60 ..\obj\stm32f4xx_exti.o
                0x08008b7c                EXTI_GetITStatus
 .text.EXTI_ClearITPendingBit
                0x08008bdc       0x20 ..\obj\stm32f4xx_exti.o
                0x08008bdc                EXTI_ClearITPendingBit
 .text.NVIC_PriorityGroupConfig
                0x08008bfc       0x28 ..\obj\misc.o
                0x08008bfc                NVIC_PriorityGroupConfig
 .text.NVIC_Init
                0x08008c24       0xe8 ..\obj\misc.o
                0x08008c24                NVIC_Init
 .text.DCD_Init
                0x08008d0c      0x12c ..\obj\usb_dcd.o
                0x08008d0c                DCD_Init
 .text.DCD_EP_Open
                0x08008e38       0xac ..\obj\usb_dcd.o
                0x08008e38                DCD_EP_Open
 .text.DCD_EP_Close
                0x08008ee4       0x7c ..\obj\usb_dcd.o
                0x08008ee4                DCD_EP_Close
 .text.DCD_EP_PrepareRx
                0x08008f60       0x8c ..\obj\usb_dcd.o
                0x08008f60                DCD_EP_PrepareRx
 .text.DCD_EP_Tx
                0x08008fec       0x84 ..\obj\usb_dcd.o
                0x08008fec                DCD_EP_Tx
 .text.DCD_EP_Stall
                0x08009070       0x80 ..\obj\usb_dcd.o
                0x08009070                DCD_EP_Stall
 .text.DCD_EP_ClrStall
                0x080090f0       0x80 ..\obj\usb_dcd.o
                0x080090f0                DCD_EP_ClrStall
 .text.DCD_EP_SetAddress
                0x08009170       0x40 ..\obj\usb_dcd.o
                0x08009170                DCD_EP_SetAddress
 .text.pvPortMalloc
                0x080091b0       0xa4 ..\obj\heap_1.o
                0x080091b0                pvPortMalloc
 .text.vPortFree
                0x08009254       0x14 ..\obj\heap_1.o
                0x08009254                vPortFree
 .text.xPortGetFreeHeapSize
                0x08009268       0x1c ..\obj\heap_1.o
                0x08009268                xPortGetFreeHeapSize
 .text.USBD_CtlSendData
                0x08009284       0x48 ..\obj\usbd_ioreq.o
                0x08009284                USBD_CtlSendData
 .text.USBD_CtlContinueSendData
                0x080092cc       0x30 ..\obj\usbd_ioreq.o
                0x080092cc                USBD_CtlContinueSendData
 .text.USBD_CtlPrepareRx
                0x080092fc       0x48 ..\obj\usbd_ioreq.o
                0x080092fc                USBD_CtlPrepareRx
 .text.USBD_CtlContinueRx
                0x08009344       0x30 ..\obj\usbd_ioreq.o
                0x08009344                USBD_CtlContinueRx
 .text.USBD_CtlSendStatus
                0x08009374       0x3c ..\obj\usbd_ioreq.o
                0x08009374                USBD_CtlSendStatus
 .text.USBD_CtlReceiveStatus
                0x080093b0       0x3c ..\obj\usbd_ioreq.o
                0x080093b0                USBD_CtlReceiveStatus
 .text.TIM_TimeBaseInit
                0x080093ec       0xf8 ..\obj\stm32f4xx_tim.o
                0x080093ec                TIM_TimeBaseInit
 .text.TIM_Cmd  0x080094e4       0x40 ..\obj\stm32f4xx_tim.o
                0x080094e4                TIM_Cmd
 .text.TIM_ITConfig
                0x08009524       0x4c ..\obj\stm32f4xx_tim.o
                0x08009524                TIM_ITConfig
 .text.TIM_ClearITPendingBit
                0x08009570       0x24 ..\obj\stm32f4xx_tim.o
                0x08009570                TIM_ClearITPendingBit
 .text.NVIC_SystemReset
                0x08009594       0x34 ..\obj\power_detector.o
 .text.Power_Detector_Init
                0x080095c8       0x80 ..\obj\power_detector.o
                0x080095c8                Power_Detector_Init
 .text.PVD_IRQHandler
                0x08009648       0x20 ..\obj\power_detector.o
                0x08009648                PVD_IRQHandler
 .text          0x08009668      0x370 c:/coocox/coide/gcc/sourcery g++ lite/bin/../lib/gcc/arm-none-eabi/4.5.1/thumb2\libgcc.a(_arm_addsubdf3.o)
                0x08009668                __aeabi_drsub
                0x08009670                __aeabi_dsub
                0x08009670                __subdf3
                0x08009674                __aeabi_dadd
                0x08009674                __adddf3
                0x080098ec                __floatunsidf
                0x080098ec                __aeabi_ui2d
                0x0800990c                __floatsidf
                0x0800990c                __aeabi_i2d
                0x08009930                __aeabi_f2d
                0x08009930                __extendsfdf2
                0x0800996c                __floatundidf
                0x0800996c                __aeabi_ul2d
                0x0800997c                __floatdidf
                0x0800997c                __aeabi_l2d
 .text          0x080099d8      0x424 c:/coocox/coide/gcc/sourcery g++ lite/bin/../lib/gcc/arm-none-eabi/4.5.1/thumb2\libgcc.a(_arm_muldivdf3.o)
                0x080099d8                __aeabi_dmul
                0x080099d8                __muldf3
                0x08009c2c                __divdf3
                0x08009c2c                __aeabi_ddiv
 .text          0x08009dfc      0x110 c:/coocox/coide/gcc/sourcery g++ lite/bin/../lib/gcc/arm-none-eabi/4.5.1/thumb2\libgcc.a(_arm_cmpdf2.o)
                0x08009dfc                __gtdf2
                0x08009dfc                __gedf2
                0x08009e04                __ltdf2
                0x08009e04                __ledf2
                0x08009e0c                __nedf2
                0x08009e0c                __eqdf2
                0x08009e0c                __cmpdf2
                0x08009e88                __aeabi_cdrcmple
                0x08009e98                __aeabi_cdcmpeq
                0x08009e98                __aeabi_cdcmple
                0x08009ea8                __aeabi_dcmpeq
                0x08009ebc                __aeabi_dcmplt
                0x08009ed0                __aeabi_dcmple
                0x08009ee4                __aeabi_dcmpge
                0x08009ef8                __aeabi_dcmpgt
 .text          0x08009f0c       0x40 c:/coocox/coide/gcc/sourcery g++ lite/bin/../lib/gcc/arm-none-eabi/4.5.1/thumb2\libgcc.a(_arm_fixunsdfsi.o)
                0x08009f0c                __aeabi_d2uiz
                0x08009f0c                __fixunsdfsi
 .text          0x08009f4c       0xa0 c:/coocox/coide/gcc/sourcery g++ lite/bin/../lib/gcc/arm-none-eabi/4.5.1/thumb2\libgcc.a(_arm_truncdfsf2.o)
                0x08009f4c                __truncdfsf2
                0x08009f4c                __aeabi_d2f
 .text          0x08009fec      0x21c c:/coocox/coide/gcc/sourcery g++ lite/bin/../lib/gcc/arm-none-eabi/4.5.1/thumb2\libgcc.a(_arm_addsubsf3.o)
                0x08009fec                __aeabi_frsub
                0x08009ff4                __subsf3
                0x08009ff4                __aeabi_fsub
                0x08009ff8                __aeabi_fadd
                0x08009ff8                __addsf3
                0x0800a158                __aeabi_ui2f
                0x0800a158                __floatunsisf
                0x0800a160                __aeabi_i2f
                0x0800a160                __floatsisf
                0x0800a17c                __aeabi_ul2f
                0x0800a17c                __floatundisf
                0x0800a18c                __aeabi_l2f
                0x0800a18c                __floatdisf
 .text          0x0800a208      0x2a0 c:/coocox/coide/gcc/sourcery g++ lite/bin/../lib/gcc/arm-none-eabi/4.5.1/thumb2\libgcc.a(_arm_muldivsf3.o)
                0x0800a208                __mulsf3
                0x0800a208                __aeabi_fmul
                0x0800a370                __aeabi_fdiv
                0x0800a370                __divsf3
 .text          0x0800a4a8       0xec c:/coocox/coide/gcc/sourcery g++ lite/bin/../lib/gcc/arm-none-eabi/4.5.1/thumb2\libgcc.a(_arm_cmpsf2.o)
                0x0800a4a8                __gesf2
                0x0800a4a8                __gtsf2
                0x0800a4b0                __lesf2
                0x0800a4b0                __ltsf2
                0x0800a4b8                __nesf2
                0x0800a4b8                __eqsf2
                0x0800a4b8                __cmpsf2
                0x0800a518                __aeabi_cfrcmple
                0x0800a520                __aeabi_cfcmpeq
                0x0800a520                __aeabi_cfcmple
                0x0800a530                __aeabi_fcmpeq
                0x0800a544                __aeabi_fcmplt
                0x0800a558                __aeabi_fcmple
                0x0800a56c                __aeabi_fcmpge
                0x0800a580                __aeabi_fcmpgt
 .text          0x0800a594       0x4c c:/coocox/coide/gcc/sourcery g++ lite/bin/../lib/gcc/arm-none-eabi/4.5.1/thumb2\libgcc.a(_arm_fixsfsi.o)
                0x0800a594                __aeabi_f2iz
                0x0800a594                __fixsfsi
 .text          0x0800a5e0       0x40 c:/coocox/coide/gcc/sourcery g++ lite/bin/../lib/gcc/arm-none-eabi/4.5.1/thumb2\libgcc.a(_arm_fixunssfsi.o)
                0x0800a5e0                __fixunssfsi
                0x0800a5e0                __aeabi_f2uiz
 .text          0x0800a620       0x58 c:/coocox/coide/gcc/sourcery g++ lite/bin/../lib/gcc/arm-none-eabi/4.5.1/../../../../arm-none-eabi/lib/thumb2\libc.a(lib_a-memcmp.o)
                0x0800a620                memcmp
 .text          0x0800a678      0x150 c:/coocox/coide/gcc/sourcery g++ lite/bin/../lib/gcc/arm-none-eabi/4.5.1/../../../../arm-none-eabi/lib/thumb2\libc.a(lib_a-memcpy.o)
                0x0800a678                memcpy
 .text          0x0800a7c8       0xb4 c:/coocox/coide/gcc/sourcery g++ lite/bin/../lib/gcc/arm-none-eabi/4.5.1/../../../../arm-none-eabi/lib/thumb2\libc.a(lib_a-memset.o)
                0x0800a7c8                memset
 .text          0x0800a87c       0x7c c:/coocox/coide/gcc/sourcery g++ lite/bin/../lib/gcc/arm-none-eabi/4.5.1/../../../../arm-none-eabi/lib/thumb2\libc.a(lib_a-strncpy.o)
                0x0800a87c                strncpy
 *(.glue_7t)
 .glue_7t       0x00000000        0x0 linker stubs
 *(.glue_7)
 .glue_7        0x00000000        0x0 linker stubs
 *(.rodata .rodata* .gnu.linkonce.r.*)
 .rodata        0x0800a8f8        0x4 ..\obj\pid_regulator.o
 .rodata        0x0800a8fc       0x10 ..\obj\ADS1120.o
 .rodata        0x0800a90c       0x3c ..\obj\display.o
 .rodata        0x0800a948        0x4 ..\obj\hd44780.o
 .rodata        0x0800a94c       0x1c ..\obj\tasks.o
 .rodata        0x0800a968       0x98 ..\obj\usbd_desc.o
 .rodata        0x0800aa00        0x4 ..\obj\adc.o

.vfp11_veneer   0x0800aa04        0x0
 .vfp11_veneer  0x00000000        0x0 linker stubs

.v4_bx          0x0800aa04        0x0
 .v4_bx         0x00000000        0x0 linker stubs

.ARM.extab
 *(.ARM.extab* .gnu.linkonce.armextab.*)

.ARM.exidx
 *(.ARM.exidx* .gnu.linkonce.armexidx.*)
                0x0800aa04                . = ALIGN (0x4)
                0x0800aa04                _etext = .
                0x0800aa04                _sidata = .

.data           0x20000000      0x12c load address 0x0800aa04
                0x20000000                _sdata = .
 *(.data .data.*)
 .data          0x20000000       0x1c ..\obj\usbd_usr.o
                0x20000000                USR_cb
 .data          0x2000001c       0x30 ..\obj\usbd_core.o
                0x2000001c                USBD_DCD_INT_cb
                0x20000048                USBD_DCD_INT_fops
 .data          0x2000004c       0x10 ..\obj\stm32f4xx_rcc.o
 .data          0x2000005c        0x4 ..\obj\tasks.o
 .data          0x20000060       0x40 ..\obj\usbd_desc.o
                0x20000060                USR_desc
                0x2000007c                USBD_DeviceDesc
                0x20000090                USBD_DeviceQualifierDesc
                0x2000009c                USBD_LangIDDesc
 .data          0x200000a0       0x14 ..\obj\usbd_cdc_vcp.o
                0x200000a0                VCP_fops
 .data          0x200000b4        0x4 ..\obj\port.o
 .data          0x200000b8       0x74 ..\obj\usbd_cdc_core.o
                0x200000b8                usbd_cdc_CfgDesc
                0x20000100                USBD_CDC_cb
                0x2000012c                . = ALIGN (0x4)
                0x2000012c                _edata = .

.bss            0x20000130     0x2da8 load address 0x0800ab34
                0x20000130                _sbss = .
 *(.bss .bss.*)
 .bss           0x20000130       0x10 ..\obj\delay.o
                0x20000130                TimingDelay
                0x20000134                Time
                0x20000138                Time2
                0x2000013c                DELAY_Initialized
 .bss           0x20000140        0x4 ..\obj\pid_regulator.o
 .bss           0x20000144        0x8 ..\obj\phaze_detector.o
 .bss           0x2000014c       0x24 ..\obj\display.o
 .bss           0x20000170      0x100 ..\obj\tasks.o
                0x20000170                pxCurrentTCB
 .bss           0x20000270        0x8 ..\obj\usbd_cdc_vcp.o
                0x20000270                counter
                0x20000274                counter2
 .bss           0x20000278       0x10 ..\obj\usbd_req.o
                0x20000278                USBD_ep_status
                0x2000027c                USBD_default_cfg
                0x20000280                USBD_cfg_status
 .bss           0x20000288       0x20 ..\obj\usbd_cdc_core.o
                0x2000028c                APP_Rx_ptr_in
                0x20000290                APP_Rx_ptr_out
                0x20000294                APP_Rx_length
                0x20000298                USB_Tx_State
 .bss           0x200002a8     0x1c08 ..\obj\heap_1.o
 *(COMMON)
 COMMON         0x20001eb0       0x1c ..\obj\pid_regulator.o
                0x20001eb0                pid_heater
 COMMON         0x20001ecc      0x628 ..\obj\ADS1120.o
                0x20001ecc                ADC_result
                0x20001ed0                adc_reg
                0x20001ed4                xSPI_Buf_Mutex
                0x20001ed8                ADC_result_temp
                0x20001edc                ADS1120_res
                0x20001f04                USB_OTG_dev
 COMMON         0x200024f4        0xa ..\obj\phaze_detector.o
                0x200024f4                xPhazeSemaphore
                0x200024f8                phaze_detect
 *fill*         0x200024fe        0x2 00
 COMMON         0x20002500        0x7 ..\obj\hd44780.o
                0x20002500                HD44780_Opts
 *fill*         0x20002507        0x1 00
 COMMON         0x20002508      0x110 ..\obj\adc.o
                0x20002508                adc_lm35_chnl
 COMMON         0x20002618       0x32 ..\obj\usbd_req.o
                0x20002618                USBD_StrDesc
 *fill*         0x2000264a        0x2 00
 COMMON         0x2000264c      0x88c ..\obj\usbd_cdc_core.o
                0x2000264c                usbd_cdc_OtherCfgDesc
                0x20002690                USB_Rx_Buffer
                0x200026d0                CmdBuff
                0x200026d8                APP_Rx_Buffer
                0x20002ed8                . = ALIGN (0x4)
                0x20002ed8                _ebss = .

.co_stack       0x20002ed8      0x800 load address 0x0800d8dc
                0x20002ed8                . = ALIGN (0x8)
 *(.co_stack .co_stack.*)
 .co_stack      0x20002ed8      0x800 ..\obj\startup_stm32f4xx.o
                0x20002ed8                pulStack
                0x200036d8                . = ALIGN (0x4)
                0x200036d8                _end = .
LOAD ..\obj\stm32f4xx_syscfg.o
LOAD ..\obj\usb_core.o
LOAD ..\obj\delay.o
LOAD ..\obj\pid_regulator.o
LOAD ..\obj\usbd_usr.o
LOAD ..\obj\buzzer.o
LOAD ..\obj\stm32f4xx_usart.o
LOAD ..\obj\stm32f4xx_pwr.o
LOAD ..\obj\rtc.o
LOAD ..\obj\startup_stm32f4xx.o
LOAD ..\obj\backup_sram.o
LOAD ..\obj\stm32f4xx_iwdg.o
LOAD ..\obj\ADS1120.o
LOAD ..\obj\usbd_core.o
LOAD ..\obj\main.o
LOAD ..\obj\uks.o
LOAD ..\obj\stm32f4xx_rcc.o
LOAD ..\obj\timers.o
LOAD ..\obj\stm32f4xx_adc.o
LOAD ..\obj\printf.o
LOAD ..\obj\phaze_detector.o
LOAD ..\obj\watchdog.o
LOAD ..\obj\display.o
LOAD ..\obj\hd44780.o
LOAD ..\obj\tasks.o
LOAD ..\obj\usbd_desc.o
LOAD ..\obj\keyboard.o
LOAD ..\obj\stm32f4xx_gpio.o
LOAD ..\obj\usbd_cdc_vcp.o
LOAD ..\obj\list.o
LOAD ..\obj\system_stm32f4xx.o
LOAD ..\obj\syscalls.o
LOAD ..\obj\adc.o
LOAD ..\obj\usb_bsp.o
LOAD ..\obj\usbd_req.o
LOAD ..\obj\queue.o
LOAD ..\obj\port.o
LOAD ..\obj\usb_dcd_int.o
LOAD ..\obj\usbd_cdc_core.o
LOAD ..\obj\croutine.o
LOAD ..\obj\timer_properties.o
LOAD ..\obj\stm32f4xx_spi.o
LOAD ..\obj\stm32f4xx_exti.o
LOAD ..\obj\misc.o
LOAD ..\obj\usb_dcd.o
LOAD ..\obj\heap_1.o
LOAD ..\obj\stm32f4xx_rtc.o
LOAD ..\obj\usbd_ioreq.o
LOAD ..\obj\stm32f4xx_tim.o
LOAD ..\obj\power_detector.o
START GROUP
LOAD c:/coocox/coide/gcc/sourcery g++ lite/bin/../lib/gcc/arm-none-eabi/4.5.1/thumb2\libgcc.a
LOAD c:/coocox/coide/gcc/sourcery g++ lite/bin/../lib/gcc/arm-none-eabi/4.5.1/../../../../arm-none-eabi/lib/thumb2\libc.a
END GROUP
OUTPUT(stm32f2_uks.elf elf32-littlearm)

.debug_abbrev   0x00000000     0x45c2
 .debug_abbrev  0x00000000      0x12a ..\obj\stm32f4xx_syscfg.o
 .debug_abbrev  0x0000012a      0x277 ..\obj\usb_core.o
 .debug_abbrev  0x000003a1      0x125 ..\obj\delay.o
 .debug_abbrev  0x000004c6      0x1af ..\obj\pid_regulator.o
 .debug_abbrev  0x00000675       0xd9 ..\obj\usbd_usr.o
 .debug_abbrev  0x0000074e      0x14a ..\obj\buzzer.o
 .debug_abbrev  0x00000898      0x14e ..\obj\stm32f4xx_usart.o
 .debug_abbrev  0x000009e6      0x175 ..\obj\stm32f4xx_pwr.o
 .debug_abbrev  0x00000b5b      0x125 ..\obj\rtc.o
 .debug_abbrev  0x00000c80       0xac ..\obj\startup_stm32f4xx.o
 .debug_abbrev  0x00000d2c       0xee ..\obj\backup_sram.o
 .debug_abbrev  0x00000e1a       0xfa ..\obj\stm32f4xx_iwdg.o
 .debug_abbrev  0x00000f14      0x20b ..\obj\ADS1120.o
 .debug_abbrev  0x0000111f      0x1f4 ..\obj\usbd_core.o
 .debug_abbrev  0x00001313      0x1ba ..\obj\main.o
 .debug_abbrev  0x000014cd      0x125 ..\obj\uks.o
 .debug_abbrev  0x000015f2      0x1b7 ..\obj\stm32f4xx_rcc.o
 .debug_abbrev  0x000017a9       0x28 ..\obj\timers.o
 .debug_abbrev  0x000017d1      0x189 ..\obj\stm32f4xx_adc.o
 .debug_abbrev  0x0000195a      0x238 ..\obj\printf.o
 .debug_abbrev  0x00001b92      0x1ac ..\obj\phaze_detector.o
 .debug_abbrev  0x00001d3e      0x108 ..\obj\watchdog.o
 .debug_abbrev  0x00001e46       0xec ..\obj\display.o
 .debug_abbrev  0x00001f32      0x1ca ..\obj\hd44780.o
 .debug_abbrev  0x000020fc      0x193 ..\obj\tasks.o
 .debug_abbrev  0x0000228f      0x10c ..\obj\usbd_desc.o
 .debug_abbrev  0x0000239b      0x15a ..\obj\keyboard.o
 .debug_abbrev  0x000024f5      0x182 ..\obj\stm32f4xx_gpio.o
 .debug_abbrev  0x00002677      0x13a ..\obj\usbd_cdc_vcp.o
 .debug_abbrev  0x000027b1       0xb6 ..\obj\list.o
 .debug_abbrev  0x00002867      0x140 ..\obj\system_stm32f4xx.o
 .debug_abbrev  0x000029a7       0xde ..\obj\syscalls.o
 .debug_abbrev  0x00002a85      0x195 ..\obj\adc.o
 .debug_abbrev  0x00002c1a      0x1db ..\obj\usb_bsp.o
 .debug_abbrev  0x00002df5      0x253 ..\obj\usbd_req.o
 .debug_abbrev  0x00003048      0x109 ..\obj\queue.o
 .debug_abbrev  0x00003151      0x120 ..\obj\port.o
 .debug_abbrev  0x00003271      0x210 ..\obj\usb_dcd_int.o
 .debug_abbrev  0x00003481      0x1e1 ..\obj\usbd_cdc_core.o
 .debug_abbrev  0x00003662      0x186 ..\obj\croutine.o
 .debug_abbrev  0x000037e8      0x106 ..\obj\timer_properties.o
 .debug_abbrev  0x000038ee      0x160 ..\obj\stm32f4xx_spi.o
 .debug_abbrev  0x00003a4e      0x198 ..\obj\stm32f4xx_exti.o
 .debug_abbrev  0x00003be6      0x126 ..\obj\misc.o
 .debug_abbrev  0x00003d0c      0x208 ..\obj\usb_dcd.o
 .debug_abbrev  0x00003f14      0x116 ..\obj\heap_1.o
 .debug_abbrev  0x0000402a      0x16b ..\obj\stm32f4xx_rtc.o
 .debug_abbrev  0x00004195      0x165 ..\obj\usbd_ioreq.o
 .debug_abbrev  0x000042fa      0x163 ..\obj\stm32f4xx_tim.o
 .debug_abbrev  0x0000445d      0x165 ..\obj\power_detector.o

.debug_info     0x00000000    0x1c9a1
 .debug_info    0x00000000      0x27a ..\obj\stm32f4xx_syscfg.o
 .debug_info    0x0000027a     0x27fc ..\obj\usb_core.o
 .debug_info    0x00002a76      0x777 ..\obj\delay.o
 .debug_info    0x000031ed      0x587 ..\obj\pid_regulator.o
 .debug_info    0x00003774      0x1c5 ..\obj\usbd_usr.o
 .debug_info    0x00003939      0x45f ..\obj\buzzer.o
 .debug_info    0x00003d98      0xa4f ..\obj\stm32f4xx_usart.o
 .debug_info    0x000047e7      0x53e ..\obj\stm32f4xx_pwr.o
 .debug_info    0x00004d25      0x296 ..\obj\rtc.o
 .debug_info    0x00004fbb      0x147 ..\obj\startup_stm32f4xx.o
 .debug_info    0x00005102      0x237 ..\obj\backup_sram.o
 .debug_info    0x00005339      0x20b ..\obj\stm32f4xx_iwdg.o
 .debug_info    0x00005544     0x1210 ..\obj\ADS1120.o
 .debug_info    0x00006754      0xff8 ..\obj\usbd_core.o
 .debug_info    0x0000774c      0xd24 ..\obj\main.o
 .debug_info    0x00008470      0x294 ..\obj\uks.o
 .debug_info    0x00008704      0xd24 ..\obj\stm32f4xx_rcc.o
 .debug_info    0x00009428       0x4c ..\obj\timers.o
 .debug_info    0x00009474      0xcf5 ..\obj\stm32f4xx_adc.o
 .debug_info    0x0000a169      0xed2 ..\obj\printf.o
 .debug_info    0x0000b03b      0x91d ..\obj\phaze_detector.o
 .debug_info    0x0000b958      0x18a ..\obj\watchdog.o
 .debug_info    0x0000bae2      0x1de ..\obj\display.o
 .debug_info    0x0000bcc0      0x8cb ..\obj\hd44780.o
 .debug_info    0x0000c58b      0xd75 ..\obj\tasks.o
 .debug_info    0x0000d300      0x3a7 ..\obj\usbd_desc.o
 .debug_info    0x0000d6a7      0x388 ..\obj\keyboard.o
 .debug_info    0x0000da2f      0x639 ..\obj\stm32f4xx_gpio.o
 .debug_info    0x0000e068      0x31a ..\obj\usbd_cdc_vcp.o
 .debug_info    0x0000e382      0x2a6 ..\obj\list.o
 .debug_info    0x0000e628      0x5ea ..\obj\system_stm32f4xx.o
 .debug_info    0x0000ec12      0x440 ..\obj\syscalls.o
 .debug_info    0x0000f052      0x653 ..\obj\adc.o
 .debug_info    0x0000f6a5     0x113d ..\obj\usb_bsp.o
 .debug_info    0x000107e2     0x111b ..\obj\usbd_req.o
 .debug_info    0x000118fd      0x7c1 ..\obj\queue.o
 .debug_info    0x000120be      0x1d7 ..\obj\port.o
 .debug_info    0x00012295     0x2027 ..\obj\usb_dcd_int.o
 .debug_info    0x000142bc     0x1102 ..\obj\usbd_cdc_core.o
 .debug_info    0x000153be      0x4af ..\obj\croutine.o
 .debug_info    0x0001586d      0x4d1 ..\obj\timer_properties.o
 .debug_info    0x00015d3e      0xbcc ..\obj\stm32f4xx_spi.o
 .debug_info    0x0001690a      0x372 ..\obj\stm32f4xx_exti.o
 .debug_info    0x00016c7c      0x594 ..\obj\misc.o
 .debug_info    0x00017210     0x1184 ..\obj\usb_dcd.o
 .debug_info    0x00018394      0x186 ..\obj\heap_1.o
 .debug_info    0x0001851a     0x1223 ..\obj\stm32f4xx_rtc.o
 .debug_info    0x0001973d      0xde4 ..\obj\usbd_ioreq.o
 .debug_info    0x0001a521     0x1e28 ..\obj\stm32f4xx_tim.o
 .debug_info    0x0001c349      0x658 ..\obj\power_detector.o

.debug_line     0x00000000     0x9c36
 .debug_line    0x00000000      0x1e7 ..\obj\stm32f4xx_syscfg.o
 .debug_line    0x000001e7      0x6b4 ..\obj\usb_core.o
 .debug_line    0x0000089b      0x2a5 ..\obj\delay.o
 .debug_line    0x00000b40      0x3b5 ..\obj\pid_regulator.o
 .debug_line    0x00000ef5      0x1b1 ..\obj\usbd_usr.o
 .debug_line    0x000010a6      0x2c7 ..\obj\buzzer.o
 .debug_line    0x0000136d      0x478 ..\obj\stm32f4xx_usart.o
 .debug_line    0x000017e5      0x284 ..\obj\stm32f4xx_pwr.o
 .debug_line    0x00001a69      0x21a ..\obj\rtc.o
 .debug_line    0x00001c83       0xa6 ..\obj\startup_stm32f4xx.o
 .debug_line    0x00001d29      0x1e9 ..\obj\backup_sram.o
 .debug_line    0x00001f12      0x1de ..\obj\stm32f4xx_iwdg.o
 .debug_line    0x000020f0      0x3f9 ..\obj\ADS1120.o
 .debug_line    0x000024e9      0x305 ..\obj\usbd_core.o
 .debug_line    0x000027ee      0x2bc ..\obj\main.o
 .debug_line    0x00002aaa      0x1dc ..\obj\uks.o
 .debug_line    0x00002c86      0x574 ..\obj\stm32f4xx_rcc.o
 .debug_line    0x000031fa       0x1d ..\obj\timers.o
 .debug_line    0x00003217      0x528 ..\obj\stm32f4xx_adc.o
 .debug_line    0x0000373f      0x3c6 ..\obj\printf.o
 .debug_line    0x00003b05      0x38b ..\obj\phaze_detector.o
 .debug_line    0x00003e90      0x1b0 ..\obj\watchdog.o
 .debug_line    0x00004040      0x1eb ..\obj\display.o
 .debug_line    0x0000422b      0x416 ..\obj\hd44780.o
 .debug_line    0x00004641      0x792 ..\obj\tasks.o
 .debug_line    0x00004dd3      0x1f7 ..\obj\usbd_desc.o
 .debug_line    0x00004fca      0x2ed ..\obj\keyboard.o
 .debug_line    0x000052b7      0x313 ..\obj\stm32f4xx_gpio.o
 .debug_line    0x000055ca      0x1f6 ..\obj\usbd_cdc_vcp.o
 .debug_line    0x000057c0      0x1a6 ..\obj\list.o
 .debug_line    0x00005966      0x200 ..\obj\system_stm32f4xx.o
 .debug_line    0x00005b66      0x194 ..\obj\syscalls.o
 .debug_line    0x00005cfa      0x2d4 ..\obj\adc.o
 .debug_line    0x00005fce      0x2a0 ..\obj\usb_bsp.o
 .debug_line    0x0000626e      0x3c1 ..\obj\usbd_req.o
 .debug_line    0x0000662f      0x4ff ..\obj\queue.o
 .debug_line    0x00006b2e      0x1bd ..\obj\port.o
 .debug_line    0x00006ceb      0x3b0 ..\obj\usb_dcd_int.o
 .debug_line    0x0000709b      0x2b5 ..\obj\usbd_cdc_core.o
 .debug_line    0x00007350      0x274 ..\obj\croutine.o
 .debug_line    0x000075c4      0x2e1 ..\obj\timer_properties.o
 .debug_line    0x000078a5      0x428 ..\obj\stm32f4xx_spi.o
 .debug_line    0x00007ccd      0x27d ..\obj\stm32f4xx_exti.o
 .debug_line    0x00007f4a      0x219 ..\obj\misc.o
 .debug_line    0x00008163      0x323 ..\obj\usb_dcd.o
 .debug_line    0x00008486      0x135 ..\obj\heap_1.o
 .debug_line    0x000085bb      0x7eb ..\obj\stm32f4xx_rtc.o
 .debug_line    0x00008da6      0x20d ..\obj\usbd_ioreq.o
 .debug_line    0x00008fb3      0xa4d ..\obj\stm32f4xx_tim.o
 .debug_line    0x00009a00      0x236 ..\obj\power_detector.o

.debug_loc      0x00000000     0x8a7b
 .debug_loc     0x00000000      0x144 ..\obj\stm32f4xx_syscfg.o
 .debug_loc     0x00000144      0x7e0 ..\obj\usb_core.o
 .debug_loc     0x00000924       0xe8 ..\obj\delay.o
 .debug_loc     0x00000a0c      0x10c ..\obj\pid_regulator.o
 .debug_loc     0x00000b18       0xe8 ..\obj\usbd_usr.o
 .debug_loc     0x00000c00       0xa8 ..\obj\buzzer.o
 .debug_loc     0x00000ca8      0x658 ..\obj\stm32f4xx_usart.o
 .debug_loc     0x00001300      0x288 ..\obj\stm32f4xx_pwr.o
 .debug_loc     0x00001588       0x70 ..\obj\rtc.o
 .debug_loc     0x000015f8       0x64 ..\obj\startup_stm32f4xx.o
 .debug_loc     0x0000165c       0xd4 ..\obj\backup_sram.o
 .debug_loc     0x00001730      0x138 ..\obj\stm32f4xx_iwdg.o
 .debug_loc     0x00001868      0x17c ..\obj\ADS1120.o
 .debug_loc     0x000019e4      0x2d8 ..\obj\usbd_core.o
 .debug_loc     0x00001cbc      0x10c ..\obj\main.o
 .debug_loc     0x00001dc8       0xa8 ..\obj\uks.o
 .debug_loc     0x00001e70      0x97c ..\obj\stm32f4xx_rcc.o
 .debug_loc     0x000027ec      0x838 ..\obj\stm32f4xx_adc.o
 .debug_loc     0x00003024      0x3ea ..\obj\printf.o
 .debug_loc     0x0000340e      0x100 ..\obj\phaze_detector.o
 .debug_loc     0x0000350e       0x70 ..\obj\watchdog.o
 .debug_loc     0x0000357e       0x70 ..\obj\display.o
 .debug_loc     0x000035ee      0x3f4 ..\obj\hd44780.o
 .debug_loc     0x000039e2      0x708 ..\obj\tasks.o
 .debug_loc     0x000040ea      0x188 ..\obj\usbd_desc.o
 .debug_loc     0x00004272       0x70 ..\obj\keyboard.o
 .debug_loc     0x000042e2      0x310 ..\obj\stm32f4xx_gpio.o
 .debug_loc     0x000045f2      0x100 ..\obj\usbd_cdc_vcp.o
 .debug_loc     0x000046f2      0x118 ..\obj\list.o
 .debug_loc     0x0000480a       0x9c ..\obj\system_stm32f4xx.o
 .debug_loc     0x000048a6      0x1ec ..\obj\syscalls.o
 .debug_loc     0x00004a92       0xa9 ..\obj\adc.o
 .debug_loc     0x00004b3b      0x138 ..\obj\usb_bsp.o
 .debug_loc     0x00004c73      0x310 ..\obj\usbd_req.o
 .debug_loc     0x00004f83      0x3b8 ..\obj\queue.o
 .debug_loc     0x0000533b      0x178 ..\obj\port.o
 .debug_loc     0x000054b3      0x2d8 ..\obj\usb_dcd_int.o
 .debug_loc     0x0000578b      0x224 ..\obj\usbd_cdc_core.o
 .debug_loc     0x000059af      0x188 ..\obj\croutine.o
 .debug_loc     0x00005b37       0xe0 ..\obj\timer_properties.o
 .debug_loc     0x00005c17      0x578 ..\obj\stm32f4xx_spi.o
 .debug_loc     0x0000618f      0x1b4 ..\obj\stm32f4xx_exti.o
 .debug_loc     0x00006343      0x118 ..\obj\misc.o
 .debug_loc     0x0000645b      0x2d8 ..\obj\usb_dcd.o
 .debug_loc     0x00006733       0xc8 ..\obj\heap_1.o
 .debug_loc     0x000067fb      0xc48 ..\obj\stm32f4xx_rtc.o
 .debug_loc     0x00007443      0x188 ..\obj\usbd_ioreq.o
 .debug_loc     0x000075cb     0x1420 ..\obj\stm32f4xx_tim.o
 .debug_loc     0x000089eb       0x90 ..\obj\power_detector.o

.debug_pubnames
                0x00000000     0x399f
 .debug_pubnames
                0x00000000       0xc3 ..\obj\stm32f4xx_syscfg.o
 .debug_pubnames
                0x000000c3      0x364 ..\obj\usb_core.o
 .debug_pubnames
                0x00000427       0xc4 ..\obj\delay.o
 .debug_pubnames
                0x000004eb       0x6e ..\obj\pid_regulator.o
 .debug_pubnames
                0x00000559       0x9e ..\obj\usbd_usr.o
 .debug_pubnames
                0x000005f7       0x62 ..\obj\buzzer.o
 .debug_pubnames
                0x00000659      0x294 ..\obj\stm32f4xx_usart.o
 .debug_pubnames
                0x000008ed      0x120 ..\obj\stm32f4xx_pwr.o
 .debug_pubnames
                0x00000a0d       0x46 ..\obj\rtc.o
 .debug_pubnames
                0x00000a53       0x4a ..\obj\startup_stm32f4xx.o
 .debug_pubnames
                0x00000a9d       0x6c ..\obj\backup_sram.o
 .debug_pubnames
                0x00000b09       0x91 ..\obj\stm32f4xx_iwdg.o
 .debug_pubnames
                0x00000b9a       0xd4 ..\obj\ADS1120.o
 .debug_pubnames
                0x00000c6e       0x7a ..\obj\usbd_core.o
 .debug_pubnames
                0x00000ce8       0xa0 ..\obj\main.o
 .debug_pubnames
                0x00000d88       0x61 ..\obj\uks.o
 .debug_pubnames
                0x00000de9      0x417 ..\obj\stm32f4xx_rcc.o
 .debug_pubnames
                0x00001200      0x446 ..\obj\stm32f4xx_adc.o
 .debug_pubnames
                0x00001646      0x101 ..\obj\printf.o
 .debug_pubnames
                0x00001747       0x8e ..\obj\phaze_detector.o
 .debug_pubnames
                0x000017d5       0x35 ..\obj\watchdog.o
 .debug_pubnames
                0x0000180a       0x34 ..\obj\display.o
 .debug_pubnames
                0x0000183e      0x1a8 ..\obj\hd44780.o
 .debug_pubnames
                0x000019e6      0x275 ..\obj\tasks.o
 .debug_pubnames
                0x00001c5b      0x152 ..\obj\usbd_desc.o
 .debug_pubnames
                0x00001dad       0x44 ..\obj\keyboard.o
 .debug_pubnames
                0x00001df1      0x12d ..\obj\stm32f4xx_gpio.o
 .debug_pubnames
                0x00001f1e       0x47 ..\obj\usbd_cdc_vcp.o
 .debug_pubnames
                0x00001f65       0x71 ..\obj\list.o
 .debug_pubnames
                0x00001fd6       0x61 ..\obj\system_stm32f4xx.o
 .debug_pubnames
                0x00002037       0x71 ..\obj\syscalls.o
 .debug_pubnames
                0x000020a8       0x48 ..\obj\adc.o
 .debug_pubnames
                0x000020f0       0xa6 ..\obj\usb_bsp.o
 .debug_pubnames
                0x00002196       0xd7 ..\obj\usbd_req.o
 .debug_pubnames
                0x0000226d      0x145 ..\obj\queue.o
 .debug_pubnames
                0x000023b2      0x101 ..\obj\port.o
 .debug_pubnames
                0x000024b3       0x2b ..\obj\usb_dcd_int.o
 .debug_pubnames
                0x000024de       0xe5 ..\obj\usbd_cdc_core.o
 .debug_pubnames
                0x000025c3       0x96 ..\obj\croutine.o
 .debug_pubnames
                0x00002659       0xb2 ..\obj\timer_properties.o
 .debug_pubnames
                0x0000270b      0x221 ..\obj\stm32f4xx_spi.o
 .debug_pubnames
                0x0000292c       0xbb ..\obj\stm32f4xx_exti.o
 .debug_pubnames
                0x000029e7       0x89 ..\obj\misc.o
 .debug_pubnames
                0x00002a70      0x100 ..\obj\usb_dcd.o
 .debug_pubnames
                0x00002b70       0x64 ..\obj\heap_1.o
 .debug_pubnames
                0x00002bd4      0x514 ..\obj\stm32f4xx_rtc.o
 .debug_pubnames
                0x000030e8       0xb6 ..\obj\usbd_ioreq.o
 .debug_pubnames
                0x0000319e      0x7c4 ..\obj\stm32f4xx_tim.o
 .debug_pubnames
                0x00003962       0x3d ..\obj\power_detector.o

.debug_pubtypes
                0x00000000     0x3d3e
 .debug_pubtypes
                0x00000000       0x6d ..\obj\stm32f4xx_syscfg.o
 .debug_pubtypes
                0x0000006d      0x675 ..\obj\usb_core.o
 .debug_pubtypes
                0x000006e2       0xb9 ..\obj\delay.o
 .debug_pubtypes
                0x0000079b      0x131 ..\obj\pid_regulator.o
 .debug_pubtypes
                0x000008cc       0x55 ..\obj\usbd_usr.o
 .debug_pubtypes
                0x00000921       0xea ..\obj\buzzer.o
 .debug_pubtypes
                0x00000a0b       0xcd ..\obj\stm32f4xx_usart.o
 .debug_pubtypes
                0x00000ad8       0x84 ..\obj\stm32f4xx_pwr.o
 .debug_pubtypes
                0x00000b5c       0x73 ..\obj\rtc.o
 .debug_pubtypes
                0x00000bcf       0x5b ..\obj\backup_sram.o
 .debug_pubtypes
                0x00000c2a       0x64 ..\obj\stm32f4xx_iwdg.o
 .debug_pubtypes
                0x00000c8e      0x35e ..\obj\ADS1120.o
 .debug_pubtypes
                0x00000fec      0x2df ..\obj\usbd_core.o
 .debug_pubtypes
                0x000012cb      0x2a0 ..\obj\main.o
 .debug_pubtypes
                0x0000156b       0x52 ..\obj\uks.o
 .debug_pubtypes
                0x000015bd       0xaa ..\obj\stm32f4xx_rcc.o
 .debug_pubtypes
                0x00001667       0x12 ..\obj\timers.o
 .debug_pubtypes
                0x00001679       0xc9 ..\obj\stm32f4xx_adc.o
 .debug_pubtypes
                0x00001742      0x139 ..\obj\printf.o
 .debug_pubtypes
                0x0000187b      0x1ab ..\obj\phaze_detector.o
 .debug_pubtypes
                0x00001a26       0x53 ..\obj\watchdog.o
 .debug_pubtypes
                0x00001a79       0x57 ..\obj\display.o
 .debug_pubtypes
                0x00001ad0       0xe6 ..\obj\hd44780.o
 .debug_pubtypes
                0x00001bb6      0x10c ..\obj\tasks.o
 .debug_pubtypes
                0x00001cc2       0x5b ..\obj\usbd_desc.o
 .debug_pubtypes
                0x00001d1d       0xf7 ..\obj\keyboard.o
 .debug_pubtypes
                0x00001e14       0xce ..\obj\stm32f4xx_gpio.o
 .debug_pubtypes
                0x00001ee2       0x6d ..\obj\usbd_cdc_vcp.o
 .debug_pubtypes
                0x00001f4f       0x7a ..\obj\list.o
 .debug_pubtypes
                0x00001fc9       0x73 ..\obj\system_stm32f4xx.o
 .debug_pubtypes
                0x0000203c       0xaa ..\obj\syscalls.o
 .debug_pubtypes
                0x000020e6      0x128 ..\obj\adc.o
 .debug_pubtypes
                0x0000220e      0x333 ..\obj\usb_bsp.o
 .debug_pubtypes
                0x00002541      0x2c8 ..\obj\usbd_req.o
 .debug_pubtypes
                0x00002809       0xd4 ..\obj\queue.o
 .debug_pubtypes
                0x000028dd       0x33 ..\obj\port.o
 .debug_pubtypes
                0x00002910      0x5e1 ..\obj\usb_dcd_int.o
 .debug_pubtypes
                0x00002ef1      0x2ae ..\obj\usbd_cdc_core.o
 .debug_pubtypes
                0x0000319f       0xcd ..\obj\croutine.o
 .debug_pubtypes
                0x0000326c       0x93 ..\obj\timer_properties.o
 .debug_pubtypes
                0x000032ff       0xbc ..\obj\stm32f4xx_spi.o
 .debug_pubtypes
                0x000033bb       0xae ..\obj\stm32f4xx_exti.o
 .debug_pubtypes
                0x00003469       0x8c ..\obj\misc.o
 .debug_pubtypes
                0x000034f5      0x307 ..\obj\usb_dcd.o
 .debug_pubtypes
                0x000037fc       0x2c ..\obj\heap_1.o
 .debug_pubtypes
                0x00003828       0xd8 ..\obj\stm32f4xx_rtc.o
 .debug_pubtypes
                0x00003900      0x295 ..\obj\usbd_ioreq.o
 .debug_pubtypes
                0x00003b95       0xe4 ..\obj\stm32f4xx_tim.o
 .debug_pubtypes
                0x00003c79       0xc5 ..\obj\power_detector.o

.debug_aranges  0x00000000     0x18d8
 .debug_aranges
                0x00000000       0x48 ..\obj\stm32f4xx_syscfg.o
 .debug_aranges
                0x00000048      0x138 ..\obj\usb_core.o
 .debug_aranges
                0x00000180       0x40 ..\obj\delay.o
 .debug_aranges
                0x000001c0       0x40 ..\obj\pid_regulator.o
 .debug_aranges
                0x00000200       0x40 ..\obj\usbd_usr.o
 .debug_aranges
                0x00000240       0x30 ..\obj\buzzer.o
 .debug_aranges
                0x00000270      0x100 ..\obj\stm32f4xx_usart.o
 .debug_aranges
                0x00000370       0x78 ..\obj\stm32f4xx_pwr.o
 .debug_aranges
                0x000003e8       0x28 ..\obj\rtc.o
 .debug_aranges
                0x00000410       0x28 ..\obj\startup_stm32f4xx.o
 .debug_aranges
                0x00000438       0x38 ..\obj\backup_sram.o
 .debug_aranges
                0x00000470       0x48 ..\obj\stm32f4xx_iwdg.o
 .debug_aranges
                0x000004b8       0x50 ..\obj\ADS1120.o
 .debug_aranges
                0x00000508       0x80 ..\obj\usbd_core.o
 .debug_aranges
                0x00000588       0x40 ..\obj\main.o
 .debug_aranges
                0x000005c8       0x30 ..\obj\uks.o
 .debug_aranges
                0x000005f8      0x178 ..\obj\stm32f4xx_rcc.o
 .debug_aranges
                0x00000770      0x148 ..\obj\stm32f4xx_adc.o
 .debug_aranges
                0x000008b8       0xa0 ..\obj\printf.o
 .debug_aranges
                0x00000958       0x40 ..\obj\phaze_detector.o
 .debug_aranges
                0x00000998       0x28 ..\obj\watchdog.o
 .debug_aranges
                0x000009c0       0x28 ..\obj\display.o
 .debug_aranges
                0x000009e8       0xb8 ..\obj\hd44780.o
 .debug_aranges
                0x00000aa0      0x120 ..\obj\tasks.o
 .debug_aranges
                0x00000bc0       0x50 ..\obj\usbd_desc.o
 .debug_aranges
                0x00000c10       0x28 ..\obj\keyboard.o
 .debug_aranges
                0x00000c38       0x88 ..\obj\stm32f4xx_gpio.o
 .debug_aranges
                0x00000cc0       0x40 ..\obj\usbd_cdc_vcp.o
 .debug_aranges
                0x00000d00       0x40 ..\obj\list.o
 .debug_aranges
                0x00000d40       0x30 ..\obj\system_stm32f4xx.o
 .debug_aranges
                0x00000d70       0x60 ..\obj\syscalls.o
 .debug_aranges
                0x00000dd0       0x30 ..\obj\adc.o
 .debug_aranges
                0x00000e00       0x48 ..\obj\usb_bsp.o
 .debug_aranges
                0x00000e48       0x88 ..\obj\usbd_req.o
 .debug_aranges
                0x00000ed0       0xa0 ..\obj\queue.o
 .debug_aranges
                0x00000f70       0x70 ..\obj\port.o
 .debug_aranges
                0x00000fe0       0x80 ..\obj\usb_dcd_int.o
 .debug_aranges
                0x00001060       0x68 ..\obj\usbd_cdc_core.o
 .debug_aranges
                0x000010c8       0x50 ..\obj\croutine.o
 .debug_aranges
                0x00001118       0x38 ..\obj\timer_properties.o
 .debug_aranges
                0x00001150       0xe0 ..\obj\stm32f4xx_spi.o
 .debug_aranges
                0x00001230       0x58 ..\obj\stm32f4xx_exti.o
 .debug_aranges
                0x00001288       0x40 ..\obj\misc.o
 .debug_aranges
                0x000012c8       0x80 ..\obj\usb_dcd.o
 .debug_aranges
                0x00001348       0x38 ..\obj\heap_1.o
 .debug_aranges
                0x00001380      0x1e0 ..\obj\stm32f4xx_rtc.o
 .debug_aranges
                0x00001560       0x50 ..\obj\usbd_ioreq.o
 .debug_aranges
                0x000015b0      0x2f8 ..\obj\stm32f4xx_tim.o
 .debug_aranges
                0x000018a8       0x30 ..\obj\power_detector.o

.debug_ranges   0x00000000     0x15c8
 .debug_ranges  0x00000000       0x38 ..\obj\stm32f4xx_syscfg.o
 .debug_ranges  0x00000038      0x128 ..\obj\usb_core.o
 .debug_ranges  0x00000160       0x30 ..\obj\delay.o
 .debug_ranges  0x00000190       0x30 ..\obj\pid_regulator.o
 .debug_ranges  0x000001c0       0x30 ..\obj\usbd_usr.o
 .debug_ranges  0x000001f0       0x20 ..\obj\buzzer.o
 .debug_ranges  0x00000210       0xf0 ..\obj\stm32f4xx_usart.o
 .debug_ranges  0x00000300       0x68 ..\obj\stm32f4xx_pwr.o
 .debug_ranges  0x00000368       0x18 ..\obj\rtc.o
 .debug_ranges  0x00000380       0x18 ..\obj\startup_stm32f4xx.o
 .debug_ranges  0x00000398       0x28 ..\obj\backup_sram.o
 .debug_ranges  0x000003c0       0x38 ..\obj\stm32f4xx_iwdg.o
 .debug_ranges  0x000003f8       0x40 ..\obj\ADS1120.o
 .debug_ranges  0x00000438       0x70 ..\obj\usbd_core.o
 .debug_ranges  0x000004a8       0x30 ..\obj\main.o
 .debug_ranges  0x000004d8       0x20 ..\obj\uks.o
 .debug_ranges  0x000004f8      0x168 ..\obj\stm32f4xx_rcc.o
 .debug_ranges  0x00000660      0x138 ..\obj\stm32f4xx_adc.o
 .debug_ranges  0x00000798       0x90 ..\obj\printf.o
 .debug_ranges  0x00000828       0x30 ..\obj\phaze_detector.o
 .debug_ranges  0x00000858       0x18 ..\obj\watchdog.o
 .debug_ranges  0x00000870       0x18 ..\obj\display.o
 .debug_ranges  0x00000888       0xa8 ..\obj\hd44780.o
 .debug_ranges  0x00000930      0x110 ..\obj\tasks.o
 .debug_ranges  0x00000a40       0x40 ..\obj\usbd_desc.o
 .debug_ranges  0x00000a80       0x18 ..\obj\keyboard.o
 .debug_ranges  0x00000a98       0x78 ..\obj\stm32f4xx_gpio.o
 .debug_ranges  0x00000b10       0x30 ..\obj\usbd_cdc_vcp.o
 .debug_ranges  0x00000b40       0x30 ..\obj\list.o
 .debug_ranges  0x00000b70       0x20 ..\obj\system_stm32f4xx.o
 .debug_ranges  0x00000b90       0x50 ..\obj\syscalls.o
 .debug_ranges  0x00000be0       0x20 ..\obj\adc.o
 .debug_ranges  0x00000c00       0x38 ..\obj\usb_bsp.o
 .debug_ranges  0x00000c38       0x78 ..\obj\usbd_req.o
 .debug_ranges  0x00000cb0       0x90 ..\obj\queue.o
 .debug_ranges  0x00000d40       0x60 ..\obj\port.o
 .debug_ranges  0x00000da0       0x70 ..\obj\usb_dcd_int.o
 .debug_ranges  0x00000e10       0x58 ..\obj\usbd_cdc_core.o
 .debug_ranges  0x00000e68       0x40 ..\obj\croutine.o
 .debug_ranges  0x00000ea8       0x28 ..\obj\timer_properties.o
 .debug_ranges  0x00000ed0       0xd0 ..\obj\stm32f4xx_spi.o
 .debug_ranges  0x00000fa0       0x48 ..\obj\stm32f4xx_exti.o
 .debug_ranges  0x00000fe8       0x30 ..\obj\misc.o
 .debug_ranges  0x00001018       0x70 ..\obj\usb_dcd.o
 .debug_ranges  0x00001088       0x28 ..\obj\heap_1.o
 .debug_ranges  0x000010b0      0x1d0 ..\obj\stm32f4xx_rtc.o
 .debug_ranges  0x00001280       0x40 ..\obj\usbd_ioreq.o
 .debug_ranges  0x000012c0      0x2e8 ..\obj\stm32f4xx_tim.o
 .debug_ranges  0x000015a8       0x20 ..\obj\power_detector.o

.debug_str      0x00000000     0x824a
 .debug_str     0x00000000      0x214 ..\obj\stm32f4xx_syscfg.o
                                0x261 (size before relaxing)
 .debug_str     0x00000214     0x1245 ..\obj\usb_core.o
                               0x15e8 (size before relaxing)
 .debug_str     0x00001459      0x7e8 ..\obj\delay.o
                                0x8f0 (size before relaxing)
 .debug_str     0x00001c41      0x3ac ..\obj\pid_regulator.o
                                0x48e (size before relaxing)
 .debug_str     0x00001fed       0xb3 ..\obj\usbd_usr.o
                                0x1ec (size before relaxing)
 .debug_str     0x000020a0      0x1b5 ..\obj\buzzer.o
                                0x431 (size before relaxing)
 .debug_str     0x00002255      0x495 ..\obj\stm32f4xx_usart.o
                                0x5f1 (size before relaxing)
 .debug_str     0x000026ea      0x1e0 ..\obj\stm32f4xx_pwr.o
                                0x2f3 (size before relaxing)
 .debug_str     0x000028ca      0x14c ..\obj\rtc.o
                                0x251 (size before relaxing)
 .debug_str     0x00002a16       0xb5 ..\obj\startup_stm32f4xx.o
                                 0xe0 (size before relaxing)
 .debug_str     0x00002acb       0xc8 ..\obj\backup_sram.o
                                0x1b1 (size before relaxing)
 .debug_str     0x00002b93       0xed ..\obj\stm32f4xx_iwdg.o
                                0x1ce (size before relaxing)
 .debug_str     0x00002c80      0x22b ..\obj\ADS1120.o
                                0xcef (size before relaxing)
 .debug_str     0x00002eab      0x18d ..\obj\usbd_core.o
                                0xa2d (size before relaxing)
 .debug_str     0x00003038       0xed ..\obj\main.o
                                0x967 (size before relaxing)
 .debug_str     0x00003125      0x13a ..\obj\uks.o
                                0x250 (size before relaxing)
 .debug_str     0x0000325f      0x5e8 ..\obj\stm32f4xx_rcc.o
                                0x7b2 (size before relaxing)
 .debug_str     0x00003847       0x4c ..\obj\timers.o
                                 0x9f (size before relaxing)
 .debug_str     0x00003893      0x638 ..\obj\stm32f4xx_adc.o
                                0x766 (size before relaxing)
 .debug_str     0x00003ecb      0x493 ..\obj\printf.o
                                0x5e7 (size before relaxing)
 .debug_str     0x0000435e      0x233 ..\obj\phaze_detector.o
                                0xabc (size before relaxing)
 .debug_str     0x00004591       0x5c ..\obj\watchdog.o
                                0x181 (size before relaxing)
 .debug_str     0x000045ed       0x7d ..\obj\display.o
                                0x1e8 (size before relaxing)
 .debug_str     0x0000466a      0x219 ..\obj\hd44780.o
                                0x588 (size before relaxing)
 .debug_str     0x00004883      0x769 ..\obj\tasks.o
                                0x8b6 (size before relaxing)
 .debug_str     0x00004fec      0x158 ..\obj\usbd_desc.o
                                0x2ef (size before relaxing)
 .debug_str     0x00005144       0xa4 ..\obj\keyboard.o
                                0x32f (size before relaxing)
 .debug_str     0x000051e8      0x17b ..\obj\stm32f4xx_gpio.o
                                0x405 (size before relaxing)
 .debug_str     0x00005363       0xf8 ..\obj\usbd_cdc_vcp.o
                                0x1db (size before relaxing)
 .debug_str     0x0000545b       0xdd ..\obj\list.o
                                0x210 (size before relaxing)
 .debug_str     0x00005538       0xbd ..\obj\system_stm32f4xx.o
                                0x300 (size before relaxing)
 .debug_str     0x000055f5      0x147 ..\obj\syscalls.o
                                0x267 (size before relaxing)
 .debug_str     0x0000573c       0x9e ..\obj\adc.o
                                0x4d3 (size before relaxing)
 .debug_str     0x000057da       0xca ..\obj\usb_bsp.o
                               0x1034 (size before relaxing)
 .debug_str     0x000058a4      0x173 ..\obj\usbd_req.o
                                0xa58 (size before relaxing)
 .debug_str     0x00005a17      0x302 ..\obj\queue.o
                                0x4be (size before relaxing)
 .debug_str     0x00005d19      0x156 ..\obj\port.o
                                0x1dc (size before relaxing)
 .debug_str     0x00005e6f      0x289 ..\obj\usb_dcd_int.o
                               0x11e6 (size before relaxing)
 .debug_str     0x000060f8      0x1a9 ..\obj\usbd_cdc_core.o
                                0xaa3 (size before relaxing)
 .debug_str     0x000062a1      0x282 ..\obj\croutine.o
                                0x3df (size before relaxing)
 .debug_str     0x00006523      0x1e3 ..\obj\timer_properties.o
                                0x42f (size before relaxing)
 .debug_str     0x00006706      0x2f5 ..\obj\stm32f4xx_spi.o
                                0x5ec (size before relaxing)
 .debug_str     0x000069fb       0xe8 ..\obj\stm32f4xx_exti.o
                                0x2d0 (size before relaxing)
 .debug_str     0x00006ae3      0x11e ..\obj\misc.o
                                0x33b (size before relaxing)
 .debug_str     0x00006c01      0x10f ..\obj\usb_dcd.o
                                0xa88 (size before relaxing)
 .debug_str     0x00006d10       0xe1 ..\obj\heap_1.o
                                0x1a1 (size before relaxing)
 .debug_str     0x00006df1      0x88a ..\obj\stm32f4xx_rtc.o
                                0xab5 (size before relaxing)
 .debug_str     0x0000767b       0xc9 ..\obj\usbd_ioreq.o
                                0x917 (size before relaxing)
 .debug_str     0x00007744      0xa86 ..\obj\stm32f4xx_tim.o
                                0xd32 (size before relaxing)
 .debug_str     0x000081ca       0x80 ..\obj\power_detector.o
                                0x828 (size before relaxing)

.comment        0x00000000       0x2a
 .comment       0x00000000       0x2a ..\obj\stm32f4xx_syscfg.o
                                 0x2b (size before relaxing)
 .comment       0x00000000       0x2b ..\obj\usb_core.o
 .comment       0x00000000       0x2b ..\obj\delay.o
 .comment       0x00000000       0x2b ..\obj\pid_regulator.o
 .comment       0x00000000       0x2b ..\obj\usbd_usr.o
 .comment       0x00000000       0x2b ..\obj\buzzer.o
 .comment       0x00000000       0x2b ..\obj\stm32f4xx_usart.o
 .comment       0x00000000       0x2b ..\obj\stm32f4xx_pwr.o
 .comment       0x00000000       0x2b ..\obj\rtc.o
 .comment       0x00000000       0x2b ..\obj\startup_stm32f4xx.o
 .comment       0x00000000       0x2b ..\obj\backup_sram.o
 .comment       0x00000000       0x2b ..\obj\stm32f4xx_iwdg.o
 .comment       0x00000000       0x2b ..\obj\ADS1120.o
 .comment       0x00000000       0x2b ..\obj\usbd_core.o
 .comment       0x00000000       0x2b ..\obj\main.o
 .comment       0x00000000       0x2b ..\obj\uks.o
 .comment       0x00000000       0x2b ..\obj\stm32f4xx_rcc.o
 .comment       0x00000000       0x2b ..\obj\timers.o
 .comment       0x00000000       0x2b ..\obj\stm32f4xx_adc.o
 .comment       0x00000000       0x2b ..\obj\printf.o
 .comment       0x00000000       0x2b ..\obj\phaze_detector.o
 .comment       0x00000000       0x2b ..\obj\watchdog.o
 .comment       0x00000000       0x2b ..\obj\display.o
 .comment       0x00000000       0x2b ..\obj\hd44780.o
 .comment       0x00000000       0x2b ..\obj\tasks.o
 .comment       0x00000000       0x2b ..\obj\usbd_desc.o
 .comment       0x00000000       0x2b ..\obj\keyboard.o
 .comment       0x00000000       0x2b ..\obj\stm32f4xx_gpio.o
 .comment       0x00000000       0x2b ..\obj\usbd_cdc_vcp.o
 .comment       0x00000000       0x2b ..\obj\list.o
 .comment       0x00000000       0x2b ..\obj\system_stm32f4xx.o
 .comment       0x00000000       0x2b ..\obj\syscalls.o
 .comment       0x00000000       0x2b ..\obj\adc.o
 .comment       0x00000000       0x2b ..\obj\usb_bsp.o
 .comment       0x00000000       0x2b ..\obj\usbd_req.o
 .comment       0x00000000       0x2b ..\obj\queue.o
 .comment       0x00000000       0x2b ..\obj\port.o
 .comment       0x00000000       0x2b ..\obj\usb_dcd_int.o
 .comment       0x00000000       0x2b ..\obj\usbd_cdc_core.o
 .comment       0x00000000       0x2b ..\obj\croutine.o
 .comment       0x00000000       0x2b ..\obj\timer_properties.o
 .comment       0x00000000       0x2b ..\obj\stm32f4xx_spi.o
 .comment       0x00000000       0x2b ..\obj\stm32f4xx_exti.o
 .comment       0x00000000       0x2b ..\obj\misc.o
 .comment       0x00000000       0x2b ..\obj\usb_dcd.o
 .comment       0x00000000       0x2b ..\obj\heap_1.o
 .comment       0x00000000       0x2b ..\obj\stm32f4xx_rtc.o
 .comment       0x00000000       0x2b ..\obj\usbd_ioreq.o
 .comment       0x00000000       0x2b ..\obj\stm32f4xx_tim.o
 .comment       0x00000000       0x2b ..\obj\power_detector.o

.ARM.attributes
                0x00000000       0x31
 .ARM.attributes
                0x00000000       0x31 ..\obj\stm32f4xx_syscfg.o
 .ARM.attributes
                0x00000031       0x31 ..\obj\usb_core.o
 .ARM.attributes
                0x00000062       0x31 ..\obj\delay.o
 .ARM.attributes
                0x00000093       0x31 ..\obj\pid_regulator.o
 .ARM.attributes
                0x000000c4       0x31 ..\obj\usbd_usr.o
 .ARM.attributes
                0x000000f5       0x31 ..\obj\buzzer.o
 .ARM.attributes
                0x00000126       0x31 ..\obj\stm32f4xx_usart.o
 .ARM.attributes
                0x00000157       0x31 ..\obj\stm32f4xx_pwr.o
 .ARM.attributes
                0x00000188       0x31 ..\obj\rtc.o
 .ARM.attributes
                0x000001b9       0x31 ..\obj\startup_stm32f4xx.o
 .ARM.attributes
                0x000001ea       0x31 ..\obj\backup_sram.o
 .ARM.attributes
                0x0000021b       0x31 ..\obj\stm32f4xx_iwdg.o
 .ARM.attributes
                0x0000024c       0x31 ..\obj\ADS1120.o
 .ARM.attributes
                0x0000027d       0x31 ..\obj\usbd_core.o
 .ARM.attributes
                0x000002ae       0x31 ..\obj\main.o
 .ARM.attributes
                0x000002df       0x31 ..\obj\uks.o
 .ARM.attributes
                0x00000310       0x31 ..\obj\stm32f4xx_rcc.o
 .ARM.attributes
                0x00000341       0x31 ..\obj\timers.o
 .ARM.attributes
                0x00000372       0x31 ..\obj\stm32f4xx_adc.o
 .ARM.attributes
                0x000003a3       0x31 ..\obj\printf.o
 .ARM.attributes
                0x000003d4       0x31 ..\obj\phaze_detector.o
 .ARM.attributes
                0x00000405       0x31 ..\obj\watchdog.o
 .ARM.attributes
                0x00000436       0x31 ..\obj\display.o
 .ARM.attributes
                0x00000467       0x31 ..\obj\hd44780.o
 .ARM.attributes
                0x00000498       0x31 ..\obj\tasks.o
 .ARM.attributes
                0x000004c9       0x31 ..\obj\usbd_desc.o
 .ARM.attributes
                0x000004fa       0x31 ..\obj\keyboard.o
 .ARM.attributes
                0x0000052b       0x31 ..\obj\stm32f4xx_gpio.o
 .ARM.attributes
                0x0000055c       0x31 ..\obj\usbd_cdc_vcp.o
 .ARM.attributes
                0x0000058d       0x31 ..\obj\list.o
 .ARM.attributes
                0x000005be       0x31 ..\obj\system_stm32f4xx.o
 .ARM.attributes
                0x000005ef       0x31 ..\obj\syscalls.o
 .ARM.attributes
                0x00000620       0x31 ..\obj\adc.o
 .ARM.attributes
                0x00000651       0x31 ..\obj\usb_bsp.o
 .ARM.attributes
                0x00000682       0x31 ..\obj\usbd_req.o
 .ARM.attributes
                0x000006b3       0x31 ..\obj\queue.o
 .ARM.attributes
                0x000006e4       0x31 ..\obj\port.o
 .ARM.attributes
                0x00000715       0x31 ..\obj\usb_dcd_int.o
 .ARM.attributes
                0x00000746       0x31 ..\obj\usbd_cdc_core.o
 .ARM.attributes
                0x00000777       0x31 ..\obj\croutine.o
 .ARM.attributes
                0x000007a8       0x31 ..\obj\timer_properties.o
 .ARM.attributes
                0x000007d9       0x31 ..\obj\stm32f4xx_spi.o
 .ARM.attributes
                0x0000080a       0x31 ..\obj\stm32f4xx_exti.o
 .ARM.attributes
                0x0000083b       0x31 ..\obj\misc.o
 .ARM.attributes
                0x0000086c       0x31 ..\obj\usb_dcd.o
 .ARM.attributes
                0x0000089d       0x31 ..\obj\heap_1.o
 .ARM.attributes
                0x000008ce       0x31 ..\obj\stm32f4xx_rtc.o
 .ARM.attributes
                0x000008ff       0x31 ..\obj\usbd_ioreq.o
 .ARM.attributes
                0x00000930       0x31 ..\obj\stm32f4xx_tim.o
 .ARM.attributes
                0x00000961       0x31 ..\obj\power_detector.o
 .ARM.attributes
                0x00000992       0x1b c:/coocox/coide/gcc/sourcery g++ lite/bin/../lib/gcc/arm-none-eabi/4.5.1/thumb2\libgcc.a(_arm_addsubdf3.o)
 .ARM.attributes
                0x000009ad       0x1b c:/coocox/coide/gcc/sourcery g++ lite/bin/../lib/gcc/arm-none-eabi/4.5.1/thumb2\libgcc.a(_arm_muldivdf3.o)
 .ARM.attributes
                0x000009c8       0x1b c:/coocox/coide/gcc/sourcery g++ lite/bin/../lib/gcc/arm-none-eabi/4.5.1/thumb2\libgcc.a(_arm_cmpdf2.o)
 .ARM.attributes
                0x000009e3       0x1b c:/coocox/coide/gcc/sourcery g++ lite/bin/../lib/gcc/arm-none-eabi/4.5.1/thumb2\libgcc.a(_arm_fixunsdfsi.o)
 .ARM.attributes
                0x000009fe       0x1b c:/coocox/coide/gcc/sourcery g++ lite/bin/../lib/gcc/arm-none-eabi/4.5.1/thumb2\libgcc.a(_arm_truncdfsf2.o)
 .ARM.attributes
                0x00000a19       0x1b c:/coocox/coide/gcc/sourcery g++ lite/bin/../lib/gcc/arm-none-eabi/4.5.1/thumb2\libgcc.a(_arm_addsubsf3.o)
 .ARM.attributes
                0x00000a34       0x1b c:/coocox/coide/gcc/sourcery g++ lite/bin/../lib/gcc/arm-none-eabi/4.5.1/thumb2\libgcc.a(_arm_muldivsf3.o)
 .ARM.attributes
                0x00000a4f       0x1b c:/coocox/coide/gcc/sourcery g++ lite/bin/../lib/gcc/arm-none-eabi/4.5.1/thumb2\libgcc.a(_arm_cmpsf2.o)
 .ARM.attributes
                0x00000a6a       0x1b c:/coocox/coide/gcc/sourcery g++ lite/bin/../lib/gcc/arm-none-eabi/4.5.1/thumb2\libgcc.a(_arm_fixsfsi.o)
 .ARM.attributes
                0x00000a85       0x1b c:/coocox/coide/gcc/sourcery g++ lite/bin/../lib/gcc/arm-none-eabi/4.5.1/thumb2\libgcc.a(_arm_fixunssfsi.o)
 .ARM.attributes
                0x00000aa0       0x29 c:/coocox/coide/gcc/sourcery g++ lite/bin/../lib/gcc/arm-none-eabi/4.5.1/../../../../arm-none-eabi/lib/thumb2\libc.a(lib_a-memcmp.o)
 .ARM.attributes
                0x00000ac9       0x29 c:/coocox/coide/gcc/sourcery g++ lite/bin/../lib/gcc/arm-none-eabi/4.5.1/../../../../arm-none-eabi/lib/thumb2\libc.a(lib_a-memcpy.o)
 .ARM.attributes
                0x00000af2       0x29 c:/coocox/coide/gcc/sourcery g++ lite/bin/../lib/gcc/arm-none-eabi/4.5.1/../../../../arm-none-eabi/lib/thumb2\libc.a(lib_a-memset.o)
 .ARM.attributes
                0x00000b1b       0x29 c:/coocox/coide/gcc/sourcery g++ lite/bin/../lib/gcc/arm-none-eabi/4.5.1/../../../../arm-none-eabi/lib/thumb2\libc.a(lib_a-strncpy.o)

.debug_frame    0x00000000     0x4d7c
 .debug_frame   0x00000000       0xbc ..\obj\stm32f4xx_syscfg.o
 .debug_frame   0x000000bc      0x434 ..\obj\usb_core.o
 .debug_frame   0x000004f0       0xa0 ..\obj\delay.o
 .debug_frame   0x00000590       0xa8 ..\obj\pid_regulator.o
 .debug_frame   0x00000638       0x8c ..\obj\usbd_usr.o
 .debug_frame   0x000006c4       0x70 ..\obj\buzzer.o
 .debug_frame   0x00000734      0x344 ..\obj\stm32f4xx_usart.o
 .debug_frame   0x00000a78      0x15c ..\obj\stm32f4xx_pwr.o
 .debug_frame   0x00000bd4       0x50 ..\obj\rtc.o
 .debug_frame   0x00000c24       0x48 ..\obj\startup_stm32f4xx.o
 .debug_frame   0x00000c6c       0x88 ..\obj\backup_sram.o
 .debug_frame   0x00000cf4       0xb0 ..\obj\stm32f4xx_iwdg.o
 .debug_frame   0x00000da4       0xe8 ..\obj\ADS1120.o
 .debug_frame   0x00000e8c      0x1ac ..\obj\usbd_core.o
 .debug_frame   0x00001038       0xa0 ..\obj\main.o
 .debug_frame   0x000010d8       0x6c ..\obj\uks.o
 .debug_frame   0x00001144      0x4d8 ..\obj\stm32f4xx_rcc.o
 .debug_frame   0x0000161c      0x434 ..\obj\stm32f4xx_adc.o
 .debug_frame   0x00001a50      0x244 ..\obj\printf.o
 .debug_frame   0x00001c94       0xa0 ..\obj\phaze_detector.o
 .debug_frame   0x00001d34       0x50 ..\obj\watchdog.o
 .debug_frame   0x00001d84       0x50 ..\obj\display.o
 .debug_frame   0x00001dd4      0x268 ..\obj\hd44780.o
 .debug_frame   0x0000203c      0x404 ..\obj\tasks.o
 .debug_frame   0x00002440       0xe8 ..\obj\usbd_desc.o
 .debug_frame   0x00002528       0x50 ..\obj\keyboard.o
 .debug_frame   0x00002578      0x19c ..\obj\stm32f4xx_gpio.o
 .debug_frame   0x00002714       0x94 ..\obj\usbd_cdc_vcp.o
 .debug_frame   0x000027a8       0x9c ..\obj\list.o
 .debug_frame   0x00002844       0x64 ..\obj\system_stm32f4xx.o
 .debug_frame   0x000028a8      0x108 ..\obj\syscalls.o
 .debug_frame   0x000029b0       0x6c ..\obj\adc.o
 .debug_frame   0x00002a1c       0xc4 ..\obj\usb_bsp.o
 .debug_frame   0x00002ae0      0x1c8 ..\obj\usbd_req.o
 .debug_frame   0x00002ca8      0x224 ..\obj\queue.o
 .debug_frame   0x00002ecc      0x110 ..\obj\port.o
 .debug_frame   0x00002fdc      0x1ac ..\obj\usb_dcd_int.o
 .debug_frame   0x00003188      0x144 ..\obj\usbd_cdc_core.o
 .debug_frame   0x000032cc       0xf0 ..\obj\croutine.o
 .debug_frame   0x000033bc       0x90 ..\obj\timer_properties.o
 .debug_frame   0x0000344c      0x2d0 ..\obj\stm32f4xx_spi.o
 .debug_frame   0x0000371c       0xec ..\obj\stm32f4xx_exti.o
 .debug_frame   0x00003808       0x9c ..\obj\misc.o
 .debug_frame   0x000038a4      0x1ac ..\obj\usb_dcd.o
 .debug_frame   0x00003a50       0x7c ..\obj\heap_1.o
 .debug_frame   0x00003acc      0x670 ..\obj\stm32f4xx_rtc.o
 .debug_frame   0x0000413c       0xec ..\obj\usbd_ioreq.o