Archive member included because of file (symbol)

c:/coocox/coide/gcc/sourcery g++ lite/bin/../lib/gcc/arm-none-eabi/4.5.1/thumb2\libgcc.a(_arm_addsubdf3.o)
                              ..\obj\ADS1120.o (__aeabi_dadd)
c:/coocox/coide/gcc/sourcery g++ lite/bin/../lib/gcc/arm-none-eabi/4.5.1/thumb2\libgcc.a(_arm_muldivdf3.o)
                              ..\obj\ADS1120.o (__aeabi_dmul)
c:/coocox/coide/gcc/sourcery g++ lite/bin/../lib/gcc/arm-none-eabi/4.5.1/thumb2\libgcc.a(_arm_cmpdf2.o)
                              ..\obj\timer_properties.o (__aeabi_dcmpeq)
c:/coocox/coide/gcc/sourcery g++ lite/bin/../lib/gcc/arm-none-eabi/4.5.1/thumb2\libgcc.a(_arm_fixunsdfsi.o)
                              ..\obj\timer_properties.o (__aeabi_d2uiz)
c:/coocox/coide/gcc/sourcery g++ lite/bin/../lib/gcc/arm-none-eabi/4.5.1/thumb2\libgcc.a(_arm_truncdfsf2.o)
                              ..\obj\ADS1120.o (__aeabi_d2f)
c:/coocox/coide/gcc/sourcery g++ lite/bin/../lib/gcc/arm-none-eabi/4.5.1/thumb2\libgcc.a(_arm_addsubsf3.o)
                              ..\obj\pid_regulator.o (__aeabi_fsub)
c:/coocox/coide/gcc/sourcery g++ lite/bin/../lib/gcc/arm-none-eabi/4.5.1/thumb2\libgcc.a(_arm_muldivsf3.o)
                              ..\obj\pid_regulator.o (__aeabi_fmul)
c:/coocox/coide/gcc/sourcery g++ lite/bin/../lib/gcc/arm-none-eabi/4.5.1/thumb2\libgcc.a(_arm_cmpsf2.o)
                              ..\obj\pid_regulator.o (__aeabi_fcmplt)
c:/coocox/coide/gcc/sourcery g++ lite/bin/../lib/gcc/arm-none-eabi/4.5.1/thumb2\libgcc.a(_arm_fixsfsi.o)
                              ..\obj\pid_regulator.o (__aeabi_f2iz)
c:/coocox/coide/gcc/sourcery g++ lite/bin/../lib/gcc/arm-none-eabi/4.5.1/thumb2\libgcc.a(_arm_fixunssfsi.o)
                              ..\obj\display.o (__aeabi_f2uiz)
c:/coocox/coide/gcc/sourcery g++ lite/bin/../lib/gcc/arm-none-eabi/4.5.1/../../../../arm-none-eabi/lib/thumb2\libc.a(lib_a-memcmp.o)
                              ..\obj\tasks.o (memcmp)
c:/coocox/coide/gcc/sourcery g++ lite/bin/../lib/gcc/arm-none-eabi/4.5.1/../../../../arm-none-eabi/lib/thumb2\libc.a(lib_a-memcpy.o)
                              ..\obj\mbfuncother.o (memcpy)
c:/coocox/coide/gcc/sourcery g++ lite/bin/../lib/gcc/arm-none-eabi/4.5.1/../../../../arm-none-eabi/lib/thumb2\libc.a(lib_a-memset.o)
                              ..\obj\tasks.o (memset)
c:/coocox/coide/gcc/sourcery g++ lite/bin/../lib/gcc/arm-none-eabi/4.5.1/../../../../arm-none-eabi/lib/thumb2\libc.a(lib_a-strncpy.o)
                              ..\obj\tasks.o (strncpy)

Allocating common symbols
Common symbol       size              file

pxMBFrameCBTransmitterEmpty
                    0x4               ..\obj\mb.o
pid_heater          0x1c              ..\obj\pid_regulator.o
pxMBPortCBTimerExpired
                    0x4               ..\obj\mb.o
ADC_result          0x4               ..\obj\ADS1120.o
xBuzzer_Handle      0x4               ..\obj\buzzer.o
adc_reg             0x1               ..\obj\ADS1120.o
ucRTUBuf            0x100             ..\obj\mbrtu.o
HD44780_Opts        0x7               ..\obj\hd44780.o
xPhazeSemaphore     0x4               ..\obj\phaze_detector.o
usbd_cdc_OtherCfgDesc
                    0x43              ..\obj\usbd_cdc_core.o
xSPI_Buf_Mutex      0x4               ..\obj\ADS1120.o
pxMBFrameCBByteReceived
                    0x4               ..\obj\mb.o
buzz                0x2               ..\obj\buzzer.o
pxMBFrameCBTransmitFSMCur
                    0x4               ..\obj\mb.o
xMeasure_LM35_Semaphore
                    0x4               ..\obj\adc.o
USB_Rx_Buffer       0x40              ..\obj\usbd_cdc_core.o
ADC_result_temp     0x4               ..\obj\ADS1120.o
ADS1120_res         0x28              ..\obj\ADS1120.o
pxMBFrameCBReceiveFSMCur
                    0x4               ..\obj\mb.o
CmdBuff             0x8               ..\obj\usbd_cdc_core.o
USB_OTG_dev         0x5f0             ..\obj\main.o
adc_lm35_chnl       0xee              ..\obj\adc.o
mult                0x4               ..\obj\delay.o
APP_Rx_Buffer       0x800             ..\obj\usbd_cdc_core.o
uks_channels        0x4b8             ..\obj\uks.o
task_watches        0x10              ..\obj\watchdog.o
USBD_StrDesc        0x32              ..\obj\usbd_req.o
phaze_detect        0x6               ..\obj\phaze_detector.o

Discarded input sections

 .text          0x00000000        0x0 ..\obj\stm32f4xx_syscfg.o
 .data          0x00000000        0x0 ..\obj\stm32f4xx_syscfg.o
 .bss           0x00000000        0x0 ..\obj\stm32f4xx_syscfg.o
 .text.SYSCFG_DeInit
                0x00000000       0x20 ..\obj\stm32f4xx_syscfg.o
 .text.SYSCFG_MemoryRemapConfig
                0x00000000       0x20 ..\obj\stm32f4xx_syscfg.o
 .text.SYSCFG_ETH_MediaInterfaceConfig
                0x00000000       0x20 ..\obj\stm32f4xx_syscfg.o
 .text.SYSCFG_CompensationCellCmd
                0x00000000       0x20 ..\obj\stm32f4xx_syscfg.o
 .text.SYSCFG_GetCompensationCellStatus
[...]
Memory Configuration

Name             Origin             Length             Attributes
rom              0x08000000         0x00100000         xr
ram              0x20000000         0x00020000         xrw
ram1             0x10000000         0x00010000         xrw
*default*        0x00000000         0xffffffff

Linker script and memory map

                0x20020000                _eram = 0x20020000

.text           0x08000000     0xd464
 *(.isr_vector .isr_vector.*)
 .isr_vector    0x08000000      0x188 ..\obj\startup_stm32f4xx.o
                0x08000000                g_pfnVectors
 *(.text .text.* .gnu.linkonce.t.*)
 .text.SYSCFG_EXTILineConfig
                0x08000188       0xb4 ..\obj\stm32f4xx_syscfg.o
                0x08000188                SYSCFG_EXTILineConfig
 .text.USB_OTG_EnableCommonInt
                0x0800023c       0x44 ..\obj\usb_core.o
 .text.USB_OTG_CoreReset
                0x08000280       0xa8 ..\obj\usb_core.o
 .text.USB_OTG_WritePacket
                0x08000328       0x88 ..\obj\usb_core.o
                0x08000328                USB_OTG_WritePacket
 .text.USB_OTG_ReadPacket
                0x080003b0       0x68 ..\obj\usb_core.o
                0x080003b0                USB_OTG_ReadPacket
 .text.USB_OTG_SelectCore
                0x08000418      0x1b4 ..\obj\usb_core.o
                0x08000418                USB_OTG_SelectCore
 .text.USB_OTG_CoreInit
                0x080005cc      0x1f8 ..\obj\usb_core.o
                0x080005cc                USB_OTG_CoreInit
 .text.USB_OTG_EnableGlobalInt
                0x080007c4       0x40 ..\obj\usb_core.o
                0x080007c4                USB_OTG_EnableGlobalInt
 .text.USB_OTG_DisableGlobalInt
                0x08000804       0x44 ..\obj\usb_core.o
                0x08000804                USB_OTG_DisableGlobalInt
 .text.USB_OTG_FlushTxFifo
                0x08000848       0x80 ..\obj\usb_core.o
                0x08000848                USB_OTG_FlushTxFifo
 .text.USB_OTG_FlushRxFifo
                0x080008c8       0x6c ..\obj\usb_core.o
                0x080008c8                USB_OTG_FlushRxFifo
 .text.USB_OTG_SetCurrentMode
                0x08000934       0x64 ..\obj\usb_core.o
                0x08000934                USB_OTG_SetCurrentMode
 .text.USB_OTG_GetMode
                0x08000998       0x20 ..\obj\usb_core.o
                0x08000998                USB_OTG_GetMode
 .text.USB_OTG_IsDeviceMode
                0x080009b8       0x24 ..\obj\usb_core.o
                0x080009b8                USB_OTG_IsDeviceMode
 .text.USB_OTG_ReadCoreItr
                0x080009dc       0x34 ..\obj\usb_core.o
                0x080009dc                USB_OTG_ReadCoreItr
 .text.USB_OTG_InitDevSpeed
                0x08000a10       0x38 ..\obj\usb_core.o
                0x08000a10                USB_OTG_InitDevSpeed
 .text.USB_OTG_CoreInitDev
                0x08000a48      0x2d0 ..\obj\usb_core.o
                0x08000a48                USB_OTG_CoreInitDev
 .text.USB_OTG_EnableDevInt
                0x08000d18       0xa8 ..\obj\usb_core.o
                0x08000d18                USB_OTG_EnableDevInt
 .text.USB_OTG_GetDeviceSpeed
                0x08000dc0       0x50 ..\obj\usb_core.o
                0x08000dc0                USB_OTG_GetDeviceSpeed
 .text.USB_OTG_EP0Activate
                0x08000e10       0x84 ..\obj\usb_core.o
                0x08000e10                USB_OTG_EP0Activate
 .text.USB_OTG_EPActivate
                0x08000e94       0xf8 ..\obj\usb_core.o
                0x08000e94                USB_OTG_EPActivate
 .text.USB_OTG_EPDeactivate
                0x08000f8c       0xa4 ..\obj\usb_core.o
                0x08000f8c                USB_OTG_EPDeactivate
 .text.USB_OTG_EPStartXfer
                0x08001030      0x2d4 ..\obj\usb_core.o
                0x08001030                USB_OTG_EPStartXfer
 .text.USB_OTG_EP0StartXfer
                0x08001304      0x208 ..\obj\usb_core.o
                0x08001304                USB_OTG_EP0StartXfer
 .text.USB_OTG_EPSetStall
                0x0800150c       0x94 ..\obj\usb_core.o
                0x0800150c                USB_OTG_EPSetStall
 .text.USB_OTG_EPClearStall
                0x080015a0       0x84 ..\obj\usb_core.o
                0x080015a0                USB_OTG_EPClearStall
 .text.USB_OTG_ReadDevAllOutEp_itr
                0x08001624       0x30 ..\obj\usb_core.o
                0x08001624                USB_OTG_ReadDevAllOutEp_itr
 .text.USB_OTG_ReadDevOutEP_itr
                0x08001654       0x3c ..\obj\usb_core.o
                0x08001654                USB_OTG_ReadDevOutEP_itr
 .text.USB_OTG_ReadDevAllInEPItr
                0x08001690       0x34 ..\obj\usb_core.o
                0x08001690                USB_OTG_ReadDevAllInEPItr
 .text.USB_OTG_EP0_OutStart
                0x080016c4       0x7c ..\obj\usb_core.o
                0x080016c4                USB_OTG_EP0_OutStart
 .text.USB_OTG_UngateClock
                0x08001740       0x54 ..\obj\usb_core.o
                0x08001740                USB_OTG_UngateClock
 .text.TIM2_IRQHandler
                0x08001794       0x50 ..\obj\delay.o
                0x08001794                TIM2_IRQHandler
 .text.DELAY_Init
                0x080017e4       0x2c ..\obj\delay.o
                0x080017e4                DELAY_Init
 .text.DELAY_INT_InitTIM
                0x08001810       0xa8 ..\obj\delay.o
                0x08001810                DELAY_INT_InitTIM
 .text.ENTER_CRITICAL_SECTION
                0x080018b8        0xc ..\obj\mbport.o
                0x080018b8                ENTER_CRITICAL_SECTION
 .text.EXIT_CRITICAL_SECTION
                0x080018c4        0xc ..\obj\mbport.o
                0x080018c4                EXIT_CRITICAL_SECTION
 .text.eMBRegInputCB
                0x080018d0       0xc4 ..\obj\mbport.o
                0x080018d0                eMBRegInputCB
 .text.eMBRegHoldingCB
                0x08001994      0x10c ..\obj\mbport.o
                0x08001994                eMBRegHoldingCB
 .text.eMBRegCoilsCB
                0x08001aa0       0x20 ..\obj\mbport.o
                0x08001aa0                eMBRegCoilsCB
 .text.eMBRegDiscreteCB
                0x08001ac0       0x20 ..\obj\mbport.o
                0x08001ac0                eMBRegDiscreteCB
 .text.eMBInit  0x08001ae0      0x134 ..\obj\mb.o
                0x08001ae0                eMBInit
 .text.PID_Heater_Init
                0x08001c14       0x24 ..\obj\pid_regulator.o
                0x08001c14                PID_Heater_Init
 .text.pid_Init
                0x08001c38       0xf4 ..\obj\pid_regulator.o
                0x08001c38                pid_Init
 .text.pid_Controller
                0x08001d2c      0x1d8 ..\obj\pid_regulator.o
                0x08001d2c                pid_Controller
 .text.PID_Regulator_Task
                0x08001f04      0x1c8 ..\obj\pid_regulator.o
 .text.eMBFuncReadDiscreteInputs
                0x080020cc      0x130 ..\obj\mbfuncdisc.o
                0x080020cc                eMBFuncReadDiscreteInputs
 .text.USBD_USR_Init
                0x080021fc        0xc ..\obj\usbd_usr.o
                0x080021fc                USBD_USR_Init
 .text.USBD_USR_DeviceReset
                0x08002208       0x14 ..\obj\usbd_usr.o
                0x08002208                USBD_USR_DeviceReset
 .text.USBD_USR_DeviceConfigured
                0x0800221c        0xc ..\obj\usbd_usr.o
                0x0800221c                USBD_USR_DeviceConfigured
 .text.USBD_USR_DeviceSuspended
                0x08002228        0xc ..\obj\usbd_usr.o
                0x08002228                USBD_USR_DeviceSuspended
 .text.USBD_USR_DeviceResumed
                0x08002234        0xc ..\obj\usbd_usr.o
                0x08002234                USBD_USR_DeviceResumed
 .text.xMBPortEventInit
                0x08002240       0x20 ..\obj\portevent.o
                0x08002240                xMBPortEventInit
 .text.xMBPortEventPost
                0x08002260       0x34 ..\obj\portevent.o
                0x08002260                xMBPortEventPost
 .text.Buzzer_Init
                0x08002294       0xa4 ..\obj\buzzer.o
                0x08002294                Buzzer_Init
 .text.Buzzer_Task
                0x08002338      0x244 ..\obj\buzzer.o
                0x08002338                Buzzer_Task
 .text.Buzzer_Set_Buzz
                0x0800257c       0xc0 ..\obj\buzzer.o
                0x0800257c                Buzzer_Set_Buzz
 .text.eMBFuncReportSlaveID
                0x0800263c       0x4c ..\obj\mbfuncother.o
                0x0800263c                eMBFuncReportSlaveID
 .text.PWR_PVDLevelConfig
                0x08002688       0x44 ..\obj\stm32f4xx_pwr.o
                0x08002688                PWR_PVDLevelConfig
 .text.PWR_PVDCmd
                0x080026cc       0x20 ..\obj\stm32f4xx_pwr.o
                0x080026cc                PWR_PVDCmd
 .text.prveMBError2Exception
                0x080026ec       0x48 ..\obj\mbutils.o
                0x080026ec                prveMBError2Exception
 .text.Default_Reset_Handler
                0x08002734       0x68 ..\obj\startup_stm32f4xx.o
                0x08002734                Default_Reset_Handler
                0x08002734                Reset_Handler
 .text.Default_Handler
                0x0800279c        0x8 ..\obj\startup_stm32f4xx.o
                0x0800279c                RTC_Alarm_IRQHandler
                0x0800279c                HASH_RNG_IRQHandler
                0x0800279c                EXTI2_IRQHandler
                0x0800279c                TIM8_CC_IRQHandler
                0x0800279c                DebugMon_Handler
                0x0800279c                TIM1_CC_IRQHandler
                0x0800279c                DMA2_Stream5_IRQHandler
                0x0800279c                HardFault_Handler
                0x0800279c                DMA1_Stream5_IRQHandler
                0x0800279c                SDIO_IRQHandler
                0x0800279c                TAMP_STAMP_IRQHandler
                0x0800279c                NMI_Handler
                0x0800279c                CAN2_RX1_IRQHandler
                0x0800279c                EXTI3_IRQHandler
                0x0800279c                TIM8_TRG_COM_TIM14_IRQHandler
                0x0800279c                TIM1_UP_TIM10_IRQHandler
                0x0800279c                TIM8_UP_TIM13_IRQHandler
                0x0800279c                I2C3_ER_IRQHandler
                0x0800279c                I2C2_EV_IRQHandler
                0x0800279c                DMA1_Stream2_IRQHandler
                0x0800279c                CAN1_RX0_IRQHandler
                0x0800279c                FPU_IRQHandler
                0x0800279c                OTG_HS_WKUP_IRQHandler
                0x0800279c                UsageFault_Handler
                0x0800279c                CAN2_SCE_IRQHandler
                0x0800279c                DMA2_Stream2_IRQHandler
                0x0800279c                SPI1_IRQHandler
                0x0800279c                TIM6_DAC_IRQHandler
                0x0800279c                TIM1_BRK_TIM9_IRQHandler
                0x0800279c                DCMI_IRQHandler
                0x0800279c                CAN2_RX0_IRQHandler
                0x0800279c                DMA2_Stream3_IRQHandler
                0x0800279c                USART6_IRQHandler
                0x0800279c                USART3_IRQHandler
                0x0800279c                CRYP_IRQHandler
                0x0800279c                CAN1_RX1_IRQHandler
                0x0800279c                UART5_IRQHandler
                0x0800279c                DMA2_Stream0_IRQHandler
                0x0800279c                TIM4_IRQHandler
                0x0800279c                I2C1_EV_IRQHandler
                0x0800279c                DMA1_Stream6_IRQHandler
                0x0800279c                DMA1_Stream1_IRQHandler
                0x0800279c                UART4_IRQHandler
                0x0800279c                TIM3_IRQHandler
                0x0800279c                RCC_IRQHandler
                0x0800279c                TIM8_BRK_TIM12_IRQHandler
                0x0800279c                EXTI15_10_IRQHandler
                0x0800279c                ADC_IRQHandler
                0x0800279c                DMA1_Stream7_IRQHandler
                0x0800279c                TIM7_IRQHandler
                0x0800279c                CAN2_TX_IRQHandler
                0x0800279c                TIM5_IRQHandler
                0x0800279c                DMA2_Stream7_IRQHandler
                0x0800279c                I2C3_EV_IRQHandler
                0x0800279c                EXTI9_5_IRQHandler
                0x0800279c                RTC_WKUP_IRQHandler
                0x0800279c                ETH_WKUP_IRQHandler
                0x0800279c                SPI2_IRQHandler
                0x0800279c                OTG_HS_EP1_IN_IRQHandler
                0x0800279c                MemManage_Handler
                0x0800279c                DMA1_Stream0_IRQHandler
                0x0800279c                CAN1_TX_IRQHandler
                0x0800279c                EXTI4_IRQHandler
                0x0800279c                FSMC_IRQHandler
                0x0800279c                ETH_IRQHandler
                0x0800279c                OTG_HS_EP1_OUT_IRQHandler
                0x0800279c                WWDG_IRQHandler
                0x0800279c                TIM1_TRG_COM_TIM11_IRQHandler
                0x0800279c                OTG_HS_IRQHandler
                0x0800279c                USART2_IRQHandler
                0x0800279c                I2C2_ER_IRQHandler
                0x0800279c                DMA2_Stream1_IRQHandler
                0x0800279c                CAN1_SCE_IRQHandler
                0x0800279c                FLASH_IRQHandler
                0x0800279c                DMA2_Stream4_IRQHandler
                0x0800279c                BusFault_Handler
                0x0800279c                USART1_IRQHandler
                0x0800279c                SPI3_IRQHandler
                0x0800279c                DMA1_Stream4_IRQHandler
                0x0800279c                I2C1_ER_IRQHandler
                0x0800279c                DMA2_Stream6_IRQHandler
                0x0800279c                DMA1_Stream3_IRQHandler
 .text.ADS1120_init
                0x080027a4       0x4c ..\obj\ADS1120.o
                0x080027a4                ADS1120_init
 .text.SPI2_config
                0x080027f0      0x170 ..\obj\ADS1120.o
 .text.SPI2_send
                0x08002960       0x60 ..\obj\ADS1120.o
                0x08002960                SPI2_send
 .text.SPI2_read
                0x080029c0       0x14 ..\obj\ADS1120.o
                0x080029c0                SPI2_read
 .text.ADS1120_task
                0x080029d4      0x194 ..\obj\ADS1120.o
 .text.PT100_Code_To_Temperature
                0x08002b68       0xa0 ..\obj\ADS1120.o
                0x08002b68                PT100_Code_To_Temperature
 .text.eMBFuncWriteHoldingRegister
                0x08002c08       0x84 ..\obj\mbfuncholding.o
                0x08002c08                eMBFuncWriteHoldingRegister
 .text.eMBFuncWriteMultipleHoldingRegister
                0x08002c8c       0xdc ..\obj\mbfuncholding.o
                0x08002c8c                eMBFuncWriteMultipleHoldingRegister
 .text.eMBFuncReadHoldingRegister
                0x08002d68      0x10c ..\obj\mbfuncholding.o
                0x08002d68                eMBFuncReadHoldingRegister
 .text.eMBFuncReadWriteMultipleHoldingRegister
                0x08002e74      0x1a0 ..\obj\mbfuncholding.o
                0x08002e74                eMBFuncReadWriteMultipleHoldingRegister
 .text.USBD_Init
                0x08003014       0x58 ..\obj\usbd_core.o
                0x08003014                USBD_Init
 .text.USBD_DeInit
                0x0800306c       0x18 ..\obj\usbd_core.o
                0x0800306c                USBD_DeInit
 .text.USBD_SetupStage
                0x08003084       0x70 ..\obj\usbd_core.o
 .text.USBD_DataOutStage
                0x080030f4       0xd4 ..\obj\usbd_core.o
 .text.USBD_DataInStage
                0x080031c8      0x114 ..\obj\usbd_core.o
 .text.USBD_Reset
                0x080032dc       0x54 ..\obj\usbd_core.o
 .text.USBD_Resume
                0x08003330       0x2c ..\obj\usbd_core.o
 .text.USBD_Suspend
                0x0800335c       0x2c ..\obj\usbd_core.o
 .text.USBD_SOF
                0x08003388       0x30 ..\obj\usbd_core.o
 .text.USBD_SetCfg
                0x080033b8       0x34 ..\obj\usbd_core.o
                0x080033b8                USBD_SetCfg
 .text.USBD_ClrCfg
                0x080033ec       0x2c ..\obj\usbd_core.o
                0x080033ec                USBD_ClrCfg
 .text.USBD_IsoINIncomplete
                0x08003418       0x24 ..\obj\usbd_core.o
 .text.USBD_IsoOUTIncomplete
                0x0800343c       0x24 ..\obj\usbd_core.o
 .text.main     0x08003460       0x80 ..\obj\main.o
                0x08003460                main
 .text.vApplicationMallocFailedHook
                0x080034e0        0x8 ..\obj\main.o
                0x080034e0                vApplicationMallocFailedHook
 .text.vApplicationStackOverflowHook
                0x080034e8        0xc ..\obj\main.o
                0x080034e8                vApplicationStackOverflowHook
 .text.vApplicationIdleHook
                0x080034f4       0x18 ..\obj\main.o
                0x080034f4                vApplicationIdleHook
 .text.UKS_Drying_Init
                0x0800350c      0x148 ..\obj\uks.o
                0x0800350c                UKS_Drying_Init
 .text.UKS_Drying_Task
                0x08003654       0x68 ..\obj\uks.o
                0x08003654                UKS_Drying_Task
 .text.UKS_Sort_Channels
                0x080036bc      0x32c ..\obj\uks.o
                0x080036bc                UKS_Sort_Channels
 .text.UKS_Channel_State_Drying
                0x080039e8      0x104 ..\obj\uks.o
                0x080039e8                UKS_Channel_State_Drying
 .text.RCC_GetClocksFreq
                0x08003aec      0x1d4 ..\obj\stm32f4xx_rcc.o
                0x08003aec                RCC_GetClocksFreq
 .text.RCC_AHB1PeriphClockCmd
                0x08003cc0       0x5c ..\obj\stm32f4xx_rcc.o
                0x08003cc0                RCC_AHB1PeriphClockCmd
 .text.RCC_AHB2PeriphClockCmd
                0x08003d1c       0x5c ..\obj\stm32f4xx_rcc.o
                0x08003d1c                RCC_AHB2PeriphClockCmd
 .text.RCC_APB1PeriphClockCmd
                0x08003d78       0x5c ..\obj\stm32f4xx_rcc.o
                0x08003d78                RCC_APB1PeriphClockCmd
 .text.RCC_APB2PeriphClockCmd
                0x08003dd4       0x5c ..\obj\stm32f4xx_rcc.o
                0x08003dd4                RCC_APB2PeriphClockCmd
 .text.RCC_APB1PeriphResetCmd
                0x08003e30       0x5c ..\obj\stm32f4xx_rcc.o
                0x08003e30                RCC_APB1PeriphResetCmd
 .text.RCC_APB2PeriphResetCmd
                0x08003e8c       0x5c ..\obj\stm32f4xx_rcc.o
                0x08003e8c                RCC_APB2PeriphResetCmd
 .text.ADC_DeInit
                0x08003ee8       0x20 ..\obj\stm32f4xx_adc.o
                0x08003ee8                ADC_DeInit
 .text.ADC_Init
                0x08003f08       0xc4 ..\obj\stm32f4xx_adc.o
                0x08003f08                ADC_Init
 .text.ADC_StructInit
                0x08003fcc       0x4c ..\obj\stm32f4xx_adc.o
                0x08003fcc                ADC_StructInit
 .text.ADC_CommonInit
                0x08004018       0x60 ..\obj\stm32f4xx_adc.o
                0x08004018                ADC_CommonInit
 .text.ADC_CommonStructInit
                0x08004078       0x34 ..\obj\stm32f4xx_adc.o
                0x08004078                ADC_CommonStructInit
 .text.ADC_Cmd  0x080040ac       0x38 ..\obj\stm32f4xx_adc.o
                0x080040ac                ADC_Cmd
 .text.ADC_RegularChannelConfig
                0x080040e4      0x1d0 ..\obj\stm32f4xx_adc.o
                0x080040e4                ADC_RegularChannelConfig
 .text.ADC_GetFlagStatus
                0x080042b4       0x40 ..\obj\stm32f4xx_adc.o
                0x080042b4                ADC_GetFlagStatus
 .text.eMBFuncReadInputRegister
                0x080042f4      0x110 ..\obj\mbfuncinput.o
                0x080042f4                eMBFuncReadInputRegister
 .text.PutChar  0x08004404       0x24 ..\obj\printf.o
                0x08004404                PutChar
 .text.PutString
                0x08004428       0x48 ..\obj\printf.o
                0x08004428                PutString
 .text.PutUnsignedInt
                0x08004470       0xbc ..\obj\printf.o
                0x08004470                PutUnsignedInt
 .text.PutSignedInt
                0x0800452c      0x12c ..\obj\printf.o
                0x0800452c                PutSignedInt
 .text.PutHexa  0x08004658       0xe8 ..\obj\printf.o
                0x08004658                PutHexa
 .text.vsnprintf
                0x08004740      0x2a4 ..\obj\printf.o
                0x08004740                vsnprintf
 .text.vsprintf
                0x080049e4       0x28 ..\obj\printf.o
                0x080049e4                vsprintf
 .text.sprintf  0x08004a0c       0x30 ..\obj\printf.o
                0x08004a0c                sprintf
 .text.NVIC_EnableIRQ
                0x08004a3c       0x38 ..\obj\phaze_detector.o
 .text.Phaze_Detector_Init
                0x08004a74      0x174 ..\obj\phaze_detector.o
                0x08004a74                Phaze_Detector_Init
 .text.Set_Heater_Power
                0x08004be8       0x58 ..\obj\phaze_detector.o
                0x08004be8                Set_Heater_Power
 .text.EXTI0_IRQHandler
                0x08004c40      0x114 ..\obj\phaze_detector.o
                0x08004c40                EXTI0_IRQHandler
 .text.EXTI1_IRQHandler
                0x08004d54       0x38 ..\obj\phaze_detector.o
                0x08004d54                EXTI1_IRQHandler
 .text.Display_Init
                0x08004d8c       0x4c ..\obj\display.o
                0x08004d8c                Display_Init
 .text.Display_Task
                0x08004dd8      0x454 ..\obj\display.o
                0x08004dd8                Display_Task
 .text.Delay    0x0800522c       0x44 ..\obj\hd44780.o
 .text.HD44780_Init
                0x08005270      0x110 ..\obj\hd44780.o
                0x08005270                HD44780_Init
 .text.HD44780_Reinit
                0x08005380      0x100 ..\obj\hd44780.o
                0x08005380                HD44780_Reinit
 .text.HD44780_InitPins
                0x08005480       0x80 ..\obj\hd44780.o
                0x08005480                HD44780_InitPins
 .text.HD44780_Clear
                0x08005500       0x18 ..\obj\hd44780.o
                0x08005500                HD44780_Clear
 .text.HD44780_Cmd
                0x08005518       0x28 ..\obj\hd44780.o
                0x08005518                HD44780_Cmd
 .text.HD44780_Data
                0x08005540       0x28 ..\obj\hd44780.o
                0x08005540                HD44780_Data
 .text.HD44780_Cmd4bit
                0x08005568       0xb0 ..\obj\hd44780.o
                0x08005568                HD44780_Cmd4bit
 .text.HD44780_Cmd8bit
                0x08005618       0xb0 ..\obj\hd44780.o
                0x08005618                HD44780_Cmd8bit
 .text.HD44780_CursorSet
                0x080056c8       0x74 ..\obj\hd44780.o
                0x080056c8                HD44780_CursorSet
 .text.HD44780_Puts
                0x0800573c      0x114 ..\obj\hd44780.o
                0x0800573c                HD44780_Puts
 .text.HD44780_DisplayOn
                0x08005850       0x38 ..\obj\hd44780.o
                0x08005850                HD44780_DisplayOn
 .text.xTaskGenericCreate
                0x08005888      0x1f8 ..\obj\tasks.o
                0x08005888                xTaskGenericCreate
 .text.vTaskDelay
                0x08005a80       0x5c ..\obj\tasks.o
                0x08005a80                vTaskDelay
 .text.vTaskSuspend
                0x08005adc       0xc0 ..\obj\tasks.o
                0x08005adc                vTaskSuspend
 .text.xTaskIsTaskSuspended
                0x08005b9c       0x60 ..\obj\tasks.o
                0x08005b9c                xTaskIsTaskSuspended
 .text.vTaskResume
                0x08005bfc       0xbc ..\obj\tasks.o
                0x08005bfc                vTaskResume
 .text.vTaskStartScheduler
                0x08005cb8       0x84 ..\obj\tasks.o
                0x08005cb8                vTaskStartScheduler
 .text.vTaskSuspendAll
                0x08005d3c       0x24 ..\obj\tasks.o
                0x08005d3c                vTaskSuspendAll
 .text.xTaskResumeAll
                0x08005d60      0x16c ..\obj\tasks.o
                0x08005d60                xTaskResumeAll
 .text.vTaskIncrementTick
                0x08005ecc      0x1d0 ..\obj\tasks.o
                0x08005ecc                vTaskIncrementTick
 .text.vTaskSwitchContext
                0x0800609c      0x168 ..\obj\tasks.o
                0x0800609c                vTaskSwitchContext
 .text.vTaskPlaceOnEventList
                0x08006204       0x88 ..\obj\tasks.o
                0x08006204                vTaskPlaceOnEventList
 .text.xTaskRemoveFromEventList
                0x0800628c       0xd4 ..\obj\tasks.o
                0x0800628c                xTaskRemoveFromEventList
 .text.vTaskSetTimeOutState
                0x08006360       0x40 ..\obj\tasks.o
                0x08006360                vTaskSetTimeOutState
 .text.xTaskCheckForTimeOut
                0x080063a0       0xc4 ..\obj\tasks.o
                0x080063a0                xTaskCheckForTimeOut
 .text.vTaskMissedYield
                0x08006464       0x18 ..\obj\tasks.o
                0x08006464                vTaskMissedYield
 .text.prvIdleTask
                0x0800647c       0x24 ..\obj\tasks.o
 .text.prvInitialiseTCBVariables
                0x080064a0       0x7c ..\obj\tasks.o
 .text.prvInitialiseTaskLists
                0x0800651c       0xa4 ..\obj\tasks.o
 .text.prvCheckTasksWaitingTermination
                0x080065c0       0x98 ..\obj\tasks.o
 .text.prvAddCurrentTaskToDelayedList
                0x08006658       0x8c ..\obj\tasks.o
 .text.prvAllocateTCBAndStack
                0x080066e4       0x74 ..\obj\tasks.o
 .text.prvDeleteTCB
                0x08006758       0x20 ..\obj\tasks.o
 .text.xTaskGetCurrentTaskHandle
                0x08006778       0x20 ..\obj\tasks.o
                0x08006778                xTaskGetCurrentTaskHandle
 .text.vTaskPriorityInherit
                0x08006798       0xe8 ..\obj\tasks.o
                0x08006798                vTaskPriorityInherit
 .text.vTaskPriorityDisinherit
                0x08006880       0x90 ..\obj\tasks.o
                0x08006880                vTaskPriorityDisinherit
 .text.USBD_USR_DeviceDescriptor
                0x08006910       0x28 ..\obj\usbd_desc.o
                0x08006910                USBD_USR_DeviceDescriptor
 .text.USBD_USR_LangIDStrDescriptor
                0x08006938       0x28 ..\obj\usbd_desc.o
                0x08006938                USBD_USR_LangIDStrDescriptor
 .text.USBD_USR_ProductStrDescriptor
                0x08006960       0x54 ..\obj\usbd_desc.o
                0x08006960                USBD_USR_ProductStrDescriptor
 .text.USBD_USR_ManufacturerStrDescriptor
                0x080069b4       0x34 ..\obj\usbd_desc.o
                0x080069b4                USBD_USR_ManufacturerStrDescriptor
 .text.USBD_USR_SerialStrDescriptor
                0x080069e8       0x54 ..\obj\usbd_desc.o
                0x080069e8                USBD_USR_SerialStrDescriptor
 .text.USBD_USR_ConfigStrDescriptor
                0x08006a3c       0x54 ..\obj\usbd_desc.o
                0x08006a3c                USBD_USR_ConfigStrDescriptor
 .text.USBD_USR_InterfaceStrDescriptor
                0x08006a90       0x54 ..\obj\usbd_desc.o
                0x08006a90                USBD_USR_InterfaceStrDescriptor
 .text.Keyboard_Init
                0x08006ae4       0x78 ..\obj\keyboard.o
                0x08006ae4                Keyboard_Init
 .text.vKeyboardTask
                0x08006b5c      0x1d0 ..\obj\keyboard.o
 .text.GPIO_Init
                0x08006d2c      0x158 ..\obj\stm32f4xx_gpio.o
                0x08006d2c                GPIO_Init
 .text.GPIO_StructInit
                0x08006e84       0x3c ..\obj\stm32f4xx_gpio.o
                0x08006e84                GPIO_StructInit
 .text.GPIO_ReadInputDataBit
                0x08006ec0       0x40 ..\obj\stm32f4xx_gpio.o
                0x08006ec0                GPIO_ReadInputDataBit
 .text.GPIO_WriteBit
                0x08006f00       0x30 ..\obj\stm32f4xx_gpio.o
                0x08006f00                GPIO_WriteBit
 .text.GPIO_PinAFConfig
                0x08006f30       0xb0 ..\obj\stm32f4xx_gpio.o
                0x08006f30                GPIO_PinAFConfig
 .text.xMBPortTimersInit
                0x08006fe0       0xe0 ..\obj\porttimer.o
                0x08006fe0                xMBPortTimersInit
 .text.vMBPortTimersEnable
                0x080070c0       0x4c ..\obj\porttimer.o
                0x080070c0                vMBPortTimersEnable
 .text.vMBPortTimersDisable
                0x0800710c       0x4c ..\obj\porttimer.o
                0x0800710c                vMBPortTimersDisable
 .text.VCP_Init
                0x08007158       0x10 ..\obj\usbd_cdc_vcp.o
 .text.VCP_DeInit
                0x08007168       0x10 ..\obj\usbd_cdc_vcp.o
 .text.VCP_Ctrl
                0x08007178       0xbc ..\obj\usbd_cdc_vcp.o
 .text.VCP_DataTx
                0x08007234       0x7c ..\obj\usbd_cdc_vcp.o
                0x08007234                VCP_DataTx
 .text.VCP_DataRx
                0x080072b0       0xe0 ..\obj\usbd_cdc_vcp.o
 .text.vListInitialise
                0x08007390       0x48 ..\obj\list.o
                0x08007390                vListInitialise
 .text.vListInitialiseItem
                0x080073d8       0x1c ..\obj\list.o
                0x080073d8                vListInitialiseItem
 .text.vListInsertEnd
                0x080073f4       0x54 ..\obj\list.o
                0x080073f4                vListInsertEnd
 .text.vListInsert
                0x08007448       0x78 ..\obj\list.o
                0x08007448                vListInsert
 .text.vListRemove
                0x080074c0       0x54 ..\obj\list.o
                0x080074c0                vListRemove
 .text.SystemInit
                0x08007514       0x94 ..\obj\system_stm32f4xx.o
                0x08007514                SystemInit
 .text.SetSysClock
                0x080075a8      0x150 ..\obj\system_stm32f4xx.o
 .text.ADC_Channel_Init
                0x080076f8      0x15c ..\obj\adc.o
                0x080076f8                ADC_Channel_Init
 .text.bubblesort
                0x08007854       0xa4 ..\obj\adc.o
                0x08007854                bubblesort
 .text.ADC_Task
                0x080078f8      0x2d8 ..\obj\adc.o
 .text.USB_OTG_BSP_Init
                0x08007bd0      0x100 ..\obj\usb_bsp.o
                0x08007bd0                USB_OTG_BSP_Init
 .text.USB_OTG_BSP_EnableInterrupt
                0x08007cd0       0x3c ..\obj\usb_bsp.o
                0x08007cd0                USB_OTG_BSP_EnableInterrupt
 .text.USB_OTG_BSP_uDelay
                0x08007d0c       0x58 ..\obj\usb_bsp.o
                0x08007d0c                USB_OTG_BSP_uDelay
 .text.USB_OTG_BSP_mDelay
                0x08007d64       0x20 ..\obj\usb_bsp.o
                0x08007d64                USB_OTG_BSP_mDelay
 .text.OTG_FS_WKUP_IRQHandler
                0x08007d84       0x44 ..\obj\usb_bsp.o
                0x08007d84                OTG_FS_WKUP_IRQHandler
 .text.OTG_FS_IRQHandler
                0x08007dc8       0x14 ..\obj\usb_bsp.o
                0x08007dc8                OTG_FS_IRQHandler
 .text.USBD_StdDevReq
                0x08007ddc       0xa4 ..\obj\usbd_req.o
                0x08007ddc                USBD_StdDevReq
 .text.USBD_StdItfReq
                0x08007e80       0x70 ..\obj\usbd_req.o
                0x08007e80                USBD_StdItfReq
 .text.USBD_StdEPReq
                0x08007ef0      0x1d8 ..\obj\usbd_req.o
                0x08007ef0                USBD_StdEPReq
 .text.USBD_GetDescriptor
                0x080080c8      0x1c8 ..\obj\usbd_req.o
 .text.USBD_SetAddress
                0x08008290       0x80 ..\obj\usbd_req.o
 .text.USBD_SetConfig
                0x08008310      0x134 ..\obj\usbd_req.o
 .text.USBD_GetConfig
                0x08008444       0x68 ..\obj\usbd_req.o
 .text.USBD_GetStatus
                0x080084ac       0x68 ..\obj\usbd_req.o
 .text.USBD_SetFeature
                0x08008514       0xe0 ..\obj\usbd_req.o
 .text.USBD_ClrFeature
                0x080085f4       0x58 ..\obj\usbd_req.o
 .text.USBD_ParseSetupRequest
                0x0800864c       0xbc ..\obj\usbd_req.o
                0x0800864c                USBD_ParseSetupRequest
 .text.USBD_CtlError
                0x08008708       0x50 ..\obj\usbd_req.o
                0x08008708                USBD_CtlError
 .text.USBD_GetString
                0x08008758       0x9c ..\obj\usbd_req.o
                0x08008758                USBD_GetString
 .text.USBD_GetLen
                0x080087f4       0x38 ..\obj\usbd_req.o
 .text.xQueueGenericReset
                0x0800882c       0xc0 ..\obj\queue.o
                0x0800882c                xQueueGenericReset
 .text.xQueueGenericCreate
                0x080088ec       0x90 ..\obj\queue.o
                0x080088ec                xQueueGenericCreate
 .text.xQueueGenericSend
                0x0800897c      0x158 ..\obj\queue.o
                0x0800897c                xQueueGenericSend
 .text.xQueueGenericSendFromISR
                0x08008ad4       0xcc ..\obj\queue.o
                0x08008ad4                xQueueGenericSendFromISR
 .text.xQueueGenericReceive
                0x08008ba0      0x1bc ..\obj\queue.o
                0x08008ba0                xQueueGenericReceive
 .text.prvCopyDataToQueue
                0x08008d5c       0xc4 ..\obj\queue.o
 .text.prvCopyDataFromQueue
                0x08008e20       0x50 ..\obj\queue.o
 .text.prvUnlockQueue
                0x08008e70       0xa0 ..\obj\queue.o
 .text.prvIsQueueEmpty
                0x08008f10       0x2c ..\obj\queue.o
 .text.prvIsQueueFull
                0x08008f3c       0x30 ..\obj\queue.o
 .text.pxPortInitialiseStack
                0x08008f6c       0x60 ..\obj\port.o
                0x08008f6c                pxPortInitialiseStack
 .text.SVC_Handler
                0x08008fcc       0x20 ..\obj\port.o
                0x08008fcc                SVC_Handler
 .text.vPortStartFirstTask
                0x08008fec       0x14 ..\obj\port.o
                0x08008fec                vPortStartFirstTask
 .text.xPortStartScheduler
                0x08009000       0x54 ..\obj\port.o
                0x08009000                xPortStartScheduler
 .text.vPortYieldFromISR
                0x08009054       0x18 ..\obj\port.o
                0x08009054                vPortYieldFromISR
 .text.vPortEnterCritical
                0x0800906c       0x2c ..\obj\port.o
                0x0800906c                vPortEnterCritical
 .text.vPortExitCritical
                0x08009098       0x38 ..\obj\port.o
                0x08009098                vPortExitCritical
 .text.PendSV_Handler
                0x080090d0       0x3c ..\obj\port.o
                0x080090d0                PendSV_Handler
 .text.SysTick_Handler
                0x0800910c       0x38 ..\obj\port.o
                0x0800910c                SysTick_Handler
 .text.prvSetupTimerInterrupt
                0x08009144       0x28 ..\obj\port.o
 .text.USBD_OTG_ISR_Handler
                0x0800916c      0x178 ..\obj\usb_dcd_int.o
                0x0800916c                USBD_OTG_ISR_Handler
 .text.DCD_HandleResume_ISR
                0x080092e4       0x90 ..\obj\usb_dcd_int.o
 .text.DCD_HandleUSBSuspend_ISR
                0x08009374       0xb4 ..\obj\usb_dcd_int.o
 .text.DCD_HandleInEP_ISR
                0x08009428      0x234 ..\obj\usb_dcd_int.o
 .text.DCD_HandleOutEP_ISR
                0x0800965c      0x1b4 ..\obj\usb_dcd_int.o
 .text.DCD_HandleSof_ISR
                0x08009810       0x3c ..\obj\usb_dcd_int.o
 .text.DCD_HandleRxStatusQueueLevel_ISR
                0x0800984c      0x120 ..\obj\usb_dcd_int.o
 .text.DCD_WriteEmptyTxFifo
                0x0800996c      0x134 ..\obj\usb_dcd_int.o
 .text.DCD_HandleUsbReset_ISR
                0x08009aa0      0x168 ..\obj\usb_dcd_int.o
 .text.DCD_HandleEnumDone_ISR
                0x08009c08       0x88 ..\obj\usb_dcd_int.o
 .text.DCD_IsoINIncomplete_ISR
                0x08009c90       0x3c ..\obj\usb_dcd_int.o
 .text.DCD_IsoOUTIncomplete_ISR
                0x08009ccc       0x3c ..\obj\usb_dcd_int.o
 .text.DCD_ReadDevInEP
                0x08009d08       0x60 ..\obj\usb_dcd_int.o
 .text.vMBPortSerialEnable
                0x08009d68       0x18 ..\obj\portserial.o
                0x08009d68                vMBPortSerialEnable
 .text.xMBPortSerialInit
                0x08009d80       0x20 ..\obj\portserial.o
                0x08009d80                xMBPortSerialInit
 .text.xMBPortSerialPutByte
                0x08009da0       0x1c ..\obj\portserial.o
                0x08009da0                xMBPortSerialPutByte
 .text.xMBPortSerialGetByte
                0x08009dbc       0x18 ..\obj\portserial.o
                0x08009dbc                xMBPortSerialGetByte
 .text.usbd_cdc_Init
                0x08009dd4       0xd0 ..\obj\usbd_cdc_core.o
 .text.usbd_cdc_DeInit
                0x08009ea4       0x4c ..\obj\usbd_cdc_core.o
 .text.usbd_cdc_Setup
                0x08009ef0      0x168 ..\obj\usbd_cdc_core.o
 .text.usbd_cdc_EP0_RxReady
                0x0800a058       0x60 ..\obj\usbd_cdc_core.o
 .text.usbd_cdc_DataIn
                0x0800a0b8      0x128 ..\obj\usbd_cdc_core.o
 .text.usbd_cdc_DataOut
                0x0800a1e0       0x6c ..\obj\usbd_cdc_core.o
 .text.usbd_cdc_SOF
                0x0800a24c       0x50 ..\obj\usbd_cdc_core.o
 .text.Handle_USBAsynchXfer
                0x0800a29c      0x1a8 ..\obj\usbd_cdc_core.o
 .text.USBD_cdc_GetCfgDesc
                0x0800a444       0x28 ..\obj\usbd_cdc_core.o
 .text.TIMER_PROPERTIES_GetTimerProperties
                0x0800a46c      0x124 ..\obj\timer_properties.o
                0x0800a46c                TIMER_PROPERTIES_GetTimerProperties
 .text.TIMER_PROPERTIES_GenerateDataForWorkingFrequency
                0x0800a590      0x164 ..\obj\timer_properties.o
                0x0800a590                TIMER_PROPERTIES_GenerateDataForWorkingFrequency
 .text.TIMER_PROPERTIES_EnableClock
                0x0800a6f4      0x198 ..\obj\timer_properties.o
                0x0800a6f4                TIMER_PROPERTIES_EnableClock
 .text.SPI_Init
                0x0800a88c       0x98 ..\obj\stm32f4xx_spi.o
                0x0800a88c                SPI_Init
 .text.SPI_Cmd  0x0800a924       0x40 ..\obj\stm32f4xx_spi.o
                0x0800a924                SPI_Cmd
 .text.SPI_CalculateCRC
                0x0800a964       0x40 ..\obj\stm32f4xx_spi.o
                0x0800a964                SPI_CalculateCRC
 .text.eMBFuncReadCoils
                0x0800a9a4      0x134 ..\obj\mbfunccoils.o
                0x0800a9a4                eMBFuncReadCoils
 .text.eMBFuncWriteCoil
                0x0800aad8       0xcc ..\obj\mbfunccoils.o
                0x0800aad8                eMBFuncWriteCoil
 .text.eMBFuncWriteMultipleCoils
                0x0800aba4       0xfc ..\obj\mbfunccoils.o
                0x0800aba4                eMBFuncWriteMultipleCoils
 .text.EXTI_Init
                0x0800aca0      0x158 ..\obj\stm32f4xx_exti.o
                0x0800aca0                EXTI_Init
 .text.EXTI_GetITStatus
                0x0800adf8       0x60 ..\obj\stm32f4xx_exti.o
                0x0800adf8                EXTI_GetITStatus
 .text.EXTI_ClearITPendingBit
                0x0800ae58       0x20 ..\obj\stm32f4xx_exti.o
                0x0800ae58                EXTI_ClearITPendingBit
 .text.NVIC_PriorityGroupConfig
                0x0800ae78       0x28 ..\obj\misc.o
                0x0800ae78                NVIC_PriorityGroupConfig
 .text.NVIC_Init
                0x0800aea0       0xe8 ..\obj\misc.o
                0x0800aea0                NVIC_Init
 .text.DCD_Init
                0x0800af88      0x12c ..\obj\usb_dcd.o
                0x0800af88                DCD_Init
 .text.DCD_EP_Open
                0x0800b0b4       0xac ..\obj\usb_dcd.o
                0x0800b0b4                DCD_EP_Open
 .text.DCD_EP_Close
                0x0800b160       0x7c ..\obj\usb_dcd.o
                0x0800b160                DCD_EP_Close
 .text.DCD_EP_PrepareRx
                0x0800b1dc       0x8c ..\obj\usb_dcd.o
                0x0800b1dc                DCD_EP_PrepareRx
 .text.DCD_EP_Tx
                0x0800b268       0x84 ..\obj\usb_dcd.o
                0x0800b268                DCD_EP_Tx
 .text.DCD_EP_Stall
                0x0800b2ec       0x80 ..\obj\usb_dcd.o
                0x0800b2ec                DCD_EP_Stall
 .text.DCD_EP_ClrStall
                0x0800b36c       0x80 ..\obj\usb_dcd.o
                0x0800b36c                DCD_EP_ClrStall
 .text.DCD_EP_SetAddress
                0x0800b3ec       0x40 ..\obj\usb_dcd.o
                0x0800b3ec                DCD_EP_SetAddress
 .text.pvPortMalloc
                0x0800b42c       0xa4 ..\obj\heap_1.o
                0x0800b42c                pvPortMalloc
 .text.vPortFree
                0x0800b4d0       0x14 ..\obj\heap_1.o
                0x0800b4d0                vPortFree
 .text.xPortGetFreeHeapSize
                0x0800b4e4       0x1c ..\obj\heap_1.o
                0x0800b4e4                xPortGetFreeHeapSize
 .text.USBD_CtlSendData
                0x0800b500       0x48 ..\obj\usbd_ioreq.o
                0x0800b500                USBD_CtlSendData
 .text.USBD_CtlContinueSendData
                0x0800b548       0x30 ..\obj\usbd_ioreq.o
                0x0800b548                USBD_CtlContinueSendData
 .text.USBD_CtlPrepareRx
                0x0800b578       0x48 ..\obj\usbd_ioreq.o
                0x0800b578                USBD_CtlPrepareRx
 .text.USBD_CtlContinueRx
                0x0800b5c0       0x30 ..\obj\usbd_ioreq.o
                0x0800b5c0                USBD_CtlContinueRx
 .text.USBD_CtlSendStatus
                0x0800b5f0       0x3c ..\obj\usbd_ioreq.o
                0x0800b5f0                USBD_CtlSendStatus
 .text.USBD_CtlReceiveStatus
                0x0800b62c       0x3c ..\obj\usbd_ioreq.o
                0x0800b62c                USBD_CtlReceiveStatus
 .text.eMBASCIIInit
                0x0800b668       0x6c ..\obj\mbascii.o
                0x0800b668                eMBASCIIInit
 .text.eMBASCIIStart
                0x0800b6d4       0x30 ..\obj\mbascii.o
                0x0800b6d4                eMBASCIIStart
 .text.eMBASCIIStop
                0x0800b704       0x20 ..\obj\mbascii.o
                0x0800b704                eMBASCIIStop
 .text.eMBASCIIReceive
                0x0800b724       0x9c ..\obj\mbascii.o
                0x0800b724                eMBASCIIReceive
 .text.eMBASCIISend
                0x0800b7c0       0xf4 ..\obj\mbascii.o
                0x0800b7c0                eMBASCIISend
 .text.xMBASCIIReceiveFSM
                0x0800b8b4      0x20c ..\obj\mbascii.o
                0x0800b8b4                xMBASCIIReceiveFSM
 .text.xMBASCIITransmitFSM
                0x0800bac0      0x1b8 ..\obj\mbascii.o
                0x0800bac0                xMBASCIITransmitFSM
 .text.xMBASCIITimerT1SExpired
                0x0800bc78       0x38 ..\obj\mbascii.o
                0x0800bc78                xMBASCIITimerT1SExpired
 .text.prvucMBCHAR2BIN
                0x0800bcb0       0x48 ..\obj\mbascii.o
 .text.prvucMBBIN2CHAR
                0x0800bcf8       0x40 ..\obj\mbascii.o
 .text.prvucMBLRC
                0x0800bd38       0x58 ..\obj\mbascii.o
 .text.TIM_TimeBaseInit
                0x0800bd90       0xf8 ..\obj\stm32f4xx_tim.o
                0x0800bd90                TIM_TimeBaseInit
 .text.TIM_SetCounter
                0x0800be88       0x1c ..\obj\stm32f4xx_tim.o
                0x0800be88                TIM_SetCounter
 .text.TIM_ARRPreloadConfig
                0x0800bea4       0x40 ..\obj\stm32f4xx_tim.o
                0x0800bea4                TIM_ARRPreloadConfig
 .text.TIM_Cmd  0x0800bee4       0x40 ..\obj\stm32f4xx_tim.o
                0x0800bee4                TIM_Cmd
 .text.TIM_ITConfig
                0x0800bf24       0x4c ..\obj\stm32f4xx_tim.o
                0x0800bf24                TIM_ITConfig
 .text.TIM_ClearITPendingBit
                0x0800bf70       0x24 ..\obj\stm32f4xx_tim.o
                0x0800bf70                TIM_ClearITPendingBit
 .text.NVIC_SystemReset
                0x0800bf94       0x34 ..\obj\power_detector.o
 .text.Power_Detector_Init
                0x0800bfc8       0x80 ..\obj\power_detector.o
                0x0800bfc8                Power_Detector_Init
 .text.PVD_IRQHandler
                0x0800c048       0x20 ..\obj\power_detector.o
                0x0800c048                PVD_IRQHandler
 .text          0x0800c068      0x370 c:/coocox/coide/gcc/sourcery g++ lite/bin/../lib/gcc/arm-none-eabi/4.5.1/thumb2\libgcc.a(_arm_addsubdf3.o)
                0x0800c068                __aeabi_drsub
                0x0800c070                __aeabi_dsub
                0x0800c070                __subdf3
                0x0800c074                __aeabi_dadd
                0x0800c074                __adddf3
                0x0800c2ec                __floatunsidf
                0x0800c2ec                __aeabi_ui2d
                0x0800c30c                __floatsidf
                0x0800c30c                __aeabi_i2d
                0x0800c330                __aeabi_f2d
                0x0800c330                __extendsfdf2
                0x0800c36c                __floatundidf
                0x0800c36c                __aeabi_ul2d
                0x0800c37c                __floatdidf
                0x0800c37c                __aeabi_l2d
 .text          0x0800c3d8      0x424 c:/coocox/coide/gcc/sourcery g++ lite/bin/../lib/gcc/arm-none-eabi/4.5.1/thumb2\libgcc.a(_arm_muldivdf3.o)
                0x0800c3d8                __aeabi_dmul
                0x0800c3d8                __muldf3
                0x0800c62c                __divdf3
                0x0800c62c                __aeabi_ddiv
 .text          0x0800c7fc      0x110 c:/coocox/coide/gcc/sourcery g++ lite/bin/../lib/gcc/arm-none-eabi/4.5.1/thumb2\libgcc.a(_arm_cmpdf2.o)
                0x0800c7fc                __gtdf2
                0x0800c7fc                __gedf2
                0x0800c804                __ltdf2
                0x0800c804                __ledf2
                0x0800c80c                __nedf2
                0x0800c80c                __eqdf2
                0x0800c80c                __cmpdf2
                0x0800c888                __aeabi_cdrcmple
                0x0800c898                __aeabi_cdcmpeq
                0x0800c898                __aeabi_cdcmple
                0x0800c8a8                __aeabi_dcmpeq
                0x0800c8bc                __aeabi_dcmplt
                0x0800c8d0                __aeabi_dcmple
                0x0800c8e4                __aeabi_dcmpge
                0x0800c8f8                __aeabi_dcmpgt
 .text          0x0800c90c       0x40 c:/coocox/coide/gcc/sourcery g++ lite/bin/../lib/gcc/arm-none-eabi/4.5.1/thumb2\libgcc.a(_arm_fixunsdfsi.o)
                0x0800c90c                __aeabi_d2uiz
                0x0800c90c                __fixunsdfsi
 .text          0x0800c94c       0xa0 c:/coocox/coide/gcc/sourcery g++ lite/bin/../lib/gcc/arm-none-eabi/4.5.1/thumb2\libgcc.a(_arm_truncdfsf2.o)
                0x0800c94c                __truncdfsf2
                0x0800c94c                __aeabi_d2f
 .text          0x0800c9ec      0x21c c:/coocox/coide/gcc/sourcery g++ lite/bin/../lib/gcc/arm-none-eabi/4.5.1/thumb2\libgcc.a(_arm_addsubsf3.o)
                0x0800c9ec                __aeabi_frsub
                0x0800c9f4                __subsf3
                0x0800c9f4                __aeabi_fsub
                0x0800c9f8                __aeabi_fadd
                0x0800c9f8                __addsf3
                0x0800cb58                __aeabi_ui2f
                0x0800cb58                __floatunsisf
                0x0800cb60                __aeabi_i2f
                0x0800cb60                __floatsisf
                0x0800cb7c                __aeabi_ul2f
                0x0800cb7c                __floatundisf
                0x0800cb8c                __aeabi_l2f
                0x0800cb8c                __floatdisf
 .text          0x0800cc08      0x2a0 c:/coocox/coide/gcc/sourcery g++ lite/bin/../lib/gcc/arm-none-eabi/4.5.1/thumb2\libgcc.a(_arm_muldivsf3.o)
                0x0800cc08                __mulsf3
                0x0800cc08                __aeabi_fmul
                0x0800cd70                __aeabi_fdiv
                0x0800cd70                __divsf3
 .text          0x0800cea8       0xec c:/coocox/coide/gcc/sourcery g++ lite/bin/../lib/gcc/arm-none-eabi/4.5.1/thumb2\libgcc.a(_arm_cmpsf2.o)
                0x0800cea8                __gesf2
                0x0800cea8                __gtsf2
                0x0800ceb0                __lesf2
                0x0800ceb0                __ltsf2
                0x0800ceb8                __nesf2
                0x0800ceb8                __eqsf2
                0x0800ceb8                __cmpsf2
                0x0800cf18                __aeabi_cfrcmple
                0x0800cf20                __aeabi_cfcmpeq
                0x0800cf20                __aeabi_cfcmple
                0x0800cf30                __aeabi_fcmpeq
                0x0800cf44                __aeabi_fcmplt
                0x0800cf58                __aeabi_fcmple
                0x0800cf6c                __aeabi_fcmpge
                0x0800cf80                __aeabi_fcmpgt
 .text          0x0800cf94       0x4c c:/coocox/coide/gcc/sourcery g++ lite/bin/../lib/gcc/arm-none-eabi/4.5.1/thumb2\libgcc.a(_arm_fixsfsi.o)
                0x0800cf94                __aeabi_f2iz
                0x0800cf94                __fixsfsi
 .text          0x0800cfe0       0x40 c:/coocox/coide/gcc/sourcery g++ lite/bin/../lib/gcc/arm-none-eabi/4.5.1/thumb2\libgcc.a(_arm_fixunssfsi.o)
                0x0800cfe0                __fixunssfsi
                0x0800cfe0                __aeabi_f2uiz
 .text          0x0800d020       0x58 c:/coocox/coide/gcc/sourcery g++ lite/bin/../lib/gcc/arm-none-eabi/4.5.1/../../../../arm-none-eabi/lib/thumb2\libc.a(lib_a-memcmp.o)
                0x0800d020                memcmp
 .text          0x0800d078      0x150 c:/coocox/coide/gcc/sourcery g++ lite/bin/../lib/gcc/arm-none-eabi/4.5.1/../../../../arm-none-eabi/lib/thumb2\libc.a(lib_a-memcpy.o)
                0x0800d078                memcpy
 .text          0x0800d1c8       0xb4 c:/coocox/coide/gcc/sourcery g++ lite/bin/../lib/gcc/arm-none-eabi/4.5.1/../../../../arm-none-eabi/lib/thumb2\libc.a(lib_a-memset.o)
                0x0800d1c8                memset
 .text          0x0800d27c       0x7c c:/coocox/coide/gcc/sourcery g++ lite/bin/../lib/gcc/arm-none-eabi/4.5.1/../../../../arm-none-eabi/lib/thumb2\libc.a(lib_a-strncpy.o)
                0x0800d27c                strncpy
 *(.glue_7t)
 .glue_7t       0x00000000        0x0 linker stubs
 *(.glue_7)
 .glue_7        0x00000000        0x0 linker stubs
 *(.rodata .rodata* .gnu.linkonce.r.*)
 .rodata        0x0800d2f8        0x4 ..\obj\pid_regulator.o
 .rodata        0x0800d2fc        0x8 ..\obj\buzzer.o
 .rodata        0x0800d304       0x10 ..\obj\ADS1120.o
 .rodata        0x0800d314       0x14 ..\obj\uks.o
 .rodata        0x0800d328       0x74 ..\obj\display.o
 .rodata        0x0800d39c        0x4 ..\obj\hd44780.o
 .rodata        0x0800d3a0       0x1c ..\obj\tasks.o
 .rodata        0x0800d3bc       0x98 ..\obj\usbd_desc.o
 .rodata        0x0800d454        0xc ..\obj\keyboard.o
 .rodata        0x0800d460        0x4 ..\obj\adc.o

.vfp11_veneer   0x0800d464        0x0
 .vfp11_veneer  0x00000000        0x0 linker stubs

.v4_bx          0x0800d464        0x0
 .v4_bx         0x00000000        0x0 linker stubs

.ARM.extab
 *(.ARM.extab* .gnu.linkonce.armextab.*)

.ARM.exidx
 *(.ARM.exidx* .gnu.linkonce.armexidx.*)
                0x0800d464                . = ALIGN (0x4)
                0x0800d464                _etext = .
                0x0800d464                _sidata = .

.data           0x20000000      0x214 load address 0x0800d464
                0x20000000                _sdata = .
 *(.data .data.*)
 .data          0x20000000       0x1c ..\obj\mbport.o
                0x20000000                usRegInputBuf
                0x20000014                usRegHoldingBuf
                0x20000018                REG_INPUT_NREGS
                0x20000019                REG_HOLDING_NREGS
 .data          0x2000001c       0x84 ..\obj\mb.o
 .data          0x200000a0       0x1c ..\obj\usbd_usr.o
                0x200000a0                USR_cb
 .data          0x200000bc       0x30 ..\obj\usbd_core.o
                0x200000bc                USBD_DCD_INT_cb
                0x200000e8                USBD_DCD_INT_fops
 .data          0x200000ec       0x10 ..\obj\stm32f4xx_rcc.o
 .data          0x200000fc       0x30 ..\obj\display.o
                0x200000fc                drying_states
 .data          0x2000012c        0x4 ..\obj\tasks.o
 .data          0x20000130       0x40 ..\obj\usbd_desc.o
                0x20000130                USR_desc
                0x2000014c                USBD_DeviceDesc
                0x20000160                USBD_DeviceQualifierDesc
                0x2000016c                USBD_LangIDDesc
 .data          0x20000170       0x14 ..\obj\usbd_cdc_vcp.o
                0x20000170                VCP_fops
 .data          0x20000184       0x14 ..\obj\system_stm32f4xx.o
                0x20000184                SystemCoreClock
                0x20000188                AHBPrescTable
 .data          0x20000198        0x4 ..\obj\port.o
 .data          0x2000019c       0x74 ..\obj\usbd_cdc_core.o
                0x2000019c                usbd_cdc_CfgDesc
                0x200001e4                USBD_CDC_cb
 .data          0x20000210        0x4 ..\obj\mbascii.o
                0x20000214                . = ALIGN (0x4)
                0x20000214                _edata = .

.bss            0x20000218     0x33d8 load address 0x0800d67c
                0x20000218                _sbss = .
 *(.bss .bss.*)
 .bss           0x20000218       0x10 ..\obj\delay.o
                0x20000218                TimingDelay
                0x2000021c                Time
                0x20000220                Time2
                0x20000224                DELAY_Initialized
 .bss           0x20000228        0x4 ..\obj\mbport.o
                0x20000228                REG_INPUT_START
                0x20000229                REG_HOLDING_START
                0x2000022a                usRegInputStart
                0x2000022b                usRegHoldingStart
 .bss           0x2000022c       0x24 ..\obj\mb.o
 .bss           0x20000250        0x4 ..\obj\pid_regulator.o
 .bss           0x20000254        0x2 ..\obj\portevent.o
 *fill*         0x20000256        0x2 00
 .bss           0x20000258       0x24 ..\obj\mbfuncother.o
 .bss           0x2000027c        0x8 ..\obj\phaze_detector.o
 .bss           0x20000284       0x24 ..\obj\display.o
 .bss           0x200002a8      0x100 ..\obj\tasks.o
                0x200002a8                pxCurrentTCB
 .bss           0x200003a8        0x2 ..\obj\keyboard.o
 *fill*         0x200003aa        0x2 00
 .bss           0x200003ac        0x8 ..\obj\usbd_cdc_vcp.o
                0x200003ac                counter
                0x200003b0                counter2
 .bss           0x200003b4       0x10 ..\obj\usbd_req.o
                0x200003b4                USBD_ep_status
                0x200003b8                USBD_default_cfg
                0x200003bc                USBD_cfg_status
 .bss           0x200003c4       0x20 ..\obj\usbd_cdc_core.o
                0x200003c8                APP_Rx_ptr_in
                0x200003cc                APP_Rx_ptr_out
                0x200003d0                APP_Rx_length
                0x200003d4                USB_Tx_State
 *fill*         0x200003e4        0x4 00
 .bss           0x200003e8     0x1c08 ..\obj\heap_1.o
 .bss           0x20001ff0       0x10 ..\obj\mbascii.o
 *(COMMON)
 COMMON         0x20002000       0x14 ..\obj\mb.o
                0x20002000                pxMBFrameCBTransmitterEmpty
                0x20002004                pxMBPortCBTimerExpired
                0x20002008                pxMBFrameCBByteReceived
                0x2000200c                pxMBFrameCBTransmitFSMCur
                0x20002010                pxMBFrameCBReceiveFSMCur
 COMMON         0x20002014       0x1c ..\obj\pid_regulator.o
                0x20002014                pid_heater
 COMMON         0x20002030        0x6 ..\obj\buzzer.o
                0x20002030                xBuzzer_Handle
                0x20002034                buzz
 *fill*         0x20002036        0x2 00
 COMMON         0x20002038       0x38 ..\obj\ADS1120.o
                0x20002038                ADC_result
                0x2000203c                adc_reg
                0x20002040                xSPI_Buf_Mutex
                0x20002044                ADC_result_temp
                0x20002048                ADS1120_res
 COMMON         0x20002070      0x5f0 ..\obj\main.o
                0x20002070                USB_OTG_dev
 COMMON         0x20002660      0x4b8 ..\obj\uks.o
                0x20002660                uks_channels
 COMMON         0x20002b18        0xa ..\obj\phaze_detector.o
                0x20002b18                xPhazeSemaphore
                0x20002b1c                phaze_detect
 *fill*         0x20002b22        0x2 00
 COMMON         0x20002b24       0x10 ..\obj\watchdog.o
                0x20002b24                task_watches
 COMMON         0x20002b34        0x7 ..\obj\hd44780.o
                0x20002b34                HD44780_Opts
 *fill*         0x20002b3b        0x1 00
 COMMON         0x20002b3c      0x100 ..\obj\mbrtu.o
                0x20002b3c                ucRTUBuf
 COMMON         0x20002c3c       0xf2 ..\obj\adc.o
                0x20002c3c                xMeasure_LM35_Semaphore
                0x20002c40                adc_lm35_chnl
 *fill*         0x20002d2e        0x2 00
 COMMON         0x20002d30       0x32 ..\obj\usbd_req.o
                0x20002d30                USBD_StrDesc
 *fill*         0x20002d62        0x2 00
 COMMON         0x20002d64      0x88c ..\obj\usbd_cdc_core.o
                0x20002d64                usbd_cdc_OtherCfgDesc
                0x20002da8                USB_Rx_Buffer
                0x20002de8                CmdBuff
                0x20002df0                APP_Rx_Buffer
                0x200035f0                . = ALIGN (0x4)
                0x200035f0                _ebss = .

.co_stack       0x200035f0      0x800 load address 0x08010a54
                0x200035f0                . = ALIGN (0x8)
 *(.co_stack .co_stack.*)
 .co_stack      0x200035f0      0x800 ..\obj\startup_stm32f4xx.o
                0x200035f0                pulStack
                0x20003df0                . = ALIGN (0x4)
                0x20003df0                _end = .
LOAD ..\obj\stm32f4xx_syscfg.o
LOAD ..\obj\usb_core.o
LOAD ..\obj\delay.o
LOAD ..\obj\mbport.o
LOAD ..\obj\mb.o
LOAD ..\obj\pid_regulator.o
LOAD ..\obj\mbfuncdisc.o
LOAD ..\obj\usbd_usr.o
LOAD ..\obj\portevent.o
LOAD ..\obj\buzzer.o
LOAD ..\obj\mbfuncother.o
LOAD ..\obj\stm32f4xx_usart.o
LOAD ..\obj\stm32f4xx_pwr.o
LOAD ..\obj\rtc.o
LOAD ..\obj\mbutils.o
LOAD ..\obj\startup_stm32f4xx.o
LOAD ..\obj\backup_sram.o
LOAD ..\obj\stm32f4xx_iwdg.o
LOAD ..\obj\ADS1120.o
LOAD ..\obj\mbfuncholding.o
LOAD ..\obj\usbd_core.o
LOAD ..\obj\main.o
LOAD ..\obj\mbcrc.o
LOAD ..\obj\uks.o
LOAD ..\obj\stm32f4xx_rcc.o
LOAD ..\obj\timers.o
LOAD ..\obj\stm32f4xx_adc.o
LOAD ..\obj\mbfuncinput.o
LOAD ..\obj\printf.o
LOAD ..\obj\phaze_detector.o
LOAD ..\obj\watchdog.o
LOAD ..\obj\mbfuncdiag.o
LOAD ..\obj\display.o
LOAD ..\obj\hd44780.o
LOAD ..\obj\tasks.o
LOAD ..\obj\usbd_desc.o
LOAD ..\obj\keyboard.o
LOAD ..\obj\stm32f4xx_gpio.o
LOAD ..\obj\porttimer.o
LOAD ..\obj\usbd_cdc_vcp.o
LOAD ..\obj\list.o
LOAD ..\obj\mbrtu.o
LOAD ..\obj\system_stm32f4xx.o
LOAD ..\obj\syscalls.o
LOAD ..\obj\adc.o
LOAD ..\obj\usb_bsp.o
LOAD ..\obj\usbd_req.o
LOAD ..\obj\queue.o
LOAD ..\obj\port.o
LOAD ..\obj\usb_dcd_int.o
LOAD ..\obj\portserial.o
LOAD ..\obj\usbd_cdc_core.o
LOAD ..\obj\croutine.o
LOAD ..\obj\timer_properties.o
LOAD ..\obj\stm32f4xx_spi.o
LOAD ..\obj\mbfunccoils.o
LOAD ..\obj\stm32f4xx_exti.o
LOAD ..\obj\misc.o
LOAD ..\obj\usb_dcd.o
LOAD ..\obj\heap_1.o
LOAD ..\obj\stm32f4xx_rtc.o
LOAD ..\obj\usbd_ioreq.o
LOAD ..\obj\mbascii.o
LOAD ..\obj\stm32f4xx_tim.o
LOAD ..\obj\power_detector.o
START GROUP
LOAD c:/coocox/coide/gcc/sourcery g++ lite/bin/../lib/gcc/arm-none-eabi/4.5.1/thumb2\libgcc.a
LOAD c:/coocox/coide/gcc/sourcery g++ lite/bin/../lib/gcc/arm-none-eabi/4.5.1/../../../../arm-none-eabi/lib/thumb2\libc.a
END GROUP
OUTPUT(stm32f2_uks.elf elf32-littlearm)

.debug_abbrev   0x00000000     0x5314
 .debug_abbrev  0x00000000      0x12a ..\obj\stm32f4xx_syscfg.o
 .debug_abbrev  0x0000012a      0x277 ..\obj\usb_core.o
 .debug_abbrev  0x000003a1      0x125 ..\obj\delay.o
 .debug_abbrev  0x000004c6      0x172 ..\obj\mbport.o
 .debug_abbrev  0x00000638      0x164 ..\obj\mb.o
 .debug_abbrev  0x0000079c      0x1af ..\obj\pid_regulator.o
 .debug_abbrev  0x0000094b       0xa5 ..\obj\mbfuncdisc.o
 .debug_abbrev  0x000009f0       0xd9 ..\obj\usbd_usr.o
 .debug_abbrev  0x00000ac9       0xbc ..\obj\portevent.o
 .debug_abbrev  0x00000b85      0x14a ..\obj\buzzer.o
 .debug_abbrev  0x00000ccf       0xbe ..\obj\mbfuncother.o
 .debug_abbrev  0x00000d8d      0x14e ..\obj\stm32f4xx_usart.o
 .debug_abbrev  0x00000edb      0x175 ..\obj\stm32f4xx_pwr.o
 .debug_abbrev  0x00001050      0x125 ..\obj\rtc.o
 .debug_abbrev  0x00001175       0xd2 ..\obj\mbutils.o
 .debug_abbrev  0x00001247       0xac ..\obj\startup_stm32f4xx.o
 .debug_abbrev  0x000012f3       0xee ..\obj\backup_sram.o
 .debug_abbrev  0x000013e1       0xfa ..\obj\stm32f4xx_iwdg.o
 .debug_abbrev  0x000014db      0x175 ..\obj\ADS1120.o
 .debug_abbrev  0x00001650       0xa5 ..\obj\mbfuncholding.o
 .debug_abbrev  0x000016f5      0x1f4 ..\obj\usbd_core.o
 .debug_abbrev  0x000018e9      0x1bc ..\obj\main.o
 .debug_abbrev  0x00001aa5       0xa8 ..\obj\mbcrc.o
 .debug_abbrev  0x00001b4d      0x158 ..\obj\uks.o
 .debug_abbrev  0x00001ca5      0x1b7 ..\obj\stm32f4xx_rcc.o
 .debug_abbrev  0x00001e5c       0x28 ..\obj\timers.o
 .debug_abbrev  0x00001e84      0x189 ..\obj\stm32f4xx_adc.o
 .debug_abbrev  0x0000200d       0xa5 ..\obj\mbfuncinput.o
 .debug_abbrev  0x000020b2      0x238 ..\obj\printf.o
 .debug_abbrev  0x000022ea      0x1ac ..\obj\phaze_detector.o
 .debug_abbrev  0x00002496      0x108 ..\obj\watchdog.o
 .debug_abbrev  0x0000259e        0x1 ..\obj\mbfuncdiag.o
 .debug_abbrev  0x0000259f      0x15d ..\obj\display.o
 .debug_abbrev  0x000026fc      0x1d9 ..\obj\hd44780.o
 .debug_abbrev  0x000028d5      0x193 ..\obj\tasks.o
 .debug_abbrev  0x00002a68      0x10c ..\obj\usbd_desc.o
 .debug_abbrev  0x00002b74      0x179 ..\obj\keyboard.o
 .debug_abbrev  0x00002ced      0x182 ..\obj\stm32f4xx_gpio.o
 .debug_abbrev  0x00002e6f      0x137 ..\obj\porttimer.o
 .debug_abbrev  0x00002fa6      0x13a ..\obj\usbd_cdc_vcp.o
 .debug_abbrev  0x000030e0       0xb6 ..\obj\list.o
 .debug_abbrev  0x00003196      0x13c ..\obj\mbrtu.o
 .debug_abbrev  0x000032d2      0x140 ..\obj\system_stm32f4xx.o
 .debug_abbrev  0x00003412       0xde ..\obj\syscalls.o
 .debug_abbrev  0x000034f0      0x1a4 ..\obj\adc.o
 .debug_abbrev  0x00003694      0x1db ..\obj\usb_bsp.o
 .debug_abbrev  0x0000386f      0x253 ..\obj\usbd_req.o
 .debug_abbrev  0x00003ac2      0x109 ..\obj\queue.o
 .debug_abbrev  0x00003bcb      0x120 ..\obj\port.o
 .debug_abbrev  0x00003ceb      0x210 ..\obj\usb_dcd_int.o
 .debug_abbrev  0x00003efb       0xdc ..\obj\portserial.o
 .debug_abbrev  0x00003fd7      0x1e1 ..\obj\usbd_cdc_core.o
 .debug_abbrev  0x000041b8      0x186 ..\obj\croutine.o
 .debug_abbrev  0x0000433e      0x106 ..\obj\timer_properties.o
 .debug_abbrev  0x00004444      0x160 ..\obj\stm32f4xx_spi.o
 .debug_abbrev  0x000045a4       0xb7 ..\obj\mbfunccoils.o
 .debug_abbrev  0x0000465b      0x198 ..\obj\stm32f4xx_exti.o
 .debug_abbrev  0x000047f3      0x126 ..\obj\misc.o
 .debug_abbrev  0x00004919      0x208 ..\obj\usb_dcd.o
 .debug_abbrev  0x00004b21      0x116 ..\obj\heap_1.o
 .debug_abbrev  0x00004c37      0x16b ..\obj\stm32f4xx_rtc.o
 .debug_abbrev  0x00004da2      0x165 ..\obj\usbd_ioreq.o
 .debug_abbrev  0x00004f07      0x145 ..\obj\mbascii.o
 .debug_abbrev  0x0000504c      0x163 ..\obj\stm32f4xx_tim.o
 .debug_abbrev  0x000051af      0x165 ..\obj\power_detector.o

.debug_info     0x00000000    0x1f5ea
 .debug_info    0x00000000      0x27a ..\obj\stm32f4xx_syscfg.o
 .debug_info    0x0000027a     0x27fc ..\obj\usb_core.o
 .debug_info    0x00002a76      0x777 ..\obj\delay.o
 .debug_info    0x000031ed      0x494 ..\obj\mbport.o
 .debug_info    0x00003681      0x62f ..\obj\mb.o
 .debug_info    0x00003cb0      0x587 ..\obj\pid_regulator.o
 .debug_info    0x00004237      0x1ee ..\obj\mbfuncdisc.o
 .debug_info    0x00004425      0x1c5 ..\obj\usbd_usr.o
 .debug_info    0x000045ea      0x188 ..\obj\portevent.o
 .debug_info    0x00004772      0x45f ..\obj\buzzer.o
 .debug_info    0x00004bd1      0x25c ..\obj\mbfuncother.o
 .debug_info    0x00004e2d      0xa4f ..\obj\stm32f4xx_usart.o
 .debug_info    0x0000587c      0x53e ..\obj\stm32f4xx_pwr.o
 .debug_info    0x00005dba      0x296 ..\obj\rtc.o
 .debug_info    0x00006050      0x2c6 ..\obj\mbutils.o
 .debug_info    0x00006316      0x147 ..\obj\startup_stm32f4xx.o
 .debug_info    0x0000645d      0x237 ..\obj\backup_sram.o
 .debug_info    0x00006694      0x20b ..\obj\stm32f4xx_iwdg.o
 .debug_info    0x0000689f      0x698 ..\obj\ADS1120.o
 .debug_info    0x00006f37      0x383 ..\obj\mbfuncholding.o
 .debug_info    0x000072ba      0xff8 ..\obj\usbd_core.o
 .debug_info    0x000082b2      0xdaf ..\obj\main.o
 .debug_info    0x00009061      0x166 ..\obj\mbcrc.o
 .debug_info    0x000091c7      0x42f ..\obj\uks.o
 .debug_info    0x000095f6      0xd24 ..\obj\stm32f4xx_rcc.o
 .debug_info    0x0000a31a       0x4c ..\obj\timers.o
 .debug_info    0x0000a366      0xcf5 ..\obj\stm32f4xx_adc.o
 .debug_info    0x0000b05b      0x1e0 ..\obj\mbfuncinput.o
 .debug_info    0x0000b23b      0xed2 ..\obj\printf.o
 .debug_info    0x0000c10d      0x91d ..\obj\phaze_detector.o
 .debug_info    0x0000ca2a      0x18a ..\obj\watchdog.o
 .debug_info    0x0000cbb4        0x0 ..\obj\mbfuncdiag.o
 .debug_info    0x0000cbb4      0x3b2 ..\obj\display.o
 .debug_info    0x0000cf66      0x90c ..\obj\hd44780.o
 .debug_info    0x0000d872      0xd75 ..\obj\tasks.o
 .debug_info    0x0000e5e7      0x3a7 ..\obj\usbd_desc.o
 .debug_info    0x0000e98e      0x4d3 ..\obj\keyboard.o
 .debug_info    0x0000ee61      0x639 ..\obj\stm32f4xx_gpio.o
 .debug_info    0x0000f49a      0x6e8 ..\obj\porttimer.o
 .debug_info    0x0000fb82      0x31a ..\obj\usbd_cdc_vcp.o
 .debug_info    0x0000fe9c      0x2a6 ..\obj\list.o
 .debug_info    0x00010142      0x4d3 ..\obj\mbrtu.o
 .debug_info    0x00010615      0x5ea ..\obj\system_stm32f4xx.o
 .debug_info    0x00010bff      0x440 ..\obj\syscalls.o
 .debug_info    0x0001103f      0x7b7 ..\obj\adc.o
 .debug_info    0x000117f6     0x113d ..\obj\usb_bsp.o
 .debug_info    0x00012933     0x111b ..\obj\usbd_req.o
 .debug_info    0x00013a4e      0x7c1 ..\obj\queue.o
 .debug_info    0x0001420f      0x1d7 ..\obj\port.o
 .debug_info    0x000143e6     0x2027 ..\obj\usb_dcd_int.o
 .debug_info    0x0001640d      0x25b ..\obj\portserial.o
 .debug_info    0x00016668     0x1102 ..\obj\usbd_cdc_core.o
 .debug_info    0x0001776a      0x4af ..\obj\croutine.o
 .debug_info    0x00017c19      0x4d1 ..\obj\timer_properties.o
 .debug_info    0x000180ea      0xbcc ..\obj\stm32f4xx_spi.o
 .debug_info    0x00018cb6      0x313 ..\obj\mbfunccoils.o
 .debug_info    0x00018fc9      0x372 ..\obj\stm32f4xx_exti.o
 .debug_info    0x0001933b      0x594 ..\obj\misc.o
 .debug_info    0x000198cf     0x1184 ..\obj\usb_dcd.o
 .debug_info    0x0001aa53      0x186 ..\obj\heap_1.o
 .debug_info    0x0001abd9     0x1223 ..\obj\stm32f4xx_rtc.o
 .debug_info    0x0001bdfc      0xde4 ..\obj\usbd_ioreq.o
 .debug_info    0x0001cbe0      0x58a ..\obj\mbascii.o
 .debug_info    0x0001d16a     0x1e28 ..\obj\stm32f4xx_tim.o
 .debug_info    0x0001ef92      0x658 ..\obj\power_detector.o

.debug_line     0x00000000     0xbf9e
 .debug_line    0x00000000      0x1e7 ..\obj\stm32f4xx_syscfg.o
 .debug_line    0x000001e7      0x6b4 ..\obj\usb_core.o
 .debug_line    0x0000089b      0x2a5 ..\obj\delay.o
 .debug_line    0x00000b40      0x2c5 ..\obj\mbport.o
 .debug_line    0x00000e05      0x2df ..\obj\mb.o
 .debug_line    0x000010e4      0x3b5 ..\obj\pid_regulator.o
 .debug_line    0x00001499      0x1f0 ..\obj\mbfuncdisc.o
 .debug_line    0x00001689      0x1b1 ..\obj\usbd_usr.o
 .debug_line    0x0000183a      0x1e5 ..\obj\portevent.o
 .debug_line    0x00001a1f      0x2c9 ..\obj\buzzer.o
 .debug_line    0x00001ce8      0x25c ..\obj\mbfuncother.o
 .debug_line    0x00001f44      0x478 ..\obj\stm32f4xx_usart.o
 .debug_line    0x000023bc      0x284 ..\obj\stm32f4xx_pwr.o
 .debug_line    0x00002640      0x21a ..\obj\rtc.o
 .debug_line    0x0000285a      0x264 ..\obj\mbutils.o
 .debug_line    0x00002abe       0xa6 ..\obj\startup_stm32f4xx.o
 .debug_line    0x00002b64      0x1e9 ..\obj\backup_sram.o
 .debug_line    0x00002d4d      0x1de ..\obj\stm32f4xx_iwdg.o
 .debug_line    0x00002f2b      0x383 ..\obj\ADS1120.o
 .debug_line    0x000032ae      0x27e ..\obj\mbfuncholding.o
 .debug_line    0x0000352c      0x305 ..\obj\usbd_core.o
 .debug_line    0x00003831      0x305 ..\obj\main.o
 .debug_line    0x00003b36      0x17a ..\obj\mbcrc.o
 .debug_line    0x00003cb0      0x343 ..\obj\uks.o
 .debug_line    0x00003ff3      0x574 ..\obj\stm32f4xx_rcc.o
 .debug_line    0x00004567       0x1d ..\obj\timers.o
 .debug_line    0x00004584      0x528 ..\obj\stm32f4xx_adc.o
 .debug_line    0x00004aac      0x1e6 ..\obj\mbfuncinput.o
 .debug_line    0x00004c92      0x3c6 ..\obj\printf.o
 .debug_line    0x00005058      0x38b ..\obj\phaze_detector.o
 .debug_line    0x000053e3      0x1b0 ..\obj\watchdog.o
 .debug_line    0x00005593        0x0 ..\obj\mbfuncdiag.o
 .debug_line    0x00005593      0x240 ..\obj\display.o
 .debug_line    0x000057d3      0x43f ..\obj\hd44780.o
 .debug_line    0x00005c12      0x792 ..\obj\tasks.o
 .debug_line    0x000063a4      0x1f7 ..\obj\usbd_desc.o
 .debug_line    0x0000659b      0x25f ..\obj\keyboard.o
 .debug_line    0x000067fa      0x313 ..\obj\stm32f4xx_gpio.o
 .debug_line    0x00006b0d      0x2c3 ..\obj\porttimer.o
 .debug_line    0x00006dd0      0x1f6 ..\obj\usbd_cdc_vcp.o
 .debug_line    0x00006fc6      0x1a6 ..\obj\list.o
 .debug_line    0x0000716c      0x2be ..\obj\mbrtu.o
 .debug_line    0x0000742a      0x200 ..\obj\system_stm32f4xx.o
 .debug_line    0x0000762a      0x194 ..\obj\syscalls.o
 .debug_line    0x000077be      0x3d8 ..\obj\adc.o
 .debug_line    0x00007b96      0x2a0 ..\obj\usb_bsp.o
 .debug_line    0x00007e36      0x3c1 ..\obj\usbd_req.o
 .debug_line    0x000081f7      0x4ff ..\obj\queue.o
 .debug_line    0x000086f6      0x1bd ..\obj\port.o
 .debug_line    0x000088b3      0x3b0 ..\obj\usb_dcd_int.o
 .debug_line    0x00008c63      0x218 ..\obj\portserial.o
 .debug_line    0x00008e7b      0x2b5 ..\obj\usbd_cdc_core.o
 .debug_line    0x00009130      0x274 ..\obj\croutine.o
 .debug_line    0x000093a4      0x2e1 ..\obj\timer_properties.o
 .debug_line    0x00009685      0x428 ..\obj\stm32f4xx_spi.o
 .debug_line    0x00009aad      0x256 ..\obj\mbfunccoils.o
 .debug_line    0x00009d03      0x27d ..\obj\stm32f4xx_exti.o
 .debug_line    0x00009f80      0x219 ..\obj\misc.o
 .debug_line    0x0000a199      0x323 ..\obj\usb_dcd.o
 .debug_line    0x0000a4bc      0x135 ..\obj\heap_1.o
 .debug_line    0x0000a5f1      0x7eb ..\obj\stm32f4xx_rtc.o
 .debug_line    0x0000addc      0x20d ..\obj\usbd_ioreq.o
 .debug_line    0x0000afe9      0x332 ..\obj\mbascii.o
 .debug_line    0x0000b31b      0xa4d ..\obj\stm32f4xx_tim.o
 .debug_line    0x0000bd68      0x236 ..\obj\power_detector.o

.debug_loc      0x00000000     0x9701
 .debug_loc     0x00000000      0x144 ..\obj\stm32f4xx_syscfg.o
 .debug_loc     0x00000144      0x7e0 ..\obj\usb_core.o
 .debug_loc     0x00000924       0xe8 ..\obj\delay.o
 .debug_loc     0x00000a0c      0x138 ..\obj\mbport.o
 .debug_loc     0x00000b44      0x150 ..\obj\mb.o
 .debug_loc     0x00000c94      0x10c ..\obj\pid_regulator.o
 .debug_loc     0x00000da0       0x38 ..\obj\mbfuncdisc.o
 .debug_loc     0x00000dd8       0xe8 ..\obj\usbd_usr.o
 .debug_loc     0x00000ec0       0x9c ..\obj\portevent.o
 .debug_loc     0x00000f5c       0xa8 ..\obj\buzzer.o
 .debug_loc     0x00001004       0x70 ..\obj\mbfuncother.o
 .debug_loc     0x00001074      0x658 ..\obj\stm32f4xx_usart.o
 .debug_loc     0x000016cc      0x288 ..\obj\stm32f4xx_pwr.o
 .debug_loc     0x00001954       0x70 ..\obj\rtc.o
 .debug_loc     0x000019c4       0xa8 ..\obj\mbutils.o
 .debug_loc     0x00001a6c       0x64 ..\obj\startup_stm32f4xx.o
 .debug_loc     0x00001ad0       0xd4 ..\obj\backup_sram.o
 .debug_loc     0x00001ba4      0x138 ..\obj\stm32f4xx_iwdg.o
 .debug_loc     0x00001cdc      0x144 ..\obj\ADS1120.o
 .debug_loc     0x00001e20       0xe0 ..\obj\mbfuncholding.o
 .debug_loc     0x00001f00      0x2d8 ..\obj\usbd_core.o
 .debug_loc     0x000021d8      0x10c ..\obj\main.o
 .debug_loc     0x000022e4       0x38 ..\obj\mbcrc.o
 .debug_loc     0x0000231c       0xe0 ..\obj\uks.o
 .debug_loc     0x000023fc      0x97c ..\obj\stm32f4xx_rcc.o
 .debug_loc     0x00002d78      0x838 ..\obj\stm32f4xx_adc.o
 .debug_loc     0x000035b0       0x38 ..\obj\mbfuncinput.o
 .debug_loc     0x000035e8      0x3ea ..\obj\printf.o
 .debug_loc     0x000039d2      0x100 ..\obj\phaze_detector.o
 .debug_loc     0x00003ad2       0x70 ..\obj\watchdog.o
 .debug_loc     0x00003b42       0x70 ..\obj\display.o
 .debug_loc     0x00003bb2      0x42c ..\obj\hd44780.o
 .debug_loc     0x00003fde      0x708 ..\obj\tasks.o
 .debug_loc     0x000046e6      0x188 ..\obj\usbd_desc.o
 .debug_loc     0x0000486e       0x70 ..\obj\keyboard.o
 .debug_loc     0x000048de      0x310 ..\obj\stm32f4xx_gpio.o
 .debug_loc     0x00004bee       0xbc ..\obj\porttimer.o
 .debug_loc     0x00004caa      0x100 ..\obj\usbd_cdc_vcp.o
 .debug_loc     0x00004daa      0x118 ..\obj\list.o
 .debug_loc     0x00004ec2      0x1a8 ..\obj\mbrtu.o
 .debug_loc     0x0000506a       0x9c ..\obj\system_stm32f4xx.o
 .debug_loc     0x00005106      0x1ec ..\obj\syscalls.o
 .debug_loc     0x000052f2       0xab ..\obj\adc.o
 .debug_loc     0x0000539d      0x138 ..\obj\usb_bsp.o
 .debug_loc     0x000054d5      0x310 ..\obj\usbd_req.o
 .debug_loc     0x000057e5      0x3b8 ..\obj\queue.o
 .debug_loc     0x00005b9d      0x178 ..\obj\port.o
 .debug_loc     0x00005d15      0x2d8 ..\obj\usb_dcd_int.o
 .debug_loc     0x00005fed      0x138 ..\obj\portserial.o
 .debug_loc     0x00006125      0x224 ..\obj\usbd_cdc_core.o
 .debug_loc     0x00006349      0x188 ..\obj\croutine.o
 .debug_loc     0x000064d1       0xe0 ..\obj\timer_properties.o
 .debug_loc     0x000065b1      0x578 ..\obj\stm32f4xx_spi.o
 .debug_loc     0x00006b29       0xa8 ..\obj\mbfunccoils.o
 .debug_loc     0x00006bd1      0x1b4 ..\obj\stm32f4xx_exti.o
 .debug_loc     0x00006d85      0x118 ..\obj\misc.o
 .debug_loc     0x00006e9d      0x2d8 ..\obj\usb_dcd.o
 .debug_loc     0x00007175       0xc8 ..\obj\heap_1.o
 .debug_loc     0x0000723d      0xc48 ..\obj\stm32f4xx_rtc.o
 .debug_loc     0x00007e85      0x188 ..\obj\usbd_ioreq.o
 .debug_loc     0x0000800d      0x244 ..\obj\mbascii.o
 .debug_loc     0x00008251     0x1420 ..\obj\stm32f4xx_tim.o
 .debug_loc     0x00009671       0x90 ..\obj\power_detector.o

.debug_pubnames
                0x00000000     0x40ba
 .debug_pubnames
                0x00000000       0xc3 ..\obj\stm32f4xx_syscfg.o
 .debug_pubnames
                0x000000c3      0x364 ..\obj\usb_core.o
 .debug_pubnames
                0x00000427       0xc4 ..\obj\delay.o
 .debug_pubnames
                0x000004eb      0x138 ..\obj\mbport.o
 .debug_pubnames
                0x00000623       0xf8 ..\obj\mb.o
 .debug_pubnames
                0x0000071b       0x6e ..\obj\pid_regulator.o
 .debug_pubnames
                0x00000789       0x30 ..\obj\mbfuncdisc.o
 .debug_pubnames
                0x000007b9       0x9e ..\obj\usbd_usr.o
 .debug_pubnames
                0x00000857       0x50 ..\obj\portevent.o
 .debug_pubnames
                0x000008a7       0x62 ..\obj\buzzer.o
 .debug_pubnames
                0x00000909       0x3d ..\obj\mbfuncother.o
 .debug_pubnames
                0x00000946      0x294 ..\obj\stm32f4xx_usart.o
 .debug_pubnames
                0x00000bda      0x120 ..\obj\stm32f4xx_pwr.o
 .debug_pubnames
                0x00000cfa       0x46 ..\obj\rtc.o
 .debug_pubnames
                0x00000d40       0x52 ..\obj\mbutils.o
 .debug_pubnames
                0x00000d92       0x4a ..\obj\startup_stm32f4xx.o
 .debug_pubnames
                0x00000ddc       0x6c ..\obj\backup_sram.o
 .debug_pubnames
                0x00000e48       0x91 ..\obj\stm32f4xx_iwdg.o
 .debug_pubnames
                0x00000ed9       0xaf ..\obj\ADS1120.o
 .debug_pubnames
                0x00000f88       0xa5 ..\obj\mbfuncholding.o
 .debug_pubnames
                0x0000102d       0x7a ..\obj\usbd_core.o
 .debug_pubnames
                0x000010a7       0xa0 ..\obj\main.o
 .debug_pubnames
                0x00001147       0x20 ..\obj\mbcrc.o
 .debug_pubnames
                0x00001167       0x7e ..\obj\uks.o
 .debug_pubnames
                0x000011e5      0x417 ..\obj\stm32f4xx_rcc.o
 .debug_pubnames
                0x000015fc      0x446 ..\obj\stm32f4xx_adc.o
 .debug_pubnames
                0x00001a42       0x2f ..\obj\mbfuncinput.o
 .debug_pubnames
                0x00001a71      0x101 ..\obj\printf.o
 .debug_pubnames
                0x00001b72       0x8e ..\obj\phaze_detector.o
 .debug_pubnames
                0x00001c00       0x35 ..\obj\watchdog.o
 .debug_pubnames
                0x00001c35       0x46 ..\obj\display.o
 .debug_pubnames
                0x00001c7b      0x1bb ..\obj\hd44780.o
 .debug_pubnames
                0x00001e36      0x275 ..\obj\tasks.o
 .debug_pubnames
                0x000020ab      0x152 ..\obj\usbd_desc.o
 .debug_pubnames
                0x000021fd       0x24 ..\obj\keyboard.o
 .debug_pubnames
                0x00002221      0x12d ..\obj\stm32f4xx_gpio.o
 .debug_pubnames
                0x0000234e       0x71 ..\obj\porttimer.o
 .debug_pubnames
                0x000023bf       0x47 ..\obj\usbd_cdc_vcp.o
 .debug_pubnames
                0x00002406       0x71 ..\obj\list.o
 .debug_pubnames
                0x00002477       0xb3 ..\obj\mbrtu.o
 .debug_pubnames
                0x0000252a       0x61 ..\obj\system_stm32f4xx.o
 .debug_pubnames
                0x0000258b       0x71 ..\obj\syscalls.o
 .debug_pubnames
                0x000025fc       0x64 ..\obj\adc.o
 .debug_pubnames
                0x00002660       0xa6 ..\obj\usb_bsp.o
 .debug_pubnames
                0x00002706       0xd7 ..\obj\usbd_req.o
 .debug_pubnames
                0x000027dd      0x145 ..\obj\queue.o
 .debug_pubnames
                0x00002922      0x101 ..\obj\port.o
 .debug_pubnames
                0x00002a23       0x2b ..\obj\usb_dcd_int.o
 .debug_pubnames
                0x00002a4e       0x9b ..\obj\portserial.o
 .debug_pubnames
                0x00002ae9       0xe5 ..\obj\usbd_cdc_core.o
 .debug_pubnames
                0x00002bce       0x96 ..\obj\croutine.o
 .debug_pubnames
                0x00002c64       0xb2 ..\obj\timer_properties.o
 .debug_pubnames
                0x00002d16      0x221 ..\obj\stm32f4xx_spi.o
 .debug_pubnames
                0x00002f37       0x5a ..\obj\mbfunccoils.o
 .debug_pubnames
                0x00002f91       0xbb ..\obj\stm32f4xx_exti.o
 .debug_pubnames
                0x0000304c       0x89 ..\obj\misc.o
 .debug_pubnames
                0x000030d5      0x100 ..\obj\usb_dcd.o
 .debug_pubnames
                0x000031d5       0x64 ..\obj\heap_1.o
 .debug_pubnames
                0x00003239      0x514 ..\obj\stm32f4xx_rtc.o
 .debug_pubnames
                0x0000374d       0xb6 ..\obj\usbd_ioreq.o
 .debug_pubnames
                0x00003803       0xb6 ..\obj\mbascii.o
 .debug_pubnames
                0x000038b9      0x7c4 ..\obj\stm32f4xx_tim.o
 .debug_pubnames
                0x0000407d       0x3d ..\obj\power_detector.o

.debug_pubtypes
                0x00000000     0x42fd
 .debug_pubtypes
                0x00000000       0x6d ..\obj\stm32f4xx_syscfg.o
 .debug_pubtypes
                0x0000006d      0x675 ..\obj\usb_core.o
 .debug_pubtypes
                0x000006e2       0xb9 ..\obj\delay.o
 .debug_pubtypes
                0x0000079b       0x8d ..\obj\mbport.o
 .debug_pubtypes
                0x00000828      0x147 ..\obj\mb.o
 .debug_pubtypes
                0x0000096f      0x131 ..\obj\pid_regulator.o
 .debug_pubtypes
                0x00000aa0       0x62 ..\obj\mbfuncdisc.o
 .debug_pubtypes
                0x00000b02       0x55 ..\obj\usbd_usr.o
 .debug_pubtypes
                0x00000b57       0x44 ..\obj\portevent.o
 .debug_pubtypes
                0x00000b9b       0xea ..\obj\buzzer.o
 .debug_pubtypes
                0x00000c85       0x82 ..\obj\mbfuncother.o
 .debug_pubtypes
                0x00000d07       0xcd ..\obj\stm32f4xx_usart.o
 .debug_pubtypes
                0x00000dd4       0x84 ..\obj\stm32f4xx_pwr.o
 .debug_pubtypes
                0x00000e58       0x73 ..\obj\rtc.o
 .debug_pubtypes
                0x00000ecb       0x6d ..\obj\mbutils.o
 .debug_pubtypes
                0x00000f38       0x5b ..\obj\backup_sram.o
 .debug_pubtypes
                0x00000f93       0x64 ..\obj\stm32f4xx_iwdg.o
 .debug_pubtypes
                0x00000ff7      0x11d ..\obj\ADS1120.o
 .debug_pubtypes
                0x00001114       0x62 ..\obj\mbfuncholding.o
 .debug_pubtypes
                0x00001176      0x2df ..\obj\usbd_core.o
 .debug_pubtypes
                0x00001455      0x2b1 ..\obj\main.o
 .debug_pubtypes
                0x00001706       0x40 ..\obj\mbcrc.o
 .debug_pubtypes
                0x00001746       0x89 ..\obj\uks.o
 .debug_pubtypes
                0x000017cf       0xaa ..\obj\stm32f4xx_rcc.o
 .debug_pubtypes
                0x00001879       0x12 ..\obj\timers.o
 .debug_pubtypes
                0x0000188b       0xc9 ..\obj\stm32f4xx_adc.o
 .debug_pubtypes
                0x00001954       0x62 ..\obj\mbfuncinput.o
 .debug_pubtypes
                0x000019b6      0x139 ..\obj\printf.o
 .debug_pubtypes
                0x00001aef      0x1ab ..\obj\phaze_detector.o
 .debug_pubtypes
                0x00001c9a       0x53 ..\obj\watchdog.o
 .debug_pubtypes
                0x00001ced       0x72 ..\obj\display.o
 .debug_pubtypes
                0x00001d5f       0xe6 ..\obj\hd44780.o
 .debug_pubtypes
                0x00001e45      0x10c ..\obj\tasks.o
 .debug_pubtypes
                0x00001f51       0x5b ..\obj\usbd_desc.o
 .debug_pubtypes
                0x00001fac       0xdb ..\obj\keyboard.o
 .debug_pubtypes
                0x00002087       0xce ..\obj\stm32f4xx_gpio.o
 .debug_pubtypes
                0x00002155       0xb6 ..\obj\porttimer.o
 .debug_pubtypes
                0x0000220b       0x6d ..\obj\usbd_cdc_vcp.o
 .debug_pubtypes
                0x00002278       0x7a ..\obj\list.o
 .debug_pubtypes
                0x000022f2       0xb4 ..\obj\mbrtu.o
 .debug_pubtypes
                0x000023a6       0x73 ..\obj\system_stm32f4xx.o
 .debug_pubtypes
                0x00002419       0xaa ..\obj\syscalls.o
 .debug_pubtypes
                0x000024c3      0x17a ..\obj\adc.o
 .debug_pubtypes
                0x0000263d      0x333 ..\obj\usb_bsp.o
 .debug_pubtypes
                0x00002970      0x2c8 ..\obj\usbd_req.o
 .debug_pubtypes
                0x00002c38       0xd4 ..\obj\queue.o
 .debug_pubtypes
                0x00002d0c       0x33 ..\obj\port.o
 .debug_pubtypes
                0x00002d3f      0x5e1 ..\obj\usb_dcd_int.o
 .debug_pubtypes
                0x00003320       0x6b ..\obj\portserial.o
 .debug_pubtypes
                0x0000338b      0x2ae ..\obj\usbd_cdc_core.o
 .debug_pubtypes
                0x00003639       0xcd ..\obj\croutine.o
 .debug_pubtypes
                0x00003706       0x93 ..\obj\timer_properties.o
 .debug_pubtypes
                0x00003799       0xbc ..\obj\stm32f4xx_spi.o
 .debug_pubtypes
                0x00003855       0x62 ..\obj\mbfunccoils.o
 .debug_pubtypes
                0x000038b7       0xae ..\obj\stm32f4xx_exti.o
 .debug_pubtypes
                0x00003965       0x8c ..\obj\misc.o
 .debug_pubtypes
                0x000039f1      0x307 ..\obj\usb_dcd.o
 .debug_pubtypes
                0x00003cf8       0x2c ..\obj\heap_1.o
 .debug_pubtypes
                0x00003d24       0xd8 ..\obj\stm32f4xx_rtc.o
 .debug_pubtypes
                0x00003dfc      0x295 ..\obj\usbd_ioreq.o
 .debug_pubtypes
                0x00004091       0xc3 ..\obj\mbascii.o
 .debug_pubtypes
                0x00004154       0xe4 ..\obj\stm32f4xx_tim.o
 .debug_pubtypes
                0x00004238       0xc5 ..\obj\power_detector.o

.debug_aranges  0x00000000     0x1c08
 .debug_aranges
                0x00000000       0x48 ..\obj\stm32f4xx_syscfg.o
 .debug_aranges
                0x00000048      0x138 ..\obj\usb_core.o
 .debug_aranges
                0x00000180       0x40 ..\obj\delay.o
 .debug_aranges
                0x000001c0       0x48 ..\obj\mbport.o
 .debug_aranges
                0x00000208       0x48 ..\obj\mb.o
 .debug_aranges
                0x00000250       0x40 ..\obj\pid_regulator.o
 .debug_aranges
                0x00000290       0x20 ..\obj\mbfuncdisc.o
 .debug_aranges
                0x000002b0       0x40 ..\obj\usbd_usr.o
 .debug_aranges
                0x000002f0       0x30 ..\obj\portevent.o
 .debug_aranges
                0x00000320       0x30 ..\obj\buzzer.o
 .debug_aranges
                0x00000350       0x28 ..\obj\mbfuncother.o
 .debug_aranges
                0x00000378      0x100 ..\obj\stm32f4xx_usart.o
 .debug_aranges
                0x00000478       0x78 ..\obj\stm32f4xx_pwr.o
 .debug_aranges
                0x000004f0       0x28 ..\obj\rtc.o
 .debug_aranges
                0x00000518       0x30 ..\obj\mbutils.o
 .debug_aranges
                0x00000548       0x28 ..\obj\startup_stm32f4xx.o
 .debug_aranges
                0x00000570       0x38 ..\obj\backup_sram.o
 .debug_aranges
                0x000005a8       0x48 ..\obj\stm32f4xx_iwdg.o
 .debug_aranges
                0x000005f0       0x48 ..\obj\ADS1120.o
 .debug_aranges
                0x00000638       0x38 ..\obj\mbfuncholding.o
 .debug_aranges
                0x00000670       0x80 ..\obj\usbd_core.o
 .debug_aranges
                0x000006f0       0x40 ..\obj\main.o
 .debug_aranges
                0x00000730       0x20 ..\obj\mbcrc.o
 .debug_aranges
                0x00000750       0x38 ..\obj\uks.o
 .debug_aranges
                0x00000788      0x178 ..\obj\stm32f4xx_rcc.o
 .debug_aranges
                0x00000900      0x148 ..\obj\stm32f4xx_adc.o
 .debug_aranges
                0x00000a48       0x20 ..\obj\mbfuncinput.o
 .debug_aranges
                0x00000a68       0xa0 ..\obj\printf.o
 .debug_aranges
                0x00000b08       0x40 ..\obj\phaze_detector.o
 .debug_aranges
                0x00000b48       0x28 ..\obj\watchdog.o
 .debug_aranges
                0x00000b70       0x28 ..\obj\display.o
 .debug_aranges
                0x00000b98       0xc0 ..\obj\hd44780.o
 .debug_aranges
                0x00000c58      0x120 ..\obj\tasks.o
 .debug_aranges
                0x00000d78       0x50 ..\obj\usbd_desc.o
 .debug_aranges
                0x00000dc8       0x28 ..\obj\keyboard.o
 .debug_aranges
                0x00000df0       0x88 ..\obj\stm32f4xx_gpio.o
 .debug_aranges
                0x00000e78       0x38 ..\obj\porttimer.o
 .debug_aranges
                0x00000eb0       0x40 ..\obj\usbd_cdc_vcp.o
 .debug_aranges
                0x00000ef0       0x40 ..\obj\list.o
 .debug_aranges
                0x00000f30       0x58 ..\obj\mbrtu.o
 .debug_aranges
                0x00000f88       0x30 ..\obj\system_stm32f4xx.o
 .debug_aranges
                0x00000fb8       0x60 ..\obj\syscalls.o
 .debug_aranges
                0x00001018       0x30 ..\obj\adc.o
 .debug_aranges
                0x00001048       0x48 ..\obj\usb_bsp.o
 .debug_aranges
                0x00001090       0x88 ..\obj\usbd_req.o
 .debug_aranges
                0x00001118       0xa0 ..\obj\queue.o
 .debug_aranges
                0x000011b8       0x70 ..\obj\port.o
 .debug_aranges
                0x00001228       0x80 ..\obj\usb_dcd_int.o
 .debug_aranges
                0x000012a8       0x48 ..\obj\portserial.o
 .debug_aranges
                0x000012f0       0x68 ..\obj\usbd_cdc_core.o
 .debug_aranges
                0x00001358       0x50 ..\obj\croutine.o
 .debug_aranges
                0x000013a8       0x38 ..\obj\timer_properties.o
 .debug_aranges
                0x000013e0       0xe0 ..\obj\stm32f4xx_spi.o
 .debug_aranges
                0x000014c0       0x30 ..\obj\mbfunccoils.o
 .debug_aranges
                0x000014f0       0x58 ..\obj\stm32f4xx_exti.o
 .debug_aranges
                0x00001548       0x40 ..\obj\misc.o
 .debug_aranges
                0x00001588       0x80 ..\obj\usb_dcd.o
 .debug_aranges
                0x00001608       0x38 ..\obj\heap_1.o
 .debug_aranges
                0x00001640      0x1e0 ..\obj\stm32f4xx_rtc.o
 .debug_aranges
                0x00001820       0x50 ..\obj\usbd_ioreq.o
 .debug_aranges
                0x00001870       0x70 ..\obj\mbascii.o
 .debug_aranges
                0x000018e0      0x2f8 ..\obj\stm32f4xx_tim.o
 .debug_aranges
                0x00001bd8       0x30 ..\obj\power_detector.o

.debug_ranges   0x00000000     0x1818
 .debug_ranges  0x00000000       0x38 ..\obj\stm32f4xx_syscfg.o
 .debug_ranges  0x00000038      0x128 ..\obj\usb_core.o
 .debug_ranges  0x00000160       0x30 ..\obj\delay.o
 .debug_ranges  0x00000190       0x38 ..\obj\mbport.o
 .debug_ranges  0x000001c8       0x38 ..\obj\mb.o
 .debug_ranges  0x00000200       0x30 ..\obj\pid_regulator.o
 .debug_ranges  0x00000230       0x10 ..\obj\mbfuncdisc.o
 .debug_ranges  0x00000240       0x30 ..\obj\usbd_usr.o
 .debug_ranges  0x00000270       0x20 ..\obj\portevent.o
 .debug_ranges  0x00000290       0x20 ..\obj\buzzer.o
 .debug_ranges  0x000002b0       0x18 ..\obj\mbfuncother.o
 .debug_ranges  0x000002c8       0xf0 ..\obj\stm32f4xx_usart.o
 .debug_ranges  0x000003b8       0x68 ..\obj\stm32f4xx_pwr.o
 .debug_ranges  0x00000420       0x18 ..\obj\rtc.o
 .debug_ranges  0x00000438       0x20 ..\obj\mbutils.o
 .debug_ranges  0x00000458       0x18 ..\obj\startup_stm32f4xx.o
 .debug_ranges  0x00000470       0x28 ..\obj\backup_sram.o
 .debug_ranges  0x00000498       0x38 ..\obj\stm32f4xx_iwdg.o
 .debug_ranges  0x000004d0       0x38 ..\obj\ADS1120.o
 .debug_ranges  0x00000508       0x28 ..\obj\mbfuncholding.o
 .debug_ranges  0x00000530       0x70 ..\obj\usbd_core.o
 .debug_ranges  0x000005a0       0x30 ..\obj\main.o
 .debug_ranges  0x000005d0       0x10 ..\obj\mbcrc.o
 .debug_ranges  0x000005e0       0x28 ..\obj\uks.o
 .debug_ranges  0x00000608      0x168 ..\obj\stm32f4xx_rcc.o
 .debug_ranges  0x00000770      0x138 ..\obj\stm32f4xx_adc.o
 .debug_ranges  0x000008a8       0x10 ..\obj\mbfuncinput.o
 .debug_ranges  0x000008b8       0x90 ..\obj\printf.o
 .debug_ranges  0x00000948       0x30 ..\obj\phaze_detector.o
 .debug_ranges  0x00000978       0x18 ..\obj\watchdog.o
 .debug_ranges  0x00000990       0x18 ..\obj\display.o
 .debug_ranges  0x000009a8       0xb0 ..\obj\hd44780.o
 .debug_ranges  0x00000a58      0x110 ..\obj\tasks.o
 .debug_ranges  0x00000b68       0x40 ..\obj\usbd_desc.o
 .debug_ranges  0x00000ba8       0x18 ..\obj\keyboard.o
 .debug_ranges  0x00000bc0       0x78 ..\obj\stm32f4xx_gpio.o
 .debug_ranges  0x00000c38       0x28 ..\obj\porttimer.o
 .debug_ranges  0x00000c60       0x30 ..\obj\usbd_cdc_vcp.o
 .debug_ranges  0x00000c90       0x30 ..\obj\list.o
 .debug_ranges  0x00000cc0       0x48 ..\obj\mbrtu.o
 .debug_ranges  0x00000d08       0x20 ..\obj\system_stm32f4xx.o
 .debug_ranges  0x00000d28       0x50 ..\obj\syscalls.o
 .debug_ranges  0x00000d78       0x20 ..\obj\adc.o
 .debug_ranges  0x00000d98       0x38 ..\obj\usb_bsp.o
 .debug_ranges  0x00000dd0       0x78 ..\obj\usbd_req.o
 .debug_ranges  0x00000e48       0x90 ..\obj\queue.o
 .debug_ranges  0x00000ed8       0x60 ..\obj\port.o
 .debug_ranges  0x00000f38       0x70 ..\obj\usb_dcd_int.o
 .debug_ranges  0x00000fa8       0x38 ..\obj\portserial.o
 .debug_ranges  0x00000fe0       0x58 ..\obj\usbd_cdc_core.o
 .debug_ranges  0x00001038       0x40 ..\obj\croutine.o
 .debug_ranges  0x00001078       0x28 ..\obj\timer_properties.o
 .debug_ranges  0x000010a0       0xd0 ..\obj\stm32f4xx_spi.o
 .debug_ranges  0x00001170       0x20 ..\obj\mbfunccoils.o
 .debug_ranges  0x00001190       0x48 ..\obj\stm32f4xx_exti.o
 .debug_ranges  0x000011d8       0x30 ..\obj\misc.o
 .debug_ranges  0x00001208       0x70 ..\obj\usb_dcd.o
 .debug_ranges  0x00001278       0x28 ..\obj\heap_1.o
 .debug_ranges  0x000012a0      0x1d0 ..\obj\stm32f4xx_rtc.o
 .debug_ranges  0x00001470       0x40 ..\obj\usbd_ioreq.o
 .debug_ranges  0x000014b0       0x60 ..\obj\mbascii.o
 .debug_ranges  0x00001510      0x2e8 ..\obj\stm32f4xx_tim.o
 .debug_ranges  0x000017f8       0x20 ..\obj\power_detector.o

.debug_str      0x00000000     0x93f8
 .debug_str     0x00000000      0x214 ..\obj\stm32f4xx_syscfg.o
                                0x261 (size before relaxing)
 .debug_str     0x00000214     0x1245 ..\obj\usb_core.o
                               0x15e8 (size before relaxing)
 .debug_str     0x00001459      0x7e8 ..\obj\delay.o
                                0x8f0 (size before relaxing)
 .debug_str     0x00001c41      0x20e ..\obj\mbport.o
                                0x2ed (size before relaxing)