Archive member included because of file (symbol)

c:/coocox/coide/gcc/sourcery g++ lite/bin/../lib/gcc/arm-none-eabi/4.5.1/thumb2\libgcc.a(_arm_addsubdf3.o)
                              ..\obj\ADS1120.o (__aeabi_dadd)
c:/coocox/coide/gcc/sourcery g++ lite/bin/../lib/gcc/arm-none-eabi/4.5.1/thumb2\libgcc.a(_arm_muldivdf3.o)
                              ..\obj\ADS1120.o (__aeabi_dmul)
c:/coocox/coide/gcc/sourcery g++ lite/bin/../lib/gcc/arm-none-eabi/4.5.1/thumb2\libgcc.a(_arm_cmpdf2.o)
                              ..\obj\timer_properties.o (__aeabi_dcmpeq)
c:/coocox/coide/gcc/sourcery g++ lite/bin/../lib/gcc/arm-none-eabi/4.5.1/thumb2\libgcc.a(_arm_fixunsdfsi.o)
                              ..\obj\timer_properties.o (__aeabi_d2uiz)
c:/coocox/coide/gcc/sourcery g++ lite/bin/../lib/gcc/arm-none-eabi/4.5.1/thumb2\libgcc.a(_arm_truncdfsf2.o)
                              ..\obj\ADS1120.o (__aeabi_d2f)
c:/coocox/coide/gcc/sourcery g++ lite/bin/../lib/gcc/arm-none-eabi/4.5.1/thumb2\libgcc.a(_arm_addsubsf3.o)
                              ..\obj\pid_regulator.o (__aeabi_fsub)
c:/coocox/coide/gcc/sourcery g++ lite/bin/../lib/gcc/arm-none-eabi/4.5.1/thumb2\libgcc.a(_arm_muldivsf3.o)
                              ..\obj\pid_regulator.o (__aeabi_fmul)
c:/coocox/coide/gcc/sourcery g++ lite/bin/../lib/gcc/arm-none-eabi/4.5.1/thumb2\libgcc.a(_arm_cmpsf2.o)
                              ..\obj\pid_regulator.o (__aeabi_fcmplt)
c:/coocox/coide/gcc/sourcery g++ lite/bin/../lib/gcc/arm-none-eabi/4.5.1/thumb2\libgcc.a(_arm_fixsfsi.o)
                              ..\obj\pid_regulator.o (__aeabi_f2iz)
c:/coocox/coide/gcc/sourcery g++ lite/bin/../lib/gcc/arm-none-eabi/4.5.1/thumb2\libgcc.a(_arm_fixunssfsi.o)
                              ..\obj\display.o (__aeabi_f2uiz)
c:/coocox/coide/gcc/sourcery g++ lite/bin/../lib/gcc/arm-none-eabi/4.5.1/../../../../arm-none-eabi/lib/thumb2\libc.a(lib_a-memcmp.o)
                              ..\obj\tasks.o (memcmp)
c:/coocox/coide/gcc/sourcery g++ lite/bin/../lib/gcc/arm-none-eabi/4.5.1/../../../../arm-none-eabi/lib/thumb2\libc.a(lib_a-memcpy.o)
                              ..\obj\mbfuncother.o (memcpy)
c:/coocox/coide/gcc/sourcery g++ lite/bin/../lib/gcc/arm-none-eabi/4.5.1/../../../../arm-none-eabi/lib/thumb2\libc.a(lib_a-memset.o)
                              ..\obj\tasks.o (memset)
c:/coocox/coide/gcc/sourcery g++ lite/bin/../lib/gcc/arm-none-eabi/4.5.1/../../../../arm-none-eabi/lib/thumb2\libc.a(lib_a-strncpy.o)
                              ..\obj\tasks.o (strncpy)

Allocating common symbols
Common symbol       size              file

pxMBFrameCBTransmitterEmpty
                    0x4               ..\obj\mb.o
APP_Tx_Buffer       0x80              ..\obj\usbd_cdc_vcp.o
pid_heater          0x1c              ..\obj\pid_regulator.o
pxMBPortCBTimerExpired
                    0x4               ..\obj\mb.o
Heater_Control_Task_Handle
                    0x4               ..\obj\phaze_detector.o
ADC_result          0x4               ..\obj\ADS1120.o
xBuzzer_Handle      0x4               ..\obj\buzzer.o
adc_reg             0x1               ..\obj\ADS1120.o
ucRTUBuf            0x100             ..\obj\mbrtu.o
PID_Regulator_Task_Handle
                    0x4               ..\obj\pid_regulator.o
HD44780_Opts        0x7               ..\obj\hd44780.o
xPhazeSemaphore     0x4               ..\obj\phaze_detector.o
usbd_cdc_OtherCfgDesc
                    0x43              ..\obj\usbd_cdc_core.o
xSPI_Buf_Mutex      0x4               ..\obj\ADS1120.o
pxMBFrameCBByteReceived
                    0x4               ..\obj\mb.o
buzz                0x2               ..\obj\buzzer.o
APP_tx_ptr_tail     0x4               ..\obj\usbd_cdc_vcp.o
pxMBFrameCBTransmitFSMCur
                    0x4               ..\obj\mb.o
xMeasure_LM35_Semaphore
                    0x4               ..\obj\adc.o
USB_Rx_Buffer       0x40              ..\obj\usbd_cdc_core.o
ADC_result_temp     0x4               ..\obj\ADS1120.o
pxMBFrameCBReceiveFSMCur
                    0x4               ..\obj\mb.o
CmdBuff             0x8               ..\obj\usbd_cdc_core.o
USB_OTG_dev         0x5f0             ..\obj\main.o
adc_lm35_chnl       0xee              ..\obj\adc.o
mult                0x4               ..\obj\delay.o
APP_Rx_Buffer       0x800             ..\obj\usbd_cdc_core.o
uks_channels        0x484             ..\obj\uks.o
task_watches        0x10              ..\obj\watchdog.o
USBD_StrDesc        0x32              ..\obj\usbd_req.o
APP_tx_ptr_head     0x4               ..\obj\usbd_cdc_vcp.o
phaze_detect        0x8               ..\obj\phaze_detector.o

Discarded input sections

 .text          0x00000000        0x0 ..\obj\stm32f4xx_syscfg.o
 .data          0x00000000        0x0 ..\obj\stm32f4xx_syscfg.o
 .bss           0x00000000        0x0 ..\obj\stm32f4xx_syscfg.o
 .text.SYSCFG_DeInit
                0x00000000       0x20 ..\obj\stm32f4xx_syscfg.o
 .text.SYSCFG_MemoryRemapConfig
[...]
Memory Configuration

Name             Origin             Length             Attributes
rom              0x08000000         0x00100000         xr
ram              0x20000000         0x00020000         xrw
ram1             0x10000000         0x00010000         xrw
*default*        0x00000000         0xffffffff

Linker script and memory map

                0x20020000                _eram = 0x20020000

.text           0x08000000     0xeb98
 *(.isr_vector .isr_vector.*)
 .isr_vector    0x08000000      0x188 ..\obj\startup_stm32f4xx.o
                0x08000000                g_pfnVectors
 *(.text .text.* .gnu.linkonce.t.*)
 .text.SYSCFG_EXTILineConfig
                0x08000188       0xb4 ..\obj\stm32f4xx_syscfg.o
                0x08000188                SYSCFG_EXTILineConfig
 .text.USB_OTG_EnableCommonInt
                0x0800023c       0x44 ..\obj\usb_core.o
 .text.USB_OTG_CoreReset
                0x08000280       0xa8 ..\obj\usb_core.o
 .text.USB_OTG_WritePacket
                0x08000328       0x88 ..\obj\usb_core.o
                0x08000328                USB_OTG_WritePacket
 .text.USB_OTG_ReadPacket
                0x080003b0       0x68 ..\obj\usb_core.o
                0x080003b0                USB_OTG_ReadPacket
 .text.USB_OTG_SelectCore
                0x08000418      0x1b4 ..\obj\usb_core.o
                0x08000418                USB_OTG_SelectCore
 .text.USB_OTG_CoreInit
                0x080005cc      0x1f8 ..\obj\usb_core.o
                0x080005cc                USB_OTG_CoreInit
 .text.USB_OTG_EnableGlobalInt
                0x080007c4       0x40 ..\obj\usb_core.o
                0x080007c4                USB_OTG_EnableGlobalInt
 .text.USB_OTG_DisableGlobalInt
                0x08000804       0x44 ..\obj\usb_core.o
                0x08000804                USB_OTG_DisableGlobalInt
 .text.USB_OTG_FlushTxFifo
                0x08000848       0x80 ..\obj\usb_core.o
                0x08000848                USB_OTG_FlushTxFifo
 .text.USB_OTG_FlushRxFifo
                0x080008c8       0x6c ..\obj\usb_core.o
                0x080008c8                USB_OTG_FlushRxFifo
 .text.USB_OTG_SetCurrentMode
                0x08000934       0x64 ..\obj\usb_core.o
                0x08000934                USB_OTG_SetCurrentMode
 .text.USB_OTG_GetMode
                0x08000998       0x20 ..\obj\usb_core.o
                0x08000998                USB_OTG_GetMode
 .text.USB_OTG_IsDeviceMode
                0x080009b8       0x24 ..\obj\usb_core.o
                0x080009b8                USB_OTG_IsDeviceMode
 .text.USB_OTG_ReadCoreItr
                0x080009dc       0x34 ..\obj\usb_core.o
                0x080009dc                USB_OTG_ReadCoreItr
 .text.USB_OTG_InitDevSpeed
                0x08000a10       0x38 ..\obj\usb_core.o
                0x08000a10                USB_OTG_InitDevSpeed
 .text.USB_OTG_CoreInitDev
                0x08000a48      0x2d0 ..\obj\usb_core.o
                0x08000a48                USB_OTG_CoreInitDev
 .text.USB_OTG_EnableDevInt
                0x08000d18       0xa8 ..\obj\usb_core.o
                0x08000d18                USB_OTG_EnableDevInt
 .text.USB_OTG_GetDeviceSpeed
                0x08000dc0       0x50 ..\obj\usb_core.o
                0x08000dc0                USB_OTG_GetDeviceSpeed
 .text.USB_OTG_EP0Activate
                0x08000e10       0x84 ..\obj\usb_core.o
                0x08000e10                USB_OTG_EP0Activate
 .text.USB_OTG_EPActivate
                0x08000e94       0xf8 ..\obj\usb_core.o
                0x08000e94                USB_OTG_EPActivate
 .text.USB_OTG_EPDeactivate
                0x08000f8c       0xa4 ..\obj\usb_core.o
                0x08000f8c                USB_OTG_EPDeactivate
 .text.USB_OTG_EPStartXfer
                0x08001030      0x2d4 ..\obj\usb_core.o
                0x08001030                USB_OTG_EPStartXfer
 .text.USB_OTG_EP0StartXfer
                0x08001304      0x208 ..\obj\usb_core.o
                0x08001304                USB_OTG_EP0StartXfer
 .text.USB_OTG_EPSetStall
                0x0800150c       0x94 ..\obj\usb_core.o
                0x0800150c                USB_OTG_EPSetStall
 .text.USB_OTG_EPClearStall
                0x080015a0       0x84 ..\obj\usb_core.o
                0x080015a0                USB_OTG_EPClearStall
 .text.USB_OTG_ReadDevAllOutEp_itr
                0x08001624       0x30 ..\obj\usb_core.o
                0x08001624                USB_OTG_ReadDevAllOutEp_itr
 .text.USB_OTG_ReadDevOutEP_itr
                0x08001654       0x3c ..\obj\usb_core.o
                0x08001654                USB_OTG_ReadDevOutEP_itr
 .text.USB_OTG_ReadDevAllInEPItr
                0x08001690       0x34 ..\obj\usb_core.o
                0x08001690                USB_OTG_ReadDevAllInEPItr
 .text.USB_OTG_EP0_OutStart
                0x080016c4       0x7c ..\obj\usb_core.o
                0x080016c4                USB_OTG_EP0_OutStart
 .text.USB_OTG_UngateClock
                0x08001740       0x54 ..\obj\usb_core.o
                0x08001740                USB_OTG_UngateClock
 .text.TIM2_IRQHandler
                0x08001794       0x50 ..\obj\delay.o
                0x08001794                TIM2_IRQHandler
 .text.DELAY_Init
                0x080017e4       0x2c ..\obj\delay.o
                0x080017e4                DELAY_Init
 .text.DELAY_INT_InitTIM
                0x08001810       0xa8 ..\obj\delay.o
                0x08001810                DELAY_INT_InitTIM
 .text.ENTER_CRITICAL_SECTION
                0x080018b8        0xc ..\obj\mbport.o
                0x080018b8                ENTER_CRITICAL_SECTION
 .text.EXIT_CRITICAL_SECTION
                0x080018c4        0xc ..\obj\mbport.o
                0x080018c4                EXIT_CRITICAL_SECTION
 .text.eMBRegInputCB
                0x080018d0      0x138 ..\obj\mbport.o
                0x080018d0                eMBRegInputCB
 .text.eMBRegHoldingCB
                0x08001a08      0x550 ..\obj\mbport.o
                0x08001a08                eMBRegHoldingCB
 .text.eMBRegCoilsCB
                0x08001f58       0x20 ..\obj\mbport.o
                0x08001f58                eMBRegCoilsCB
 .text.eMBRegDiscreteCB
                0x08001f78       0x20 ..\obj\mbport.o
                0x08001f78                eMBRegDiscreteCB
 .text.eMBInit  0x08001f98      0x134 ..\obj\mb.o
                0x08001f98                eMBInit
 .text.eMBEnable
                0x080020cc       0x48 ..\obj\mb.o
                0x080020cc                eMBEnable
 .text.eMBPoll  0x08002114      0x23c ..\obj\mb.o
                0x08002114                eMBPoll
 .text.PID_Heater_Init
                0x08002350       0x50 ..\obj\pid_regulator.o
                0x08002350                PID_Heater_Init
 .text.pid_Init
                0x080023a0      0x108 ..\obj\pid_regulator.o
                0x080023a0                pid_Init
 .text.pid_Controller
                0x080024a8      0x1d8 ..\obj\pid_regulator.o
                0x080024a8                pid_Controller
 .text.PID_Regulator_Task
                0x08002680      0x1d4 ..\obj\pid_regulator.o
 .text.Protocol_Init
                0x08002854       0x64 ..\obj\protocol.o
                0x08002854                Protocol_Init
 .text.Modbus_Task
                0x080028b8       0x1c ..\obj\protocol.o
 .text.eMBFuncReadDiscreteInputs
                0x080028d4      0x130 ..\obj\mbfuncdisc.o
                0x080028d4                eMBFuncReadDiscreteInputs
 .text.USBD_USR_Init
                0x08002a04        0xc ..\obj\usbd_usr.o
                0x08002a04                USBD_USR_Init
 .text.USBD_USR_DeviceReset
                0x08002a10       0x14 ..\obj\usbd_usr.o
                0x08002a10                USBD_USR_DeviceReset
 .text.USBD_USR_DeviceConfigured
                0x08002a24        0xc ..\obj\usbd_usr.o
                0x08002a24                USBD_USR_DeviceConfigured
 .text.USBD_USR_DeviceSuspended
                0x08002a30        0xc ..\obj\usbd_usr.o
                0x08002a30                USBD_USR_DeviceSuspended
 .text.USBD_USR_DeviceResumed
                0x08002a3c        0xc ..\obj\usbd_usr.o
                0x08002a3c                USBD_USR_DeviceResumed
 .text.xMBPortEventInit
                0x08002a48       0x20 ..\obj\portevent.o
                0x08002a48                xMBPortEventInit
 .text.xMBPortEventPost
                0x08002a68       0x34 ..\obj\portevent.o
                0x08002a68                xMBPortEventPost
 .text.xMBPortEventGet
                0x08002a9c       0x4c ..\obj\portevent.o
                0x08002a9c                xMBPortEventGet
 .text.Buzzer_Init
                0x08002ae8       0xa4 ..\obj\buzzer.o
                0x08002ae8                Buzzer_Init
 .text.Buzzer_Task
                0x08002b8c      0x244 ..\obj\buzzer.o
                0x08002b8c                Buzzer_Task
 .text.Buzzer_Set_Buzz
                0x08002dd0       0xc0 ..\obj\buzzer.o
                0x08002dd0                Buzzer_Set_Buzz
 .text.eMBFuncReportSlaveID
                0x08002e90       0x4c ..\obj\mbfuncother.o
                0x08002e90                eMBFuncReportSlaveID
 .text.PWR_BackupAccessCmd
                0x08002edc       0x20 ..\obj\stm32f4xx_pwr.o
                0x08002edc                PWR_BackupAccessCmd
 .text.PWR_PVDLevelConfig
                0x08002efc       0x44 ..\obj\stm32f4xx_pwr.o
                0x08002efc                PWR_PVDLevelConfig
 .text.PWR_PVDCmd
                0x08002f40       0x20 ..\obj\stm32f4xx_pwr.o
                0x08002f40                PWR_PVDCmd
 .text.PWR_BackupRegulatorCmd
                0x08002f60       0x20 ..\obj\stm32f4xx_pwr.o
                0x08002f60                PWR_BackupRegulatorCmd
 .text.prveMBError2Exception
                0x08002f80       0x48 ..\obj\mbutils.o
                0x08002f80                prveMBError2Exception
 .text.Default_Reset_Handler
                0x08002fc8       0x68 ..\obj\startup_stm32f4xx.o
                0x08002fc8                Default_Reset_Handler
                0x08002fc8                Reset_Handler
 .text.Default_Handler
                0x08003030        0x8 ..\obj\startup_stm32f4xx.o
                0x08003030                RTC_Alarm_IRQHandler
                0x08003030                HASH_RNG_IRQHandler
                0x08003030                EXTI2_IRQHandler
                0x08003030                TIM8_CC_IRQHandler
                0x08003030                DebugMon_Handler
                0x08003030                TIM1_CC_IRQHandler
                0x08003030                DMA2_Stream5_IRQHandler
                0x08003030                HardFault_Handler
                0x08003030                DMA1_Stream5_IRQHandler
                0x08003030                SDIO_IRQHandler
                0x08003030                TAMP_STAMP_IRQHandler
                0x08003030                NMI_Handler
                0x08003030                CAN2_RX1_IRQHandler
                0x08003030                EXTI3_IRQHandler
                0x08003030                TIM8_TRG_COM_TIM14_IRQHandler
                0x08003030                TIM1_UP_TIM10_IRQHandler
                0x08003030                TIM8_UP_TIM13_IRQHandler
                0x08003030                I2C3_ER_IRQHandler
                0x08003030                I2C2_EV_IRQHandler
                0x08003030                DMA1_Stream2_IRQHandler
                0x08003030                CAN1_RX0_IRQHandler
                0x08003030                FPU_IRQHandler
                0x08003030                OTG_HS_WKUP_IRQHandler
                0x08003030                UsageFault_Handler
                0x08003030                CAN2_SCE_IRQHandler
                0x08003030                DMA2_Stream2_IRQHandler
                0x08003030                SPI1_IRQHandler
                0x08003030                TIM6_DAC_IRQHandler
                0x08003030                TIM1_BRK_TIM9_IRQHandler
                0x08003030                DCMI_IRQHandler
                0x08003030                CAN2_RX0_IRQHandler
                0x08003030                DMA2_Stream3_IRQHandler
                0x08003030                USART6_IRQHandler
                0x08003030                USART3_IRQHandler
                0x08003030                CRYP_IRQHandler
                0x08003030                CAN1_RX1_IRQHandler
                0x08003030                UART5_IRQHandler
                0x08003030                DMA2_Stream0_IRQHandler
                0x08003030                I2C1_EV_IRQHandler
                0x08003030                DMA1_Stream6_IRQHandler
                0x08003030                DMA1_Stream1_IRQHandler
                0x08003030                UART4_IRQHandler
                0x08003030                TIM3_IRQHandler
                0x08003030                RCC_IRQHandler
                0x08003030                TIM8_BRK_TIM12_IRQHandler
                0x08003030                EXTI15_10_IRQHandler
                0x08003030                ADC_IRQHandler
                0x08003030                DMA1_Stream7_IRQHandler
                0x08003030                TIM7_IRQHandler
                0x08003030                CAN2_TX_IRQHandler
                0x08003030                TIM5_IRQHandler
                0x08003030                DMA2_Stream7_IRQHandler
                0x08003030                I2C3_EV_IRQHandler
                0x08003030                EXTI9_5_IRQHandler
                0x08003030                RTC_WKUP_IRQHandler
                0x08003030                ETH_WKUP_IRQHandler
                0x08003030                SPI2_IRQHandler
                0x08003030                OTG_HS_EP1_IN_IRQHandler
                0x08003030                MemManage_Handler
                0x08003030                DMA1_Stream0_IRQHandler
                0x08003030                CAN1_TX_IRQHandler
                0x08003030                EXTI4_IRQHandler
                0x08003030                FSMC_IRQHandler
                0x08003030                ETH_IRQHandler
                0x08003030                OTG_HS_EP1_OUT_IRQHandler
                0x08003030                WWDG_IRQHandler
                0x08003030                TIM1_TRG_COM_TIM11_IRQHandler
                0x08003030                OTG_HS_IRQHandler
                0x08003030                USART2_IRQHandler
                0x08003030                I2C2_ER_IRQHandler
                0x08003030                DMA2_Stream1_IRQHandler
                0x08003030                CAN1_SCE_IRQHandler
                0x08003030                FLASH_IRQHandler
                0x08003030                DMA2_Stream4_IRQHandler
                0x08003030                BusFault_Handler
                0x08003030                USART1_IRQHandler
                0x08003030                SPI3_IRQHandler
                0x08003030                DMA1_Stream4_IRQHandler
                0x08003030                I2C1_ER_IRQHandler
                0x08003030                DMA2_Stream6_IRQHandler
                0x08003030                DMA1_Stream3_IRQHandler
 .text.Backup_SRAM_Init
                0x08003038       0x20 ..\obj\backup_sram.o
                0x08003038                Backup_SRAM_Init
 .text.Backup_SRAM_Write_Reg
                0x08003058       0x84 ..\obj\backup_sram.o
                0x08003058                Backup_SRAM_Write_Reg
 .text.ADS1120_init
                0x080030dc       0x4c ..\obj\ADS1120.o
                0x080030dc                ADS1120_init
 .text.SPI2_config
                0x08003128      0x170 ..\obj\ADS1120.o
 .text.SPI2_send
                0x08003298       0x60 ..\obj\ADS1120.o
                0x08003298                SPI2_send
 .text.SPI2_read
                0x080032f8       0x14 ..\obj\ADS1120.o
                0x080032f8                SPI2_read
 .text.ADS1120_task
                0x0800330c      0x18c ..\obj\ADS1120.o
 .text.PT100_Code_To_Temperature
                0x08003498       0xa0 ..\obj\ADS1120.o
                0x08003498                PT100_Code_To_Temperature
 .text.eMBFuncWriteHoldingRegister
                0x08003538       0x84 ..\obj\mbfuncholding.o
                0x08003538                eMBFuncWriteHoldingRegister
 .text.eMBFuncWriteMultipleHoldingRegister
                0x080035bc       0xdc ..\obj\mbfuncholding.o
                0x080035bc                eMBFuncWriteMultipleHoldingRegister
 .text.eMBFuncReadHoldingRegister
                0x08003698      0x10c ..\obj\mbfuncholding.o
                0x08003698                eMBFuncReadHoldingRegister
 .text.eMBFuncReadWriteMultipleHoldingRegister
                0x080037a4      0x1a0 ..\obj\mbfuncholding.o
                0x080037a4                eMBFuncReadWriteMultipleHoldingRegister
 .text.USBD_Init
                0x08003944       0x58 ..\obj\usbd_core.o
                0x08003944                USBD_Init
 .text.USBD_DeInit
                0x0800399c       0x18 ..\obj\usbd_core.o
                0x0800399c                USBD_DeInit
 .text.USBD_SetupStage
                0x080039b4       0x70 ..\obj\usbd_core.o
 .text.USBD_DataOutStage
                0x08003a24       0xd4 ..\obj\usbd_core.o
 .text.USBD_DataInStage
                0x08003af8      0x114 ..\obj\usbd_core.o
 .text.USBD_Reset
                0x08003c0c       0x54 ..\obj\usbd_core.o
 .text.USBD_Resume
                0x08003c60       0x2c ..\obj\usbd_core.o
 .text.USBD_Suspend
                0x08003c8c       0x2c ..\obj\usbd_core.o
 .text.USBD_SOF
                0x08003cb8       0x30 ..\obj\usbd_core.o
 .text.USBD_SetCfg
                0x08003ce8       0x34 ..\obj\usbd_core.o
                0x08003ce8                USBD_SetCfg
 .text.USBD_ClrCfg
                0x08003d1c       0x2c ..\obj\usbd_core.o
                0x08003d1c                USBD_ClrCfg
 .text.USBD_IsoINIncomplete
                0x08003d48       0x24 ..\obj\usbd_core.o
 .text.USBD_IsoOUTIncomplete
                0x08003d6c       0x24 ..\obj\usbd_core.o
 .text.main     0x08003d90       0x7c ..\obj\main.o
                0x08003d90                main
 .text.vApplicationMallocFailedHook
                0x08003e0c        0x8 ..\obj\main.o
                0x08003e0c                vApplicationMallocFailedHook
 .text.vApplicationStackOverflowHook
                0x08003e14        0xc ..\obj\main.o
                0x08003e14                vApplicationStackOverflowHook
 .text.vApplicationIdleHook
                0x08003e20       0x18 ..\obj\main.o
                0x08003e20                vApplicationIdleHook
 .text.usMBCRC16
                0x08003e38       0x90 ..\obj\mbcrc.o
                0x08003e38                usMBCRC16
 .text.UKS_Drying_Init
                0x08003ec8      0x158 ..\obj\uks.o
                0x08003ec8                UKS_Drying_Init
 .text.UKS_Heater_Init_Task
                0x08004020      0x1a0 ..\obj\uks.o
                0x08004020                UKS_Heater_Init_Task
 .text.UKS_Drying_Task
                0x080041c0       0x68 ..\obj\uks.o
                0x080041c0                UKS_Drying_Task
 .text.UKS_Sort_Channels
                0x08004228      0x32c ..\obj\uks.o
                0x08004228                UKS_Sort_Channels
 .text.UKS_Channel_State_Drying
                0x08004554      0x1ec ..\obj\uks.o
                0x08004554                UKS_Channel_State_Drying
 .text.UKS_Restore_Settings
                0x08004740      0x198 ..\obj\uks.o
                0x08004740                UKS_Restore_Settings
 .text.CRC_Check
                0x080048d8       0x88 ..\obj\uks.o
                0x080048d8                CRC_Check
 .text.RCC_GetClocksFreq
                0x08004960      0x1d4 ..\obj\stm32f4xx_rcc.o
                0x08004960                RCC_GetClocksFreq
 .text.RCC_AHB1PeriphClockCmd
                0x08004b34       0x5c ..\obj\stm32f4xx_rcc.o
                0x08004b34                RCC_AHB1PeriphClockCmd
 .text.RCC_AHB2PeriphClockCmd
                0x08004b90       0x5c ..\obj\stm32f4xx_rcc.o
                0x08004b90                RCC_AHB2PeriphClockCmd
 .text.RCC_APB1PeriphClockCmd
                0x08004bec       0x5c ..\obj\stm32f4xx_rcc.o
                0x08004bec                RCC_APB1PeriphClockCmd
 .text.RCC_APB2PeriphClockCmd
                0x08004c48       0x5c ..\obj\stm32f4xx_rcc.o
                0x08004c48                RCC_APB2PeriphClockCmd
 .text.RCC_APB2PeriphResetCmd
                0x08004ca4       0x5c ..\obj\stm32f4xx_rcc.o
                0x08004ca4                RCC_APB2PeriphResetCmd
 .text.ADC_DeInit
                0x08004d00       0x20 ..\obj\stm32f4xx_adc.o
                0x08004d00                ADC_DeInit
 .text.ADC_Init
                0x08004d20       0xc4 ..\obj\stm32f4xx_adc.o
                0x08004d20                ADC_Init
 .text.ADC_StructInit
                0x08004de4       0x4c ..\obj\stm32f4xx_adc.o
                0x08004de4                ADC_StructInit
 .text.ADC_CommonInit
                0x08004e30       0x60 ..\obj\stm32f4xx_adc.o
                0x08004e30                ADC_CommonInit
 .text.ADC_CommonStructInit
                0x08004e90       0x34 ..\obj\stm32f4xx_adc.o
                0x08004e90                ADC_CommonStructInit
 .text.ADC_Cmd  0x08004ec4       0x38 ..\obj\stm32f4xx_adc.o
                0x08004ec4                ADC_Cmd
 .text.ADC_RegularChannelConfig
                0x08004efc      0x1d0 ..\obj\stm32f4xx_adc.o
                0x08004efc                ADC_RegularChannelConfig
 .text.ADC_GetFlagStatus
                0x080050cc       0x40 ..\obj\stm32f4xx_adc.o
                0x080050cc                ADC_GetFlagStatus
 .text.eMBFuncReadInputRegister
                0x0800510c      0x110 ..\obj\mbfuncinput.o
                0x0800510c                eMBFuncReadInputRegister
 .text.PutChar  0x0800521c       0x24 ..\obj\printf.o
                0x0800521c                PutChar
 .text.PutString
                0x08005240       0x48 ..\obj\printf.o
                0x08005240                PutString
 .text.PutUnsignedInt
                0x08005288       0xbc ..\obj\printf.o
                0x08005288                PutUnsignedInt
 .text.PutSignedInt
                0x08005344      0x12c ..\obj\printf.o
                0x08005344                PutSignedInt
 .text.PutHexa  0x08005470       0xe8 ..\obj\printf.o
                0x08005470                PutHexa
 .text.vsnprintf
                0x08005558      0x2a4 ..\obj\printf.o
                0x08005558                vsnprintf
 .text.vsprintf
                0x080057fc       0x28 ..\obj\printf.o
                0x080057fc                vsprintf
 .text.sprintf  0x08005824       0x30 ..\obj\printf.o
                0x08005824                sprintf
 .text.NVIC_EnableIRQ
                0x08005854       0x38 ..\obj\phaze_detector.o
 .text.Phaze_Detector_Init
                0x0800588c      0x1f0 ..\obj\phaze_detector.o
                0x0800588c                Phaze_Detector_Init
 .text.Set_Heater_Power
                0x08005a7c       0x28 ..\obj\phaze_detector.o
                0x08005a7c                Set_Heater_Power
 .text.EXTI0_IRQHandler
                0x08005aa4      0x154 ..\obj\phaze_detector.o
                0x08005aa4                EXTI0_IRQHandler
 .text.EXTI1_IRQHandler
                0x08005bf8       0x34 ..\obj\phaze_detector.o
                0x08005bf8                EXTI1_IRQHandler
 .text.Heater_Power_Down_Block
                0x08005c2c       0x5c ..\obj\phaze_detector.o
                0x08005c2c                Heater_Power_Down_Block
 .text.Heater_Control_Task
                0x08005c88      0x150 ..\obj\phaze_detector.o
 .text.Display_Init
                0x08005dd8       0x4c ..\obj\display.o
                0x08005dd8                Display_Init
 .text.Display_Task
                0x08005e24      0x8d4 ..\obj\display.o
                0x08005e24                Display_Task
 .text.Delay    0x080066f8       0x44 ..\obj\hd44780.o
 .text.HD44780_Init
                0x0800673c      0x110 ..\obj\hd44780.o
                0x0800673c                HD44780_Init
 .text.HD44780_Reinit
                0x0800684c      0x100 ..\obj\hd44780.o
                0x0800684c                HD44780_Reinit
 .text.HD44780_InitPins
                0x0800694c       0x80 ..\obj\hd44780.o
                0x0800694c                HD44780_InitPins
 .text.HD44780_Clear
                0x080069cc       0x18 ..\obj\hd44780.o
                0x080069cc                HD44780_Clear
 .text.HD44780_Cmd
                0x080069e4       0x28 ..\obj\hd44780.o
                0x080069e4                HD44780_Cmd
 .text.HD44780_Data
                0x08006a0c       0x28 ..\obj\hd44780.o
                0x08006a0c                HD44780_Data
 .text.HD44780_Cmd4bit
                0x08006a34       0xb0 ..\obj\hd44780.o
                0x08006a34                HD44780_Cmd4bit
 .text.HD44780_Cmd8bit
                0x08006ae4       0xb0 ..\obj\hd44780.o
                0x08006ae4                HD44780_Cmd8bit
 .text.HD44780_CursorSet
                0x08006b94       0x74 ..\obj\hd44780.o
                0x08006b94                HD44780_CursorSet
 .text.HD44780_Puts
                0x08006c08      0x114 ..\obj\hd44780.o
                0x08006c08                HD44780_Puts
 .text.HD44780_DisplayOn
                0x08006d1c       0x38 ..\obj\hd44780.o
                0x08006d1c                HD44780_DisplayOn
 .text.xTaskGenericCreate
                0x08006d54      0x1f8 ..\obj\tasks.o
                0x08006d54                xTaskGenericCreate
 .text.vTaskDelete
                0x08006f4c       0xc0 ..\obj\tasks.o
                0x08006f4c                vTaskDelete
 .text.vTaskDelay
                0x0800700c       0x5c ..\obj\tasks.o
                0x0800700c                vTaskDelay
 .text.vTaskSuspend
                0x08007068       0xc0 ..\obj\tasks.o
                0x08007068                vTaskSuspend
 .text.xTaskIsTaskSuspended
                0x08007128       0x60 ..\obj\tasks.o
                0x08007128                xTaskIsTaskSuspended
 .text.vTaskResume
                0x08007188       0xbc ..\obj\tasks.o
                0x08007188                vTaskResume
 .text.vTaskStartScheduler
                0x08007244       0x84 ..\obj\tasks.o
                0x08007244                vTaskStartScheduler
 .text.vTaskSuspendAll
                0x080072c8       0x24 ..\obj\tasks.o
                0x080072c8                vTaskSuspendAll
 .text.xTaskResumeAll
                0x080072ec      0x16c ..\obj\tasks.o
                0x080072ec                xTaskResumeAll
 .text.vTaskIncrementTick
                0x08007458      0x1d0 ..\obj\tasks.o
                0x08007458                vTaskIncrementTick
 .text.vTaskSwitchContext
                0x08007628      0x168 ..\obj\tasks.o
                0x08007628                vTaskSwitchContext
 .text.vTaskPlaceOnEventList
                0x08007790       0x88 ..\obj\tasks.o
                0x08007790                vTaskPlaceOnEventList
 .text.xTaskRemoveFromEventList
                0x08007818       0xd4 ..\obj\tasks.o
                0x08007818                xTaskRemoveFromEventList
 .text.vTaskSetTimeOutState
                0x080078ec       0x40 ..\obj\tasks.o
                0x080078ec                vTaskSetTimeOutState
 .text.xTaskCheckForTimeOut
                0x0800792c       0xc4 ..\obj\tasks.o
                0x0800792c                xTaskCheckForTimeOut
 .text.vTaskMissedYield
                0x080079f0       0x18 ..\obj\tasks.o
                0x080079f0                vTaskMissedYield
 .text.prvIdleTask
                0x08007a08       0x24 ..\obj\tasks.o
 .text.prvInitialiseTCBVariables
                0x08007a2c       0x7c ..\obj\tasks.o
 .text.prvInitialiseTaskLists
                0x08007aa8       0xa4 ..\obj\tasks.o
 .text.prvCheckTasksWaitingTermination
                0x08007b4c       0x98 ..\obj\tasks.o
 .text.prvAddCurrentTaskToDelayedList
                0x08007be4       0x8c ..\obj\tasks.o
 .text.prvAllocateTCBAndStack
                0x08007c70       0x74 ..\obj\tasks.o
 .text.prvDeleteTCB
                0x08007ce4       0x20 ..\obj\tasks.o
 .text.xTaskGetCurrentTaskHandle
                0x08007d04       0x20 ..\obj\tasks.o
                0x08007d04                xTaskGetCurrentTaskHandle
 .text.vTaskPriorityInherit
                0x08007d24       0xe8 ..\obj\tasks.o
                0x08007d24                vTaskPriorityInherit
 .text.vTaskPriorityDisinherit
                0x08007e0c       0x90 ..\obj\tasks.o
                0x08007e0c                vTaskPriorityDisinherit
 .text.USBD_USR_DeviceDescriptor
                0x08007e9c       0x28 ..\obj\usbd_desc.o
                0x08007e9c                USBD_USR_DeviceDescriptor
 .text.USBD_USR_LangIDStrDescriptor
                0x08007ec4       0x28 ..\obj\usbd_desc.o
                0x08007ec4                USBD_USR_LangIDStrDescriptor
 .text.USBD_USR_ProductStrDescriptor
                0x08007eec       0x54 ..\obj\usbd_desc.o
                0x08007eec                USBD_USR_ProductStrDescriptor
 .text.USBD_USR_ManufacturerStrDescriptor
                0x08007f40       0x34 ..\obj\usbd_desc.o
                0x08007f40                USBD_USR_ManufacturerStrDescriptor
 .text.USBD_USR_SerialStrDescriptor
                0x08007f74       0x54 ..\obj\usbd_desc.o
                0x08007f74                USBD_USR_SerialStrDescriptor
 .text.USBD_USR_ConfigStrDescriptor
                0x08007fc8       0x54 ..\obj\usbd_desc.o
                0x08007fc8                USBD_USR_ConfigStrDescriptor
 .text.USBD_USR_InterfaceStrDescriptor
                0x0800801c       0x54 ..\obj\usbd_desc.o
                0x0800801c                USBD_USR_InterfaceStrDescriptor
 .text.Keyboard_Init
                0x08008070       0x78 ..\obj\keyboard.o
                0x08008070                Keyboard_Init
 .text.vKeyboardTask
                0x080080e8      0x26c ..\obj\keyboard.o
 .text.GPIO_Init
                0x08008354      0x158 ..\obj\stm32f4xx_gpio.o
                0x08008354                GPIO_Init
 .text.GPIO_StructInit
                0x080084ac       0x3c ..\obj\stm32f4xx_gpio.o
                0x080084ac                GPIO_StructInit
 .text.GPIO_PinLockConfig
                0x080084e8       0x44 ..\obj\stm32f4xx_gpio.o
                0x080084e8                GPIO_PinLockConfig
 .text.GPIO_ReadInputDataBit
                0x0800852c       0x40 ..\obj\stm32f4xx_gpio.o
                0x0800852c                GPIO_ReadInputDataBit
 .text.GPIO_WriteBit
                0x0800856c       0x30 ..\obj\stm32f4xx_gpio.o
                0x0800856c                GPIO_WriteBit
 .text.GPIO_PinAFConfig
                0x0800859c       0xb0 ..\obj\stm32f4xx_gpio.o
                0x0800859c                GPIO_PinAFConfig
 .text.xMBPortTimersInit
                0x0800864c       0xe0 ..\obj\porttimer.o
                0x0800864c                xMBPortTimersInit
 .text.vMBPortTimersEnable
                0x0800872c       0x4c ..\obj\porttimer.o
                0x0800872c                vMBPortTimersEnable
 .text.vMBPortTimersDisable
                0x08008778       0x4c ..\obj\porttimer.o
                0x08008778                vMBPortTimersDisable
 .text.TIM4_IRQHandler
                0x080087c4       0x24 ..\obj\porttimer.o
                0x080087c4                TIM4_IRQHandler
 .text.VCP_Init
                0x080087e8       0x10 ..\obj\usbd_cdc_vcp.o
 .text.VCP_DeInit
                0x080087f8       0x10 ..\obj\usbd_cdc_vcp.o
 .text.VCP_Ctrl
                0x08008808       0xbc ..\obj\usbd_cdc_vcp.o
 .text.VCP_DataTx
                0x080088c4       0x84 ..\obj\usbd_cdc_vcp.o
                0x080088c4                VCP_DataTx
 .text.VCP_DataRx
                0x08008948       0xa0 ..\obj\usbd_cdc_vcp.o
                0x08008948                VCP_DataRx
 .text.VCP_get_char
                0x080089e8       0x84 ..\obj\usbd_cdc_vcp.o
                0x080089e8                VCP_get_char
 .text.vListInitialise
                0x08008a6c       0x48 ..\obj\list.o
                0x08008a6c                vListInitialise
 .text.vListInitialiseItem
                0x08008ab4       0x1c ..\obj\list.o
                0x08008ab4                vListInitialiseItem
 .text.vListInsertEnd
                0x08008ad0       0x54 ..\obj\list.o
                0x08008ad0                vListInsertEnd
 .text.vListInsert
                0x08008b24       0x78 ..\obj\list.o
                0x08008b24                vListInsert
 .text.vListRemove
                0x08008b9c       0x54 ..\obj\list.o
                0x08008b9c                vListRemove
 .text.eMBRTUInit
                0x08008bf0       0x84 ..\obj\mbrtu.o
                0x08008bf0                eMBRTUInit
 .text.eMBRTUStart
                0x08008c74       0x2c ..\obj\mbrtu.o
                0x08008c74                eMBRTUStart
 .text.eMBRTUStop
                0x08008ca0       0x20 ..\obj\mbrtu.o
                0x08008ca0                eMBRTUStop
 .text.eMBRTUReceive
                0x08008cc0       0x9c ..\obj\mbrtu.o
                0x08008cc0                eMBRTUReceive
 .text.eMBRTUSend
                0x08008d5c      0x124 ..\obj\mbrtu.o
                0x08008d5c                eMBRTUSend
 .text.xMBRTUReceiveFSM
                0x08008e80       0xf0 ..\obj\mbrtu.o
                0x08008e80                xMBRTUReceiveFSM
 .text.xMBRTUTransmitFSM
                0x08008f70       0xa4 ..\obj\mbrtu.o
                0x08008f70                xMBRTUTransmitFSM
 .text.xMBRTUTimerT35Expired
                0x08009014       0x60 ..\obj\mbrtu.o
                0x08009014                xMBRTUTimerT35Expired
 .text.SystemInit
                0x08009074       0x94 ..\obj\system_stm32f4xx.o
                0x08009074                SystemInit
 .text.SetSysClock
                0x08009108      0x150 ..\obj\system_stm32f4xx.o
 .text.ADC_Channel_Init
                0x08009258      0x15c ..\obj\adc.o
                0x08009258                ADC_Channel_Init
 .text.bubblesort
                0x080093b4       0xa4 ..\obj\adc.o
                0x080093b4                bubblesort
 .text.ADC_Task
                0x08009458      0x2a0 ..\obj\adc.o
 .text.USB_OTG_BSP_Init
                0x080096f8       0xf4 ..\obj\usb_bsp.o
                0x080096f8                USB_OTG_BSP_Init
 .text.USB_OTG_BSP_EnableInterrupt
                0x080097ec       0x3c ..\obj\usb_bsp.o
                0x080097ec                USB_OTG_BSP_EnableInterrupt
 .text.USB_OTG_BSP_uDelay
                0x08009828       0x58 ..\obj\usb_bsp.o
                0x08009828                USB_OTG_BSP_uDelay
 .text.USB_OTG_BSP_mDelay
                0x08009880       0x20 ..\obj\usb_bsp.o
                0x08009880                USB_OTG_BSP_mDelay
 .text.OTG_FS_WKUP_IRQHandler
                0x080098a0       0x44 ..\obj\usb_bsp.o
                0x080098a0                OTG_FS_WKUP_IRQHandler
 .text.OTG_FS_IRQHandler
                0x080098e4       0x14 ..\obj\usb_bsp.o
                0x080098e4                OTG_FS_IRQHandler
 .text.USBD_StdDevReq
                0x080098f8       0xa4 ..\obj\usbd_req.o
                0x080098f8                USBD_StdDevReq
 .text.USBD_StdItfReq
                0x0800999c       0x70 ..\obj\usbd_req.o
                0x0800999c                USBD_StdItfReq
 .text.USBD_StdEPReq
                0x08009a0c      0x1d8 ..\obj\usbd_req.o
                0x08009a0c                USBD_StdEPReq
 .text.USBD_GetDescriptor
                0x08009be4      0x1c8 ..\obj\usbd_req.o
 .text.USBD_SetAddress
                0x08009dac       0x80 ..\obj\usbd_req.o
 .text.USBD_SetConfig
                0x08009e2c      0x134 ..\obj\usbd_req.o
 .text.USBD_GetConfig
                0x08009f60       0x68 ..\obj\usbd_req.o
 .text.USBD_GetStatus
                0x08009fc8       0x68 ..\obj\usbd_req.o
 .text.USBD_SetFeature
                0x0800a030       0xe0 ..\obj\usbd_req.o
 .text.USBD_ClrFeature
                0x0800a110       0x58 ..\obj\usbd_req.o
 .text.USBD_ParseSetupRequest
                0x0800a168       0xbc ..\obj\usbd_req.o
                0x0800a168                USBD_ParseSetupRequest
 .text.USBD_CtlError
                0x0800a224       0x50 ..\obj\usbd_req.o
                0x0800a224                USBD_CtlError
 .text.USBD_GetString
                0x0800a274       0x9c ..\obj\usbd_req.o
                0x0800a274                USBD_GetString
 .text.USBD_GetLen
                0x0800a310       0x38 ..\obj\usbd_req.o
 .text.xQueueGenericReset
                0x0800a348       0xc0 ..\obj\queue.o
                0x0800a348                xQueueGenericReset
 .text.xQueueGenericCreate
                0x0800a408       0x90 ..\obj\queue.o
                0x0800a408                xQueueGenericCreate
 .text.xQueueGenericSend
                0x0800a498      0x158 ..\obj\queue.o
                0x0800a498                xQueueGenericSend
 .text.xQueueGenericSendFromISR
                0x0800a5f0       0xcc ..\obj\queue.o
                0x0800a5f0                xQueueGenericSendFromISR
 .text.xQueueGenericReceive
                0x0800a6bc      0x1bc ..\obj\queue.o
                0x0800a6bc                xQueueGenericReceive
 .text.prvCopyDataToQueue
                0x0800a878       0xc4 ..\obj\queue.o
 .text.prvCopyDataFromQueue
                0x0800a93c       0x50 ..\obj\queue.o
 .text.prvUnlockQueue
                0x0800a98c       0xa0 ..\obj\queue.o
 .text.prvIsQueueEmpty
                0x0800aa2c       0x2c ..\obj\queue.o
 .text.prvIsQueueFull
                0x0800aa58       0x30 ..\obj\queue.o
 .text.pxPortInitialiseStack
                0x0800aa88       0x60 ..\obj\port.o
                0x0800aa88                pxPortInitialiseStack
 .text.SVC_Handler
                0x0800aae8       0x20 ..\obj\port.o
                0x0800aae8                SVC_Handler
 .text.vPortStartFirstTask
                0x0800ab08       0x14 ..\obj\port.o
                0x0800ab08                vPortStartFirstTask
 .text.xPortStartScheduler
                0x0800ab1c       0x54 ..\obj\port.o
                0x0800ab1c                xPortStartScheduler
 .text.vPortYieldFromISR
                0x0800ab70       0x18 ..\obj\port.o
                0x0800ab70                vPortYieldFromISR
 .text.vPortEnterCritical
                0x0800ab88       0x2c ..\obj\port.o
                0x0800ab88                vPortEnterCritical
 .text.vPortExitCritical
                0x0800abb4       0x38 ..\obj\port.o
                0x0800abb4                vPortExitCritical
 .text.PendSV_Handler
                0x0800abec       0x3c ..\obj\port.o
                0x0800abec                PendSV_Handler
 .text.SysTick_Handler
                0x0800ac28       0x38 ..\obj\port.o
                0x0800ac28                SysTick_Handler
 .text.prvSetupTimerInterrupt
                0x0800ac60       0x28 ..\obj\port.o
 .text.USBD_OTG_ISR_Handler
                0x0800ac88      0x178 ..\obj\usb_dcd_int.o
                0x0800ac88                USBD_OTG_ISR_Handler
 .text.DCD_HandleResume_ISR
                0x0800ae00       0x90 ..\obj\usb_dcd_int.o
 .text.DCD_HandleUSBSuspend_ISR
                0x0800ae90       0xb4 ..\obj\usb_dcd_int.o
 .text.DCD_HandleInEP_ISR
                0x0800af44      0x234 ..\obj\usb_dcd_int.o
 .text.DCD_HandleOutEP_ISR
                0x0800b178      0x1b4 ..\obj\usb_dcd_int.o
 .text.DCD_HandleSof_ISR
                0x0800b32c       0x3c ..\obj\usb_dcd_int.o
 .text.DCD_HandleRxStatusQueueLevel_ISR
                0x0800b368      0x120 ..\obj\usb_dcd_int.o
 .text.DCD_WriteEmptyTxFifo
                0x0800b488      0x134 ..\obj\usb_dcd_int.o
 .text.DCD_HandleUsbReset_ISR
                0x0800b5bc      0x168 ..\obj\usb_dcd_int.o
 .text.DCD_HandleEnumDone_ISR
                0x0800b724       0x88 ..\obj\usb_dcd_int.o
 .text.DCD_IsoINIncomplete_ISR
                0x0800b7ac       0x3c ..\obj\usb_dcd_int.o
 .text.DCD_IsoOUTIncomplete_ISR
                0x0800b7e8       0x3c ..\obj\usb_dcd_int.o
 .text.DCD_ReadDevInEP
                0x0800b824       0x60 ..\obj\usb_dcd_int.o
 .text.vMBPortSerialEnable
                0x0800b884       0x28 ..\obj\portserial.o
                0x0800b884                vMBPortSerialEnable
 .text.xMBPortSerialInit
                0x0800b8ac       0x54 ..\obj\portserial.o
                0x0800b8ac                xMBPortSerialInit
 .text.xMBPortSerialGetByte
                0x0800b900       0x28 ..\obj\portserial.o
                0x0800b900                xMBPortSerialGetByte
 .text.Serial_Task
                0x0800b928       0x2c ..\obj\portserial.o
 .text.usbd_cdc_Init
                0x0800b954       0xd0 ..\obj\usbd_cdc_core.o
 .text.usbd_cdc_DeInit
                0x0800ba24       0x4c ..\obj\usbd_cdc_core.o
 .text.usbd_cdc_Setup
                0x0800ba70      0x168 ..\obj\usbd_cdc_core.o
 .text.usbd_cdc_EP0_RxReady
                0x0800bbd8       0x60 ..\obj\usbd_cdc_core.o
 .text.usbd_cdc_DataIn
                0x0800bc38      0x128 ..\obj\usbd_cdc_core.o
 .text.usbd_cdc_DataOut
                0x0800bd60       0x6c ..\obj\usbd_cdc_core.o
 .text.usbd_cdc_SOF
                0x0800bdcc       0x50 ..\obj\usbd_cdc_core.o
 .text.Handle_USBAsynchXfer
                0x0800be1c      0x1a8 ..\obj\usbd_cdc_core.o
 .text.USBD_cdc_GetCfgDesc
                0x0800bfc4       0x28 ..\obj\usbd_cdc_core.o
 .text.TIMER_PROPERTIES_GetTimerProperties
                0x0800bfec      0x124 ..\obj\timer_properties.o
                0x0800bfec                TIMER_PROPERTIES_GetTimerProperties
 .text.TIMER_PROPERTIES_GenerateDataForWorkingFrequency
                0x0800c110      0x164 ..\obj\timer_properties.o
                0x0800c110                TIMER_PROPERTIES_GenerateDataForWorkingFrequency
 .text.TIMER_PROPERTIES_EnableClock
                0x0800c274      0x198 ..\obj\timer_properties.o
                0x0800c274                TIMER_PROPERTIES_EnableClock
 .text.SPI_Init
                0x0800c40c       0x98 ..\obj\stm32f4xx_spi.o
                0x0800c40c                SPI_Init
 .text.SPI_Cmd  0x0800c4a4       0x40 ..\obj\stm32f4xx_spi.o
                0x0800c4a4                SPI_Cmd
 .text.SPI_CalculateCRC
                0x0800c4e4       0x40 ..\obj\stm32f4xx_spi.o
                0x0800c4e4                SPI_CalculateCRC
 .text.eMBFuncReadCoils
                0x0800c524      0x134 ..\obj\mbfunccoils.o
                0x0800c524                eMBFuncReadCoils
 .text.eMBFuncWriteCoil
                0x0800c658       0xcc ..\obj\mbfunccoils.o
                0x0800c658                eMBFuncWriteCoil
 .text.eMBFuncWriteMultipleCoils
                0x0800c724       0xfc ..\obj\mbfunccoils.o
                0x0800c724                eMBFuncWriteMultipleCoils
 .text.EXTI_Init
                0x0800c820      0x158 ..\obj\stm32f4xx_exti.o
                0x0800c820                EXTI_Init
 .text.EXTI_GetITStatus
                0x0800c978       0x60 ..\obj\stm32f4xx_exti.o
                0x0800c978                EXTI_GetITStatus
 .text.EXTI_ClearITPendingBit
                0x0800c9d8       0x20 ..\obj\stm32f4xx_exti.o
                0x0800c9d8                EXTI_ClearITPendingBit
 .text.NVIC_PriorityGroupConfig
                0x0800c9f8       0x28 ..\obj\misc.o
                0x0800c9f8                NVIC_PriorityGroupConfig
 .text.NVIC_Init
                0x0800ca20       0xe8 ..\obj\misc.o
                0x0800ca20                NVIC_Init
 .text.DCD_Init
                0x0800cb08      0x12c ..\obj\usb_dcd.o
                0x0800cb08                DCD_Init
 .text.DCD_EP_Open
                0x0800cc34       0xac ..\obj\usb_dcd.o
                0x0800cc34                DCD_EP_Open
 .text.DCD_EP_Close
                0x0800cce0       0x7c ..\obj\usb_dcd.o
                0x0800cce0                DCD_EP_Close
 .text.DCD_EP_PrepareRx
                0x0800cd5c       0x8c ..\obj\usb_dcd.o
                0x0800cd5c                DCD_EP_PrepareRx
 .text.DCD_EP_Tx
                0x0800cde8       0x84 ..\obj\usb_dcd.o
                0x0800cde8                DCD_EP_Tx
 .text.DCD_EP_Stall
                0x0800ce6c       0x80 ..\obj\usb_dcd.o
                0x0800ce6c                DCD_EP_Stall
 .text.DCD_EP_ClrStall
                0x0800ceec       0x80 ..\obj\usb_dcd.o
                0x0800ceec                DCD_EP_ClrStall
 .text.DCD_EP_SetAddress
                0x0800cf6c       0x40 ..\obj\usb_dcd.o
                0x0800cf6c                DCD_EP_SetAddress
 .text.pvPortMalloc
                0x0800cfac       0xa4 ..\obj\heap_1.o
                0x0800cfac                pvPortMalloc
 .text.vPortFree
                0x0800d050       0x14 ..\obj\heap_1.o
                0x0800d050                vPortFree
 .text.xPortGetFreeHeapSize
                0x0800d064       0x1c ..\obj\heap_1.o
                0x0800d064                xPortGetFreeHeapSize
 .text.USBD_CtlSendData
                0x0800d080       0x48 ..\obj\usbd_ioreq.o
                0x0800d080                USBD_CtlSendData
 .text.USBD_CtlContinueSendData
                0x0800d0c8       0x30 ..\obj\usbd_ioreq.o
                0x0800d0c8                USBD_CtlContinueSendData
 .text.USBD_CtlPrepareRx
                0x0800d0f8       0x48 ..\obj\usbd_ioreq.o
                0x0800d0f8                USBD_CtlPrepareRx
 .text.USBD_CtlContinueRx
                0x0800d140       0x30 ..\obj\usbd_ioreq.o
                0x0800d140                USBD_CtlContinueRx
 .text.USBD_CtlSendStatus
                0x0800d170       0x3c ..\obj\usbd_ioreq.o
                0x0800d170                USBD_CtlSendStatus
 .text.USBD_CtlReceiveStatus
                0x0800d1ac       0x3c ..\obj\usbd_ioreq.o
                0x0800d1ac                USBD_CtlReceiveStatus
 .text.TIM_TimeBaseInit
                0x0800d1e8       0xf8 ..\obj\stm32f4xx_tim.o
                0x0800d1e8                TIM_TimeBaseInit
 .text.TIM_SetCounter
                0x0800d2e0       0x1c ..\obj\stm32f4xx_tim.o
                0x0800d2e0                TIM_SetCounter
 .text.TIM_ARRPreloadConfig
                0x0800d2fc       0x40 ..\obj\stm32f4xx_tim.o
                0x0800d2fc                TIM_ARRPreloadConfig
 .text.TIM_Cmd  0x0800d33c       0x40 ..\obj\stm32f4xx_tim.o
                0x0800d33c                TIM_Cmd
 .text.TIM_ITConfig
                0x0800d37c       0x4c ..\obj\stm32f4xx_tim.o
                0x0800d37c                TIM_ITConfig
 .text.TIM_ClearITPendingBit
                0x0800d3c8       0x24 ..\obj\stm32f4xx_tim.o
                0x0800d3c8                TIM_ClearITPendingBit
 .text.NVIC_SystemReset
                0x0800d3ec       0x34 ..\obj\power_detector.o
 .text.Power_Detector_Init
                0x0800d420       0x80 ..\obj\power_detector.o
                0x0800d420                Power_Detector_Init
 .text.PVD_IRQHandler
                0x0800d4a0       0x20 ..\obj\power_detector.o
                0x0800d4a0                PVD_IRQHandler
 .text          0x0800d4c0      0x370 c:/coocox/coide/gcc/sourcery g++ lite/bin/../lib/gcc/arm-none-eabi/4.5.1/thumb2\libgcc.a(_arm_addsubdf3.o)
                0x0800d4c0                __aeabi_drsub
                0x0800d4c8                __aeabi_dsub
                0x0800d4c8                __subdf3
                0x0800d4cc                __aeabi_dadd
                0x0800d4cc                __adddf3
                0x0800d744                __floatunsidf
                0x0800d744                __aeabi_ui2d
                0x0800d764                __floatsidf
                0x0800d764                __aeabi_i2d
                0x0800d788                __aeabi_f2d
                0x0800d788                __extendsfdf2
                0x0800d7c4                __floatundidf
                0x0800d7c4                __aeabi_ul2d
                0x0800d7d4                __floatdidf
                0x0800d7d4                __aeabi_l2d
 .text          0x0800d830      0x424 c:/coocox/coide/gcc/sourcery g++ lite/bin/../lib/gcc/arm-none-eabi/4.5.1/thumb2\libgcc.a(_arm_muldivdf3.o)
                0x0800d830                __aeabi_dmul
                0x0800d830                __muldf3
                0x0800da84                __divdf3
                0x0800da84                __aeabi_ddiv
 .text          0x0800dc54      0x110 c:/coocox/coide/gcc/sourcery g++ lite/bin/../lib/gcc/arm-none-eabi/4.5.1/thumb2\libgcc.a(_arm_cmpdf2.o)
                0x0800dc54                __gtdf2
                0x0800dc54                __gedf2
                0x0800dc5c                __ltdf2
                0x0800dc5c                __ledf2
                0x0800dc64                __nedf2
                0x0800dc64                __eqdf2
                0x0800dc64                __cmpdf2
                0x0800dce0                __aeabi_cdrcmple
                0x0800dcf0                __aeabi_cdcmpeq
                0x0800dcf0                __aeabi_cdcmple
                0x0800dd00                __aeabi_dcmpeq
                0x0800dd14                __aeabi_dcmplt
                0x0800dd28                __aeabi_dcmple
                0x0800dd3c                __aeabi_dcmpge
                0x0800dd50                __aeabi_dcmpgt
 .text          0x0800dd64       0x40 c:/coocox/coide/gcc/sourcery g++ lite/bin/../lib/gcc/arm-none-eabi/4.5.1/thumb2\libgcc.a(_arm_fixunsdfsi.o)
                0x0800dd64                __aeabi_d2uiz
                0x0800dd64                __fixunsdfsi
 .text          0x0800dda4       0xa0 c:/coocox/coide/gcc/sourcery g++ lite/bin/../lib/gcc/arm-none-eabi/4.5.1/thumb2\libgcc.a(_arm_truncdfsf2.o)
                0x0800dda4                __truncdfsf2
                0x0800dda4                __aeabi_d2f
 .text          0x0800de44      0x21c c:/coocox/coide/gcc/sourcery g++ lite/bin/../lib/gcc/arm-none-eabi/4.5.1/thumb2\libgcc.a(_arm_addsubsf3.o)
                0x0800de44                __aeabi_frsub
                0x0800de4c                __subsf3
                0x0800de4c                __aeabi_fsub
                0x0800de50                __aeabi_fadd
                0x0800de50                __addsf3
                0x0800dfb0                __aeabi_ui2f
                0x0800dfb0                __floatunsisf
                0x0800dfb8                __aeabi_i2f
                0x0800dfb8                __floatsisf
                0x0800dfd4                __aeabi_ul2f
                0x0800dfd4                __floatundisf
                0x0800dfe4                __aeabi_l2f
                0x0800dfe4                __floatdisf
 .text          0x0800e060      0x2a0 c:/coocox/coide/gcc/sourcery g++ lite/bin/../lib/gcc/arm-none-eabi/4.5.1/thumb2\libgcc.a(_arm_muldivsf3.o)
                0x0800e060                __mulsf3
                0x0800e060                __aeabi_fmul
                0x0800e1c8                __aeabi_fdiv
                0x0800e1c8                __divsf3
 .text          0x0800e300       0xec c:/coocox/coide/gcc/sourcery g++ lite/bin/../lib/gcc/arm-none-eabi/4.5.1/thumb2\libgcc.a(_arm_cmpsf2.o)
                0x0800e300                __gesf2
                0x0800e300                __gtsf2
                0x0800e308                __lesf2
                0x0800e308                __ltsf2
                0x0800e310                __nesf2
                0x0800e310                __eqsf2
                0x0800e310                __cmpsf2
                0x0800e370                __aeabi_cfrcmple
                0x0800e378                __aeabi_cfcmpeq
                0x0800e378                __aeabi_cfcmple
                0x0800e388                __aeabi_fcmpeq
                0x0800e39c                __aeabi_fcmplt
                0x0800e3b0                __aeabi_fcmple
                0x0800e3c4                __aeabi_fcmpge
                0x0800e3d8                __aeabi_fcmpgt
 .text          0x0800e3ec       0x4c c:/coocox/coide/gcc/sourcery g++ lite/bin/../lib/gcc/arm-none-eabi/4.5.1/thumb2\libgcc.a(_arm_fixsfsi.o)
                0x0800e3ec                __aeabi_f2iz
                0x0800e3ec                __fixsfsi
 .text          0x0800e438       0x40 c:/coocox/coide/gcc/sourcery g++ lite/bin/../lib/gcc/arm-none-eabi/4.5.1/thumb2\libgcc.a(_arm_fixunssfsi.o)
                0x0800e438                __fixunssfsi
                0x0800e438                __aeabi_f2uiz
 .text          0x0800e478       0x58 c:/coocox/coide/gcc/sourcery g++ lite/bin/../lib/gcc/arm-none-eabi/4.5.1/../../../../arm-none-eabi/lib/thumb2\libc.a(lib_a-memcmp.o)
                0x0800e478                memcmp
 .text          0x0800e4d0      0x150 c:/coocox/coide/gcc/sourcery g++ lite/bin/../lib/gcc/arm-none-eabi/4.5.1/../../../../arm-none-eabi/lib/thumb2\libc.a(lib_a-memcpy.o)
                0x0800e4d0                memcpy
 .text          0x0800e620       0xb4 c:/coocox/coide/gcc/sourcery g++ lite/bin/../lib/gcc/arm-none-eabi/4.5.1/../../../../arm-none-eabi/lib/thumb2\libc.a(lib_a-memset.o)
                0x0800e620                memset
 .text          0x0800e6d4       0x7c c:/coocox/coide/gcc/sourcery g++ lite/bin/../lib/gcc/arm-none-eabi/4.5.1/../../../../arm-none-eabi/lib/thumb2\libc.a(lib_a-strncpy.o)
                0x0800e6d4                strncpy
 *(.glue_7t)
 .glue_7t       0x00000000        0x0 linker stubs
 *(.glue_7)
 .glue_7        0x00000000        0x0 linker stubs
 *(.rodata .rodata* .gnu.linkonce.r.*)
 .rodata        0x0800e750        0x4 ..\obj\pid_regulator.o
 .rodata        0x0800e754        0x8 ..\obj\protocol.o
 .rodata        0x0800e75c        0x8 ..\obj\buzzer.o
 .rodata        0x0800e764       0x10 ..\obj\ADS1120.o
 .rodata        0x0800e774      0x200 ..\obj\mbcrc.o
 .rodata        0x0800e974       0x28 ..\obj\uks.o
 .rodata        0x0800e99c       0x10 ..\obj\phaze_detector.o
 .rodata        0x0800e9ac      0x11c ..\obj\display.o
 .rodata        0x0800eac8        0x4 ..\obj\hd44780.o
 .rodata        0x0800eacc       0x1c ..\obj\tasks.o
 .rodata        0x0800eae8       0x98 ..\obj\usbd_desc.o
 .rodata        0x0800eb80        0xc ..\obj\keyboard.o
 .rodata        0x0800eb8c        0x4 ..\obj\adc.o
 .rodata        0x0800eb90        0x8 ..\obj\portserial.o

.vfp11_veneer   0x0800eb98        0x0
 .vfp11_veneer  0x00000000        0x0 linker stubs

.v4_bx          0x0800eb98        0x0
 .v4_bx         0x00000000        0x0 linker stubs

.ARM.extab
 *(.ARM.extab* .gnu.linkonce.armextab.*)

.ARM.exidx
 *(.ARM.exidx* .gnu.linkonce.armexidx.*)
                0x0800eb98                . = ALIGN (0x4)
                0x0800eb98                _etext = .
                0x0800eb98                _sidata = .

.data           0x20000000      0x200 load address 0x0800eb98
                0x20000000                _sdata = .
 *(.data .data.*)
 .data          0x20000000        0xc ..\obj\mbport.o
                0x20000000                usRegHoldingBuf
                0x20000004                REG_INPUT_START
                0x20000005                REG_HOLDING_START
                0x20000006                REG_INPUT_NREGS
                0x20000007                REG_HOLDING_NREGS
                0x20000008                usRegInputStart
                0x20000009                usRegHoldingStart
 .data          0x2000000c       0x84 ..\obj\mb.o
 .data          0x20000090       0x1c ..\obj\usbd_usr.o
                0x20000090                USR_cb
 .data          0x200000ac       0x30 ..\obj\usbd_core.o
                0x200000ac                USBD_DCD_INT_cb
                0x200000d8                USBD_DCD_INT_fops
 .data          0x200000dc       0x10 ..\obj\stm32f4xx_rcc.o
 .data          0x200000ec       0x30 ..\obj\display.o
                0x200000ec                drying_states
 .data          0x2000011c        0x4 ..\obj\tasks.o
 .data          0x20000120       0x40 ..\obj\usbd_desc.o
                0x20000120                USR_desc
                0x2000013c                USBD_DeviceDesc
                0x20000150                USBD_DeviceQualifierDesc
                0x2000015c                USBD_LangIDDesc
 .data          0x20000160       0x14 ..\obj\usbd_cdc_vcp.o
                0x20000160                VCP_fops
 .data          0x20000174       0x14 ..\obj\system_stm32f4xx.o
                0x20000174                SystemCoreClock
                0x20000178                AHBPrescTable
 .data          0x20000188        0x4 ..\obj\port.o
 .data          0x2000018c       0x74 ..\obj\usbd_cdc_core.o
                0x2000018c                usbd_cdc_CfgDesc
                0x200001d4                USBD_CDC_cb
                0x20000200                . = ALIGN (0x4)
                0x20000200                _edata = .

.bss            0x20000200     0x347c load address 0x0800ed98
                0x20000200                _sbss = .
 *(.bss .bss.*)
 .bss           0x20000200       0x10 ..\obj\delay.o
                0x20000200                TimingDelay
                0x20000204                Time
                0x20000208                Time2
                0x2000020c                DELAY_Initialized
 .bss           0x20000210       0x80 ..\obj\mbport.o
 .bss           0x20000290       0x24 ..\obj\mb.o
 .bss           0x200002b4        0x2 ..\obj\portevent.o
 *fill*         0x200002b6        0x2 00
 .bss           0x200002b8       0x24 ..\obj\mbfuncother.o
 .bss           0x200002dc        0x8 ..\obj\phaze_detector.o
 .bss           0x200002e4       0x24 ..\obj\display.o
 .bss           0x20000308      0x100 ..\obj\tasks.o
                0x20000308                pxCurrentTCB
 .bss           0x20000408        0x2 ..\obj\keyboard.o
 *fill*         0x2000040a        0x2 00
 .bss           0x2000040c        0xc ..\obj\mbrtu.o
 .bss           0x20000418       0x10 ..\obj\usbd_req.o
                0x20000418                USBD_ep_status
                0x2000041c                USBD_default_cfg
                0x20000420                USBD_cfg_status
 .bss           0x20000428        0x1 ..\obj\portserial.o
 *fill*         0x20000429        0x3 00
 .bss           0x2000042c       0x20 ..\obj\usbd_cdc_core.o
                0x20000430                APP_Rx_ptr_in
                0x20000434                APP_Rx_ptr_out
                0x20000438                APP_Rx_length
                0x2000043c                USB_Tx_State
 *fill*         0x2000044c        0x4 00
 .bss           0x20000450     0x1c08 ..\obj\heap_1.o
 *(COMMON)
 COMMON         0x20002058       0x14 ..\obj\mb.o
                0x20002058                pxMBFrameCBTransmitterEmpty
                0x2000205c                pxMBPortCBTimerExpired
                0x20002060                pxMBFrameCBByteReceived
                0x20002064                pxMBFrameCBTransmitFSMCur
                0x20002068                pxMBFrameCBReceiveFSMCur
 COMMON         0x2000206c       0x20 ..\obj\pid_regulator.o
                0x2000206c                pid_heater
                0x20002088                PID_Regulator_Task_Handle
 COMMON         0x2000208c        0x6 ..\obj\buzzer.o
                0x2000208c                xBuzzer_Handle
                0x20002090                buzz
 *fill*         0x20002092        0x2 00
 COMMON         0x20002094       0x10 ..\obj\ADS1120.o
                0x20002094                ADC_result
                0x20002098                adc_reg
                0x2000209c                xSPI_Buf_Mutex
                0x200020a0                ADC_result_temp
 COMMON         0x200020a4      0x5f0 ..\obj\main.o
                0x200020a4                USB_OTG_dev
 COMMON         0x20002694      0x484 ..\obj\uks.o
                0x20002694                uks_channels
 COMMON         0x20002b18       0x10 ..\obj\phaze_detector.o
                0x20002b18                Heater_Control_Task_Handle
                0x20002b1c                xPhazeSemaphore
                0x20002b20                phaze_detect
 COMMON         0x20002b28       0x10 ..\obj\watchdog.o
                0x20002b28                task_watches
 COMMON         0x20002b38        0x7 ..\obj\hd44780.o
                0x20002b38                HD44780_Opts
 *fill*         0x20002b3f        0x1 00
 COMMON         0x20002b40       0x88 ..\obj\usbd_cdc_vcp.o
                0x20002b40                APP_Tx_Buffer
                0x20002bc0                APP_tx_ptr_tail
                0x20002bc4                APP_tx_ptr_head
 COMMON         0x20002bc8      0x100 ..\obj\mbrtu.o
                0x20002bc8                ucRTUBuf
 COMMON         0x20002cc8       0xf2 ..\obj\adc.o
                0x20002cc8                xMeasure_LM35_Semaphore
                0x20002ccc                adc_lm35_chnl
 *fill*         0x20002dba        0x2 00
 COMMON         0x20002dbc       0x32 ..\obj\usbd_req.o
                0x20002dbc                USBD_StrDesc
 *fill*         0x20002dee        0x2 00
 COMMON         0x20002df0      0x88c ..\obj\usbd_cdc_core.o
                0x20002df0                usbd_cdc_OtherCfgDesc
                0x20002e34                USB_Rx_Buffer
                0x20002e74                CmdBuff
                0x20002e7c                APP_Rx_Buffer
                0x2000367c                . = ALIGN (0x4)
                0x2000367c                _ebss = .

.co_stack       0x2000367c      0x804 load address 0x08012214
                0x20003680                . = ALIGN (0x8)
 *fill*         0x2000367c        0x4 00
 *(.co_stack .co_stack.*)
 .co_stack      0x20003680      0x800 ..\obj\startup_stm32f4xx.o
                0x20003680                pulStack
                0x20003e80                . = ALIGN (0x4)
                0x20003e80                _end = .
LOAD ..\obj\stm32f4xx_syscfg.o
LOAD ..\obj\usb_core.o
LOAD ..\obj\delay.o
LOAD ..\obj\mbport.o
LOAD ..\obj\mb.o
LOAD ..\obj\pid_regulator.o
LOAD ..\obj\protocol.o
LOAD ..\obj\mbfuncdisc.o
LOAD ..\obj\usbd_usr.o
LOAD ..\obj\portevent.o
LOAD ..\obj\buzzer.o
LOAD ..\obj\mbfuncother.o
LOAD ..\obj\stm32f4xx_usart.o
LOAD ..\obj\stm32f4xx_pwr.o
LOAD ..\obj\rtc.o
LOAD ..\obj\mbutils.o
LOAD ..\obj\startup_stm32f4xx.o
LOAD ..\obj\backup_sram.o
LOAD ..\obj\stm32f4xx_iwdg.o
LOAD ..\obj\ADS1120.o
LOAD ..\obj\mbfuncholding.o
LOAD ..\obj\usbd_core.o
LOAD ..\obj\main.o
LOAD ..\obj\mbcrc.o
LOAD ..\obj\uks.o
LOAD ..\obj\stm32f4xx_rcc.o
LOAD ..\obj\timers.o
LOAD ..\obj\stm32f4xx_adc.o
LOAD ..\obj\mbfuncinput.o
LOAD ..\obj\printf.o
LOAD ..\obj\phaze_detector.o
LOAD ..\obj\watchdog.o
LOAD ..\obj\mbfuncdiag.o
LOAD ..\obj\display.o
LOAD ..\obj\hd44780.o
LOAD ..\obj\tasks.o
LOAD ..\obj\usbd_desc.o
LOAD ..\obj\keyboard.o
LOAD ..\obj\stm32f4xx_gpio.o
LOAD ..\obj\porttimer.o
LOAD ..\obj\usbd_cdc_vcp.o
LOAD ..\obj\list.o
LOAD ..\obj\mbrtu.o
LOAD ..\obj\system_stm32f4xx.o
LOAD ..\obj\syscalls.o
LOAD ..\obj\adc.o
LOAD ..\obj\usb_bsp.o
LOAD ..\obj\usbd_req.o
LOAD ..\obj\queue.o
LOAD ..\obj\port.o
LOAD ..\obj\usb_dcd_int.o
LOAD ..\obj\portserial.o
LOAD ..\obj\usbd_cdc_core.o
LOAD ..\obj\croutine.o
LOAD ..\obj\timer_properties.o
LOAD ..\obj\stm32f4xx_spi.o
LOAD ..\obj\mbfunccoils.o
LOAD ..\obj\stm32f4xx_exti.o
LOAD ..\obj\misc.o
LOAD ..\obj\usb_dcd.o
LOAD ..\obj\heap_1.o
LOAD ..\obj\stm32f4xx_rtc.o
LOAD ..\obj\usbd_ioreq.o
LOAD ..\obj\mbascii.o
LOAD ..\obj\stm32f4xx_tim.o
LOAD ..\obj\power_detector.o
LOAD c:/coocox/coide/gcc/sourcery g++ lite/bin/../lib/gcc/arm-none-eabi/4.5.1/../../../../arm-none-eabi/lib/thumb2\libm.a
LOAD c:/coocox/coide/gcc/sourcery g++ lite/bin/../lib/gcc/arm-none-eabi/4.5.1/thumb2\libgcc.a
LOAD c:/coocox/coide/gcc/sourcery g++ lite/bin/../lib/gcc/arm-none-eabi/4.5.1/../../../../arm-none-eabi/lib/thumb2\libc.a
START GROUP
LOAD c:/coocox/coide/gcc/sourcery g++ lite/bin/../lib/gcc/arm-none-eabi/4.5.1/thumb2\libgcc.a
LOAD c:/coocox/coide/gcc/sourcery g++ lite/bin/../lib/gcc/arm-none-eabi/4.5.1/../../../../arm-none-eabi/lib/thumb2\libc.a
END GROUP
OUTPUT(stm32f2_uks.elf elf32-littlearm)

.debug_abbrev   0x00000000     0x5524
 .debug_abbrev  0x00000000      0x12a ..\obj\stm32f4xx_syscfg.o
 .debug_abbrev  0x0000012a      0x277 ..\obj\usb_core.o
 .debug_abbrev  0x000003a1      0x125 ..\obj\delay.o
 .debug_abbrev  0x000004c6      0x137 ..\obj\mbport.o
 .debug_abbrev  0x000005fd      0x164 ..\obj\mb.o
 .debug_abbrev  0x00000761      0x1be ..\obj\pid_regulator.o
 .debug_abbrev  0x0000091f       0xc3 ..\obj\protocol.o
 .debug_abbrev  0x000009e2       0xa5 ..\obj\mbfuncdisc.o
 .debug_abbrev  0x00000a87       0xd9 ..\obj\usbd_usr.o
 .debug_abbrev  0x00000b60       0xbc ..\obj\portevent.o
 .debug_abbrev  0x00000c1c      0x14a ..\obj\buzzer.o
 .debug_abbrev  0x00000d66       0xbe ..\obj\mbfuncother.o
 .debug_abbrev  0x00000e24      0x14e ..\obj\stm32f4xx_usart.o
 .debug_abbrev  0x00000f72      0x175 ..\obj\stm32f4xx_pwr.o
 .debug_abbrev  0x000010e7      0x125 ..\obj\rtc.o
 .debug_abbrev  0x0000120c       0xd2 ..\obj\mbutils.o
 .debug_abbrev  0x000012de       0xac ..\obj\startup_stm32f4xx.o
 .debug_abbrev  0x0000138a      0x134 ..\obj\backup_sram.o
 .debug_abbrev  0x000014be       0xfa ..\obj\stm32f4xx_iwdg.o
 .debug_abbrev  0x000015b8      0x18d ..\obj\ADS1120.o
 .debug_abbrev  0x00001745       0xa5 ..\obj\mbfuncholding.o
 .debug_abbrev  0x000017ea      0x1f4 ..\obj\usbd_core.o
 .debug_abbrev  0x000019de      0x1c9 ..\obj\main.o
 .debug_abbrev  0x00001ba7       0xa8 ..\obj\mbcrc.o
 .debug_abbrev  0x00001c4f      0x1cb ..\obj\uks.o
 .debug_abbrev  0x00001e1a      0x1b7 ..\obj\stm32f4xx_rcc.o
 .debug_abbrev  0x00001fd1       0x28 ..\obj\timers.o
 .debug_abbrev  0x00001ff9      0x189 ..\obj\stm32f4xx_adc.o
 .debug_abbrev  0x00002182       0xa5 ..\obj\mbfuncinput.o
 .debug_abbrev  0x00002227      0x238 ..\obj\printf.o
 .debug_abbrev  0x0000245f      0x1d0 ..\obj\phaze_detector.o
 .debug_abbrev  0x0000262f      0x108 ..\obj\watchdog.o
 .debug_abbrev  0x00002737        0x1 ..\obj\mbfuncdiag.o
 .debug_abbrev  0x00002738      0x15d ..\obj\display.o
 .debug_abbrev  0x00002895      0x1d9 ..\obj\hd44780.o
 .debug_abbrev  0x00002a6e      0x193 ..\obj\tasks.o
 .debug_abbrev  0x00002c01      0x10c ..\obj\usbd_desc.o
 .debug_abbrev  0x00002d0d      0x179 ..\obj\keyboard.o
 .debug_abbrev  0x00002e86      0x182 ..\obj\stm32f4xx_gpio.o
 .debug_abbrev  0x00003008      0x137 ..\obj\porttimer.o
 .debug_abbrev  0x0000313f      0x143 ..\obj\usbd_cdc_vcp.o
 .debug_abbrev  0x00003282       0xb6 ..\obj\list.o
 .debug_abbrev  0x00003338      0x1bc ..\obj\mbrtu.o
 .debug_abbrev  0x000034f4      0x140 ..\obj\system_stm32f4xx.o
 .debug_abbrev  0x00003634       0xde ..\obj\syscalls.o
 .debug_abbrev  0x00003712      0x1a4 ..\obj\adc.o
 .debug_abbrev  0x000038b6      0x1db ..\obj\usb_bsp.o
 .debug_abbrev  0x00003a91      0x253 ..\obj\usbd_req.o
 .debug_abbrev  0x00003ce4      0x109 ..\obj\queue.o
 .debug_abbrev  0x00003ded      0x120 ..\obj\port.o
 .debug_abbrev  0x00003f0d      0x210 ..\obj\usb_dcd_int.o
 .debug_abbrev  0x0000411d      0x1c2 ..\obj\portserial.o
 .debug_abbrev  0x000042df      0x1e1 ..\obj\usbd_cdc_core.o
 .debug_abbrev  0x000044c0      0x186 ..\obj\croutine.o
 .debug_abbrev  0x00004646      0x106 ..\obj\timer_properties.o
 .debug_abbrev  0x0000474c      0x160 ..\obj\stm32f4xx_spi.o
 .debug_abbrev  0x000048ac       0xb7 ..\obj\mbfunccoils.o
 .debug_abbrev  0x00004963      0x198 ..\obj\stm32f4xx_exti.o
 .debug_abbrev  0x00004afb      0x126 ..\obj\misc.o
 .debug_abbrev  0x00004c21      0x208 ..\obj\usb_dcd.o
 .debug_abbrev  0x00004e29      0x116 ..\obj\heap_1.o
 .debug_abbrev  0x00004f3f      0x16b ..\obj\stm32f4xx_rtc.o
 .debug_abbrev  0x000050aa      0x165 ..\obj\usbd_ioreq.o
 .debug_abbrev  0x0000520f       0x4d ..\obj\mbascii.o
 .debug_abbrev  0x0000525c      0x163 ..\obj\stm32f4xx_tim.o
 .debug_abbrev  0x000053bf      0x165 ..\obj\power_detector.o

.debug_info     0x00000000    0x2185e
 .debug_info    0x00000000      0x27a ..\obj\stm32f4xx_syscfg.o
 .debug_info    0x0000027a     0x27fc ..\obj\usb_core.o
 .debug_info    0x00002a76      0x777 ..\obj\delay.o
 .debug_info    0x000031ed      0x614 ..\obj\mbport.o
 .debug_info    0x00003801      0x62f ..\obj\mb.o
 .debug_info    0x00003e30      0x74e ..\obj\pid_regulator.o
 .debug_info    0x0000457e      0x165 ..\obj\protocol.o
 .debug_info    0x000046e3      0x1ee ..\obj\mbfuncdisc.o
 .debug_info    0x000048d1      0x1c5 ..\obj\usbd_usr.o
 .debug_info    0x00004a96      0x188 ..\obj\portevent.o
 .debug_info    0x00004c1e      0x45f ..\obj\buzzer.o
 .debug_info    0x0000507d      0x25c ..\obj\mbfuncother.o
 .debug_info    0x000052d9      0xa4f ..\obj\stm32f4xx_usart.o
 .debug_info    0x00005d28      0x53e ..\obj\stm32f4xx_pwr.o
 .debug_info    0x00006266      0x296 ..\obj\rtc.o
 .debug_info    0x000064fc      0x2c6 ..\obj\mbutils.o
 .debug_info    0x000067c2      0x147 ..\obj\startup_stm32f4xx.o
 .debug_info    0x00006909      0x34d ..\obj\backup_sram.o
 .debug_info    0x00006c56      0x20b ..\obj\stm32f4xx_iwdg.o
 .debug_info    0x00006e61      0x81f ..\obj\ADS1120.o
 .debug_info    0x00007680      0x383 ..\obj\mbfuncholding.o
 .debug_info    0x00007a03      0xff8 ..\obj\usbd_core.o
 .debug_info    0x000089fb      0xf38 ..\obj\main.o
 .debug_info    0x00009933      0x166 ..\obj\mbcrc.o
 .debug_info    0x00009a99      0x6c5 ..\obj\uks.o
 .debug_info    0x0000a15e      0xd24 ..\obj\stm32f4xx_rcc.o
 .debug_info    0x0000ae82       0x4c ..\obj\timers.o
 .debug_info    0x0000aece      0xcf5 ..\obj\stm32f4xx_adc.o
 .debug_info    0x0000bbc3      0x1e0 ..\obj\mbfuncinput.o
 .debug_info    0x0000bda3      0xed2 ..\obj\printf.o
 .debug_info    0x0000cc75      0xc22 ..\obj\phaze_detector.o
 .debug_info    0x0000d897      0x18a ..\obj\watchdog.o
 .debug_info    0x0000da21        0x0 ..\obj\mbfuncdiag.o
 .debug_info    0x0000da21      0x470 ..\obj\display.o
 .debug_info    0x0000de91      0x90c ..\obj\hd44780.o
 .debug_info    0x0000e79d      0xd75 ..\obj\tasks.o
 .debug_info    0x0000f512      0x3a7 ..\obj\usbd_desc.o
 .debug_info    0x0000f8b9      0x5af ..\obj\keyboard.o
 .debug_info    0x0000fe68      0x639 ..\obj\stm32f4xx_gpio.o
 .debug_info    0x000104a1      0x6e8 ..\obj\porttimer.o
 .debug_info    0x00010b89      0x3a6 ..\obj\usbd_cdc_vcp.o
 .debug_info    0x00010f2f      0x2a6 ..\obj\list.o
 .debug_info    0x000111d5      0xf98 ..\obj\mbrtu.o
 .debug_info    0x0001216d      0x5ea ..\obj\system_stm32f4xx.o
 .debug_info    0x00012757      0x440 ..\obj\syscalls.o
 .debug_info    0x00012b97      0x868 ..\obj\adc.o
 .debug_info    0x000133ff     0x113d ..\obj\usb_bsp.o
 .debug_info    0x0001453c     0x111b ..\obj\usbd_req.o
 .debug_info    0x00015657      0x7c1 ..\obj\queue.o
 .debug_info    0x00015e18      0x1d7 ..\obj\port.o
 .debug_info    0x00015fef     0x2027 ..\obj\usb_dcd_int.o
 .debug_info    0x00018016      0xdae ..\obj\portserial.o
 .debug_info    0x00018dc4     0x1109 ..\obj\usbd_cdc_core.o
 .debug_info    0x00019ecd      0x4af ..\obj\croutine.o
 .debug_info    0x0001a37c      0x4d1 ..\obj\timer_properties.o
 .debug_info    0x0001a84d      0xbcc ..\obj\stm32f4xx_spi.o
 .debug_info    0x0001b419      0x313 ..\obj\mbfunccoils.o
 .debug_info    0x0001b72c      0x372 ..\obj\stm32f4xx_exti.o
 .debug_info    0x0001ba9e      0x594 ..\obj\misc.o
 .debug_info    0x0001c032     0x1184 ..\obj\usb_dcd.o
 .debug_info    0x0001d1b6      0x186 ..\obj\heap_1.o
 .debug_info    0x0001d33c     0x1223 ..\obj\stm32f4xx_rtc.o
 .debug_info    0x0001e55f      0xde4 ..\obj\usbd_ioreq.o
 .debug_info    0x0001f343       0x9b ..\obj\mbascii.o
 .debug_info    0x0001f3de     0x1e28 ..\obj\stm32f4xx_tim.o
 .debug_info    0x00021206      0x658 ..\obj\power_detector.o

.debug_line     0x00000000     0xc21d
 .debug_line    0x00000000      0x1e7 ..\obj\stm32f4xx_syscfg.o
 .debug_line    0x000001e7      0x6b4 ..\obj\usb_core.o
 .debug_line    0x0000089b      0x2a5 ..\obj\delay.o
 .debug_line    0x00000b40      0x348 ..\obj\mbport.o
 .debug_line    0x00000e88      0x2df ..\obj\mb.o
 .debug_line    0x00001167      0x3c5 ..\obj\pid_regulator.o
 .debug_line    0x0000152c      0x1f0 ..\obj\protocol.o
 .debug_line    0x0000171c      0x1f0 ..\obj\mbfuncdisc.o
 .debug_line    0x0000190c      0x1b1 ..\obj\usbd_usr.o
 .debug_line    0x00001abd      0x1e5 ..\obj\portevent.o
 .debug_line    0x00001ca2      0x2c9 ..\obj\buzzer.o
 .debug_line    0x00001f6b      0x25c ..\obj\mbfuncother.o
 .debug_line    0x000021c7      0x478 ..\obj\stm32f4xx_usart.o
 .debug_line    0x0000263f      0x284 ..\obj\stm32f4xx_pwr.o
 .debug_line    0x000028c3      0x21a ..\obj\rtc.o
 .debug_line    0x00002add      0x264 ..\obj\mbutils.o
 .debug_line    0x00002d41       0xa6 ..\obj\startup_stm32f4xx.o
 .debug_line    0x00002de7      0x1db ..\obj\backup_sram.o
 .debug_line    0x00002fc2      0x1de ..\obj\stm32f4xx_iwdg.o
 .debug_line    0x000031a0      0x37a ..\obj\ADS1120.o
 .debug_line    0x0000351a      0x27e ..\obj\mbfuncholding.o
 .debug_line    0x00003798      0x305 ..\obj\usbd_core.o
 .debug_line    0x00003a9d      0x301 ..\obj\main.o
 .debug_line    0x00003d9e      0x17a ..\obj\mbcrc.o
 .debug_line    0x00003f18      0x463 ..\obj\uks.o
 .debug_line    0x0000437b      0x574 ..\obj\stm32f4xx_rcc.o
 .debug_line    0x000048ef       0x1d ..\obj\timers.o
 .debug_line    0x0000490c      0x528 ..\obj\stm32f4xx_adc.o
 .debug_line    0x00004e34      0x1e6 ..\obj\mbfuncinput.o
 .debug_line    0x0000501a      0x3c6 ..\obj\printf.o
 .debug_line    0x000053e0      0x3f3 ..\obj\phaze_detector.o
 .debug_line    0x000057d3      0x1b0 ..\obj\watchdog.o
 .debug_line    0x00005983        0x0 ..\obj\mbfuncdiag.o
 .debug_line    0x00005983      0x269 ..\obj\display.o
 .debug_line    0x00005bec      0x43f ..\obj\hd44780.o
 .debug_line    0x0000602b      0x792 ..\obj\tasks.o
 .debug_line    0x000067bd      0x1f7 ..\obj\usbd_desc.o
 .debug_line    0x000069b4      0x276 ..\obj\keyboard.o
 .debug_line    0x00006c2a      0x313 ..\obj\stm32f4xx_gpio.o
 .debug_line    0x00006f3d      0x2c4 ..\obj\porttimer.o
 .debug_line    0x00007201      0x20d ..\obj\usbd_cdc_vcp.o
 .debug_line    0x0000740e      0x1a6 ..\obj\list.o
 .debug_line    0x000075b4      0x2eb ..\obj\mbrtu.o
 .debug_line    0x0000789f      0x200 ..\obj\system_stm32f4xx.o
 .debug_line    0x00007a9f      0x194 ..\obj\syscalls.o
 .debug_line    0x00007c33      0x3d8 ..\obj\adc.o
 .debug_line    0x0000800b      0x29d ..\obj\usb_bsp.o
 .debug_line    0x000082a8      0x3c1 ..\obj\usbd_req.o
 .debug_line    0x00008669      0x4ff ..\obj\queue.o
 .debug_line    0x00008b68      0x1bd ..\obj\port.o
 .debug_line    0x00008d25      0x3b0 ..\obj\usb_dcd_int.o
 .debug_line    0x000090d5      0x282 ..\obj\portserial.o
 .debug_line    0x00009357      0x2b5 ..\obj\usbd_cdc_core.o
 .debug_line    0x0000960c      0x274 ..\obj\croutine.o
 .debug_line    0x00009880      0x2e1 ..\obj\timer_properties.o
 .debug_line    0x00009b61      0x428 ..\obj\stm32f4xx_spi.o
 .debug_line    0x00009f89      0x256 ..\obj\mbfunccoils.o
 .debug_line    0x0000a1df      0x27d ..\obj\stm32f4xx_exti.o
 .debug_line    0x0000a45c      0x219 ..\obj\misc.o
 .debug_line    0x0000a675      0x323 ..\obj\usb_dcd.o
 .debug_line    0x0000a998      0x135 ..\obj\heap_1.o
 .debug_line    0x0000aacd      0x7eb ..\obj\stm32f4xx_rtc.o
 .debug_line    0x0000b2b8      0x20d ..\obj\usbd_ioreq.o
 .debug_line    0x0000b4c5       0xd5 ..\obj\mbascii.o
 .debug_line    0x0000b59a      0xa4d ..\obj\stm32f4xx_tim.o
 .debug_line    0x0000bfe7      0x236 ..\obj\power_detector.o

.debug_loc      0x00000000     0x9637
 .debug_loc     0x00000000      0x144 ..\obj\stm32f4xx_syscfg.o
 .debug_loc     0x00000144      0x7e0 ..\obj\usb_core.o
 .debug_loc     0x00000924       0xe8 ..\obj\delay.o
 .debug_loc     0x00000a0c      0x138 ..\obj\mbport.o
 .debug_loc     0x00000b44      0x150 ..\obj\mb.o
 .debug_loc     0x00000c94      0x10c ..\obj\pid_regulator.o
 .debug_loc     0x00000da0       0x70 ..\obj\protocol.o
 .debug_loc     0x00000e10       0x38 ..\obj\mbfuncdisc.o
 .debug_loc     0x00000e48       0xe8 ..\obj\usbd_usr.o
 .debug_loc     0x00000f30       0x9c ..\obj\portevent.o
 .debug_loc     0x00000fcc       0xa8 ..\obj\buzzer.o
 .debug_loc     0x00001074       0x70 ..\obj\mbfuncother.o
 .debug_loc     0x000010e4      0x658 ..\obj\stm32f4xx_usart.o
 .debug_loc     0x0000173c      0x288 ..\obj\stm32f4xx_pwr.o
 .debug_loc     0x000019c4       0x70 ..\obj\rtc.o
 .debug_loc     0x00001a34       0xa8 ..\obj\mbutils.o
 .debug_loc     0x00001adc       0x64 ..\obj\startup_stm32f4xx.o
 .debug_loc     0x00001b40       0x64 ..\obj\backup_sram.o
 .debug_loc     0x00001ba4      0x138 ..\obj\stm32f4xx_iwdg.o
 .debug_loc     0x00001cdc      0x144 ..\obj\ADS1120.o
 .debug_loc     0x00001e20       0xe0 ..\obj\mbfuncholding.o
 .debug_loc     0x00001f00      0x2d8 ..\obj\usbd_core.o
 .debug_loc     0x000021d8      0x10c ..\obj\main.o
 .debug_loc     0x000022e4       0x38 ..\obj\mbcrc.o
 .debug_loc     0x0000231c      0x188 ..\obj\uks.o
 .debug_loc     0x000024a4      0x97c ..\obj\stm32f4xx_rcc.o
 .debug_loc     0x00002e20      0x838 ..\obj\stm32f4xx_adc.o
 .debug_loc     0x00003658       0x38 ..\obj\mbfuncinput.o
 .debug_loc     0x00003690      0x3ea ..\obj\printf.o
 .debug_loc     0x00003a7a      0x164 ..\obj\phaze_detector.o
 .debug_loc     0x00003bde       0x70 ..\obj\watchdog.o
 .debug_loc     0x00003c4e       0x70 ..\obj\display.o
 .debug_loc     0x00003cbe      0x42c ..\obj\hd44780.o
 .debug_loc     0x000040ea      0x708 ..\obj\tasks.o
 .debug_loc     0x000047f2      0x188 ..\obj\usbd_desc.o
 .debug_loc     0x0000497a       0x70 ..\obj\keyboard.o
 .debug_loc     0x000049ea      0x310 ..\obj\stm32f4xx_gpio.o
 .debug_loc     0x00004cfa       0xbc ..\obj\porttimer.o
 .debug_loc     0x00004db6      0x138 ..\obj\usbd_cdc_vcp.o
 .debug_loc     0x00004eee      0x118 ..\obj\list.o
 .debug_loc     0x00005006      0x1a8 ..\obj\mbrtu.o
 .debug_loc     0x000051ae       0x9c ..\obj\system_stm32f4xx.o
 .debug_loc     0x0000524a      0x1ec ..\obj\syscalls.o
 .debug_loc     0x00005436       0xa9 ..\obj\adc.o
 .debug_loc     0x000054df      0x138 ..\obj\usb_bsp.o
 .debug_loc     0x00005617      0x310 ..\obj\usbd_req.o
 .debug_loc     0x00005927      0x3b8 ..\obj\queue.o
 .debug_loc     0x00005cdf      0x178 ..\obj\port.o
 .debug_loc     0x00005e57      0x2d8 ..\obj\usb_dcd_int.o
 .debug_loc     0x0000612f      0x170 ..\obj\portserial.o
 .debug_loc     0x0000629f      0x224 ..\obj\usbd_cdc_core.o
 .debug_loc     0x000064c3      0x188 ..\obj\croutine.o
 .debug_loc     0x0000664b       0xe0 ..\obj\timer_properties.o
 .debug_loc     0x0000672b      0x578 ..\obj\stm32f4xx_spi.o
 .debug_loc     0x00006ca3       0xa8 ..\obj\mbfunccoils.o
 .debug_loc     0x00006d4b      0x1b4 ..\obj\stm32f4xx_exti.o
 .debug_loc     0x00006eff      0x118 ..\obj\misc.o
 .debug_loc     0x00007017      0x2d8 ..\obj\usb_dcd.o
 .debug_loc     0x000072ef       0xc8 ..\obj\heap_1.o
 .debug_loc     0x000073b7      0xc48 ..\obj\stm32f4xx_rtc.o
 .debug_loc     0x00007fff      0x188 ..\obj\usbd_ioreq.o
 .debug_loc     0x00008187     0x1420 ..\obj\stm32f4xx_tim.o
 .debug_loc     0x000095a7       0x90 ..\obj\power_detector.o

.debug_pubnames
                0x00000000     0x40ea
 .debug_pubnames
                0x00000000       0xc3 ..\obj\stm32f4xx_syscfg.o
 .debug_pubnames
                0x000000c3      0x364 ..\obj\usb_core.o
 .debug_pubnames
                0x00000427       0xc4 ..\obj\delay.o
 .debug_pubnames
                0x000004eb      0x126 ..\obj\mbport.o
 .debug_pubnames
                0x00000611       0xf8 ..\obj\mb.o
 .debug_pubnames
                0x00000709       0x8c ..\obj\pid_regulator.o
 .debug_pubnames
                0x00000795       0x24 ..\obj\protocol.o
 .debug_pubnames
                0x000007b9       0x30 ..\obj\mbfuncdisc.o
 .debug_pubnames
                0x000007e9       0x9e ..\obj\usbd_usr.o
 .debug_pubnames
                0x00000887       0x50 ..\obj\portevent.o
 .debug_pubnames
                0x000008d7       0x62 ..\obj\buzzer.o
 .debug_pubnames
                0x00000939       0x3d ..\obj\mbfuncother.o
 .debug_pubnames
                0x00000976      0x294 ..\obj\stm32f4xx_usart.o
 .debug_pubnames
                0x00000c0a      0x120 ..\obj\stm32f4xx_pwr.o
 .debug_pubnames
                0x00000d2a       0x46 ..\obj\rtc.o
 .debug_pubnames
                0x00000d70       0x52 ..\obj\mbutils.o
 .debug_pubnames
                0x00000dc2       0x4a ..\obj\startup_stm32f4xx.o
 .debug_pubnames
                0x00000e0c       0x41 ..\obj\backup_sram.o
 .debug_pubnames
                0x00000e4d       0x91 ..\obj\stm32f4xx_iwdg.o
 .debug_pubnames
                0x00000ede       0x9f ..\obj\ADS1120.o
 .debug_pubnames
                0x00000f7d       0xa5 ..\obj\mbfuncholding.o
 .debug_pubnames
                0x00001022       0x7a ..\obj\usbd_core.o
 .debug_pubnames
                0x0000109c       0xa0 ..\obj\main.o
 .debug_pubnames
                0x0000113c       0x20 ..\obj\mbcrc.o
 .debug_pubnames
                0x0000115c       0xbe ..\obj\uks.o
 .debug_pubnames
                0x0000121a      0x417 ..\obj\stm32f4xx_rcc.o
 .debug_pubnames
                0x00001631      0x446 ..\obj\stm32f4xx_adc.o
 .debug_pubnames
                0x00001a77       0x2f ..\obj\mbfuncinput.o
 .debug_pubnames
                0x00001aa6      0x101 ..\obj\printf.o
 .debug_pubnames
                0x00001ba7       0xc9 ..\obj\phaze_detector.o
 .debug_pubnames
                0x00001c70       0x35 ..\obj\watchdog.o
 .debug_pubnames
                0x00001ca5       0x46 ..\obj\display.o
 .debug_pubnames
                0x00001ceb      0x1bb ..\obj\hd44780.o
 .debug_pubnames
                0x00001ea6      0x275 ..\obj\tasks.o
 .debug_pubnames
                0x0000211b      0x152 ..\obj\usbd_desc.o
 .debug_pubnames
                0x0000226d       0x24 ..\obj\keyboard.o
 .debug_pubnames
                0x00002291      0x12d ..\obj\stm32f4xx_gpio.o
 .debug_pubnames
                0x000023be       0x6d ..\obj\porttimer.o
 .debug_pubnames
                0x0000242b       0xa1 ..\obj\usbd_cdc_vcp.o
 .debug_pubnames
                0x000024cc       0x71 ..\obj\list.o
 .debug_pubnames
                0x0000253d       0xc3 ..\obj\mbrtu.o
 .debug_pubnames
                0x00002600       0x61 ..\obj\system_stm32f4xx.o
 .debug_pubnames
                0x00002661       0x71 ..\obj\syscalls.o
 .debug_pubnames
                0x000026d2       0x64 ..\obj\adc.o
 .debug_pubnames
                0x00002736       0xa6 ..\obj\usb_bsp.o
 .debug_pubnames
                0x000027dc       0xd7 ..\obj\usbd_req.o
 .debug_pubnames
                0x000028b3      0x145 ..\obj\queue.o
 .debug_pubnames
                0x000029f8      0x101 ..\obj\port.o
 .debug_pubnames
                0x00002af9       0x2b ..\obj\usb_dcd_int.o
 .debug_pubnames
                0x00002b24       0xab ..\obj\portserial.o
 .debug_pubnames
                0x00002bcf       0xe5 ..\obj\usbd_cdc_core.o
 .debug_pubnames
                0x00002cb4       0x96 ..\obj\croutine.o
 .debug_pubnames
                0x00002d4a       0xb2 ..\obj\timer_properties.o
 .debug_pubnames
                0x00002dfc      0x221 ..\obj\stm32f4xx_spi.o
 .debug_pubnames
                0x0000301d       0x5a ..\obj\mbfunccoils.o
 .debug_pubnames
                0x00003077       0xbb ..\obj\stm32f4xx_exti.o
 .debug_pubnames
                0x00003132       0x89 ..\obj\misc.o
 .debug_pubnames
                0x000031bb      0x100 ..\obj\usb_dcd.o
 .debug_pubnames
                0x000032bb       0x64 ..\obj\heap_1.o
 .debug_pubnames
                0x0000331f      0x514 ..\obj\stm32f4xx_rtc.o
 .debug_pubnames
                0x00003833       0xb6 ..\obj\usbd_ioreq.o
 .debug_pubnames
                0x000038e9      0x7c4 ..\obj\stm32f4xx_tim.o
 .debug_pubnames
                0x000040ad       0x3d ..\obj\power_detector.o

.debug_pubtypes
                0x00000000     0x485f
 .debug_pubtypes
                0x00000000       0x6d ..\obj\stm32f4xx_syscfg.o
 .debug_pubtypes
                0x0000006d      0x675 ..\obj\usb_core.o
 .debug_pubtypes
                0x000006e2       0xb9 ..\obj\delay.o
 .debug_pubtypes
                0x0000079b       0xbb ..\obj\mbport.o
 .debug_pubtypes
                0x00000856      0x147 ..\obj\mb.o
 .debug_pubtypes
                0x0000099d      0x15c ..\obj\pid_regulator.o
 .debug_pubtypes
                0x00000af9       0x40 ..\obj\protocol.o
 .debug_pubtypes
                0x00000b39       0x62 ..\obj\mbfuncdisc.o
 .debug_pubtypes
                0x00000b9b       0x55 ..\obj\usbd_usr.o
 .debug_pubtypes
                0x00000bf0       0x44 ..\obj\portevent.o
 .debug_pubtypes
                0x00000c34       0xea ..\obj\buzzer.o
 .debug_pubtypes
                0x00000d1e       0x82 ..\obj\mbfuncother.o
 .debug_pubtypes
                0x00000da0       0xcd ..\obj\stm32f4xx_usart.o
 .debug_pubtypes
                0x00000e6d       0x84 ..\obj\stm32f4xx_pwr.o
 .debug_pubtypes
                0x00000ef1       0x73 ..\obj\rtc.o
 .debug_pubtypes
                0x00000f64       0x6d ..\obj\mbutils.o
 .debug_pubtypes
                0x00000fd1       0x72 ..\obj\backup_sram.o
 .debug_pubtypes
                0x00001043       0x64 ..\obj\stm32f4xx_iwdg.o
 .debug_pubtypes
                0x000010a7      0x138 ..\obj\ADS1120.o
 .debug_pubtypes
                0x000011df       0x62 ..\obj\mbfuncholding.o
 .debug_pubtypes
                0x00001241      0x2df ..\obj\usbd_core.o
 .debug_pubtypes
                0x00001520      0x2ce ..\obj\main.o
 .debug_pubtypes
                0x000017ee       0x40 ..\obj\mbcrc.o
 .debug_pubtypes
                0x0000182e       0xa9 ..\obj\uks.o
 .debug_pubtypes
                0x000018d7       0xaa ..\obj\stm32f4xx_rcc.o
 .debug_pubtypes
                0x00001981       0x12 ..\obj\timers.o
 .debug_pubtypes
                0x00001993       0xc9 ..\obj\stm32f4xx_adc.o
 .debug_pubtypes
                0x00001a5c       0x62 ..\obj\mbfuncinput.o
 .debug_pubtypes
                0x00001abe      0x139 ..\obj\printf.o
 .debug_pubtypes
                0x00001bf7      0x1f5 ..\obj\phaze_detector.o
 .debug_pubtypes
                0x00001dec       0x53 ..\obj\watchdog.o
 .debug_pubtypes
                0x00001e3f       0x72 ..\obj\display.o
 .debug_pubtypes
                0x00001eb1       0xe6 ..\obj\hd44780.o
 .debug_pubtypes
                0x00001f97      0x10c ..\obj\tasks.o
 .debug_pubtypes
                0x000020a3       0x5b ..\obj\usbd_desc.o
 .debug_pubtypes
                0x000020fe       0xee ..\obj\keyboard.o
 .debug_pubtypes
                0x000021ec       0xce ..\obj\stm32f4xx_gpio.o
 .debug_pubtypes
                0x000022ba       0xb6 ..\obj\porttimer.o
 .debug_pubtypes
                0x00002370       0x6d ..\obj\usbd_cdc_vcp.o
 .debug_pubtypes
                0x000023dd       0x7a ..\obj\list.o
 .debug_pubtypes
                0x00002457      0x2f5 ..\obj\mbrtu.o
 .debug_pubtypes
                0x0000274c       0x73 ..\obj\system_stm32f4xx.o
 .debug_pubtypes
                0x000027bf       0xaa ..\obj\syscalls.o
 .debug_pubtypes
                0x00002869      0x18d ..\obj\adc.o
 .debug_pubtypes
                0x000029f6      0x333 ..\obj\usb_bsp.o
 .debug_pubtypes
                0x00002d29      0x2c8 ..\obj\usbd_req.o
 .debug_pubtypes
                0x00002ff1       0xd4 ..\obj\queue.o
 .debug_pubtypes
                0x000030c5       0x33 ..\obj\port.o
 .debug_pubtypes
                0x000030f8      0x5e1 ..\obj\usb_dcd_int.o
 .debug_pubtypes
                0x000036d9      0x2b9 ..\obj\portserial.o
 .debug_pubtypes
                0x00003992      0x2ae ..\obj\usbd_cdc_core.o
 .debug_pubtypes
                0x00003c40       0xcd ..\obj\croutine.o
 .debug_pubtypes
                0x00003d0d       0x93 ..\obj\timer_properties.o
 .debug_pubtypes
                0x00003da0       0xbc ..\obj\stm32f4xx_spi.o
 .debug_pubtypes
                0x00003e5c       0x62 ..\obj\mbfunccoils.o
 .debug_pubtypes
                0x00003ebe       0xae ..\obj\stm32f4xx_exti.o
 .debug_pubtypes
                0x00003f6c       0x8c ..\obj\misc.o
 .debug_pubtypes
                0x00003ff8      0x307 ..\obj\usb_dcd.o
 .debug_pubtypes
                0x000042ff       0x2c ..\obj\heap_1.o
 .debug_pubtypes
                0x0000432b       0xd8 ..\obj\stm32f4xx_rtc.o
 .debug_pubtypes
                0x00004403      0x295 ..\obj\usbd_ioreq.o
 .debug_pubtypes
                0x00004698       0x1e ..\obj\mbascii.o
 .debug_pubtypes
                0x000046b6       0xe4 ..\obj\stm32f4xx_tim.o
 .debug_pubtypes
                0x0000479a       0xc5 ..\obj\power_detector.o

.debug_aranges  0x00000000     0x1be8
 .debug_aranges
                0x00000000       0x48 ..\obj\stm32f4xx_syscfg.o
 .debug_aranges
                0x00000048      0x138 ..\obj\usb_core.o
 .debug_aranges
                0x00000180       0x40 ..\obj\delay.o
 .debug_aranges
                0x000001c0       0x48 ..\obj\mbport.o
 .debug_aranges
                0x00000208       0x48 ..\obj\mb.o
 .debug_aranges
                0x00000250       0x40 ..\obj\pid_regulator.o
 .debug_aranges
                0x00000290       0x28 ..\obj\protocol.o
 .debug_aranges
                0x000002b8       0x20 ..\obj\mbfuncdisc.o
 .debug_aranges
                0x000002d8       0x40 ..\obj\usbd_usr.o
 .debug_aranges
                0x00000318       0x30 ..\obj\portevent.o
 .debug_aranges
                0x00000348       0x30 ..\obj\buzzer.o
 .debug_aranges
                0x00000378       0x28 ..\obj\mbfuncother.o
 .debug_aranges
                0x000003a0      0x100 ..\obj\stm32f4xx_usart.o
 .debug_aranges
                0x000004a0       0x78 ..\obj\stm32f4xx_pwr.o
 .debug_aranges
                0x00000518       0x28 ..\obj\rtc.o
 .debug_aranges
                0x00000540       0x30 ..\obj\mbutils.o
 .debug_aranges
                0x00000570       0x28 ..\obj\startup_stm32f4xx.o
 .debug_aranges
                0x00000598       0x28 ..\obj\backup_sram.o
 .debug_aranges
                0x000005c0       0x48 ..\obj\stm32f4xx_iwdg.o
 .debug_aranges
                0x00000608       0x48 ..\obj\ADS1120.o
 .debug_aranges
                0x00000650       0x38 ..\obj\mbfuncholding.o
 .debug_aranges
                0x00000688       0x80 ..\obj\usbd_core.o
 .debug_aranges
                0x00000708       0x40 ..\obj\main.o
 .debug_aranges
                0x00000748       0x20 ..\obj\mbcrc.o
 .debug_aranges
                0x00000768       0x50 ..\obj\uks.o
 .debug_aranges
                0x000007b8      0x178 ..\obj\stm32f4xx_rcc.o
 .debug_aranges
                0x00000930      0x148 ..\obj\stm32f4xx_adc.o
 .debug_aranges
                0x00000a78       0x20 ..\obj\mbfuncinput.o
 .debug_aranges
                0x00000a98       0xa0 ..\obj\printf.o
 .debug_aranges
                0x00000b38       0x50 ..\obj\phaze_detector.o
 .debug_aranges
                0x00000b88       0x28 ..\obj\watchdog.o
 .debug_aranges
                0x00000bb0       0x28 ..\obj\display.o
 .debug_aranges
                0x00000bd8       0xc0 ..\obj\hd44780.o
 .debug_aranges
                0x00000c98      0x120 ..\obj\tasks.o
 .debug_aranges
                0x00000db8       0x50 ..\obj\usbd_desc.o
 .debug_aranges
                0x00000e08       0x28 ..\obj\keyboard.o
 .debug_aranges
                0x00000e30       0x88 ..\obj\stm32f4xx_gpio.o
 .debug_aranges
                0x00000eb8       0x38 ..\obj\porttimer.o
 .debug_aranges
                0x00000ef0       0x48 ..\obj\usbd_cdc_vcp.o
 .debug_aranges
                0x00000f38       0x40 ..\obj\list.o
 .debug_aranges
                0x00000f78       0x58 ..\obj\mbrtu.o
 .debug_aranges
                0x00000fd0       0x30 ..\obj\system_stm32f4xx.o
 .debug_aranges
                0x00001000       0x60 ..\obj\syscalls.o
 .debug_aranges
                0x00001060       0x30 ..\obj\adc.o
 .debug_aranges
                0x00001090       0x48 ..\obj\usb_bsp.o
 .debug_aranges
                0x000010d8       0x88 ..\obj\usbd_req.o
 .debug_aranges
                0x00001160       0xa0 ..\obj\queue.o
 .debug_aranges
                0x00001200       0x70 ..\obj\port.o
 .debug_aranges
                0x00001270       0x80 ..\obj\usb_dcd_int.o
 .debug_aranges
                0x000012f0       0x50 ..\obj\portserial.o
 .debug_aranges
                0x00001340       0x68 ..\obj\usbd_cdc_core.o
 .debug_aranges
                0x000013a8       0x50 ..\obj\croutine.o
 .debug_aranges
                0x000013f8       0x38 ..\obj\timer_properties.o
 .debug_aranges
                0x00001430       0xe0 ..\obj\stm32f4xx_spi.o
 .debug_aranges
                0x00001510       0x30 ..\obj\mbfunccoils.o
 .debug_aranges
                0x00001540       0x58 ..\obj\stm32f4xx_exti.o
 .debug_aranges
                0x00001598       0x40 ..\obj\misc.o
 .debug_aranges
                0x000015d8       0x80 ..\obj\usb_dcd.o
 .debug_aranges
                0x00001658       0x38 ..\obj\heap_1.o
 .debug_aranges
                0x00001690      0x1e0 ..\obj\stm32f4xx_rtc.o
 .debug_aranges
                0x00001870       0x50 ..\obj\usbd_ioreq.o
 .debug_aranges
                0x000018c0      0x2f8 ..\obj\stm32f4xx_tim.o
 .debug_aranges
                0x00001bb8       0x30 ..\obj\power_detector.o

.debug_ranges   0x00000000     0x17f8
 .debug_ranges  0x00000000       0x38 ..\obj\stm32f4xx_syscfg.o
 .debug_ranges  0x00000038      0x128 ..\obj\usb_core.o
 .debug_ranges  0x00000160       0x30 ..\obj\delay.o
 .debug_ranges  0x00000190       0x38 ..\obj\mbport.o
 .debug_ranges  0x000001c8       0x38 ..\obj\mb.o
 .debug_ranges  0x00000200       0x30 ..\obj\pid_regulator.o
 .debug_ranges  0x00000230       0x18 ..\obj\protocol.o
 .debug_ranges  0x00000248       0x10 ..\obj\mbfuncdisc.o
 .debug_ranges  0x00000258       0x30 ..\obj\usbd_usr.o
 .debug_ranges  0x00000288       0x20 ..\obj\portevent.o
 .debug_ranges  0x000002a8       0x20 ..\obj\buzzer.o
 .debug_ranges  0x000002c8       0x18 ..\obj\mbfuncother.o
 .debug_ranges  0x000002e0       0xf0 ..\obj\stm32f4xx_usart.o
 .debug_ranges  0x000003d0       0x68 ..\obj\stm32f4xx_pwr.o
 .debug_ranges  0x00000438       0x18 ..\obj\rtc.o
 .debug_ranges  0x00000450       0x20 ..\obj\mbutils.o
 .debug_ranges  0x00000470       0x18 ..\obj\startup_stm32f4xx.o
 .debug_ranges  0x00000488       0x18 ..\obj\backup_sram.o
 .debug_ranges  0x000004a0       0x38 ..\obj\stm32f4xx_iwdg.o
 .debug_ranges  0x000004d8       0x38 ..\obj\ADS1120.o
 .debug_ranges  0x00000510       0x28 ..\obj\mbfuncholding.o
 .debug_ranges  0x00000538       0x70 ..\obj\usbd_core.o