Archive member included because of file (symbol)

c:/coocox/coide/gcc/sourcery g++ lite/bin/../lib/gcc/arm-none-eabi/4.5.1/thumb2\libgcc.a(_arm_addsubdf3.o)
                              ..\obj\ADS1120.o (__aeabi_dadd)
c:/coocox/coide/gcc/sourcery g++ lite/bin/../lib/gcc/arm-none-eabi/4.5.1/thumb2\libgcc.a(_arm_muldivdf3.o)
                              ..\obj\ADS1120.o (__aeabi_dmul)
c:/coocox/coide/gcc/sourcery g++ lite/bin/../lib/gcc/arm-none-eabi/4.5.1/thumb2\libgcc.a(_arm_cmpdf2.o)
                              ..\obj\timer_properties.o (__aeabi_dcmpeq)
c:/coocox/coide/gcc/sourcery g++ lite/bin/../lib/gcc/arm-none-eabi/4.5.1/thumb2\libgcc.a(_arm_fixunsdfsi.o)
                              ..\obj\timer_properties.o (__aeabi_d2uiz)
c:/coocox/coide/gcc/sourcery g++ lite/bin/../lib/gcc/arm-none-eabi/4.5.1/thumb2\libgcc.a(_arm_truncdfsf2.o)
                              ..\obj\ADS1120.o (__aeabi_d2f)
c:/coocox/coide/gcc/sourcery g++ lite/bin/../lib/gcc/arm-none-eabi/4.5.1/thumb2\libgcc.a(_arm_addsubsf3.o)
                              ..\obj\pid_regulator.o (__aeabi_fsub)
c:/coocox/coide/gcc/sourcery g++ lite/bin/../lib/gcc/arm-none-eabi/4.5.1/thumb2\libgcc.a(_arm_muldivsf3.o)
                              ..\obj\pid_regulator.o (__aeabi_fmul)
c:/coocox/coide/gcc/sourcery g++ lite/bin/../lib/gcc/arm-none-eabi/4.5.1/thumb2\libgcc.a(_arm_cmpsf2.o)
                              ..\obj\pid_regulator.o (__aeabi_fcmplt)
c:/coocox/coide/gcc/sourcery g++ lite/bin/../lib/gcc/arm-none-eabi/4.5.1/thumb2\libgcc.a(_arm_fixsfsi.o)
                              ..\obj\pid_regulator.o (__aeabi_f2iz)
c:/coocox/coide/gcc/sourcery g++ lite/bin/../lib/gcc/arm-none-eabi/4.5.1/thumb2\libgcc.a(_arm_fixunssfsi.o)
                              ..\obj\display.o (__aeabi_f2uiz)
c:/coocox/coide/gcc/sourcery g++ lite/bin/../lib/gcc/arm-none-eabi/4.5.1/../../../../arm-none-eabi/lib/thumb2\libc.a(lib_a-memcmp.o)
                              ..\obj\tasks.o (memcmp)
c:/coocox/coide/gcc/sourcery g++ lite/bin/../lib/gcc/arm-none-eabi/4.5.1/../../../../arm-none-eabi/lib/thumb2\libc.a(lib_a-memcpy.o)
                              ..\obj\mbfuncother.o (memcpy)
c:/coocox/coide/gcc/sourcery g++ lite/bin/../lib/gcc/arm-none-eabi/4.5.1/../../../../arm-none-eabi/lib/thumb2\libc.a(lib_a-memset.o)
                              ..\obj\tasks.o (memset)
c:/coocox/coide/gcc/sourcery g++ lite/bin/../lib/gcc/arm-none-eabi/4.5.1/../../../../arm-none-eabi/lib/thumb2\libc.a(lib_a-strncpy.o)
                              ..\obj\tasks.o (strncpy)

Allocating common symbols
Common symbol       size              file

pxMBFrameCBTransmitterEmpty
                    0x4               ..\obj\mb.o
APP_Tx_Buffer       0x80              ..\obj\usbd_cdc_vcp.o
pid_heater          0x1c              ..\obj\pid_regulator.o
pxMBPortCBTimerExpired
                    0x4               ..\obj\mb.o
ADC_result          0x4               ..\obj\ADS1120.o
xBuzzer_Handle      0x4               ..\obj\buzzer.o
adc_reg             0x1               ..\obj\ADS1120.o
ucRTUBuf            0x100             ..\obj\mbrtu.o
HD44780_Opts        0x7               ..\obj\hd44780.o
xPhazeSemaphore     0x4               ..\obj\phaze_detector.o
usbd_cdc_OtherCfgDesc
                    0x43              ..\obj\usbd_cdc_core.o
xSPI_Buf_Mutex      0x4               ..\obj\ADS1120.o
pxMBFrameCBByteReceived
                    0x4               ..\obj\mb.o
buzz                0x2               ..\obj\buzzer.o
APP_tx_ptr_tail     0x4               ..\obj\usbd_cdc_vcp.o
pxMBFrameCBTransmitFSMCur
                    0x4               ..\obj\mb.o
xMeasure_LM35_Semaphore
                    0x4               ..\obj\adc.o
USB_Rx_Buffer       0x40              ..\obj\usbd_cdc_core.o
ADC_result_temp     0x4               ..\obj\ADS1120.o
ADS1120_res         0x28              ..\obj\ADS1120.o
pxMBFrameCBReceiveFSMCur
                    0x4               ..\obj\mb.o
CmdBuff             0x8               ..\obj\usbd_cdc_core.o
USB_OTG_dev         0x5f0             ..\obj\main.o
adc_lm35_chnl       0xee              ..\obj\adc.o
mult                0x4               ..\obj\delay.o
APP_Rx_Buffer       0x800             ..\obj\usbd_cdc_core.o
uks_channels        0x4b8             ..\obj\uks.o
task_watches        0x10              ..\obj\watchdog.o
USBD_StrDesc        0x32              ..\obj\usbd_req.o
APP_tx_ptr_head     0x4               ..\obj\usbd_cdc_vcp.o
phaze_detect        0x6               ..\obj\phaze_detector.o

Discarded input sections

 .text          0x00000000        0x0 ..\obj\stm32f4xx_syscfg.o
 .data          0x00000000        0x0 ..\obj\stm32f4xx_syscfg.o
 .bss           0x00000000        0x0 ..\obj\stm32f4xx_syscfg.o
 .text.SYSCFG_DeInit
                0x00000000       0x20 ..\obj\stm32f4xx_syscfg.o
 .text.SYSCFG_MemoryRemapConfig
                0x00000000       0x20 ..\obj\stm32f4xx_syscfg.o
 .text.SYSCFG_ETH_MediaInterfaceConfig
[...]
Memory Configuration

Name             Origin             Length             Attributes
rom              0x08000000         0x00100000         xr
ram              0x20000000         0x00020000         xrw
ram1             0x10000000         0x00010000         xrw
*default*        0x00000000         0xffffffff

Linker script and memory map

                0x20020000                _eram = 0x20020000

.text           0x08000000     0xd8c0
 *(.isr_vector .isr_vector.*)
 .isr_vector    0x08000000      0x188 ..\obj\startup_stm32f4xx.o
                0x08000000                g_pfnVectors
 *(.text .text.* .gnu.linkonce.t.*)
 .text.SYSCFG_EXTILineConfig
                0x08000188       0xb4 ..\obj\stm32f4xx_syscfg.o
                0x08000188                SYSCFG_EXTILineConfig
 .text.USB_OTG_EnableCommonInt
                0x0800023c       0x44 ..\obj\usb_core.o
 .text.USB_OTG_CoreReset
                0x08000280       0xa8 ..\obj\usb_core.o
 .text.USB_OTG_WritePacket
                0x08000328       0x88 ..\obj\usb_core.o
                0x08000328                USB_OTG_WritePacket
 .text.USB_OTG_ReadPacket
                0x080003b0       0x68 ..\obj\usb_core.o
                0x080003b0                USB_OTG_ReadPacket
 .text.USB_OTG_SelectCore
                0x08000418      0x1b4 ..\obj\usb_core.o
                0x08000418                USB_OTG_SelectCore
 .text.USB_OTG_CoreInit
                0x080005cc      0x1f8 ..\obj\usb_core.o
                0x080005cc                USB_OTG_CoreInit
 .text.USB_OTG_EnableGlobalInt
                0x080007c4       0x40 ..\obj\usb_core.o
                0x080007c4                USB_OTG_EnableGlobalInt
 .text.USB_OTG_DisableGlobalInt
                0x08000804       0x44 ..\obj\usb_core.o
                0x08000804                USB_OTG_DisableGlobalInt
 .text.USB_OTG_FlushTxFifo
                0x08000848       0x80 ..\obj\usb_core.o
                0x08000848                USB_OTG_FlushTxFifo
 .text.USB_OTG_FlushRxFifo
                0x080008c8       0x6c ..\obj\usb_core.o
                0x080008c8                USB_OTG_FlushRxFifo
 .text.USB_OTG_SetCurrentMode
                0x08000934       0x64 ..\obj\usb_core.o
                0x08000934                USB_OTG_SetCurrentMode
 .text.USB_OTG_GetMode
                0x08000998       0x20 ..\obj\usb_core.o
                0x08000998                USB_OTG_GetMode
 .text.USB_OTG_IsDeviceMode
                0x080009b8       0x24 ..\obj\usb_core.o
                0x080009b8                USB_OTG_IsDeviceMode
 .text.USB_OTG_ReadCoreItr
                0x080009dc       0x34 ..\obj\usb_core.o
                0x080009dc                USB_OTG_ReadCoreItr
 .text.USB_OTG_InitDevSpeed
                0x08000a10       0x38 ..\obj\usb_core.o
                0x08000a10                USB_OTG_InitDevSpeed
 .text.USB_OTG_CoreInitDev
                0x08000a48      0x2d0 ..\obj\usb_core.o
                0x08000a48                USB_OTG_CoreInitDev
 .text.USB_OTG_EnableDevInt
                0x08000d18       0xa8 ..\obj\usb_core.o
                0x08000d18                USB_OTG_EnableDevInt
 .text.USB_OTG_GetDeviceSpeed
                0x08000dc0       0x50 ..\obj\usb_core.o
                0x08000dc0                USB_OTG_GetDeviceSpeed
 .text.USB_OTG_EP0Activate
                0x08000e10       0x84 ..\obj\usb_core.o
                0x08000e10                USB_OTG_EP0Activate
 .text.USB_OTG_EPActivate
                0x08000e94       0xf8 ..\obj\usb_core.o
                0x08000e94                USB_OTG_EPActivate
 .text.USB_OTG_EPDeactivate
                0x08000f8c       0xa4 ..\obj\usb_core.o
                0x08000f8c                USB_OTG_EPDeactivate
 .text.USB_OTG_EPStartXfer
                0x08001030      0x2d4 ..\obj\usb_core.o
                0x08001030                USB_OTG_EPStartXfer
 .text.USB_OTG_EP0StartXfer
                0x08001304      0x208 ..\obj\usb_core.o
                0x08001304                USB_OTG_EP0StartXfer
 .text.USB_OTG_EPSetStall
                0x0800150c       0x94 ..\obj\usb_core.o
                0x0800150c                USB_OTG_EPSetStall
 .text.USB_OTG_EPClearStall
                0x080015a0       0x84 ..\obj\usb_core.o
                0x080015a0                USB_OTG_EPClearStall
 .text.USB_OTG_ReadDevAllOutEp_itr
                0x08001624       0x30 ..\obj\usb_core.o
                0x08001624                USB_OTG_ReadDevAllOutEp_itr
 .text.USB_OTG_ReadDevOutEP_itr
                0x08001654       0x3c ..\obj\usb_core.o
                0x08001654                USB_OTG_ReadDevOutEP_itr
 .text.USB_OTG_ReadDevAllInEPItr
                0x08001690       0x34 ..\obj\usb_core.o
                0x08001690                USB_OTG_ReadDevAllInEPItr
 .text.USB_OTG_EP0_OutStart
                0x080016c4       0x7c ..\obj\usb_core.o
                0x080016c4                USB_OTG_EP0_OutStart
 .text.USB_OTG_UngateClock
                0x08001740       0x54 ..\obj\usb_core.o
                0x08001740                USB_OTG_UngateClock
 .text.TIM2_IRQHandler
                0x08001794       0x50 ..\obj\delay.o
                0x08001794                TIM2_IRQHandler
 .text.DELAY_Init
                0x080017e4       0x2c ..\obj\delay.o
                0x080017e4                DELAY_Init
 .text.DELAY_INT_InitTIM
                0x08001810       0xa8 ..\obj\delay.o
                0x08001810                DELAY_INT_InitTIM
 .text.ENTER_CRITICAL_SECTION
                0x080018b8        0xc ..\obj\mbport.o
                0x080018b8                ENTER_CRITICAL_SECTION
 .text.EXIT_CRITICAL_SECTION
                0x080018c4        0xc ..\obj\mbport.o
                0x080018c4                EXIT_CRITICAL_SECTION
 .text.eMBRegInputCB
                0x080018d0       0xc4 ..\obj\mbport.o
                0x080018d0                eMBRegInputCB
 .text.eMBRegHoldingCB
                0x08001994      0x10c ..\obj\mbport.o
                0x08001994                eMBRegHoldingCB
 .text.eMBRegCoilsCB
                0x08001aa0       0x20 ..\obj\mbport.o
                0x08001aa0                eMBRegCoilsCB
 .text.eMBRegDiscreteCB
                0x08001ac0       0x20 ..\obj\mbport.o
                0x08001ac0                eMBRegDiscreteCB
 .text.eMBInit  0x08001ae0      0x134 ..\obj\mb.o
                0x08001ae0                eMBInit
 .text.eMBEnable
                0x08001c14       0x48 ..\obj\mb.o
                0x08001c14                eMBEnable
 .text.eMBPoll  0x08001c5c      0x23c ..\obj\mb.o
                0x08001c5c                eMBPoll
 .text.PID_Heater_Init
                0x08001e98       0x24 ..\obj\pid_regulator.o
                0x08001e98                PID_Heater_Init
 .text.pid_Init
                0x08001ebc       0xf4 ..\obj\pid_regulator.o
                0x08001ebc                pid_Init
 .text.pid_Controller
                0x08001fb0      0x1d8 ..\obj\pid_regulator.o
                0x08001fb0                pid_Controller
 .text.PID_Regulator_Task
                0x08002188      0x1c8 ..\obj\pid_regulator.o
 .text.Protocol_Init
                0x08002350       0x64 ..\obj\protocol.o
                0x08002350                Protocol_Init
 .text.Modbus_Task
                0x080023b4       0x1c ..\obj\protocol.o
 .text.eMBFuncReadDiscreteInputs
                0x080023d0      0x130 ..\obj\mbfuncdisc.o
                0x080023d0                eMBFuncReadDiscreteInputs
 .text.USBD_USR_Init
                0x08002500        0xc ..\obj\usbd_usr.o
                0x08002500                USBD_USR_Init
 .text.USBD_USR_DeviceReset
                0x0800250c       0x14 ..\obj\usbd_usr.o
                0x0800250c                USBD_USR_DeviceReset
 .text.USBD_USR_DeviceConfigured
                0x08002520        0xc ..\obj\usbd_usr.o
                0x08002520                USBD_USR_DeviceConfigured
 .text.USBD_USR_DeviceSuspended
                0x0800252c        0xc ..\obj\usbd_usr.o
                0x0800252c                USBD_USR_DeviceSuspended
 .text.USBD_USR_DeviceResumed
                0x08002538        0xc ..\obj\usbd_usr.o
                0x08002538                USBD_USR_DeviceResumed
 .text.xMBPortEventInit
                0x08002544       0x20 ..\obj\portevent.o
                0x08002544                xMBPortEventInit
 .text.xMBPortEventPost
                0x08002564       0x34 ..\obj\portevent.o
                0x08002564                xMBPortEventPost
 .text.xMBPortEventGet
                0x08002598       0x4c ..\obj\portevent.o
                0x08002598                xMBPortEventGet
 .text.Buzzer_Init
                0x080025e4       0xa4 ..\obj\buzzer.o
                0x080025e4                Buzzer_Init
 .text.Buzzer_Task
                0x08002688      0x244 ..\obj\buzzer.o
                0x08002688                Buzzer_Task
 .text.Buzzer_Set_Buzz
                0x080028cc       0xc0 ..\obj\buzzer.o
                0x080028cc                Buzzer_Set_Buzz
 .text.eMBFuncReportSlaveID
                0x0800298c       0x4c ..\obj\mbfuncother.o
                0x0800298c                eMBFuncReportSlaveID
 .text.PWR_PVDLevelConfig
                0x080029d8       0x44 ..\obj\stm32f4xx_pwr.o
                0x080029d8                PWR_PVDLevelConfig
 .text.PWR_PVDCmd
                0x08002a1c       0x20 ..\obj\stm32f4xx_pwr.o
                0x08002a1c                PWR_PVDCmd
 .text.prveMBError2Exception
                0x08002a3c       0x48 ..\obj\mbutils.o
                0x08002a3c                prveMBError2Exception
 .text.Default_Reset_Handler
                0x08002a84       0x68 ..\obj\startup_stm32f4xx.o
                0x08002a84                Default_Reset_Handler
                0x08002a84                Reset_Handler
 .text.Default_Handler
                0x08002aec        0x8 ..\obj\startup_stm32f4xx.o
                0x08002aec                RTC_Alarm_IRQHandler
                0x08002aec                HASH_RNG_IRQHandler
                0x08002aec                EXTI2_IRQHandler
                0x08002aec                TIM8_CC_IRQHandler
                0x08002aec                DebugMon_Handler
                0x08002aec                TIM1_CC_IRQHandler
                0x08002aec                DMA2_Stream5_IRQHandler
                0x08002aec                HardFault_Handler
                0x08002aec                DMA1_Stream5_IRQHandler
                0x08002aec                SDIO_IRQHandler
                0x08002aec                TAMP_STAMP_IRQHandler
                0x08002aec                NMI_Handler
                0x08002aec                CAN2_RX1_IRQHandler
                0x08002aec                EXTI3_IRQHandler
                0x08002aec                TIM8_TRG_COM_TIM14_IRQHandler
                0x08002aec                TIM1_UP_TIM10_IRQHandler
                0x08002aec                TIM8_UP_TIM13_IRQHandler
                0x08002aec                I2C3_ER_IRQHandler
                0x08002aec                I2C2_EV_IRQHandler
                0x08002aec                DMA1_Stream2_IRQHandler
                0x08002aec                CAN1_RX0_IRQHandler
                0x08002aec                FPU_IRQHandler
                0x08002aec                OTG_HS_WKUP_IRQHandler
                0x08002aec                UsageFault_Handler
                0x08002aec                CAN2_SCE_IRQHandler
                0x08002aec                DMA2_Stream2_IRQHandler
                0x08002aec                SPI1_IRQHandler
                0x08002aec                TIM6_DAC_IRQHandler
                0x08002aec                TIM1_BRK_TIM9_IRQHandler
                0x08002aec                DCMI_IRQHandler
                0x08002aec                CAN2_RX0_IRQHandler
                0x08002aec                DMA2_Stream3_IRQHandler
                0x08002aec                USART6_IRQHandler
                0x08002aec                USART3_IRQHandler
                0x08002aec                CRYP_IRQHandler
                0x08002aec                CAN1_RX1_IRQHandler
                0x08002aec                UART5_IRQHandler
                0x08002aec                DMA2_Stream0_IRQHandler
                0x08002aec                I2C1_EV_IRQHandler
                0x08002aec                DMA1_Stream6_IRQHandler
                0x08002aec                DMA1_Stream1_IRQHandler
                0x08002aec                UART4_IRQHandler
                0x08002aec                TIM3_IRQHandler
                0x08002aec                RCC_IRQHandler
                0x08002aec                TIM8_BRK_TIM12_IRQHandler
                0x08002aec                EXTI15_10_IRQHandler
                0x08002aec                ADC_IRQHandler
                0x08002aec                DMA1_Stream7_IRQHandler
                0x08002aec                TIM7_IRQHandler
                0x08002aec                CAN2_TX_IRQHandler
                0x08002aec                TIM5_IRQHandler
                0x08002aec                DMA2_Stream7_IRQHandler
                0x08002aec                I2C3_EV_IRQHandler
                0x08002aec                EXTI9_5_IRQHandler
                0x08002aec                RTC_WKUP_IRQHandler
                0x08002aec                ETH_WKUP_IRQHandler
                0x08002aec                SPI2_IRQHandler
                0x08002aec                OTG_HS_EP1_IN_IRQHandler
                0x08002aec                MemManage_Handler
                0x08002aec                DMA1_Stream0_IRQHandler
                0x08002aec                CAN1_TX_IRQHandler
                0x08002aec                EXTI4_IRQHandler
                0x08002aec                FSMC_IRQHandler
                0x08002aec                ETH_IRQHandler
                0x08002aec                OTG_HS_EP1_OUT_IRQHandler
                0x08002aec                WWDG_IRQHandler
                0x08002aec                TIM1_TRG_COM_TIM11_IRQHandler
                0x08002aec                OTG_HS_IRQHandler
                0x08002aec                USART2_IRQHandler
                0x08002aec                I2C2_ER_IRQHandler
                0x08002aec                DMA2_Stream1_IRQHandler
                0x08002aec                CAN1_SCE_IRQHandler
                0x08002aec                FLASH_IRQHandler
                0x08002aec                DMA2_Stream4_IRQHandler
                0x08002aec                BusFault_Handler
                0x08002aec                USART1_IRQHandler
                0x08002aec                SPI3_IRQHandler
                0x08002aec                DMA1_Stream4_IRQHandler
                0x08002aec                I2C1_ER_IRQHandler
                0x08002aec                DMA2_Stream6_IRQHandler
                0x08002aec                DMA1_Stream3_IRQHandler
 .text.ADS1120_init
                0x08002af4       0x4c ..\obj\ADS1120.o
                0x08002af4                ADS1120_init
 .text.SPI2_config
                0x08002b40      0x170 ..\obj\ADS1120.o
 .text.SPI2_send
                0x08002cb0       0x60 ..\obj\ADS1120.o
                0x08002cb0                SPI2_send
 .text.SPI2_read
                0x08002d10       0x14 ..\obj\ADS1120.o
                0x08002d10                SPI2_read
 .text.ADS1120_task
                0x08002d24      0x194 ..\obj\ADS1120.o
 .text.PT100_Code_To_Temperature
                0x08002eb8       0xa0 ..\obj\ADS1120.o
                0x08002eb8                PT100_Code_To_Temperature
 .text.eMBFuncWriteHoldingRegister
                0x08002f58       0x84 ..\obj\mbfuncholding.o
                0x08002f58                eMBFuncWriteHoldingRegister
 .text.eMBFuncWriteMultipleHoldingRegister
                0x08002fdc       0xdc ..\obj\mbfuncholding.o
                0x08002fdc                eMBFuncWriteMultipleHoldingRegister
 .text.eMBFuncReadHoldingRegister
                0x080030b8      0x10c ..\obj\mbfuncholding.o
                0x080030b8                eMBFuncReadHoldingRegister
 .text.eMBFuncReadWriteMultipleHoldingRegister
                0x080031c4      0x1a0 ..\obj\mbfuncholding.o
                0x080031c4                eMBFuncReadWriteMultipleHoldingRegister
 .text.USBD_Init
                0x08003364       0x58 ..\obj\usbd_core.o
                0x08003364                USBD_Init
 .text.USBD_DeInit
                0x080033bc       0x18 ..\obj\usbd_core.o
                0x080033bc                USBD_DeInit
 .text.USBD_SetupStage
                0x080033d4       0x70 ..\obj\usbd_core.o
 .text.USBD_DataOutStage
                0x08003444       0xd4 ..\obj\usbd_core.o
 .text.USBD_DataInStage
                0x08003518      0x114 ..\obj\usbd_core.o
 .text.USBD_Reset
                0x0800362c       0x54 ..\obj\usbd_core.o
 .text.USBD_Resume
                0x08003680       0x2c ..\obj\usbd_core.o
 .text.USBD_Suspend
                0x080036ac       0x2c ..\obj\usbd_core.o
 .text.USBD_SOF
                0x080036d8       0x30 ..\obj\usbd_core.o
 .text.USBD_SetCfg
                0x08003708       0x34 ..\obj\usbd_core.o
                0x08003708                USBD_SetCfg
 .text.USBD_ClrCfg
                0x0800373c       0x2c ..\obj\usbd_core.o
                0x0800373c                USBD_ClrCfg
 .text.USBD_IsoINIncomplete
                0x08003768       0x24 ..\obj\usbd_core.o
 .text.USBD_IsoOUTIncomplete
                0x0800378c       0x24 ..\obj\usbd_core.o
 .text.main     0x080037b0       0x68 ..\obj\main.o
                0x080037b0                main
 .text.vApplicationMallocFailedHook
                0x08003818        0x8 ..\obj\main.o
                0x08003818                vApplicationMallocFailedHook
 .text.vApplicationStackOverflowHook
                0x08003820        0xc ..\obj\main.o
                0x08003820                vApplicationStackOverflowHook
 .text.vApplicationIdleHook
                0x0800382c       0x18 ..\obj\main.o
                0x0800382c                vApplicationIdleHook
 .text.usMBCRC16
                0x08003844       0x90 ..\obj\mbcrc.o
                0x08003844                usMBCRC16
 .text.UKS_Drying_Init
                0x080038d4      0x148 ..\obj\uks.o
                0x080038d4                UKS_Drying_Init
 .text.UKS_Drying_Task
                0x08003a1c       0x68 ..\obj\uks.o
                0x08003a1c                UKS_Drying_Task
 .text.UKS_Sort_Channels
                0x08003a84      0x32c ..\obj\uks.o
                0x08003a84                UKS_Sort_Channels
 .text.UKS_Channel_State_Drying
                0x08003db0      0x104 ..\obj\uks.o
                0x08003db0                UKS_Channel_State_Drying
 .text.RCC_GetClocksFreq
                0x08003eb4      0x1d4 ..\obj\stm32f4xx_rcc.o
                0x08003eb4                RCC_GetClocksFreq
 .text.RCC_AHB1PeriphClockCmd
                0x08004088       0x5c ..\obj\stm32f4xx_rcc.o
                0x08004088                RCC_AHB1PeriphClockCmd
 .text.RCC_AHB2PeriphClockCmd
                0x080040e4       0x5c ..\obj\stm32f4xx_rcc.o
                0x080040e4                RCC_AHB2PeriphClockCmd
 .text.RCC_APB1PeriphClockCmd
                0x08004140       0x5c ..\obj\stm32f4xx_rcc.o
                0x08004140                RCC_APB1PeriphClockCmd
 .text.RCC_APB2PeriphClockCmd
                0x0800419c       0x5c ..\obj\stm32f4xx_rcc.o
                0x0800419c                RCC_APB2PeriphClockCmd
 .text.RCC_APB1PeriphResetCmd
                0x080041f8       0x5c ..\obj\stm32f4xx_rcc.o
                0x080041f8                RCC_APB1PeriphResetCmd
 .text.RCC_APB2PeriphResetCmd
                0x08004254       0x5c ..\obj\stm32f4xx_rcc.o
                0x08004254                RCC_APB2PeriphResetCmd
 .text.ADC_DeInit
                0x080042b0       0x20 ..\obj\stm32f4xx_adc.o
                0x080042b0                ADC_DeInit
 .text.ADC_Init
                0x080042d0       0xc4 ..\obj\stm32f4xx_adc.o
                0x080042d0                ADC_Init
 .text.ADC_StructInit
                0x08004394       0x4c ..\obj\stm32f4xx_adc.o
                0x08004394                ADC_StructInit
 .text.ADC_CommonInit
                0x080043e0       0x60 ..\obj\stm32f4xx_adc.o
                0x080043e0                ADC_CommonInit
 .text.ADC_CommonStructInit
                0x08004440       0x34 ..\obj\stm32f4xx_adc.o
                0x08004440                ADC_CommonStructInit
 .text.ADC_Cmd  0x08004474       0x38 ..\obj\stm32f4xx_adc.o
                0x08004474                ADC_Cmd
 .text.ADC_RegularChannelConfig
                0x080044ac      0x1d0 ..\obj\stm32f4xx_adc.o
                0x080044ac                ADC_RegularChannelConfig
 .text.ADC_GetFlagStatus
                0x0800467c       0x40 ..\obj\stm32f4xx_adc.o
                0x0800467c                ADC_GetFlagStatus
 .text.eMBFuncReadInputRegister
                0x080046bc      0x110 ..\obj\mbfuncinput.o
                0x080046bc                eMBFuncReadInputRegister
 .text.PutChar  0x080047cc       0x24 ..\obj\printf.o
                0x080047cc                PutChar
 .text.PutString
                0x080047f0       0x48 ..\obj\printf.o
                0x080047f0                PutString
 .text.PutUnsignedInt
                0x08004838       0xbc ..\obj\printf.o
                0x08004838                PutUnsignedInt
 .text.PutSignedInt
                0x080048f4      0x12c ..\obj\printf.o
                0x080048f4                PutSignedInt
 .text.PutHexa  0x08004a20       0xe8 ..\obj\printf.o
                0x08004a20                PutHexa
 .text.vsnprintf
                0x08004b08      0x2a4 ..\obj\printf.o
                0x08004b08                vsnprintf
 .text.vsprintf
                0x08004dac       0x28 ..\obj\printf.o
                0x08004dac                vsprintf
 .text.sprintf  0x08004dd4       0x30 ..\obj\printf.o
                0x08004dd4                sprintf
 .text.NVIC_EnableIRQ
                0x08004e04       0x38 ..\obj\phaze_detector.o
 .text.Phaze_Detector_Init
                0x08004e3c      0x174 ..\obj\phaze_detector.o
                0x08004e3c                Phaze_Detector_Init
 .text.Set_Heater_Power
                0x08004fb0       0x58 ..\obj\phaze_detector.o
                0x08004fb0                Set_Heater_Power
 .text.EXTI0_IRQHandler
                0x08005008      0x114 ..\obj\phaze_detector.o
                0x08005008                EXTI0_IRQHandler
 .text.EXTI1_IRQHandler
                0x0800511c       0x38 ..\obj\phaze_detector.o
                0x0800511c                EXTI1_IRQHandler
 .text.Display_Init
                0x08005154       0x4c ..\obj\display.o
                0x08005154                Display_Init
 .text.Display_Task
                0x080051a0      0x454 ..\obj\display.o
                0x080051a0                Display_Task
 .text.Delay    0x080055f4       0x44 ..\obj\hd44780.o
 .text.HD44780_Init
                0x08005638      0x110 ..\obj\hd44780.o
                0x08005638                HD44780_Init
 .text.HD44780_Reinit
                0x08005748      0x100 ..\obj\hd44780.o
                0x08005748                HD44780_Reinit
 .text.HD44780_InitPins
                0x08005848       0x80 ..\obj\hd44780.o
                0x08005848                HD44780_InitPins
 .text.HD44780_Clear
                0x080058c8       0x18 ..\obj\hd44780.o
                0x080058c8                HD44780_Clear
 .text.HD44780_Cmd
                0x080058e0       0x28 ..\obj\hd44780.o
                0x080058e0                HD44780_Cmd
 .text.HD44780_Data
                0x08005908       0x28 ..\obj\hd44780.o
                0x08005908                HD44780_Data
 .text.HD44780_Cmd4bit
                0x08005930       0xb0 ..\obj\hd44780.o
                0x08005930                HD44780_Cmd4bit
 .text.HD44780_Cmd8bit
                0x080059e0       0xb0 ..\obj\hd44780.o
                0x080059e0                HD44780_Cmd8bit
 .text.HD44780_CursorSet
                0x08005a90       0x74 ..\obj\hd44780.o
                0x08005a90                HD44780_CursorSet
 .text.HD44780_Puts
                0x08005b04      0x114 ..\obj\hd44780.o
                0x08005b04                HD44780_Puts
 .text.HD44780_DisplayOn
                0x08005c18       0x38 ..\obj\hd44780.o
                0x08005c18                HD44780_DisplayOn
 .text.xTaskGenericCreate
                0x08005c50      0x1f8 ..\obj\tasks.o
                0x08005c50                xTaskGenericCreate
 .text.vTaskDelay
                0x08005e48       0x5c ..\obj\tasks.o
                0x08005e48                vTaskDelay
 .text.vTaskSuspend
                0x08005ea4       0xc0 ..\obj\tasks.o
                0x08005ea4                vTaskSuspend
 .text.xTaskIsTaskSuspended
                0x08005f64       0x60 ..\obj\tasks.o
                0x08005f64                xTaskIsTaskSuspended
 .text.vTaskResume
                0x08005fc4       0xbc ..\obj\tasks.o
                0x08005fc4                vTaskResume
 .text.vTaskStartScheduler
                0x08006080       0x84 ..\obj\tasks.o
                0x08006080                vTaskStartScheduler
 .text.vTaskSuspendAll
                0x08006104       0x24 ..\obj\tasks.o
                0x08006104                vTaskSuspendAll
 .text.xTaskResumeAll
                0x08006128      0x16c ..\obj\tasks.o
                0x08006128                xTaskResumeAll
 .text.vTaskIncrementTick
                0x08006294      0x1d0 ..\obj\tasks.o
                0x08006294                vTaskIncrementTick
 .text.vTaskSwitchContext
                0x08006464      0x168 ..\obj\tasks.o
                0x08006464                vTaskSwitchContext
 .text.vTaskPlaceOnEventList
                0x080065cc       0x88 ..\obj\tasks.o
                0x080065cc                vTaskPlaceOnEventList
 .text.xTaskRemoveFromEventList
                0x08006654       0xd4 ..\obj\tasks.o
                0x08006654                xTaskRemoveFromEventList
 .text.vTaskSetTimeOutState
                0x08006728       0x40 ..\obj\tasks.o
                0x08006728                vTaskSetTimeOutState
 .text.xTaskCheckForTimeOut
                0x08006768       0xc4 ..\obj\tasks.o
                0x08006768                xTaskCheckForTimeOut
 .text.vTaskMissedYield
                0x0800682c       0x18 ..\obj\tasks.o
                0x0800682c                vTaskMissedYield
 .text.prvIdleTask
                0x08006844       0x24 ..\obj\tasks.o
 .text.prvInitialiseTCBVariables
                0x08006868       0x7c ..\obj\tasks.o
 .text.prvInitialiseTaskLists
                0x080068e4       0xa4 ..\obj\tasks.o
 .text.prvCheckTasksWaitingTermination
                0x08006988       0x98 ..\obj\tasks.o
 .text.prvAddCurrentTaskToDelayedList
                0x08006a20       0x8c ..\obj\tasks.o
 .text.prvAllocateTCBAndStack
                0x08006aac       0x74 ..\obj\tasks.o
 .text.prvDeleteTCB
                0x08006b20       0x20 ..\obj\tasks.o
 .text.xTaskGetCurrentTaskHandle
                0x08006b40       0x20 ..\obj\tasks.o
                0x08006b40                xTaskGetCurrentTaskHandle
 .text.vTaskPriorityInherit
                0x08006b60       0xe8 ..\obj\tasks.o
                0x08006b60                vTaskPriorityInherit
 .text.vTaskPriorityDisinherit
                0x08006c48       0x90 ..\obj\tasks.o
                0x08006c48                vTaskPriorityDisinherit
 .text.USBD_USR_DeviceDescriptor
                0x08006cd8       0x28 ..\obj\usbd_desc.o
                0x08006cd8                USBD_USR_DeviceDescriptor
 .text.USBD_USR_LangIDStrDescriptor
                0x08006d00       0x28 ..\obj\usbd_desc.o
                0x08006d00                USBD_USR_LangIDStrDescriptor
 .text.USBD_USR_ProductStrDescriptor
                0x08006d28       0x54 ..\obj\usbd_desc.o
                0x08006d28                USBD_USR_ProductStrDescriptor
 .text.USBD_USR_ManufacturerStrDescriptor
                0x08006d7c       0x34 ..\obj\usbd_desc.o
                0x08006d7c                USBD_USR_ManufacturerStrDescriptor
 .text.USBD_USR_SerialStrDescriptor
                0x08006db0       0x54 ..\obj\usbd_desc.o
                0x08006db0                USBD_USR_SerialStrDescriptor
 .text.USBD_USR_ConfigStrDescriptor
                0x08006e04       0x54 ..\obj\usbd_desc.o
                0x08006e04                USBD_USR_ConfigStrDescriptor
 .text.USBD_USR_InterfaceStrDescriptor
                0x08006e58       0x54 ..\obj\usbd_desc.o
                0x08006e58                USBD_USR_InterfaceStrDescriptor
 .text.Keyboard_Init
                0x08006eac       0x78 ..\obj\keyboard.o
                0x08006eac                Keyboard_Init
 .text.vKeyboardTask
                0x08006f24      0x1d0 ..\obj\keyboard.o
 .text.GPIO_Init
                0x080070f4      0x158 ..\obj\stm32f4xx_gpio.o
                0x080070f4                GPIO_Init
 .text.GPIO_StructInit
                0x0800724c       0x3c ..\obj\stm32f4xx_gpio.o
                0x0800724c                GPIO_StructInit
 .text.GPIO_ReadInputDataBit
                0x08007288       0x40 ..\obj\stm32f4xx_gpio.o
                0x08007288                GPIO_ReadInputDataBit
 .text.GPIO_WriteBit
                0x080072c8       0x30 ..\obj\stm32f4xx_gpio.o
                0x080072c8                GPIO_WriteBit
 .text.GPIO_PinAFConfig
                0x080072f8       0xb0 ..\obj\stm32f4xx_gpio.o
                0x080072f8                GPIO_PinAFConfig
 .text.xMBPortTimersInit
                0x080073a8       0xe0 ..\obj\porttimer.o
                0x080073a8                xMBPortTimersInit
 .text.vMBPortTimersEnable
                0x08007488       0x4c ..\obj\porttimer.o
                0x08007488                vMBPortTimersEnable
 .text.vMBPortTimersDisable
                0x080074d4       0x4c ..\obj\porttimer.o
                0x080074d4                vMBPortTimersDisable
 .text.TIM4_IRQHandler
                0x08007520       0x24 ..\obj\porttimer.o
                0x08007520                TIM4_IRQHandler
 .text.VCP_Init
                0x08007544       0x10 ..\obj\usbd_cdc_vcp.o
 .text.VCP_DeInit
                0x08007554       0x10 ..\obj\usbd_cdc_vcp.o
 .text.VCP_Ctrl
                0x08007564       0xbc ..\obj\usbd_cdc_vcp.o
 .text.VCP_DataTx
                0x08007620       0x84 ..\obj\usbd_cdc_vcp.o
                0x08007620                VCP_DataTx
 .text.VCP_DataRx
                0x080076a4       0xa0 ..\obj\usbd_cdc_vcp.o
                0x080076a4                VCP_DataRx
 .text.VCP_get_char
                0x08007744       0x84 ..\obj\usbd_cdc_vcp.o
                0x08007744                VCP_get_char
 .text.vListInitialise
                0x080077c8       0x48 ..\obj\list.o
                0x080077c8                vListInitialise
 .text.vListInitialiseItem
                0x08007810       0x1c ..\obj\list.o
                0x08007810                vListInitialiseItem
 .text.vListInsertEnd
                0x0800782c       0x54 ..\obj\list.o
                0x0800782c                vListInsertEnd
 .text.vListInsert
                0x08007880       0x78 ..\obj\list.o
                0x08007880                vListInsert
 .text.vListRemove
                0x080078f8       0x54 ..\obj\list.o
                0x080078f8                vListRemove
 .text.eMBRTUInit
                0x0800794c       0x84 ..\obj\mbrtu.o
                0x0800794c                eMBRTUInit
 .text.eMBRTUStart
                0x080079d0       0x2c ..\obj\mbrtu.o
                0x080079d0                eMBRTUStart
 .text.eMBRTUStop
                0x080079fc       0x20 ..\obj\mbrtu.o
                0x080079fc                eMBRTUStop
 .text.eMBRTUReceive
                0x08007a1c       0x9c ..\obj\mbrtu.o
                0x08007a1c                eMBRTUReceive
 .text.eMBRTUSend
                0x08007ab8      0x124 ..\obj\mbrtu.o
                0x08007ab8                eMBRTUSend
 .text.xMBRTUReceiveFSM
                0x08007bdc       0xf0 ..\obj\mbrtu.o
                0x08007bdc                xMBRTUReceiveFSM
 .text.xMBRTUTransmitFSM
                0x08007ccc       0xa4 ..\obj\mbrtu.o
                0x08007ccc                xMBRTUTransmitFSM
 .text.xMBRTUTimerT35Expired
                0x08007d70       0x60 ..\obj\mbrtu.o
                0x08007d70                xMBRTUTimerT35Expired
 .text.SystemInit
                0x08007dd0       0x94 ..\obj\system_stm32f4xx.o
                0x08007dd0                SystemInit
 .text.SetSysClock
                0x08007e64      0x150 ..\obj\system_stm32f4xx.o
 .text.ADC_Channel_Init
                0x08007fb4      0x15c ..\obj\adc.o
                0x08007fb4                ADC_Channel_Init
 .text.bubblesort
                0x08008110       0xa4 ..\obj\adc.o
                0x08008110                bubblesort
 *fill*         0x080081b4        0x4 00
 .text.ADC_Task
                0x080081b8      0x308 ..\obj\adc.o
 .text.USB_OTG_BSP_Init
                0x080084c0      0x100 ..\obj\usb_bsp.o
                0x080084c0                USB_OTG_BSP_Init
 .text.USB_OTG_BSP_EnableInterrupt
                0x080085c0       0x3c ..\obj\usb_bsp.o
                0x080085c0                USB_OTG_BSP_EnableInterrupt
 .text.USB_OTG_BSP_uDelay
                0x080085fc       0x58 ..\obj\usb_bsp.o
                0x080085fc                USB_OTG_BSP_uDelay
 .text.USB_OTG_BSP_mDelay
                0x08008654       0x20 ..\obj\usb_bsp.o
                0x08008654                USB_OTG_BSP_mDelay
 .text.OTG_FS_WKUP_IRQHandler
                0x08008674       0x44 ..\obj\usb_bsp.o
                0x08008674                OTG_FS_WKUP_IRQHandler
 .text.OTG_FS_IRQHandler
                0x080086b8       0x14 ..\obj\usb_bsp.o
                0x080086b8                OTG_FS_IRQHandler
 .text.USBD_StdDevReq
                0x080086cc       0xa4 ..\obj\usbd_req.o
                0x080086cc                USBD_StdDevReq
 .text.USBD_StdItfReq
                0x08008770       0x70 ..\obj\usbd_req.o
                0x08008770                USBD_StdItfReq
 .text.USBD_StdEPReq
                0x080087e0      0x1d8 ..\obj\usbd_req.o
                0x080087e0                USBD_StdEPReq
 .text.USBD_GetDescriptor
                0x080089b8      0x1c8 ..\obj\usbd_req.o
 .text.USBD_SetAddress
                0x08008b80       0x80 ..\obj\usbd_req.o
 .text.USBD_SetConfig
                0x08008c00      0x134 ..\obj\usbd_req.o
 .text.USBD_GetConfig
                0x08008d34       0x68 ..\obj\usbd_req.o
 .text.USBD_GetStatus
                0x08008d9c       0x68 ..\obj\usbd_req.o
 .text.USBD_SetFeature
                0x08008e04       0xe0 ..\obj\usbd_req.o
 .text.USBD_ClrFeature
                0x08008ee4       0x58 ..\obj\usbd_req.o
 .text.USBD_ParseSetupRequest
                0x08008f3c       0xbc ..\obj\usbd_req.o
                0x08008f3c                USBD_ParseSetupRequest
 .text.USBD_CtlError
                0x08008ff8       0x50 ..\obj\usbd_req.o
                0x08008ff8                USBD_CtlError
 .text.USBD_GetString
                0x08009048       0x9c ..\obj\usbd_req.o
                0x08009048                USBD_GetString
 .text.USBD_GetLen
                0x080090e4       0x38 ..\obj\usbd_req.o
 .text.xQueueGenericReset
                0x0800911c       0xc0 ..\obj\queue.o
                0x0800911c                xQueueGenericReset
 .text.xQueueGenericCreate
                0x080091dc       0x90 ..\obj\queue.o
                0x080091dc                xQueueGenericCreate
 .text.xQueueGenericSend
                0x0800926c      0x158 ..\obj\queue.o
                0x0800926c                xQueueGenericSend
 .text.xQueueGenericSendFromISR
                0x080093c4       0xcc ..\obj\queue.o
                0x080093c4                xQueueGenericSendFromISR
 .text.xQueueGenericReceive
                0x08009490      0x1bc ..\obj\queue.o
                0x08009490                xQueueGenericReceive
 .text.prvCopyDataToQueue
                0x0800964c       0xc4 ..\obj\queue.o
 .text.prvCopyDataFromQueue
                0x08009710       0x50 ..\obj\queue.o
 .text.prvUnlockQueue
                0x08009760       0xa0 ..\obj\queue.o
 .text.prvIsQueueEmpty
                0x08009800       0x2c ..\obj\queue.o
 .text.prvIsQueueFull
                0x0800982c       0x30 ..\obj\queue.o
 .text.pxPortInitialiseStack
                0x0800985c       0x60 ..\obj\port.o
                0x0800985c                pxPortInitialiseStack
 .text.SVC_Handler
                0x080098bc       0x20 ..\obj\port.o
                0x080098bc                SVC_Handler
 .text.vPortStartFirstTask
                0x080098dc       0x14 ..\obj\port.o
                0x080098dc                vPortStartFirstTask
 .text.xPortStartScheduler
                0x080098f0       0x54 ..\obj\port.o
                0x080098f0                xPortStartScheduler
 .text.vPortYieldFromISR
                0x08009944       0x18 ..\obj\port.o
                0x08009944                vPortYieldFromISR
 .text.vPortEnterCritical
                0x0800995c       0x2c ..\obj\port.o
                0x0800995c                vPortEnterCritical
 .text.vPortExitCritical
                0x08009988       0x38 ..\obj\port.o
                0x08009988                vPortExitCritical
 .text.PendSV_Handler
                0x080099c0       0x3c ..\obj\port.o
                0x080099c0                PendSV_Handler
 .text.SysTick_Handler
                0x080099fc       0x38 ..\obj\port.o
                0x080099fc                SysTick_Handler
 .text.prvSetupTimerInterrupt
                0x08009a34       0x28 ..\obj\port.o
 .text.USBD_OTG_ISR_Handler
                0x08009a5c      0x178 ..\obj\usb_dcd_int.o
                0x08009a5c                USBD_OTG_ISR_Handler
 .text.DCD_HandleResume_ISR
                0x08009bd4       0x90 ..\obj\usb_dcd_int.o
 .text.DCD_HandleUSBSuspend_ISR
                0x08009c64       0xb4 ..\obj\usb_dcd_int.o
 .text.DCD_HandleInEP_ISR
                0x08009d18      0x234 ..\obj\usb_dcd_int.o
 .text.DCD_HandleOutEP_ISR
                0x08009f4c      0x1b4 ..\obj\usb_dcd_int.o
 .text.DCD_HandleSof_ISR
                0x0800a100       0x3c ..\obj\usb_dcd_int.o
 .text.DCD_HandleRxStatusQueueLevel_ISR
                0x0800a13c      0x120 ..\obj\usb_dcd_int.o
 .text.DCD_WriteEmptyTxFifo
                0x0800a25c      0x134 ..\obj\usb_dcd_int.o
 .text.DCD_HandleUsbReset_ISR
                0x0800a390      0x168 ..\obj\usb_dcd_int.o
 .text.DCD_HandleEnumDone_ISR
                0x0800a4f8       0x88 ..\obj\usb_dcd_int.o
 .text.DCD_IsoINIncomplete_ISR
                0x0800a580       0x3c ..\obj\usb_dcd_int.o
 .text.DCD_IsoOUTIncomplete_ISR
                0x0800a5bc       0x3c ..\obj\usb_dcd_int.o
 .text.DCD_ReadDevInEP
                0x0800a5f8       0x60 ..\obj\usb_dcd_int.o
 .text.vMBPortSerialEnable
                0x0800a658       0x28 ..\obj\portserial.o
                0x0800a658                vMBPortSerialEnable
 .text.xMBPortSerialInit
                0x0800a680       0x54 ..\obj\portserial.o
                0x0800a680                xMBPortSerialInit
 .text.xMBPortSerialGetByte
                0x0800a6d4       0x28 ..\obj\portserial.o
                0x0800a6d4                xMBPortSerialGetByte
 .text.Serial_Task
                0x0800a6fc       0x2c ..\obj\portserial.o
 .text.usbd_cdc_Init
                0x0800a728       0xd0 ..\obj\usbd_cdc_core.o
 .text.usbd_cdc_DeInit
                0x0800a7f8       0x4c ..\obj\usbd_cdc_core.o
 .text.usbd_cdc_Setup
                0x0800a844      0x168 ..\obj\usbd_cdc_core.o
 .text.usbd_cdc_EP0_RxReady
                0x0800a9ac       0x60 ..\obj\usbd_cdc_core.o
 .text.usbd_cdc_DataIn
                0x0800aa0c      0x128 ..\obj\usbd_cdc_core.o
 .text.usbd_cdc_DataOut
                0x0800ab34       0x6c ..\obj\usbd_cdc_core.o
 .text.usbd_cdc_SOF
                0x0800aba0       0x50 ..\obj\usbd_cdc_core.o
 .text.Handle_USBAsynchXfer
                0x0800abf0      0x1a8 ..\obj\usbd_cdc_core.o
 .text.USBD_cdc_GetCfgDesc
                0x0800ad98       0x28 ..\obj\usbd_cdc_core.o
 .text.TIMER_PROPERTIES_GetTimerProperties
                0x0800adc0      0x124 ..\obj\timer_properties.o
                0x0800adc0                TIMER_PROPERTIES_GetTimerProperties
 .text.TIMER_PROPERTIES_GenerateDataForWorkingFrequency
                0x0800aee4      0x164 ..\obj\timer_properties.o
                0x0800aee4                TIMER_PROPERTIES_GenerateDataForWorkingFrequency
 .text.TIMER_PROPERTIES_EnableClock
                0x0800b048      0x198 ..\obj\timer_properties.o
                0x0800b048                TIMER_PROPERTIES_EnableClock
 .text.SPI_Init
                0x0800b1e0       0x98 ..\obj\stm32f4xx_spi.o
                0x0800b1e0                SPI_Init
 .text.SPI_Cmd  0x0800b278       0x40 ..\obj\stm32f4xx_spi.o
                0x0800b278                SPI_Cmd
 .text.SPI_CalculateCRC
                0x0800b2b8       0x40 ..\obj\stm32f4xx_spi.o
                0x0800b2b8                SPI_CalculateCRC
 .text.eMBFuncReadCoils
                0x0800b2f8      0x134 ..\obj\mbfunccoils.o
                0x0800b2f8                eMBFuncReadCoils
 .text.eMBFuncWriteCoil
                0x0800b42c       0xcc ..\obj\mbfunccoils.o
                0x0800b42c                eMBFuncWriteCoil
 .text.eMBFuncWriteMultipleCoils
                0x0800b4f8       0xfc ..\obj\mbfunccoils.o
                0x0800b4f8                eMBFuncWriteMultipleCoils
 .text.EXTI_Init
                0x0800b5f4      0x158 ..\obj\stm32f4xx_exti.o
                0x0800b5f4                EXTI_Init
 .text.EXTI_GetITStatus
                0x0800b74c       0x60 ..\obj\stm32f4xx_exti.o
                0x0800b74c                EXTI_GetITStatus
 .text.EXTI_ClearITPendingBit
                0x0800b7ac       0x20 ..\obj\stm32f4xx_exti.o
                0x0800b7ac                EXTI_ClearITPendingBit
 .text.NVIC_PriorityGroupConfig
                0x0800b7cc       0x28 ..\obj\misc.o
                0x0800b7cc                NVIC_PriorityGroupConfig
 .text.NVIC_Init
                0x0800b7f4       0xe8 ..\obj\misc.o
                0x0800b7f4                NVIC_Init
 .text.DCD_Init
                0x0800b8dc      0x12c ..\obj\usb_dcd.o
                0x0800b8dc                DCD_Init
 .text.DCD_EP_Open
                0x0800ba08       0xac ..\obj\usb_dcd.o
                0x0800ba08                DCD_EP_Open
 .text.DCD_EP_Close
                0x0800bab4       0x7c ..\obj\usb_dcd.o
                0x0800bab4                DCD_EP_Close
 .text.DCD_EP_PrepareRx
                0x0800bb30       0x8c ..\obj\usb_dcd.o
                0x0800bb30                DCD_EP_PrepareRx
 .text.DCD_EP_Tx
                0x0800bbbc       0x84 ..\obj\usb_dcd.o
                0x0800bbbc                DCD_EP_Tx
 .text.DCD_EP_Stall
                0x0800bc40       0x80 ..\obj\usb_dcd.o
                0x0800bc40                DCD_EP_Stall
 .text.DCD_EP_ClrStall
                0x0800bcc0       0x80 ..\obj\usb_dcd.o
                0x0800bcc0                DCD_EP_ClrStall
 .text.DCD_EP_SetAddress
                0x0800bd40       0x40 ..\obj\usb_dcd.o
                0x0800bd40                DCD_EP_SetAddress
 .text.pvPortMalloc
                0x0800bd80       0xa4 ..\obj\heap_1.o
                0x0800bd80                pvPortMalloc
 .text.vPortFree
                0x0800be24       0x14 ..\obj\heap_1.o
                0x0800be24                vPortFree
 .text.xPortGetFreeHeapSize
                0x0800be38       0x1c ..\obj\heap_1.o
                0x0800be38                xPortGetFreeHeapSize
 .text.USBD_CtlSendData
                0x0800be54       0x48 ..\obj\usbd_ioreq.o
                0x0800be54                USBD_CtlSendData
 .text.USBD_CtlContinueSendData
                0x0800be9c       0x30 ..\obj\usbd_ioreq.o
                0x0800be9c                USBD_CtlContinueSendData
 .text.USBD_CtlPrepareRx
                0x0800becc       0x48 ..\obj\usbd_ioreq.o
                0x0800becc                USBD_CtlPrepareRx
 .text.USBD_CtlContinueRx
                0x0800bf14       0x30 ..\obj\usbd_ioreq.o
                0x0800bf14                USBD_CtlContinueRx
 .text.USBD_CtlSendStatus
                0x0800bf44       0x3c ..\obj\usbd_ioreq.o
                0x0800bf44                USBD_CtlSendStatus
 .text.USBD_CtlReceiveStatus
                0x0800bf80       0x3c ..\obj\usbd_ioreq.o
                0x0800bf80                USBD_CtlReceiveStatus
 .text.TIM_TimeBaseInit
                0x0800bfbc       0xf8 ..\obj\stm32f4xx_tim.o
                0x0800bfbc                TIM_TimeBaseInit
 .text.TIM_SetCounter
                0x0800c0b4       0x1c ..\obj\stm32f4xx_tim.o
                0x0800c0b4                TIM_SetCounter
 .text.TIM_ARRPreloadConfig
                0x0800c0d0       0x40 ..\obj\stm32f4xx_tim.o
                0x0800c0d0                TIM_ARRPreloadConfig
 .text.TIM_Cmd  0x0800c110       0x40 ..\obj\stm32f4xx_tim.o
                0x0800c110                TIM_Cmd
 .text.TIM_ITConfig
                0x0800c150       0x4c ..\obj\stm32f4xx_tim.o
                0x0800c150                TIM_ITConfig
 .text.TIM_ClearITPendingBit
                0x0800c19c       0x24 ..\obj\stm32f4xx_tim.o
                0x0800c19c                TIM_ClearITPendingBit
 .text.NVIC_SystemReset
                0x0800c1c0       0x34 ..\obj\power_detector.o
 .text.Power_Detector_Init
                0x0800c1f4       0x80 ..\obj\power_detector.o
                0x0800c1f4                Power_Detector_Init
 .text.PVD_IRQHandler
                0x0800c274       0x20 ..\obj\power_detector.o
                0x0800c274                PVD_IRQHandler
 .text          0x0800c294      0x370 c:/coocox/coide/gcc/sourcery g++ lite/bin/../lib/gcc/arm-none-eabi/4.5.1/thumb2\libgcc.a(_arm_addsubdf3.o)
                0x0800c294                __aeabi_drsub
                0x0800c29c                __aeabi_dsub
                0x0800c29c                __subdf3
                0x0800c2a0                __aeabi_dadd
                0x0800c2a0                __adddf3
                0x0800c518                __floatunsidf
                0x0800c518                __aeabi_ui2d
                0x0800c538                __floatsidf
                0x0800c538                __aeabi_i2d
                0x0800c55c                __aeabi_f2d
                0x0800c55c                __extendsfdf2
                0x0800c598                __floatundidf
                0x0800c598                __aeabi_ul2d
                0x0800c5a8                __floatdidf
                0x0800c5a8                __aeabi_l2d
 .text          0x0800c604      0x424 c:/coocox/coide/gcc/sourcery g++ lite/bin/../lib/gcc/arm-none-eabi/4.5.1/thumb2\libgcc.a(_arm_muldivdf3.o)
                0x0800c604                __aeabi_dmul
                0x0800c604                __muldf3
                0x0800c858                __divdf3
                0x0800c858                __aeabi_ddiv
 .text          0x0800ca28      0x110 c:/coocox/coide/gcc/sourcery g++ lite/bin/../lib/gcc/arm-none-eabi/4.5.1/thumb2\libgcc.a(_arm_cmpdf2.o)
                0x0800ca28                __gtdf2
                0x0800ca28                __gedf2
                0x0800ca30                __ltdf2
                0x0800ca30                __ledf2
                0x0800ca38                __nedf2
                0x0800ca38                __eqdf2
                0x0800ca38                __cmpdf2
                0x0800cab4                __aeabi_cdrcmple
                0x0800cac4                __aeabi_cdcmpeq
                0x0800cac4                __aeabi_cdcmple
                0x0800cad4                __aeabi_dcmpeq
                0x0800cae8                __aeabi_dcmplt
                0x0800cafc                __aeabi_dcmple
                0x0800cb10                __aeabi_dcmpge
                0x0800cb24                __aeabi_dcmpgt
 .text          0x0800cb38       0x40 c:/coocox/coide/gcc/sourcery g++ lite/bin/../lib/gcc/arm-none-eabi/4.5.1/thumb2\libgcc.a(_arm_fixunsdfsi.o)
                0x0800cb38                __aeabi_d2uiz
                0x0800cb38                __fixunsdfsi
 .text          0x0800cb78       0xa0 c:/coocox/coide/gcc/sourcery g++ lite/bin/../lib/gcc/arm-none-eabi/4.5.1/thumb2\libgcc.a(_arm_truncdfsf2.o)
                0x0800cb78                __truncdfsf2
                0x0800cb78                __aeabi_d2f
 .text          0x0800cc18      0x21c c:/coocox/coide/gcc/sourcery g++ lite/bin/../lib/gcc/arm-none-eabi/4.5.1/thumb2\libgcc.a(_arm_addsubsf3.o)
                0x0800cc18                __aeabi_frsub
                0x0800cc20                __subsf3
                0x0800cc20                __aeabi_fsub
                0x0800cc24                __aeabi_fadd
                0x0800cc24                __addsf3
                0x0800cd84                __aeabi_ui2f
                0x0800cd84                __floatunsisf
                0x0800cd8c                __aeabi_i2f
                0x0800cd8c                __floatsisf
                0x0800cda8                __aeabi_ul2f
                0x0800cda8                __floatundisf
                0x0800cdb8                __aeabi_l2f
                0x0800cdb8                __floatdisf
 .text          0x0800ce34      0x2a0 c:/coocox/coide/gcc/sourcery g++ lite/bin/../lib/gcc/arm-none-eabi/4.5.1/thumb2\libgcc.a(_arm_muldivsf3.o)
                0x0800ce34                __mulsf3
                0x0800ce34                __aeabi_fmul
                0x0800cf9c                __aeabi_fdiv
                0x0800cf9c                __divsf3
 .text          0x0800d0d4       0xec c:/coocox/coide/gcc/sourcery g++ lite/bin/../lib/gcc/arm-none-eabi/4.5.1/thumb2\libgcc.a(_arm_cmpsf2.o)
                0x0800d0d4                __gesf2
                0x0800d0d4                __gtsf2
                0x0800d0dc                __lesf2
                0x0800d0dc                __ltsf2
                0x0800d0e4                __nesf2
                0x0800d0e4                __eqsf2
                0x0800d0e4                __cmpsf2
                0x0800d144                __aeabi_cfrcmple
                0x0800d14c                __aeabi_cfcmpeq
                0x0800d14c                __aeabi_cfcmple
                0x0800d15c                __aeabi_fcmpeq
                0x0800d170                __aeabi_fcmplt
                0x0800d184                __aeabi_fcmple
                0x0800d198                __aeabi_fcmpge
                0x0800d1ac                __aeabi_fcmpgt
 .text          0x0800d1c0       0x4c c:/coocox/coide/gcc/sourcery g++ lite/bin/../lib/gcc/arm-none-eabi/4.5.1/thumb2\libgcc.a(_arm_fixsfsi.o)
                0x0800d1c0                __aeabi_f2iz
                0x0800d1c0                __fixsfsi
 .text          0x0800d20c       0x40 c:/coocox/coide/gcc/sourcery g++ lite/bin/../lib/gcc/arm-none-eabi/4.5.1/thumb2\libgcc.a(_arm_fixunssfsi.o)
                0x0800d20c                __fixunssfsi
                0x0800d20c                __aeabi_f2uiz
 .text          0x0800d24c       0x58 c:/coocox/coide/gcc/sourcery g++ lite/bin/../lib/gcc/arm-none-eabi/4.5.1/../../../../arm-none-eabi/lib/thumb2\libc.a(lib_a-memcmp.o)
                0x0800d24c                memcmp
 .text          0x0800d2a4      0x150 c:/coocox/coide/gcc/sourcery g++ lite/bin/../lib/gcc/arm-none-eabi/4.5.1/../../../../arm-none-eabi/lib/thumb2\libc.a(lib_a-memcpy.o)
                0x0800d2a4                memcpy
 .text          0x0800d3f4       0xb4 c:/coocox/coide/gcc/sourcery g++ lite/bin/../lib/gcc/arm-none-eabi/4.5.1/../../../../arm-none-eabi/lib/thumb2\libc.a(lib_a-memset.o)
                0x0800d3f4                memset
 .text          0x0800d4a8       0x7c c:/coocox/coide/gcc/sourcery g++ lite/bin/../lib/gcc/arm-none-eabi/4.5.1/../../../../arm-none-eabi/lib/thumb2\libc.a(lib_a-strncpy.o)
                0x0800d4a8                strncpy
 *(.glue_7t)
 .glue_7t       0x00000000        0x0 linker stubs
 *(.glue_7)
 .glue_7        0x00000000        0x0 linker stubs
 *(.rodata .rodata* .gnu.linkonce.r.*)
 .rodata        0x0800d524        0x4 ..\obj\pid_regulator.o
 .rodata        0x0800d528        0x8 ..\obj\protocol.o
 .rodata        0x0800d530        0x8 ..\obj\buzzer.o
 .rodata        0x0800d538       0x10 ..\obj\ADS1120.o
 .rodata        0x0800d548      0x200 ..\obj\mbcrc.o
 .rodata        0x0800d748       0x14 ..\obj\uks.o
 .rodata        0x0800d75c       0x74 ..\obj\display.o
 .rodata        0x0800d7d0        0x4 ..\obj\hd44780.o
 .rodata        0x0800d7d4       0x1c ..\obj\tasks.o
 .rodata        0x0800d7f0       0x98 ..\obj\usbd_desc.o
 .rodata        0x0800d888        0xc ..\obj\keyboard.o
 .rodata        0x0800d894       0x24 ..\obj\adc.o
 .rodata        0x0800d8b8        0x8 ..\obj\portserial.o

.vfp11_veneer   0x0800d8c0        0x0
 .vfp11_veneer  0x00000000        0x0 linker stubs

.v4_bx          0x0800d8c0        0x0
 .v4_bx         0x00000000        0x0 linker stubs

.ARM.extab
 *(.ARM.extab* .gnu.linkonce.armextab.*)

.ARM.exidx
 *(.ARM.exidx* .gnu.linkonce.armexidx.*)
                0x0800d8c0                . = ALIGN (0x4)
                0x0800d8c0                _etext = .
                0x0800d8c0                _sidata = .

.data           0x20000000      0x210 load address 0x0800d8c0
                0x20000000                _sdata = .
 *(.data .data.*)
 .data          0x20000000       0x1c ..\obj\mbport.o
                0x20000000                usRegInputBuf
                0x20000014                usRegHoldingBuf
                0x20000018                REG_INPUT_START
                0x20000019                REG_HOLDING_START
                0x2000001a                REG_INPUT_NREGS
                0x2000001b                REG_HOLDING_NREGS
 .data          0x2000001c       0x84 ..\obj\mb.o
 .data          0x200000a0       0x1c ..\obj\usbd_usr.o
                0x200000a0                USR_cb
 .data          0x200000bc       0x30 ..\obj\usbd_core.o
                0x200000bc                USBD_DCD_INT_cb
                0x200000e8                USBD_DCD_INT_fops
 .data          0x200000ec       0x10 ..\obj\stm32f4xx_rcc.o
 .data          0x200000fc       0x30 ..\obj\display.o
                0x200000fc                drying_states
 .data          0x2000012c        0x4 ..\obj\tasks.o
 .data          0x20000130       0x40 ..\obj\usbd_desc.o
                0x20000130                USR_desc
                0x2000014c                USBD_DeviceDesc
                0x20000160                USBD_DeviceQualifierDesc
                0x2000016c                USBD_LangIDDesc
 .data          0x20000170       0x14 ..\obj\usbd_cdc_vcp.o
                0x20000170                VCP_fops
 .data          0x20000184       0x14 ..\obj\system_stm32f4xx.o
                0x20000184                SystemCoreClock
                0x20000188                AHBPrescTable
 .data          0x20000198        0x4 ..\obj\port.o
 .data          0x2000019c       0x74 ..\obj\usbd_cdc_core.o
                0x2000019c                usbd_cdc_CfgDesc
                0x200001e4                USBD_CDC_cb
                0x20000210                . = ALIGN (0x4)
                0x20000210                _edata = .

.bss            0x20000210     0x3458 load address 0x0800dad0
                0x20000210                _sbss = .
 *(.bss .bss.*)
 .bss           0x20000210       0x10 ..\obj\delay.o
                0x20000210                TimingDelay
                0x20000214                Time
                0x20000218                Time2
                0x2000021c                DELAY_Initialized
 .bss           0x20000220        0x2 ..\obj\mbport.o
                0x20000220                usRegInputStart
                0x20000221                usRegHoldingStart
 *fill*         0x20000222        0x2 00
 .bss           0x20000224       0x24 ..\obj\mb.o
 .bss           0x20000248        0x4 ..\obj\pid_regulator.o
 .bss           0x2000024c        0x2 ..\obj\portevent.o
 *fill*         0x2000024e        0x2 00
 .bss           0x20000250       0x24 ..\obj\mbfuncother.o
 .bss           0x20000274        0x8 ..\obj\phaze_detector.o
 .bss           0x2000027c       0x24 ..\obj\display.o
 .bss           0x200002a0      0x100 ..\obj\tasks.o
                0x200002a0                pxCurrentTCB
 .bss           0x200003a0        0x2 ..\obj\keyboard.o
 *fill*         0x200003a2        0x2 00
 .bss           0x200003a4        0xc ..\obj\mbrtu.o
 .bss           0x200003b0       0x10 ..\obj\usbd_req.o
                0x200003b0                USBD_ep_status
                0x200003b4                USBD_default_cfg
                0x200003b8                USBD_cfg_status
 .bss           0x200003c0        0x1 ..\obj\portserial.o
 *fill*         0x200003c1        0x3 00
 .bss           0x200003c4       0x20 ..\obj\usbd_cdc_core.o
                0x200003c8                APP_Rx_ptr_in
                0x200003cc                APP_Rx_ptr_out
                0x200003d0                APP_Rx_length
                0x200003d4                USB_Tx_State
 *fill*         0x200003e4        0x4 00
 .bss           0x200003e8     0x1c08 ..\obj\heap_1.o
 *(COMMON)
 COMMON         0x20001ff0       0x14 ..\obj\mb.o
                0x20001ff0                pxMBFrameCBTransmitterEmpty
                0x20001ff4                pxMBPortCBTimerExpired
                0x20001ff8                pxMBFrameCBByteReceived
                0x20001ffc                pxMBFrameCBTransmitFSMCur
                0x20002000                pxMBFrameCBReceiveFSMCur
 COMMON         0x20002004       0x1c ..\obj\pid_regulator.o
                0x20002004                pid_heater
 COMMON         0x20002020        0x6 ..\obj\buzzer.o
                0x20002020                xBuzzer_Handle
                0x20002024                buzz
 *fill*         0x20002026        0x2 00
 COMMON         0x20002028       0x38 ..\obj\ADS1120.o
                0x20002028                ADC_result
                0x2000202c                adc_reg
                0x20002030                xSPI_Buf_Mutex
                0x20002034                ADC_result_temp
                0x20002038                ADS1120_res
 COMMON         0x20002060      0x5f0 ..\obj\main.o
                0x20002060                USB_OTG_dev
 COMMON         0x20002650      0x4b8 ..\obj\uks.o
                0x20002650                uks_channels
 COMMON         0x20002b08        0xa ..\obj\phaze_detector.o
                0x20002b08                xPhazeSemaphore
                0x20002b0c                phaze_detect
 *fill*         0x20002b12        0x2 00
 COMMON         0x20002b14       0x10 ..\obj\watchdog.o
                0x20002b14                task_watches
 COMMON         0x20002b24        0x7 ..\obj\hd44780.o
                0x20002b24                HD44780_Opts
 *fill*         0x20002b2b        0x1 00
 COMMON         0x20002b2c       0x88 ..\obj\usbd_cdc_vcp.o
                0x20002b2c                APP_Tx_Buffer
                0x20002bac                APP_tx_ptr_tail
                0x20002bb0                APP_tx_ptr_head
 COMMON         0x20002bb4      0x100 ..\obj\mbrtu.o
                0x20002bb4                ucRTUBuf
 COMMON         0x20002cb4       0xf2 ..\obj\adc.o
                0x20002cb4                xMeasure_LM35_Semaphore
                0x20002cb8                adc_lm35_chnl
 *fill*         0x20002da6        0x2 00
 COMMON         0x20002da8       0x32 ..\obj\usbd_req.o
                0x20002da8                USBD_StrDesc
 *fill*         0x20002dda        0x2 00
 COMMON         0x20002ddc      0x88c ..\obj\usbd_cdc_core.o
                0x20002ddc                usbd_cdc_OtherCfgDesc
                0x20002e20                USB_Rx_Buffer
                0x20002e60                CmdBuff
                0x20002e68                APP_Rx_Buffer
                0x20003668                . = ALIGN (0x4)
                0x20003668                _ebss = .

.co_stack       0x20003668      0x800 load address 0x08010f28
                0x20003668                . = ALIGN (0x8)
 *(.co_stack .co_stack.*)
 .co_stack      0x20003668      0x800 ..\obj\startup_stm32f4xx.o
                0x20003668                pulStack
                0x20003e68                . = ALIGN (0x4)
                0x20003e68                _end = .
LOAD ..\obj\stm32f4xx_syscfg.o
LOAD ..\obj\usb_core.o
LOAD ..\obj\delay.o
LOAD ..\obj\mbport.o
LOAD ..\obj\mb.o
LOAD ..\obj\pid_regulator.o
LOAD ..\obj\protocol.o
LOAD ..\obj\mbfuncdisc.o
LOAD ..\obj\usbd_usr.o
LOAD ..\obj\portevent.o
LOAD ..\obj\buzzer.o
LOAD ..\obj\mbfuncother.o
LOAD ..\obj\stm32f4xx_usart.o
LOAD ..\obj\stm32f4xx_pwr.o
LOAD ..\obj\rtc.o
LOAD ..\obj\mbutils.o
LOAD ..\obj\startup_stm32f4xx.o
LOAD ..\obj\backup_sram.o
LOAD ..\obj\stm32f4xx_iwdg.o
LOAD ..\obj\ADS1120.o
LOAD ..\obj\mbfuncholding.o
LOAD ..\obj\usbd_core.o
LOAD ..\obj\main.o
LOAD ..\obj\mbcrc.o
LOAD ..\obj\uks.o
LOAD ..\obj\stm32f4xx_rcc.o
LOAD ..\obj\timers.o
LOAD ..\obj\stm32f4xx_adc.o
LOAD ..\obj\mbfuncinput.o
LOAD ..\obj\printf.o
LOAD ..\obj\phaze_detector.o
LOAD ..\obj\watchdog.o
LOAD ..\obj\mbfuncdiag.o
LOAD ..\obj\display.o
LOAD ..\obj\hd44780.o
LOAD ..\obj\tasks.o
LOAD ..\obj\usbd_desc.o
LOAD ..\obj\keyboard.o
LOAD ..\obj\stm32f4xx_gpio.o
LOAD ..\obj\porttimer.o
LOAD ..\obj\usbd_cdc_vcp.o
LOAD ..\obj\list.o
LOAD ..\obj\mbrtu.o
LOAD ..\obj\system_stm32f4xx.o
LOAD ..\obj\syscalls.o
LOAD ..\obj\adc.o
LOAD ..\obj\usb_bsp.o
LOAD ..\obj\usbd_req.o
LOAD ..\obj\queue.o
LOAD ..\obj\port.o
LOAD ..\obj\usb_dcd_int.o
LOAD ..\obj\portserial.o
LOAD ..\obj\usbd_cdc_core.o
LOAD ..\obj\croutine.o
LOAD ..\obj\timer_properties.o
LOAD ..\obj\stm32f4xx_spi.o
LOAD ..\obj\mbfunccoils.o
LOAD ..\obj\stm32f4xx_exti.o
LOAD ..\obj\misc.o
LOAD ..\obj\usb_dcd.o
LOAD ..\obj\heap_1.o
LOAD ..\obj\stm32f4xx_rtc.o
LOAD ..\obj\usbd_ioreq.o
LOAD ..\obj\mbascii.o
LOAD ..\obj\stm32f4xx_tim.o
LOAD ..\obj\power_detector.o
START GROUP
LOAD c:/coocox/coide/gcc/sourcery g++ lite/bin/../lib/gcc/arm-none-eabi/4.5.1/thumb2\libgcc.a
LOAD c:/coocox/coide/gcc/sourcery g++ lite/bin/../lib/gcc/arm-none-eabi/4.5.1/../../../../arm-none-eabi/lib/thumb2\libc.a
END GROUP
OUTPUT(stm32f2_uks.elf elf32-littlearm)

.debug_abbrev   0x00000000     0x54c0
 .debug_abbrev  0x00000000      0x12a ..\obj\stm32f4xx_syscfg.o
 .debug_abbrev  0x0000012a      0x277 ..\obj\usb_core.o
 .debug_abbrev  0x000003a1      0x125 ..\obj\delay.o
 .debug_abbrev  0x000004c6      0x172 ..\obj\mbport.o
 .debug_abbrev  0x00000638      0x164 ..\obj\mb.o
 .debug_abbrev  0x0000079c      0x1af ..\obj\pid_regulator.o
 .debug_abbrev  0x0000094b       0xd5 ..\obj\protocol.o
 .debug_abbrev  0x00000a20       0xa5 ..\obj\mbfuncdisc.o
 .debug_abbrev  0x00000ac5       0xd9 ..\obj\usbd_usr.o
 .debug_abbrev  0x00000b9e       0xbc ..\obj\portevent.o
 .debug_abbrev  0x00000c5a      0x14a ..\obj\buzzer.o
 .debug_abbrev  0x00000da4       0xbe ..\obj\mbfuncother.o
 .debug_abbrev  0x00000e62      0x14e ..\obj\stm32f4xx_usart.o
 .debug_abbrev  0x00000fb0      0x175 ..\obj\stm32f4xx_pwr.o
 .debug_abbrev  0x00001125      0x125 ..\obj\rtc.o
 .debug_abbrev  0x0000124a       0xd2 ..\obj\mbutils.o
 .debug_abbrev  0x0000131c       0xac ..\obj\startup_stm32f4xx.o
 .debug_abbrev  0x000013c8       0xee ..\obj\backup_sram.o
 .debug_abbrev  0x000014b6       0xfa ..\obj\stm32f4xx_iwdg.o
 .debug_abbrev  0x000015b0      0x175 ..\obj\ADS1120.o
 .debug_abbrev  0x00001725       0xa5 ..\obj\mbfuncholding.o
 .debug_abbrev  0x000017ca      0x1f4 ..\obj\usbd_core.o
 .debug_abbrev  0x000019be      0x1cd ..\obj\main.o
 .debug_abbrev  0x00001b8b       0xa8 ..\obj\mbcrc.o
 .debug_abbrev  0x00001c33      0x158 ..\obj\uks.o
 .debug_abbrev  0x00001d8b      0x1b7 ..\obj\stm32f4xx_rcc.o
 .debug_abbrev  0x00001f42       0x28 ..\obj\timers.o
 .debug_abbrev  0x00001f6a      0x189 ..\obj\stm32f4xx_adc.o
 .debug_abbrev  0x000020f3       0xa5 ..\obj\mbfuncinput.o
 .debug_abbrev  0x00002198      0x238 ..\obj\printf.o
 .debug_abbrev  0x000023d0      0x1ac ..\obj\phaze_detector.o
 .debug_abbrev  0x0000257c      0x108 ..\obj\watchdog.o
 .debug_abbrev  0x00002684        0x1 ..\obj\mbfuncdiag.o
 .debug_abbrev  0x00002685      0x15d ..\obj\display.o
 .debug_abbrev  0x000027e2      0x1d9 ..\obj\hd44780.o
 .debug_abbrev  0x000029bb      0x193 ..\obj\tasks.o
 .debug_abbrev  0x00002b4e      0x10c ..\obj\usbd_desc.o
 .debug_abbrev  0x00002c5a      0x179 ..\obj\keyboard.o
 .debug_abbrev  0x00002dd3      0x182 ..\obj\stm32f4xx_gpio.o
 .debug_abbrev  0x00002f55      0x137 ..\obj\porttimer.o
 .debug_abbrev  0x0000308c      0x143 ..\obj\usbd_cdc_vcp.o
 .debug_abbrev  0x000031cf       0xb6 ..\obj\list.o
 .debug_abbrev  0x00003285      0x1bc ..\obj\mbrtu.o
 .debug_abbrev  0x00003441      0x140 ..\obj\system_stm32f4xx.o
 .debug_abbrev  0x00003581       0xde ..\obj\syscalls.o
 .debug_abbrev  0x0000365f      0x1f3 ..\obj\adc.o
 .debug_abbrev  0x00003852      0x1db ..\obj\usb_bsp.o
 .debug_abbrev  0x00003a2d      0x253 ..\obj\usbd_req.o
 .debug_abbrev  0x00003c80      0x109 ..\obj\queue.o
 .debug_abbrev  0x00003d89      0x120 ..\obj\port.o
 .debug_abbrev  0x00003ea9      0x210 ..\obj\usb_dcd_int.o
 .debug_abbrev  0x000040b9      0x1c2 ..\obj\portserial.o
 .debug_abbrev  0x0000427b      0x1e1 ..\obj\usbd_cdc_core.o
 .debug_abbrev  0x0000445c      0x186 ..\obj\croutine.o
 .debug_abbrev  0x000045e2      0x106 ..\obj\timer_properties.o
 .debug_abbrev  0x000046e8      0x160 ..\obj\stm32f4xx_spi.o
 .debug_abbrev  0x00004848       0xb7 ..\obj\mbfunccoils.o
 .debug_abbrev  0x000048ff      0x198 ..\obj\stm32f4xx_exti.o
 .debug_abbrev  0x00004a97      0x126 ..\obj\misc.o
 .debug_abbrev  0x00004bbd      0x208 ..\obj\usb_dcd.o
 .debug_abbrev  0x00004dc5      0x116 ..\obj\heap_1.o
 .debug_abbrev  0x00004edb      0x16b ..\obj\stm32f4xx_rtc.o
 .debug_abbrev  0x00005046      0x165 ..\obj\usbd_ioreq.o
 .debug_abbrev  0x000051ab       0x4d ..\obj\mbascii.o
 .debug_abbrev  0x000051f8      0x163 ..\obj\stm32f4xx_tim.o
 .debug_abbrev  0x0000535b      0x165 ..\obj\power_detector.o

.debug_info     0x00000000    0x213b3
 .debug_info    0x00000000      0x27a ..\obj\stm32f4xx_syscfg.o
 .debug_info    0x0000027a     0x27fc ..\obj\usb_core.o
 .debug_info    0x00002a76      0x777 ..\obj\delay.o
 .debug_info    0x000031ed      0x494 ..\obj\mbport.o
 .debug_info    0x00003681      0x62f ..\obj\mb.o
 .debug_info    0x00003cb0      0x587 ..\obj\pid_regulator.o
 .debug_info    0x00004237      0x197 ..\obj\protocol.o
 .debug_info    0x000043ce      0x1ee ..\obj\mbfuncdisc.o
 .debug_info    0x000045bc      0x1c5 ..\obj\usbd_usr.o
 .debug_info    0x00004781      0x188 ..\obj\portevent.o
 .debug_info    0x00004909      0x45f ..\obj\buzzer.o
 .debug_info    0x00004d68      0x25c ..\obj\mbfuncother.o
 .debug_info    0x00004fc4      0xa4f ..\obj\stm32f4xx_usart.o
 .debug_info    0x00005a13      0x53e ..\obj\stm32f4xx_pwr.o
 .debug_info    0x00005f51      0x296 ..\obj\rtc.o
 .debug_info    0x000061e7      0x2c6 ..\obj\mbutils.o
 .debug_info    0x000064ad      0x147 ..\obj\startup_stm32f4xx.o
 .debug_info    0x000065f4      0x237 ..\obj\backup_sram.o
 .debug_info    0x0000682b      0x20b ..\obj\stm32f4xx_iwdg.o
 .debug_info    0x00006a36      0x698 ..\obj\ADS1120.o
 .debug_info    0x000070ce      0x383 ..\obj\mbfuncholding.o
 .debug_info    0x00007451      0xff8 ..\obj\usbd_core.o
 .debug_info    0x00008449      0xd37 ..\obj\main.o
 .debug_info    0x00009180      0x166 ..\obj\mbcrc.o
 .debug_info    0x000092e6      0x42f ..\obj\uks.o
 .debug_info    0x00009715      0xd24 ..\obj\stm32f4xx_rcc.o
 .debug_info    0x0000a439       0x4c ..\obj\timers.o
 .debug_info    0x0000a485      0xcf5 ..\obj\stm32f4xx_adc.o
 .debug_info    0x0000b17a      0x1e0 ..\obj\mbfuncinput.o
 .debug_info    0x0000b35a      0xed2 ..\obj\printf.o
 .debug_info    0x0000c22c      0x91d ..\obj\phaze_detector.o
 .debug_info    0x0000cb49      0x18a ..\obj\watchdog.o
 .debug_info    0x0000ccd3        0x0 ..\obj\mbfuncdiag.o
 .debug_info    0x0000ccd3      0x3b2 ..\obj\display.o
 .debug_info    0x0000d085      0x90c ..\obj\hd44780.o
 .debug_info    0x0000d991      0xd75 ..\obj\tasks.o
 .debug_info    0x0000e706      0x3a7 ..\obj\usbd_desc.o
 .debug_info    0x0000eaad      0x4d3 ..\obj\keyboard.o
 .debug_info    0x0000ef80      0x639 ..\obj\stm32f4xx_gpio.o
 .debug_info    0x0000f5b9      0x6e8 ..\obj\porttimer.o
 .debug_info    0x0000fca1      0x3a6 ..\obj\usbd_cdc_vcp.o
 .debug_info    0x00010047      0x2a6 ..\obj\list.o
 .debug_info    0x000102ed      0xf98 ..\obj\mbrtu.o
 .debug_info    0x00011285      0x5ea ..\obj\system_stm32f4xx.o
 .debug_info    0x0001186f      0x440 ..\obj\syscalls.o
 .debug_info    0x00011caf     0x12a5 ..\obj\adc.o
 .debug_info    0x00012f54     0x113d ..\obj\usb_bsp.o
 .debug_info    0x00014091     0x111b ..\obj\usbd_req.o
 .debug_info    0x000151ac      0x7c1 ..\obj\queue.o
 .debug_info    0x0001596d      0x1d7 ..\obj\port.o
 .debug_info    0x00015b44     0x2027 ..\obj\usb_dcd_int.o
 .debug_info    0x00017b6b      0xdae ..\obj\portserial.o
 .debug_info    0x00018919     0x1109 ..\obj\usbd_cdc_core.o
 .debug_info    0x00019a22      0x4af ..\obj\croutine.o
 .debug_info    0x00019ed1      0x4d1 ..\obj\timer_properties.o
 .debug_info    0x0001a3a2      0xbcc ..\obj\stm32f4xx_spi.o
 .debug_info    0x0001af6e      0x313 ..\obj\mbfunccoils.o
 .debug_info    0x0001b281      0x372 ..\obj\stm32f4xx_exti.o
 .debug_info    0x0001b5f3      0x594 ..\obj\misc.o
 .debug_info    0x0001bb87     0x1184 ..\obj\usb_dcd.o
 .debug_info    0x0001cd0b      0x186 ..\obj\heap_1.o
 .debug_info    0x0001ce91     0x1223 ..\obj\stm32f4xx_rtc.o
 .debug_info    0x0001e0b4      0xde4 ..\obj\usbd_ioreq.o
 .debug_info    0x0001ee98       0x9b ..\obj\mbascii.o
 .debug_info    0x0001ef33     0x1e28 ..\obj\stm32f4xx_tim.o
 .debug_info    0x00020d5b      0x658 ..\obj\power_detector.o

.debug_line     0x00000000     0xbfee
 .debug_line    0x00000000      0x1e7 ..\obj\stm32f4xx_syscfg.o
 .debug_line    0x000001e7      0x6b4 ..\obj\usb_core.o
 .debug_line    0x0000089b      0x2a5 ..\obj\delay.o
 .debug_line    0x00000b40      0x2c5 ..\obj\mbport.o
 .debug_line    0x00000e05      0x2df ..\obj\mb.o
 .debug_line    0x000010e4      0x3b5 ..\obj\pid_regulator.o
 .debug_line    0x00001499      0x1f0 ..\obj\protocol.o
 .debug_line    0x00001689      0x1f0 ..\obj\mbfuncdisc.o
 .debug_line    0x00001879      0x1b1 ..\obj\usbd_usr.o
 .debug_line    0x00001a2a      0x1e5 ..\obj\portevent.o
 .debug_line    0x00001c0f      0x2c9 ..\obj\buzzer.o
 .debug_line    0x00001ed8      0x25c ..\obj\mbfuncother.o
 .debug_line    0x00002134      0x478 ..\obj\stm32f4xx_usart.o
 .debug_line    0x000025ac      0x284 ..\obj\stm32f4xx_pwr.o
 .debug_line    0x00002830      0x21a ..\obj\rtc.o
 .debug_line    0x00002a4a      0x264 ..\obj\mbutils.o
 .debug_line    0x00002cae       0xa6 ..\obj\startup_stm32f4xx.o
 .debug_line    0x00002d54      0x1e9 ..\obj\backup_sram.o
 .debug_line    0x00002f3d      0x1de ..\obj\stm32f4xx_iwdg.o
 .debug_line    0x0000311b      0x383 ..\obj\ADS1120.o
 .debug_line    0x0000349e      0x27e ..\obj\mbfuncholding.o
 .debug_line    0x0000371c      0x305 ..\obj\usbd_core.o
 .debug_line    0x00003a21      0x2c1 ..\obj\main.o
 .debug_line    0x00003ce2      0x17a ..\obj\mbcrc.o
 .debug_line    0x00003e5c      0x343 ..\obj\uks.o
 .debug_line    0x0000419f      0x574 ..\obj\stm32f4xx_rcc.o
 .debug_line    0x00004713       0x1d ..\obj\timers.o
 .debug_line    0x00004730      0x528 ..\obj\stm32f4xx_adc.o
 .debug_line    0x00004c58      0x1e6 ..\obj\mbfuncinput.o
 .debug_line    0x00004e3e      0x3c6 ..\obj\printf.o
 .debug_line    0x00005204      0x38b ..\obj\phaze_detector.o
 .debug_line    0x0000558f      0x1b0 ..\obj\watchdog.o
 .debug_line    0x0000573f        0x0 ..\obj\mbfuncdiag.o
 .debug_line    0x0000573f      0x240 ..\obj\display.o
 .debug_line    0x0000597f      0x43f ..\obj\hd44780.o
 .debug_line    0x00005dbe      0x792 ..\obj\tasks.o
 .debug_line    0x00006550      0x1f7 ..\obj\usbd_desc.o
 .debug_line    0x00006747      0x25f ..\obj\keyboard.o
 .debug_line    0x000069a6      0x313 ..\obj\stm32f4xx_gpio.o
 .debug_line    0x00006cb9      0x2c4 ..\obj\porttimer.o
 .debug_line    0x00006f7d      0x20d ..\obj\usbd_cdc_vcp.o
 .debug_line    0x0000718a      0x1a6 ..\obj\list.o
 .debug_line    0x00007330      0x2eb ..\obj\mbrtu.o
 .debug_line    0x0000761b      0x200 ..\obj\system_stm32f4xx.o
 .debug_line    0x0000781b      0x194 ..\obj\syscalls.o
 .debug_line    0x000079af      0x42a ..\obj\adc.o
 .debug_line    0x00007dd9      0x2a0 ..\obj\usb_bsp.o
 .debug_line    0x00008079      0x3c1 ..\obj\usbd_req.o
 .debug_line    0x0000843a      0x4ff ..\obj\queue.o
 .debug_line    0x00008939      0x1bd ..\obj\port.o
 .debug_line    0x00008af6      0x3b0 ..\obj\usb_dcd_int.o
 .debug_line    0x00008ea6      0x282 ..\obj\portserial.o
 .debug_line    0x00009128      0x2b5 ..\obj\usbd_cdc_core.o
 .debug_line    0x000093dd      0x274 ..\obj\croutine.o
 .debug_line    0x00009651      0x2e1 ..\obj\timer_properties.o
 .debug_line    0x00009932      0x428 ..\obj\stm32f4xx_spi.o
 .debug_line    0x00009d5a      0x256 ..\obj\mbfunccoils.o
 .debug_line    0x00009fb0      0x27d ..\obj\stm32f4xx_exti.o
 .debug_line    0x0000a22d      0x219 ..\obj\misc.o
 .debug_line    0x0000a446      0x323 ..\obj\usb_dcd.o
 .debug_line    0x0000a769      0x135 ..\obj\heap_1.o
 .debug_line    0x0000a89e      0x7eb ..\obj\stm32f4xx_rtc.o
 .debug_line    0x0000b089      0x20d ..\obj\usbd_ioreq.o
 .debug_line    0x0000b296       0xd5 ..\obj\mbascii.o
 .debug_line    0x0000b36b      0xa4d ..\obj\stm32f4xx_tim.o
 .debug_line    0x0000bdb8      0x236 ..\obj\power_detector.o

.debug_loc      0x00000000     0x959d
 .debug_loc     0x00000000      0x144 ..\obj\stm32f4xx_syscfg.o
 .debug_loc     0x00000144      0x7e0 ..\obj\usb_core.o
 .debug_loc     0x00000924       0xe8 ..\obj\delay.o
 .debug_loc     0x00000a0c      0x138 ..\obj\mbport.o
 .debug_loc     0x00000b44      0x150 ..\obj\mb.o
 .debug_loc     0x00000c94      0x10c ..\obj\pid_regulator.o
 .debug_loc     0x00000da0       0x70 ..\obj\protocol.o
 .debug_loc     0x00000e10       0x38 ..\obj\mbfuncdisc.o
 .debug_loc     0x00000e48       0xe8 ..\obj\usbd_usr.o
 .debug_loc     0x00000f30       0x9c ..\obj\portevent.o
 .debug_loc     0x00000fcc       0xa8 ..\obj\buzzer.o
 .debug_loc     0x00001074       0x70 ..\obj\mbfuncother.o
 .debug_loc     0x000010e4      0x658 ..\obj\stm32f4xx_usart.o
 .debug_loc     0x0000173c      0x288 ..\obj\stm32f4xx_pwr.o
 .debug_loc     0x000019c4       0x70 ..\obj\rtc.o
 .debug_loc     0x00001a34       0xa8 ..\obj\mbutils.o
 .debug_loc     0x00001adc       0x64 ..\obj\startup_stm32f4xx.o
 .debug_loc     0x00001b40       0xd4 ..\obj\backup_sram.o
 .debug_loc     0x00001c14      0x138 ..\obj\stm32f4xx_iwdg.o
 .debug_loc     0x00001d4c      0x144 ..\obj\ADS1120.o
 .debug_loc     0x00001e90       0xe0 ..\obj\mbfuncholding.o
 .debug_loc     0x00001f70      0x2d8 ..\obj\usbd_core.o
 .debug_loc     0x00002248      0x10c ..\obj\main.o
 .debug_loc     0x00002354       0x38 ..\obj\mbcrc.o
 .debug_loc     0x0000238c       0xe0 ..\obj\uks.o
 .debug_loc     0x0000246c      0x97c ..\obj\stm32f4xx_rcc.o
 .debug_loc     0x00002de8      0x838 ..\obj\stm32f4xx_adc.o
 .debug_loc     0x00003620       0x38 ..\obj\mbfuncinput.o
 .debug_loc     0x00003658      0x3ea ..\obj\printf.o
 .debug_loc     0x00003a42      0x100 ..\obj\phaze_detector.o
 .debug_loc     0x00003b42       0x70 ..\obj\watchdog.o
 .debug_loc     0x00003bb2       0x70 ..\obj\display.o
 .debug_loc     0x00003c22      0x42c ..\obj\hd44780.o
 .debug_loc     0x0000404e      0x708 ..\obj\tasks.o
 .debug_loc     0x00004756      0x188 ..\obj\usbd_desc.o
 .debug_loc     0x000048de       0x70 ..\obj\keyboard.o
 .debug_loc     0x0000494e      0x310 ..\obj\stm32f4xx_gpio.o
 .debug_loc     0x00004c5e       0xbc ..\obj\porttimer.o
 .debug_loc     0x00004d1a      0x138 ..\obj\usbd_cdc_vcp.o
 .debug_loc     0x00004e52      0x118 ..\obj\list.o
 .debug_loc     0x00004f6a      0x1a8 ..\obj\mbrtu.o
 .debug_loc     0x00005112       0x9c ..\obj\system_stm32f4xx.o
 .debug_loc     0x000051ae      0x1ec ..\obj\syscalls.o
 .debug_loc     0x0000539a       0xab ..\obj\adc.o
 .debug_loc     0x00005445      0x138 ..\obj\usb_bsp.o
 .debug_loc     0x0000557d      0x310 ..\obj\usbd_req.o
 .debug_loc     0x0000588d      0x3b8 ..\obj\queue.o
 .debug_loc     0x00005c45      0x178 ..\obj\port.o
 .debug_loc     0x00005dbd      0x2d8 ..\obj\usb_dcd_int.o
 .debug_loc     0x00006095      0x170 ..\obj\portserial.o
 .debug_loc     0x00006205      0x224 ..\obj\usbd_cdc_core.o
 .debug_loc     0x00006429      0x188 ..\obj\croutine.o
 .debug_loc     0x000065b1       0xe0 ..\obj\timer_properties.o
 .debug_loc     0x00006691      0x578 ..\obj\stm32f4xx_spi.o
 .debug_loc     0x00006c09       0xa8 ..\obj\mbfunccoils.o
 .debug_loc     0x00006cb1      0x1b4 ..\obj\stm32f4xx_exti.o
 .debug_loc     0x00006e65      0x118 ..\obj\misc.o
 .debug_loc     0x00006f7d      0x2d8 ..\obj\usb_dcd.o
 .debug_loc     0x00007255       0xc8 ..\obj\heap_1.o
 .debug_loc     0x0000731d      0xc48 ..\obj\stm32f4xx_rtc.o
 .debug_loc     0x00007f65      0x188 ..\obj\usbd_ioreq.o
 .debug_loc     0x000080ed     0x1420 ..\obj\stm32f4xx_tim.o
 .debug_loc     0x0000950d       0x90 ..\obj\power_detector.o

.debug_pubnames
                0x00000000     0x40ae
 .debug_pubnames
                0x00000000       0xc3 ..\obj\stm32f4xx_syscfg.o
 .debug_pubnames
                0x000000c3      0x364 ..\obj\usb_core.o
 .debug_pubnames
                0x00000427       0xc4 ..\obj\delay.o
 .debug_pubnames
                0x000004eb      0x138 ..\obj\mbport.o
 .debug_pubnames
                0x00000623       0xf8 ..\obj\mb.o
 .debug_pubnames
                0x0000071b       0x6e ..\obj\pid_regulator.o
 .debug_pubnames
                0x00000789       0x24 ..\obj\protocol.o
 .debug_pubnames
                0x000007ad       0x30 ..\obj\mbfuncdisc.o
 .debug_pubnames
                0x000007dd       0x9e ..\obj\usbd_usr.o
 .debug_pubnames
                0x0000087b       0x50 ..\obj\portevent.o
 .debug_pubnames
                0x000008cb       0x62 ..\obj\buzzer.o
 .debug_pubnames
                0x0000092d       0x3d ..\obj\mbfuncother.o
 .debug_pubnames
                0x0000096a      0x294 ..\obj\stm32f4xx_usart.o
 .debug_pubnames
                0x00000bfe      0x120 ..\obj\stm32f4xx_pwr.o
 .debug_pubnames
                0x00000d1e       0x46 ..\obj\rtc.o
 .debug_pubnames
                0x00000d64       0x52 ..\obj\mbutils.o
 .debug_pubnames
                0x00000db6       0x4a ..\obj\startup_stm32f4xx.o
 .debug_pubnames
                0x00000e00       0x6c ..\obj\backup_sram.o
 .debug_pubnames
                0x00000e6c       0x91 ..\obj\stm32f4xx_iwdg.o
 .debug_pubnames
                0x00000efd       0xaf ..\obj\ADS1120.o
 .debug_pubnames
                0x00000fac       0xa5 ..\obj\mbfuncholding.o
 .debug_pubnames
                0x00001051       0x7a ..\obj\usbd_core.o
 .debug_pubnames
                0x000010cb       0xa0 ..\obj\main.o
 .debug_pubnames
                0x0000116b       0x20 ..\obj\mbcrc.o
 .debug_pubnames
                0x0000118b       0x7e ..\obj\uks.o
 .debug_pubnames
                0x00001209      0x417 ..\obj\stm32f4xx_rcc.o
 .debug_pubnames
                0x00001620      0x446 ..\obj\stm32f4xx_adc.o
 .debug_pubnames
                0x00001a66       0x2f ..\obj\mbfuncinput.o
 .debug_pubnames
                0x00001a95      0x101 ..\obj\printf.o
 .debug_pubnames
                0x00001b96       0x8e ..\obj\phaze_detector.o
 .debug_pubnames
                0x00001c24       0x35 ..\obj\watchdog.o
 .debug_pubnames
                0x00001c59       0x46 ..\obj\display.o
 .debug_pubnames
                0x00001c9f      0x1bb ..\obj\hd44780.o
 .debug_pubnames
                0x00001e5a      0x275 ..\obj\tasks.o
 .debug_pubnames
                0x000020cf      0x152 ..\obj\usbd_desc.o
 .debug_pubnames
                0x00002221       0x24 ..\obj\keyboard.o
 .debug_pubnames
                0x00002245      0x12d ..\obj\stm32f4xx_gpio.o
 .debug_pubnames
                0x00002372       0x6d ..\obj\porttimer.o
 .debug_pubnames
                0x000023df       0xa1 ..\obj\usbd_cdc_vcp.o
 .debug_pubnames
                0x00002480       0x71 ..\obj\list.o
 .debug_pubnames
                0x000024f1       0xc3 ..\obj\mbrtu.o
 .debug_pubnames
                0x000025b4       0x61 ..\obj\system_stm32f4xx.o
 .debug_pubnames
                0x00002615       0x71 ..\obj\syscalls.o
 .debug_pubnames
                0x00002686       0x74 ..\obj\adc.o
 .debug_pubnames
                0x000026fa       0xa6 ..\obj\usb_bsp.o
 .debug_pubnames
                0x000027a0       0xd7 ..\obj\usbd_req.o
 .debug_pubnames
                0x00002877      0x145 ..\obj\queue.o
 .debug_pubnames
                0x000029bc      0x101 ..\obj\port.o
 .debug_pubnames
                0x00002abd       0x2b ..\obj\usb_dcd_int.o
 .debug_pubnames
                0x00002ae8       0xab ..\obj\portserial.o
 .debug_pubnames
                0x00002b93       0xe5 ..\obj\usbd_cdc_core.o
 .debug_pubnames
                0x00002c78       0x96 ..\obj\croutine.o
 .debug_pubnames
                0x00002d0e       0xb2 ..\obj\timer_properties.o
 .debug_pubnames
                0x00002dc0      0x221 ..\obj\stm32f4xx_spi.o
 .debug_pubnames
                0x00002fe1       0x5a ..\obj\mbfunccoils.o
 .debug_pubnames
                0x0000303b       0xbb ..\obj\stm32f4xx_exti.o
 .debug_pubnames
                0x000030f6       0x89 ..\obj\misc.o
 .debug_pubnames
                0x0000317f      0x100 ..\obj\usb_dcd.o
 .debug_pubnames
                0x0000327f       0x64 ..\obj\heap_1.o
 .debug_pubnames
                0x000032e3      0x514 ..\obj\stm32f4xx_rtc.o
 .debug_pubnames
                0x000037f7       0xb6 ..\obj\usbd_ioreq.o
 .debug_pubnames
                0x000038ad      0x7c4 ..\obj\stm32f4xx_tim.o
 .debug_pubnames
                0x00004071       0x3d ..\obj\power_detector.o

.debug_pubtypes
                0x00000000     0x4957
 .debug_pubtypes
                0x00000000       0x6d ..\obj\stm32f4xx_syscfg.o
 .debug_pubtypes
                0x0000006d      0x675 ..\obj\usb_core.o
 .debug_pubtypes
                0x000006e2       0xb9 ..\obj\delay.o
 .debug_pubtypes
                0x0000079b       0x8d ..\obj\mbport.o
 .debug_pubtypes
                0x00000828      0x147 ..\obj\mb.o
 .debug_pubtypes
                0x0000096f      0x131 ..\obj\pid_regulator.o
 .debug_pubtypes
                0x00000aa0       0x40 ..\obj\protocol.o
 .debug_pubtypes
                0x00000ae0       0x62 ..\obj\mbfuncdisc.o
 .debug_pubtypes
                0x00000b42       0x55 ..\obj\usbd_usr.o
 .debug_pubtypes
                0x00000b97       0x44 ..\obj\portevent.o
 .debug_pubtypes
                0x00000bdb       0xea ..\obj\buzzer.o
 .debug_pubtypes
                0x00000cc5       0x82 ..\obj\mbfuncother.o
 .debug_pubtypes
                0x00000d47       0xcd ..\obj\stm32f4xx_usart.o
 .debug_pubtypes
                0x00000e14       0x84 ..\obj\stm32f4xx_pwr.o
 .debug_pubtypes
                0x00000e98       0x73 ..\obj\rtc.o
 .debug_pubtypes
                0x00000f0b       0x6d ..\obj\mbutils.o
 .debug_pubtypes
                0x00000f78       0x5b ..\obj\backup_sram.o
 .debug_pubtypes
                0x00000fd3       0x64 ..\obj\stm32f4xx_iwdg.o
 .debug_pubtypes
                0x00001037      0x11d ..\obj\ADS1120.o
 .debug_pubtypes
                0x00001154       0x62 ..\obj\mbfuncholding.o
 .debug_pubtypes
                0x000011b6      0x2df ..\obj\usbd_core.o
 .debug_pubtypes
                0x00001495      0x2a0 ..\obj\main.o
 .debug_pubtypes
                0x00001735       0x40 ..\obj\mbcrc.o
 .debug_pubtypes
                0x00001775       0x89 ..\obj\uks.o
 .debug_pubtypes
                0x000017fe       0xaa ..\obj\stm32f4xx_rcc.o
 .debug_pubtypes
                0x000018a8       0x12 ..\obj\timers.o
 .debug_pubtypes
                0x000018ba       0xc9 ..\obj\stm32f4xx_adc.o
 .debug_pubtypes
                0x00001983       0x62 ..\obj\mbfuncinput.o
 .debug_pubtypes
                0x000019e5      0x139 ..\obj\printf.o
 .debug_pubtypes
                0x00001b1e      0x1ab ..\obj\phaze_detector.o
 .debug_pubtypes
                0x00001cc9       0x53 ..\obj\watchdog.o
 .debug_pubtypes
                0x00001d1c       0x72 ..\obj\display.o
 .debug_pubtypes
                0x00001d8e       0xe6 ..\obj\hd44780.o
 .debug_pubtypes
                0x00001e74      0x10c ..\obj\tasks.o
 .debug_pubtypes
                0x00001f80       0x5b ..\obj\usbd_desc.o
 .debug_pubtypes
                0x00001fdb       0xdb ..\obj\keyboard.o
 .debug_pubtypes
                0x000020b6       0xce ..\obj\stm32f4xx_gpio.o
 .debug_pubtypes
                0x00002184       0xb6 ..\obj\porttimer.o
 .debug_pubtypes
                0x0000223a       0x6d ..\obj\usbd_cdc_vcp.o
 .debug_pubtypes
                0x000022a7       0x7a ..\obj\list.o
 .debug_pubtypes
                0x00002321      0x2f5 ..\obj\mbrtu.o
 .debug_pubtypes
                0x00002616       0x73 ..\obj\system_stm32f4xx.o
 .debug_pubtypes
                0x00002689       0xaa ..\obj\syscalls.o
 .debug_pubtypes
                0x00002733      0x3bb ..\obj\adc.o
 .debug_pubtypes
                0x00002aee      0x333 ..\obj\usb_bsp.o
 .debug_pubtypes
                0x00002e21      0x2c8 ..\obj\usbd_req.o
 .debug_pubtypes
                0x000030e9       0xd4 ..\obj\queue.o
 .debug_pubtypes
                0x000031bd       0x33 ..\obj\port.o
 .debug_pubtypes
                0x000031f0      0x5e1 ..\obj\usb_dcd_int.o
 .debug_pubtypes
                0x000037d1      0x2b9 ..\obj\portserial.o
 .debug_pubtypes
                0x00003a8a      0x2ae ..\obj\usbd_cdc_core.o
 .debug_pubtypes
                0x00003d38       0xcd ..\obj\croutine.o
 .debug_pubtypes
                0x00003e05       0x93 ..\obj\timer_properties.o
 .debug_pubtypes
                0x00003e98       0xbc ..\obj\stm32f4xx_spi.o
 .debug_pubtypes
                0x00003f54       0x62 ..\obj\mbfunccoils.o
 .debug_pubtypes
                0x00003fb6       0xae ..\obj\stm32f4xx_exti.o
 .debug_pubtypes
                0x00004064       0x8c ..\obj\misc.o
 .debug_pubtypes
                0x000040f0      0x307 ..\obj\usb_dcd.o
 .debug_pubtypes
                0x000043f7       0x2c ..\obj\heap_1.o
 .debug_pubtypes
                0x00004423       0xd8 ..\obj\stm32f4xx_rtc.o
 .debug_pubtypes
                0x000044fb      0x295 ..\obj\usbd_ioreq.o
 .debug_pubtypes
                0x00004790       0x1e ..\obj\mbascii.o
 .debug_pubtypes
                0x000047ae       0xe4 ..\obj\stm32f4xx_tim.o
 .debug_pubtypes
                0x00004892       0xc5 ..\obj\power_detector.o

.debug_aranges  0x00000000     0x1bd0
 .debug_aranges
                0x00000000       0x48 ..\obj\stm32f4xx_syscfg.o
 .debug_aranges
                0x00000048      0x138 ..\obj\usb_core.o
 .debug_aranges
                0x00000180       0x40 ..\obj\delay.o
 .debug_aranges
                0x000001c0       0x48 ..\obj\mbport.o
 .debug_aranges
                0x00000208       0x48 ..\obj\mb.o
 .debug_aranges
                0x00000250       0x40 ..\obj\pid_regulator.o
 .debug_aranges
                0x00000290       0x28 ..\obj\protocol.o
 .debug_aranges
                0x000002b8       0x20 ..\obj\mbfuncdisc.o
 .debug_aranges
                0x000002d8       0x40 ..\obj\usbd_usr.o
 .debug_aranges
                0x00000318       0x30 ..\obj\portevent.o
 .debug_aranges
                0x00000348       0x30 ..\obj\buzzer.o
 .debug_aranges
                0x00000378       0x28 ..\obj\mbfuncother.o
 .debug_aranges
                0x000003a0      0x100 ..\obj\stm32f4xx_usart.o
 .debug_aranges
                0x000004a0       0x78 ..\obj\stm32f4xx_pwr.o
 .debug_aranges
                0x00000518       0x28 ..\obj\rtc.o
 .debug_aranges
                0x00000540       0x30 ..\obj\mbutils.o
 .debug_aranges
                0x00000570       0x28 ..\obj\startup_stm32f4xx.o
 .debug_aranges
                0x00000598       0x38 ..\obj\backup_sram.o
 .debug_aranges
                0x000005d0       0x48 ..\obj\stm32f4xx_iwdg.o
 .debug_aranges
                0x00000618       0x48 ..\obj\ADS1120.o
 .debug_aranges
                0x00000660       0x38 ..\obj\mbfuncholding.o
 .debug_aranges
                0x00000698       0x80 ..\obj\usbd_core.o
 .debug_aranges
                0x00000718       0x40 ..\obj\main.o
 .debug_aranges
                0x00000758       0x20 ..\obj\mbcrc.o
 .debug_aranges
                0x00000778       0x38 ..\obj\uks.o
 .debug_aranges
                0x000007b0      0x178 ..\obj\stm32f4xx_rcc.o
 .debug_aranges
                0x00000928      0x148 ..\obj\stm32f4xx_adc.o
 .debug_aranges
                0x00000a70       0x20 ..\obj\mbfuncinput.o
 .debug_aranges
                0x00000a90       0xa0 ..\obj\printf.o
 .debug_aranges
                0x00000b30       0x40 ..\obj\phaze_detector.o
 .debug_aranges
                0x00000b70       0x28 ..\obj\watchdog.o
 .debug_aranges
                0x00000b98       0x28 ..\obj\display.o
 .debug_aranges
                0x00000bc0       0xc0 ..\obj\hd44780.o
 .debug_aranges
                0x00000c80      0x120 ..\obj\tasks.o
 .debug_aranges
                0x00000da0       0x50 ..\obj\usbd_desc.o
 .debug_aranges
                0x00000df0       0x28 ..\obj\keyboard.o
 .debug_aranges
                0x00000e18       0x88 ..\obj\stm32f4xx_gpio.o
 .debug_aranges
                0x00000ea0       0x38 ..\obj\porttimer.o
 .debug_aranges
                0x00000ed8       0x48 ..\obj\usbd_cdc_vcp.o
 .debug_aranges
                0x00000f20       0x40 ..\obj\list.o
 .debug_aranges
                0x00000f60       0x58 ..\obj\mbrtu.o
 .debug_aranges
                0x00000fb8       0x30 ..\obj\system_stm32f4xx.o
 .debug_aranges
                0x00000fe8       0x60 ..\obj\syscalls.o
 .debug_aranges
                0x00001048       0x30 ..\obj\adc.o
 .debug_aranges
                0x00001078       0x48 ..\obj\usb_bsp.o
 .debug_aranges
                0x000010c0       0x88 ..\obj\usbd_req.o
 .debug_aranges
                0x00001148       0xa0 ..\obj\queue.o
 .debug_aranges
                0x000011e8       0x70 ..\obj\port.o
 .debug_aranges
                0x00001258       0x80 ..\obj\usb_dcd_int.o
 .debug_aranges
                0x000012d8       0x50 ..\obj\portserial.o
 .debug_aranges
                0x00001328       0x68 ..\obj\usbd_cdc_core.o
 .debug_aranges
                0x00001390       0x50 ..\obj\croutine.o
 .debug_aranges
                0x000013e0       0x38 ..\obj\timer_properties.o
 .debug_aranges
                0x00001418       0xe0 ..\obj\stm32f4xx_spi.o
 .debug_aranges
                0x000014f8       0x30 ..\obj\mbfunccoils.o
 .debug_aranges
                0x00001528       0x58 ..\obj\stm32f4xx_exti.o
 .debug_aranges
                0x00001580       0x40 ..\obj\misc.o
 .debug_aranges
                0x000015c0       0x80 ..\obj\usb_dcd.o
 .debug_aranges
                0x00001640       0x38 ..\obj\heap_1.o
 .debug_aranges
                0x00001678      0x1e0 ..\obj\stm32f4xx_rtc.o
 .debug_aranges
                0x00001858       0x50 ..\obj\usbd_ioreq.o
 .debug_aranges
                0x000018a8      0x2f8 ..\obj\stm32f4xx_tim.o
 .debug_aranges
                0x00001ba0       0x30 ..\obj\power_detector.o

.debug_ranges   0x00000000     0x17e0
 .debug_ranges  0x00000000       0x38 ..\obj\stm32f4xx_syscfg.o
 .debug_ranges  0x00000038      0x128 ..\obj\usb_core.o
 .debug_ranges  0x00000160       0x30 ..\obj\delay.o
 .debug_ranges  0x00000190       0x38 ..\obj\mbport.o
 .debug_ranges  0x000001c8       0x38 ..\obj\mb.o
 .debug_ranges  0x00000200       0x30 ..\obj\pid_regulator.o
 .debug_ranges  0x00000230       0x18 ..\obj\protocol.o
 .debug_ranges  0x00000248       0x10 ..\obj\mbfuncdisc.o
 .debug_ranges  0x00000258       0x30 ..\obj\usbd_usr.o
 .debug_ranges  0x00000288       0x20 ..\obj\portevent.o
 .debug_ranges  0x000002a8       0x20 ..\obj\buzzer.o
 .debug_ranges  0x000002c8       0x18 ..\obj\mbfuncother.o
 .debug_ranges  0x000002e0       0xf0 ..\obj\stm32f4xx_usart.o
 .debug_ranges  0x000003d0       0x68 ..\obj\stm32f4xx_pwr.o
 .debug_ranges  0x00000438       0x18 ..\obj\rtc.o
 .debug_ranges  0x00000450       0x20 ..\obj\mbutils.o
 .debug_ranges  0x00000470       0x18 ..\obj\startup_stm32f4xx.o
 .debug_ranges  0x00000488       0x28 ..\obj\backup_sram.o
 .debug_ranges  0x000004b0       0x38 ..\obj\stm32f4xx_iwdg.o
 .debug_ranges  0x000004e8       0x38 ..\obj\ADS1120.o
 .debug_ranges  0x00000520       0x28 ..\obj\mbfuncholding.o
 .debug_ranges  0x00000548       0x70 ..\obj\usbd_core.o
 .debug_ranges  0x000005b8       0x30 ..\obj\main.o
 .debug_ranges  0x000005e8       0x10 ..\obj\mbcrc.o
 .debug_ranges  0x000005f8       0x28 ..\obj\uks.o
 .debug_ranges  0x00000620      0x168 ..\obj\stm32f4xx_rcc.o
 .debug_ranges  0x00000788      0x138 ..\obj\stm32f4xx_adc.o
 .debug_ranges  0x000008c0       0x10 ..\obj\mbfuncinput.o
 .debug_ranges  0x000008d0       0x90 ..\obj\printf.o
 .debug_ranges  0x00000960       0x30 ..\obj\phaze_detector.o
 .debug_ranges  0x00000990       0x18 ..\obj\watchdog.o
 .debug_ranges  0x000009a8       0x18 ..\obj\display.o
 .debug_ranges  0x000009c0       0xb0 ..\obj\hd44780.o
 .debug_ranges  0x00000a70      0x110 ..\obj\tasks.o
 .debug_ranges  0x00000b80       0x40 ..\obj\usbd_desc.o
 .debug_ranges  0x00000bc0       0x18 ..\obj\keyboard.o
 .debug_ranges  0x00000bd8       0x78 ..\obj\stm32f4xx_gpio.o
 .debug_ranges  0x00000c50       0x28 ..\obj\porttimer.o
 .debug_ranges  0x00000c78       0x38 ..\obj\usbd_cdc_vcp.o
 .debug_ranges  0x00000cb0       0x30 ..\obj\list.o
 .debug_ranges  0x00000ce0       0x48 ..\obj\mbrtu.o
 .debug_ranges  0x00000d28       0x20 ..\obj\system_stm32f4xx.o
 .debug_ranges  0x00000d48       0x50 ..\obj\syscalls.o
 .debug_ranges  0x00000d98       0x20 ..\obj\adc.o
 .debug_ranges  0x00000db8       0x38 ..\obj\usb_bsp.o
 .debug_ranges  0x00000df0       0x78 ..\obj\usbd_req.o
 .debug_ranges  0x00000e68       0x90 ..\obj\queue.o
 .debug_ranges  0x00000ef8       0x60 ..\obj\port.o
 .debug_ranges  0x00000f58       0x70 ..\obj\usb_dcd_int.o
 .debug_ranges  0x00000fc8       0x40 ..\obj\portserial.o
 .debug_ranges  0x00001008       0x58 ..\obj\usbd_cdc_core.o