Archive member included because of file (symbol)

c:/coocox/coide/gcc/sourcery g++ lite/bin/../lib/gcc/arm-none-eabi/4.5.1/thumb2\libgcc.a(_arm_addsubdf3.o)
                              ..\obj\timer_properties.o (__aeabi_ui2d)
c:/coocox/coide/gcc/sourcery g++ lite/bin/../lib/gcc/arm-none-eabi/4.5.1/thumb2\libgcc.a(_arm_muldivdf3.o)
                              ..\obj\timer_properties.o (__aeabi_ddiv)
c:/coocox/coide/gcc/sourcery g++ lite/bin/../lib/gcc/arm-none-eabi/4.5.1/thumb2\libgcc.a(_arm_cmpdf2.o)
                              ..\obj\timer_properties.o (__aeabi_dcmpeq)
c:/coocox/coide/gcc/sourcery g++ lite/bin/../lib/gcc/arm-none-eabi/4.5.1/thumb2\libgcc.a(_arm_fixunsdfsi.o)
                              ..\obj\timer_properties.o (__aeabi_d2uiz)
c:/coocox/coide/gcc/sourcery g++ lite/bin/../lib/gcc/arm-none-eabi/4.5.1/thumb2\libgcc.a(_arm_addsubsf3.o)
                              ..\obj\ADS1120.o (__aeabi_fadd)
c:/coocox/coide/gcc/sourcery g++ lite/bin/../lib/gcc/arm-none-eabi/4.5.1/thumb2\libgcc.a(_arm_muldivsf3.o)
                              ..\obj\ADS1120.o (__aeabi_fmul)
c:/coocox/coide/gcc/sourcery g++ lite/bin/../lib/gcc/arm-none-eabi/4.5.1/thumb2\libgcc.a(_arm_fixsfsi.o)
                              ..\obj\ADS1120.o (__aeabi_f2iz)
c:/coocox/coide/gcc/sourcery g++ lite/bin/../lib/gcc/arm-none-eabi/4.5.1/../../../../arm-none-eabi/lib/thumb2\libc.a(lib_a-memcmp.o)
                              ..\obj\tasks.o (memcmp)
c:/coocox/coide/gcc/sourcery g++ lite/bin/../lib/gcc/arm-none-eabi/4.5.1/../../../../arm-none-eabi/lib/thumb2\libc.a(lib_a-memcpy.o)
                              ..\obj\queue.o (memcpy)
c:/coocox/coide/gcc/sourcery g++ lite/bin/../lib/gcc/arm-none-eabi/4.5.1/../../../../arm-none-eabi/lib/thumb2\libc.a(lib_a-memset.o)
                              ..\obj\tasks.o (memset)
c:/coocox/coide/gcc/sourcery g++ lite/bin/../lib/gcc/arm-none-eabi/4.5.1/../../../../arm-none-eabi/lib/thumb2\libc.a(lib_a-strncpy.o)
                              ..\obj\tasks.o (strncpy)

Allocating common symbols
Common symbol       size              file

uks_device          0x8               ..\obj\uks.o
pid_heater          0x14              ..\obj\pid_regulator.o
ADC_result          0x4               ..\obj\ADS1120.o
xBuzzer_Handle      0x4               ..\obj\buzzer.o
adc_reg             0x1               ..\obj\ADS1120.o
HD44780_Opts        0x7               ..\obj\hd44780.o
xPhazeSemaphore     0x4               ..\obj\phaze_detector.o
usbd_cdc_OtherCfgDesc
                    0x43              ..\obj\usbd_cdc_core.o
xSPI_Buf_Mutex      0x4               ..\obj\ADS1120.o
buzz                0x2               ..\obj\buzzer.o
USB_Rx_Buffer       0x40              ..\obj\usbd_cdc_core.o
ADC_result_temp     0x4               ..\obj\ADS1120.o
ADS1120_res         0x28              ..\obj\ADS1120.o
CmdBuff             0x8               ..\obj\usbd_cdc_core.o
xKeySemaphore       0x4               ..\obj\keyboard.o
xKeyQueue           0x4               ..\obj\keyboard.o
USB_OTG_dev         0x5f0             ..\obj\ADS1120.o
adc_lm35_chnl       0x110             ..\obj\adc.o
mult                0x4               ..\obj\delay.o
APP_Rx_Buffer       0x800             ..\obj\usbd_cdc_core.o
task_watches        0x10              ..\obj\watchdog.o
USBD_StrDesc        0x32              ..\obj\usbd_req.o
phaze_detect        0x6               ..\obj\phaze_detector.o

Discarded input sections

 .text          0x00000000        0x0 ..\obj\stm32f4xx_syscfg.o
 .data          0x00000000        0x0 ..\obj\stm32f4xx_syscfg.o
 .bss           0x00000000        0x0 ..\obj\stm32f4xx_syscfg.o
 .text.SYSCFG_DeInit
                0x00000000       0x20 ..\obj\stm32f4xx_syscfg.o
 .text.SYSCFG_MemoryRemapConfig
                0x00000000       0x20 ..\obj\stm32f4xx_syscfg.o
 .text.SYSCFG_ETH_MediaInterfaceConfig
                0x00000000       0x20 ..\obj\stm32f4xx_syscfg.o
 .text.SYSCFG_CompensationCellCmd
                0x00000000       0x20 ..\obj\stm32f4xx_syscfg.o
 .text.SYSCFG_GetCompensationCellStatus
                0x00000000       0x3c ..\obj\stm32f4xx_syscfg.o
 .text          0x00000000        0x0 ..\obj\usb_core.o
 .data          0x00000000        0x0 ..\obj\usb_core.o
 .bss           0x00000000        0x0 ..\obj\usb_core.o
 .text.USB_OTG_IsHostMode
                0x00000000       0x24 ..\obj\usb_core.o
 .text.USB_OTG_ReadOtgItr
                0x00000000       0x1c ..\obj\usb_core.o
 .text.USB_OTG_ActiveRemoteWakeup
                0x00000000       0x9c ..\obj\usb_core.o
 .text.USB_OTG_StopDevice
                0x00000000       0x9c ..\obj\usb_core.o
 .text.USB_OTG_GetEPStatus
                0x00000000       0xc0 ..\obj\usb_core.o
 .text.USB_OTG_SetEPStatus
                0x00000000      0x13c ..\obj\usb_core.o
 .text          0x00000000        0x0 ..\obj\delay.o
 .data          0x00000000        0x0 ..\obj\delay.o
 .text.DELAY_EnableDelayTimer
                0x00000000       0x24 ..\obj\delay.o
[...]
Memory Configuration

Name             Origin             Length             Attributes
rom              0x08000000         0x00100000         xr
ram              0x20000000         0x00020000         xrw
ram1             0x10000000         0x00010000         xrw
*default*        0x00000000         0xffffffff

Linker script and memory map

                0x20020000                _eram = 0x20020000

.text           0x08000000     0xa3c8
 *(.isr_vector .isr_vector.*)
 .isr_vector    0x08000000      0x188 ..\obj\startup_stm32f4xx.o
                0x08000000                g_pfnVectors
 *(.text .text.* .gnu.linkonce.t.*)
 .text.SYSCFG_EXTILineConfig
                0x08000188       0xb4 ..\obj\stm32f4xx_syscfg.o
                0x08000188                SYSCFG_EXTILineConfig
 .text.USB_OTG_EnableCommonInt
                0x0800023c       0x44 ..\obj\usb_core.o
 .text.USB_OTG_CoreReset
                0x08000280       0xa8 ..\obj\usb_core.o
 .text.USB_OTG_WritePacket
                0x08000328       0x88 ..\obj\usb_core.o
                0x08000328                USB_OTG_WritePacket
 .text.USB_OTG_ReadPacket
                0x080003b0       0x68 ..\obj\usb_core.o
                0x080003b0                USB_OTG_ReadPacket
 .text.USB_OTG_SelectCore
                0x08000418      0x1b4 ..\obj\usb_core.o
                0x08000418                USB_OTG_SelectCore
 .text.USB_OTG_CoreInit
                0x080005cc      0x1f8 ..\obj\usb_core.o
                0x080005cc                USB_OTG_CoreInit
 .text.USB_OTG_EnableGlobalInt
                0x080007c4       0x40 ..\obj\usb_core.o
                0x080007c4                USB_OTG_EnableGlobalInt
 .text.USB_OTG_DisableGlobalInt
                0x08000804       0x44 ..\obj\usb_core.o
                0x08000804                USB_OTG_DisableGlobalInt
 .text.USB_OTG_FlushTxFifo
                0x08000848       0x80 ..\obj\usb_core.o
                0x08000848                USB_OTG_FlushTxFifo
 .text.USB_OTG_FlushRxFifo
                0x080008c8       0x6c ..\obj\usb_core.o
                0x080008c8                USB_OTG_FlushRxFifo
 .text.USB_OTG_SetCurrentMode
                0x08000934       0x64 ..\obj\usb_core.o
                0x08000934                USB_OTG_SetCurrentMode
 .text.USB_OTG_GetMode
                0x08000998       0x20 ..\obj\usb_core.o
                0x08000998                USB_OTG_GetMode
 .text.USB_OTG_IsDeviceMode
                0x080009b8       0x24 ..\obj\usb_core.o
                0x080009b8                USB_OTG_IsDeviceMode
 .text.USB_OTG_ReadCoreItr
                0x080009dc       0x34 ..\obj\usb_core.o
                0x080009dc                USB_OTG_ReadCoreItr
 .text.USB_OTG_InitDevSpeed
                0x08000a10       0x38 ..\obj\usb_core.o
                0x08000a10                USB_OTG_InitDevSpeed
 .text.USB_OTG_CoreInitDev
                0x08000a48      0x2d0 ..\obj\usb_core.o
                0x08000a48                USB_OTG_CoreInitDev
 .text.USB_OTG_EnableDevInt
                0x08000d18       0xa8 ..\obj\usb_core.o
                0x08000d18                USB_OTG_EnableDevInt
 .text.USB_OTG_GetDeviceSpeed
                0x08000dc0       0x50 ..\obj\usb_core.o
                0x08000dc0                USB_OTG_GetDeviceSpeed
 .text.USB_OTG_EP0Activate
                0x08000e10       0x84 ..\obj\usb_core.o
                0x08000e10                USB_OTG_EP0Activate
 .text.USB_OTG_EPActivate
                0x08000e94       0xf8 ..\obj\usb_core.o
                0x08000e94                USB_OTG_EPActivate
 .text.USB_OTG_EPDeactivate
                0x08000f8c       0xa4 ..\obj\usb_core.o
                0x08000f8c                USB_OTG_EPDeactivate
 .text.USB_OTG_EPStartXfer
                0x08001030      0x2d4 ..\obj\usb_core.o
                0x08001030                USB_OTG_EPStartXfer
 .text.USB_OTG_EP0StartXfer
                0x08001304      0x208 ..\obj\usb_core.o
                0x08001304                USB_OTG_EP0StartXfer
 .text.USB_OTG_EPSetStall
                0x0800150c       0x94 ..\obj\usb_core.o
                0x0800150c                USB_OTG_EPSetStall
 .text.USB_OTG_EPClearStall
                0x080015a0       0x84 ..\obj\usb_core.o
                0x080015a0                USB_OTG_EPClearStall
 .text.USB_OTG_ReadDevAllOutEp_itr
                0x08001624       0x30 ..\obj\usb_core.o
                0x08001624                USB_OTG_ReadDevAllOutEp_itr
 .text.USB_OTG_ReadDevOutEP_itr
                0x08001654       0x3c ..\obj\usb_core.o
                0x08001654                USB_OTG_ReadDevOutEP_itr
 .text.USB_OTG_ReadDevAllInEPItr
                0x08001690       0x34 ..\obj\usb_core.o
                0x08001690                USB_OTG_ReadDevAllInEPItr
 .text.USB_OTG_EP0_OutStart
                0x080016c4       0x7c ..\obj\usb_core.o
                0x080016c4                USB_OTG_EP0_OutStart
 .text.USB_OTG_UngateClock
                0x08001740       0x54 ..\obj\usb_core.o
                0x08001740                USB_OTG_UngateClock
 .text.TIM2_IRQHandler
                0x08001794       0x50 ..\obj\delay.o
                0x08001794                TIM2_IRQHandler
 .text.DELAY_Init
                0x080017e4       0x2c ..\obj\delay.o
                0x080017e4                DELAY_Init
 .text.DELAY_INT_InitTIM
                0x08001810       0xa8 ..\obj\delay.o
                0x08001810                DELAY_INT_InitTIM
 .text.PID_Heater_Init
                0x080018b8       0x20 ..\obj\pid_regulator.o
                0x080018b8                PID_Heater_Init
 .text.pid_Init
                0x080018d8       0xa4 ..\obj\pid_regulator.o
                0x080018d8                pid_Init
 .text.pid_Controller
                0x0800197c      0x128 ..\obj\pid_regulator.o
                0x0800197c                pid_Controller
 .text.PID_Regulator_Task
                0x08001aa4       0x60 ..\obj\pid_regulator.o
 .text.USBD_USR_Init
                0x08001b04        0xc ..\obj\usbd_usr.o
                0x08001b04                USBD_USR_Init
 .text.USBD_USR_DeviceReset
                0x08001b10       0x14 ..\obj\usbd_usr.o
                0x08001b10                USBD_USR_DeviceReset
 .text.USBD_USR_DeviceConfigured
                0x08001b24        0xc ..\obj\usbd_usr.o
                0x08001b24                USBD_USR_DeviceConfigured
 .text.USBD_USR_DeviceSuspended
                0x08001b30        0xc ..\obj\usbd_usr.o
                0x08001b30                USBD_USR_DeviceSuspended
 .text.USBD_USR_DeviceResumed
                0x08001b3c        0xc ..\obj\usbd_usr.o
                0x08001b3c                USBD_USR_DeviceResumed
 .text.Buzzer_Init
                0x08001b48       0x68 ..\obj\buzzer.o
                0x08001b48                Buzzer_Init
 .text.Default_Reset_Handler
                0x08001bb0       0x68 ..\obj\startup_stm32f4xx.o
                0x08001bb0                Default_Reset_Handler
                0x08001bb0                Reset_Handler
 .text.Default_Handler
                0x08001c18        0x8 ..\obj\startup_stm32f4xx.o
                0x08001c18                RTC_Alarm_IRQHandler
                0x08001c18                HASH_RNG_IRQHandler
                0x08001c18                EXTI2_IRQHandler
                0x08001c18                TIM8_CC_IRQHandler
                0x08001c18                DebugMon_Handler
                0x08001c18                TIM1_CC_IRQHandler
                0x08001c18                DMA2_Stream5_IRQHandler
                0x08001c18                HardFault_Handler
                0x08001c18                DMA1_Stream5_IRQHandler
                0x08001c18                SDIO_IRQHandler
                0x08001c18                TAMP_STAMP_IRQHandler
                0x08001c18                NMI_Handler
                0x08001c18                CAN2_RX1_IRQHandler
                0x08001c18                EXTI3_IRQHandler
                0x08001c18                TIM8_TRG_COM_TIM14_IRQHandler
                0x08001c18                TIM1_UP_TIM10_IRQHandler
                0x08001c18                TIM8_UP_TIM13_IRQHandler
                0x08001c18                I2C3_ER_IRQHandler
                0x08001c18                I2C2_EV_IRQHandler
                0x08001c18                DMA1_Stream2_IRQHandler
                0x08001c18                CAN1_RX0_IRQHandler
                0x08001c18                FPU_IRQHandler
                0x08001c18                OTG_HS_WKUP_IRQHandler
                0x08001c18                UsageFault_Handler
                0x08001c18                CAN2_SCE_IRQHandler
                0x08001c18                DMA2_Stream2_IRQHandler
                0x08001c18                SPI1_IRQHandler
                0x08001c18                TIM6_DAC_IRQHandler
                0x08001c18                TIM1_BRK_TIM9_IRQHandler
                0x08001c18                DCMI_IRQHandler
                0x08001c18                CAN2_RX0_IRQHandler
                0x08001c18                DMA2_Stream3_IRQHandler
                0x08001c18                USART6_IRQHandler
                0x08001c18                USART3_IRQHandler
                0x08001c18                CRYP_IRQHandler
                0x08001c18                CAN1_RX1_IRQHandler
                0x08001c18                UART5_IRQHandler
                0x08001c18                DMA2_Stream0_IRQHandler
                0x08001c18                TIM4_IRQHandler
                0x08001c18                I2C1_EV_IRQHandler
                0x08001c18                DMA1_Stream6_IRQHandler
                0x08001c18                DMA1_Stream1_IRQHandler
                0x08001c18                UART4_IRQHandler
                0x08001c18                TIM3_IRQHandler
                0x08001c18                RCC_IRQHandler
                0x08001c18                TIM8_BRK_TIM12_IRQHandler
                0x08001c18                EXTI15_10_IRQHandler
                0x08001c18                ADC_IRQHandler
                0x08001c18                DMA1_Stream7_IRQHandler
                0x08001c18                TIM7_IRQHandler
                0x08001c18                CAN2_TX_IRQHandler
                0x08001c18                TIM5_IRQHandler
                0x08001c18                DMA2_Stream7_IRQHandler
                0x08001c18                I2C3_EV_IRQHandler
                0x08001c18                EXTI9_5_IRQHandler
                0x08001c18                RTC_WKUP_IRQHandler
                0x08001c18                ETH_WKUP_IRQHandler
                0x08001c18                SPI2_IRQHandler
                0x08001c18                OTG_HS_EP1_IN_IRQHandler
                0x08001c18                MemManage_Handler
                0x08001c18                DMA1_Stream0_IRQHandler
                0x08001c18                CAN1_TX_IRQHandler
                0x08001c18                EXTI4_IRQHandler
                0x08001c18                FSMC_IRQHandler
                0x08001c18                ETH_IRQHandler
                0x08001c18                OTG_HS_EP1_OUT_IRQHandler
                0x08001c18                WWDG_IRQHandler
                0x08001c18                TIM1_TRG_COM_TIM11_IRQHandler
                0x08001c18                OTG_HS_IRQHandler
                0x08001c18                USART2_IRQHandler
                0x08001c18                I2C2_ER_IRQHandler
                0x08001c18                DMA2_Stream1_IRQHandler
                0x08001c18                CAN1_SCE_IRQHandler
                0x08001c18                FLASH_IRQHandler
                0x08001c18                DMA2_Stream4_IRQHandler
                0x08001c18                BusFault_Handler
                0x08001c18                USART1_IRQHandler
                0x08001c18                SPI3_IRQHandler
                0x08001c18                DMA1_Stream4_IRQHandler
                0x08001c18                I2C1_ER_IRQHandler
                0x08001c18                DMA2_Stream6_IRQHandler
                0x08001c18                DMA1_Stream3_IRQHandler
 .text.ADS1120_init
                0x08001c20       0x4c ..\obj\ADS1120.o
                0x08001c20                ADS1120_init
 .text.SPI2_config
                0x08001c6c      0x170 ..\obj\ADS1120.o
 .text.SPI2_send
                0x08001ddc       0x60 ..\obj\ADS1120.o
                0x08001ddc                SPI2_send
 .text.SPI2_read
                0x08001e3c       0x14 ..\obj\ADS1120.o
                0x08001e3c                SPI2_read
 .text.ADS1120_task
                0x08001e50      0x228 ..\obj\ADS1120.o
 .text.PT100_Code_To_Temperature
                0x08002078       0x80 ..\obj\ADS1120.o
                0x08002078                PT100_Code_To_Temperature
 .text.USBD_Init
                0x080020f8       0x58 ..\obj\usbd_core.o
                0x080020f8                USBD_Init
 .text.USBD_DeInit
                0x08002150       0x18 ..\obj\usbd_core.o
                0x08002150                USBD_DeInit
 .text.USBD_SetupStage
                0x08002168       0x70 ..\obj\usbd_core.o
 .text.USBD_DataOutStage
                0x080021d8       0xd4 ..\obj\usbd_core.o
 .text.USBD_DataInStage
                0x080022ac      0x114 ..\obj\usbd_core.o
 .text.USBD_Reset
                0x080023c0       0x54 ..\obj\usbd_core.o
 .text.USBD_Resume
                0x08002414       0x2c ..\obj\usbd_core.o
 .text.USBD_Suspend
                0x08002440       0x2c ..\obj\usbd_core.o
 .text.USBD_SOF
                0x0800246c       0x30 ..\obj\usbd_core.o
 .text.USBD_SetCfg
                0x0800249c       0x34 ..\obj\usbd_core.o
                0x0800249c                USBD_SetCfg
 .text.USBD_ClrCfg
                0x080024d0       0x2c ..\obj\usbd_core.o
                0x080024d0                USBD_ClrCfg
 .text.USBD_IsoINIncomplete
                0x080024fc       0x24 ..\obj\usbd_core.o
 .text.USBD_IsoOUTIncomplete
                0x08002520       0x24 ..\obj\usbd_core.o
 .text.main     0x08002544       0x5c ..\obj\main.o
                0x08002544                main
 .text.vApplicationMallocFailedHook
                0x080025a0        0x8 ..\obj\main.o
                0x080025a0                vApplicationMallocFailedHook
 .text.vApplicationStackOverflowHook
                0x080025a8        0xc ..\obj\main.o
                0x080025a8                vApplicationStackOverflowHook
 .text.vApplicationIdleHook
                0x080025b4       0x18 ..\obj\main.o
                0x080025b4                vApplicationIdleHook
 .text.RCC_GetClocksFreq
                0x080025cc      0x1d4 ..\obj\stm32f4xx_rcc.o
                0x080025cc                RCC_GetClocksFreq
 .text.RCC_AHB1PeriphClockCmd
                0x080027a0       0x5c ..\obj\stm32f4xx_rcc.o
                0x080027a0                RCC_AHB1PeriphClockCmd
 .text.RCC_AHB2PeriphClockCmd
                0x080027fc       0x5c ..\obj\stm32f4xx_rcc.o
                0x080027fc                RCC_AHB2PeriphClockCmd
 .text.RCC_APB1PeriphClockCmd
                0x08002858       0x5c ..\obj\stm32f4xx_rcc.o
                0x08002858                RCC_APB1PeriphClockCmd
 .text.RCC_APB2PeriphClockCmd
                0x080028b4       0x5c ..\obj\stm32f4xx_rcc.o
                0x080028b4                RCC_APB2PeriphClockCmd
 .text.RCC_APB1PeriphResetCmd
                0x08002910       0x5c ..\obj\stm32f4xx_rcc.o
                0x08002910                RCC_APB1PeriphResetCmd
 .text.RCC_APB2PeriphResetCmd
                0x0800296c       0x5c ..\obj\stm32f4xx_rcc.o
                0x0800296c                RCC_APB2PeriphResetCmd
 .text.ADC_DeInit
                0x080029c8       0x20 ..\obj\stm32f4xx_adc.o
                0x080029c8                ADC_DeInit
 .text.ADC_Init
                0x080029e8       0xc4 ..\obj\stm32f4xx_adc.o
                0x080029e8                ADC_Init
 .text.ADC_StructInit
                0x08002aac       0x4c ..\obj\stm32f4xx_adc.o
                0x08002aac                ADC_StructInit
 .text.ADC_CommonInit
                0x08002af8       0x60 ..\obj\stm32f4xx_adc.o
                0x08002af8                ADC_CommonInit
 .text.ADC_CommonStructInit
                0x08002b58       0x34 ..\obj\stm32f4xx_adc.o
                0x08002b58                ADC_CommonStructInit
 .text.ADC_Cmd  0x08002b8c       0x38 ..\obj\stm32f4xx_adc.o
                0x08002b8c                ADC_Cmd
 .text.ADC_RegularChannelConfig
                0x08002bc4      0x1d0 ..\obj\stm32f4xx_adc.o
                0x08002bc4                ADC_RegularChannelConfig
 .text.ADC_GetFlagStatus
                0x08002d94       0x40 ..\obj\stm32f4xx_adc.o
                0x08002d94                ADC_GetFlagStatus
 .text.PutChar  0x08002dd4       0x24 ..\obj\printf.o
                0x08002dd4                PutChar
 .text.PutString
                0x08002df8       0x48 ..\obj\printf.o
                0x08002df8                PutString
 .text.PutUnsignedInt
                0x08002e40       0xbc ..\obj\printf.o
                0x08002e40                PutUnsignedInt
 .text.PutSignedInt
                0x08002efc      0x12c ..\obj\printf.o
                0x08002efc                PutSignedInt
 .text.PutHexa  0x08003028       0xe8 ..\obj\printf.o
                0x08003028                PutHexa
 .text.vsnprintf
                0x08003110      0x2a4 ..\obj\printf.o
                0x08003110                vsnprintf
 .text.vsprintf
                0x080033b4       0x28 ..\obj\printf.o
                0x080033b4                vsprintf
 .text.sprintf  0x080033dc       0x30 ..\obj\printf.o
                0x080033dc                sprintf
 .text.NVIC_EnableIRQ
                0x0800340c       0x38 ..\obj\phaze_detector.o
 .text.Phaze_Detector_Init
                0x08003444      0x174 ..\obj\phaze_detector.o
                0x08003444                Phaze_Detector_Init
 .text.Set_Heater_Power
                0x080035b8       0x58 ..\obj\phaze_detector.o
                0x080035b8                Set_Heater_Power
 .text.EXTI0_IRQHandler
                0x08003610      0x114 ..\obj\phaze_detector.o
                0x08003610                EXTI0_IRQHandler
 .text.EXTI1_IRQHandler
                0x08003724       0x38 ..\obj\phaze_detector.o
                0x08003724                EXTI1_IRQHandler
 .text.Delay    0x0800375c       0x44 ..\obj\hd44780.o
 .text.HD44780_Init
                0x080037a0      0x120 ..\obj\hd44780.o
                0x080037a0                HD44780_Init
 .text.HD44780_InitPins
                0x080038c0      0x130 ..\obj\hd44780.o
                0x080038c0                HD44780_InitPins
 .text.HD44780_Clear
                0x080039f0       0x18 ..\obj\hd44780.o
                0x080039f0                HD44780_Clear
 .text.HD44780_Cmd
                0x08003a08       0x44 ..\obj\hd44780.o
                0x08003a08                HD44780_Cmd
 .text.HD44780_Data
                0x08003a4c       0x44 ..\obj\hd44780.o
                0x08003a4c                HD44780_Data
 .text.HD44780_Cmd4bit
                0x08003a90       0xcc ..\obj\hd44780.o
                0x08003a90                HD44780_Cmd4bit
 .text.HD44780_CursorSet
                0x08003b5c       0x74 ..\obj\hd44780.o
                0x08003b5c                HD44780_CursorSet
 .text.HD44780_Puts
                0x08003bd0      0x114 ..\obj\hd44780.o
                0x08003bd0                HD44780_Puts
 .text.HD44780_DisplayOn
                0x08003ce4       0x38 ..\obj\hd44780.o
                0x08003ce4                HD44780_DisplayOn
 .text.xTaskGenericCreate
                0x08003d1c      0x1f8 ..\obj\tasks.o
                0x08003d1c                xTaskGenericCreate
 .text.vTaskDelay
                0x08003f14       0x5c ..\obj\tasks.o
                0x08003f14                vTaskDelay
 .text.vTaskStartScheduler
                0x08003f70       0x84 ..\obj\tasks.o
                0x08003f70                vTaskStartScheduler
 .text.vTaskSuspendAll
                0x08003ff4       0x24 ..\obj\tasks.o
                0x08003ff4                vTaskSuspendAll
 .text.xTaskResumeAll
                0x08004018      0x16c ..\obj\tasks.o
                0x08004018                xTaskResumeAll
 .text.vTaskIncrementTick
                0x08004184      0x1d0 ..\obj\tasks.o
                0x08004184                vTaskIncrementTick
 .text.vTaskSwitchContext
                0x08004354      0x168 ..\obj\tasks.o
                0x08004354                vTaskSwitchContext
 .text.vTaskPlaceOnEventList
                0x080044bc       0x88 ..\obj\tasks.o
                0x080044bc                vTaskPlaceOnEventList
 .text.xTaskRemoveFromEventList
                0x08004544       0xd4 ..\obj\tasks.o
                0x08004544                xTaskRemoveFromEventList
 .text.vTaskSetTimeOutState
                0x08004618       0x40 ..\obj\tasks.o
                0x08004618                vTaskSetTimeOutState
 .text.xTaskCheckForTimeOut
                0x08004658       0xc4 ..\obj\tasks.o
                0x08004658                xTaskCheckForTimeOut
 .text.vTaskMissedYield
                0x0800471c       0x18 ..\obj\tasks.o
                0x0800471c                vTaskMissedYield
 .text.prvIdleTask
                0x08004734       0x24 ..\obj\tasks.o
 .text.prvInitialiseTCBVariables
                0x08004758       0x7c ..\obj\tasks.o
 .text.prvInitialiseTaskLists
                0x080047d4       0xa4 ..\obj\tasks.o
 .text.prvCheckTasksWaitingTermination
                0x08004878       0x98 ..\obj\tasks.o
 .text.prvAddCurrentTaskToDelayedList
                0x08004910       0x8c ..\obj\tasks.o
 .text.prvAllocateTCBAndStack
                0x0800499c       0x74 ..\obj\tasks.o
 .text.prvDeleteTCB
                0x08004a10       0x20 ..\obj\tasks.o
 .text.xTaskGetCurrentTaskHandle
                0x08004a30       0x20 ..\obj\tasks.o
                0x08004a30                xTaskGetCurrentTaskHandle
 .text.vTaskPriorityInherit
                0x08004a50       0xe8 ..\obj\tasks.o
                0x08004a50                vTaskPriorityInherit
 .text.vTaskPriorityDisinherit
                0x08004b38       0x90 ..\obj\tasks.o
                0x08004b38                vTaskPriorityDisinherit
 .text.USBD_USR_DeviceDescriptor
                0x08004bc8       0x28 ..\obj\usbd_desc.o
                0x08004bc8                USBD_USR_DeviceDescriptor
 .text.USBD_USR_LangIDStrDescriptor
                0x08004bf0       0x28 ..\obj\usbd_desc.o
                0x08004bf0                USBD_USR_LangIDStrDescriptor
 .text.USBD_USR_ProductStrDescriptor
                0x08004c18       0x54 ..\obj\usbd_desc.o
                0x08004c18                USBD_USR_ProductStrDescriptor
 .text.USBD_USR_ManufacturerStrDescriptor
                0x08004c6c       0x34 ..\obj\usbd_desc.o
                0x08004c6c                USBD_USR_ManufacturerStrDescriptor
 .text.USBD_USR_SerialStrDescriptor
                0x08004ca0       0x54 ..\obj\usbd_desc.o
                0x08004ca0                USBD_USR_SerialStrDescriptor
 .text.USBD_USR_ConfigStrDescriptor
                0x08004cf4       0x54 ..\obj\usbd_desc.o
                0x08004cf4                USBD_USR_ConfigStrDescriptor
 .text.USBD_USR_InterfaceStrDescriptor
                0x08004d48       0x54 ..\obj\usbd_desc.o
                0x08004d48                USBD_USR_InterfaceStrDescriptor
 .text.GPIO_Init
                0x08004d9c      0x158 ..\obj\stm32f4xx_gpio.o
                0x08004d9c                GPIO_Init
 .text.GPIO_StructInit
                0x08004ef4       0x3c ..\obj\stm32f4xx_gpio.o
                0x08004ef4                GPIO_StructInit
 .text.GPIO_ReadInputDataBit
                0x08004f30       0x40 ..\obj\stm32f4xx_gpio.o
                0x08004f30                GPIO_ReadInputDataBit
 .text.GPIO_WriteBit
                0x08004f70       0x30 ..\obj\stm32f4xx_gpio.o
                0x08004f70                GPIO_WriteBit
 .text.GPIO_PinAFConfig
                0x08004fa0       0xb0 ..\obj\stm32f4xx_gpio.o
                0x08004fa0                GPIO_PinAFConfig
 .text.VCP_Init
                0x08005050       0x10 ..\obj\usbd_cdc_vcp.o
 .text.VCP_DeInit
                0x08005060       0x10 ..\obj\usbd_cdc_vcp.o
 .text.VCP_Ctrl
                0x08005070       0xbc ..\obj\usbd_cdc_vcp.o
 .text.VCP_DataTx
                0x0800512c       0x7c ..\obj\usbd_cdc_vcp.o
                0x0800512c                VCP_DataTx
 .text.VCP_DataRx
                0x080051a8       0xe0 ..\obj\usbd_cdc_vcp.o
 .text.vListInitialise
                0x08005288       0x48 ..\obj\list.o
                0x08005288                vListInitialise
 .text.vListInitialiseItem
                0x080052d0       0x1c ..\obj\list.o
                0x080052d0                vListInitialiseItem
 .text.vListInsertEnd
                0x080052ec       0x54 ..\obj\list.o
                0x080052ec                vListInsertEnd
 .text.vListInsert
                0x08005340       0x78 ..\obj\list.o
                0x08005340                vListInsert
 .text.vListRemove
                0x080053b8       0x54 ..\obj\list.o
                0x080053b8                vListRemove
 .text.SystemInit
                0x0800540c       0x94 ..\obj\system_stm32f4xx.o
                0x0800540c                SystemInit
 .text.SetSysClock
                0x080054a0      0x150 ..\obj\system_stm32f4xx.o
 .text.ADC_Channel_Init
                0x080055f0      0x114 ..\obj\adc.o
                0x080055f0                ADC_Channel_Init
 .text.bubblesort
                0x08005704       0xa4 ..\obj\adc.o
                0x08005704                bubblesort
 .text.ADC_Task
                0x080057a8      0x13c ..\obj\adc.o
 .text.USB_OTG_BSP_Init
                0x080058e4      0x100 ..\obj\usb_bsp.o
                0x080058e4                USB_OTG_BSP_Init
 .text.USB_OTG_BSP_EnableInterrupt
                0x080059e4       0x3c ..\obj\usb_bsp.o
                0x080059e4                USB_OTG_BSP_EnableInterrupt
 .text.USB_OTG_BSP_uDelay
                0x08005a20       0x58 ..\obj\usb_bsp.o
                0x08005a20                USB_OTG_BSP_uDelay
 .text.USB_OTG_BSP_mDelay
                0x08005a78       0x20 ..\obj\usb_bsp.o
                0x08005a78                USB_OTG_BSP_mDelay
 .text.OTG_FS_WKUP_IRQHandler
                0x08005a98       0x44 ..\obj\usb_bsp.o
                0x08005a98                OTG_FS_WKUP_IRQHandler
 .text.OTG_FS_IRQHandler
                0x08005adc       0x14 ..\obj\usb_bsp.o
                0x08005adc                OTG_FS_IRQHandler
 .text.USBD_StdDevReq
                0x08005af0       0xa4 ..\obj\usbd_req.o
                0x08005af0                USBD_StdDevReq
 .text.USBD_StdItfReq
                0x08005b94       0x70 ..\obj\usbd_req.o
                0x08005b94                USBD_StdItfReq
 .text.USBD_StdEPReq
                0x08005c04      0x1d8 ..\obj\usbd_req.o
                0x08005c04                USBD_StdEPReq
 .text.USBD_GetDescriptor
                0x08005ddc      0x1c8 ..\obj\usbd_req.o
 .text.USBD_SetAddress
                0x08005fa4       0x80 ..\obj\usbd_req.o
 .text.USBD_SetConfig
                0x08006024      0x134 ..\obj\usbd_req.o
 .text.USBD_GetConfig
                0x08006158       0x68 ..\obj\usbd_req.o
 .text.USBD_GetStatus
                0x080061c0       0x68 ..\obj\usbd_req.o
 .text.USBD_SetFeature
                0x08006228       0xe0 ..\obj\usbd_req.o
 .text.USBD_ClrFeature
                0x08006308       0x58 ..\obj\usbd_req.o
 .text.USBD_ParseSetupRequest
                0x08006360       0xbc ..\obj\usbd_req.o
                0x08006360                USBD_ParseSetupRequest
 .text.USBD_CtlError
                0x0800641c       0x50 ..\obj\usbd_req.o
                0x0800641c                USBD_CtlError
 .text.USBD_GetString
                0x0800646c       0x9c ..\obj\usbd_req.o
                0x0800646c                USBD_GetString
 .text.USBD_GetLen
                0x08006508       0x38 ..\obj\usbd_req.o
 .text.xQueueGenericReset
                0x08006540       0xc0 ..\obj\queue.o
                0x08006540                xQueueGenericReset
 .text.xQueueGenericCreate
                0x08006600       0x90 ..\obj\queue.o
                0x08006600                xQueueGenericCreate
 .text.xQueueGenericSend
                0x08006690      0x158 ..\obj\queue.o
                0x08006690                xQueueGenericSend
 .text.xQueueGenericSendFromISR
                0x080067e8       0xcc ..\obj\queue.o
                0x080067e8                xQueueGenericSendFromISR
 .text.xQueueGenericReceive
                0x080068b4      0x1bc ..\obj\queue.o
                0x080068b4                xQueueGenericReceive
 .text.prvCopyDataToQueue
                0x08006a70       0xc4 ..\obj\queue.o
 .text.prvCopyDataFromQueue
                0x08006b34       0x50 ..\obj\queue.o
 .text.prvUnlockQueue
                0x08006b84       0xa0 ..\obj\queue.o
 .text.prvIsQueueEmpty
                0x08006c24       0x2c ..\obj\queue.o
 .text.prvIsQueueFull
                0x08006c50       0x30 ..\obj\queue.o
 .text.pxPortInitialiseStack
                0x08006c80       0x60 ..\obj\port.o
                0x08006c80                pxPortInitialiseStack
 .text.SVC_Handler
                0x08006ce0       0x20 ..\obj\port.o
                0x08006ce0                SVC_Handler
 .text.vPortStartFirstTask
                0x08006d00       0x14 ..\obj\port.o
                0x08006d00                vPortStartFirstTask
 .text.xPortStartScheduler
                0x08006d14       0x54 ..\obj\port.o
                0x08006d14                xPortStartScheduler
 .text.vPortYieldFromISR
                0x08006d68       0x18 ..\obj\port.o
                0x08006d68                vPortYieldFromISR
 .text.vPortEnterCritical
                0x08006d80       0x2c ..\obj\port.o
                0x08006d80                vPortEnterCritical
 .text.vPortExitCritical
                0x08006dac       0x38 ..\obj\port.o
                0x08006dac                vPortExitCritical
 .text.PendSV_Handler
                0x08006de4       0x3c ..\obj\port.o
                0x08006de4                PendSV_Handler
 .text.SysTick_Handler
                0x08006e20       0x38 ..\obj\port.o
                0x08006e20                SysTick_Handler
 .text.prvSetupTimerInterrupt
                0x08006e58       0x28 ..\obj\port.o
 .text.USBD_OTG_ISR_Handler
                0x08006e80      0x178 ..\obj\usb_dcd_int.o
                0x08006e80                USBD_OTG_ISR_Handler
 .text.DCD_HandleResume_ISR
                0x08006ff8       0x90 ..\obj\usb_dcd_int.o
 .text.DCD_HandleUSBSuspend_ISR
                0x08007088       0xb4 ..\obj\usb_dcd_int.o
 .text.DCD_HandleInEP_ISR
                0x0800713c      0x234 ..\obj\usb_dcd_int.o
 .text.DCD_HandleOutEP_ISR
                0x08007370      0x1b4 ..\obj\usb_dcd_int.o
 .text.DCD_HandleSof_ISR
                0x08007524       0x3c ..\obj\usb_dcd_int.o
 .text.DCD_HandleRxStatusQueueLevel_ISR
                0x08007560      0x120 ..\obj\usb_dcd_int.o
 .text.DCD_WriteEmptyTxFifo
                0x08007680      0x134 ..\obj\usb_dcd_int.o
 .text.DCD_HandleUsbReset_ISR
                0x080077b4      0x168 ..\obj\usb_dcd_int.o
 .text.DCD_HandleEnumDone_ISR
                0x0800791c       0x88 ..\obj\usb_dcd_int.o
 .text.DCD_IsoINIncomplete_ISR
                0x080079a4       0x3c ..\obj\usb_dcd_int.o
 .text.DCD_IsoOUTIncomplete_ISR
                0x080079e0       0x3c ..\obj\usb_dcd_int.o
 .text.DCD_ReadDevInEP
                0x08007a1c       0x60 ..\obj\usb_dcd_int.o
 .text.usbd_cdc_Init
                0x08007a7c       0xd0 ..\obj\usbd_cdc_core.o
 .text.usbd_cdc_DeInit
                0x08007b4c       0x4c ..\obj\usbd_cdc_core.o
 .text.usbd_cdc_Setup
                0x08007b98      0x168 ..\obj\usbd_cdc_core.o
 .text.usbd_cdc_EP0_RxReady
                0x08007d00       0x60 ..\obj\usbd_cdc_core.o
 .text.usbd_cdc_DataIn
                0x08007d60      0x128 ..\obj\usbd_cdc_core.o
 .text.usbd_cdc_DataOut
                0x08007e88       0x6c ..\obj\usbd_cdc_core.o
 .text.usbd_cdc_SOF
                0x08007ef4       0x50 ..\obj\usbd_cdc_core.o
 .text.Handle_USBAsynchXfer
                0x08007f44      0x1a8 ..\obj\usbd_cdc_core.o
 .text.USBD_cdc_GetCfgDesc
                0x080080ec       0x28 ..\obj\usbd_cdc_core.o
 .text.TIMER_PROPERTIES_GetTimerProperties
                0x08008114      0x124 ..\obj\timer_properties.o
                0x08008114                TIMER_PROPERTIES_GetTimerProperties
 .text.TIMER_PROPERTIES_GenerateDataForWorkingFrequency
                0x08008238      0x164 ..\obj\timer_properties.o
                0x08008238                TIMER_PROPERTIES_GenerateDataForWorkingFrequency
 .text.TIMER_PROPERTIES_EnableClock
                0x0800839c      0x198 ..\obj\timer_properties.o
                0x0800839c                TIMER_PROPERTIES_EnableClock
 .text.SPI_Init
                0x08008534       0x98 ..\obj\stm32f4xx_spi.o
                0x08008534                SPI_Init
 .text.SPI_Cmd  0x080085cc       0x40 ..\obj\stm32f4xx_spi.o
                0x080085cc                SPI_Cmd
 .text.SPI_CalculateCRC
                0x0800860c       0x40 ..\obj\stm32f4xx_spi.o
                0x0800860c                SPI_CalculateCRC
 .text.EXTI_Init
                0x0800864c      0x158 ..\obj\stm32f4xx_exti.o
                0x0800864c                EXTI_Init
 .text.EXTI_GetITStatus
                0x080087a4       0x60 ..\obj\stm32f4xx_exti.o
                0x080087a4                EXTI_GetITStatus
 .text.EXTI_ClearITPendingBit
                0x08008804       0x20 ..\obj\stm32f4xx_exti.o
                0x08008804                EXTI_ClearITPendingBit
 .text.NVIC_PriorityGroupConfig
                0x08008824       0x28 ..\obj\misc.o
                0x08008824                NVIC_PriorityGroupConfig
 .text.NVIC_Init
                0x0800884c       0xe8 ..\obj\misc.o
                0x0800884c                NVIC_Init
 .text.DCD_Init
                0x08008934      0x12c ..\obj\usb_dcd.o
                0x08008934                DCD_Init
 .text.DCD_EP_Open
                0x08008a60       0xac ..\obj\usb_dcd.o
                0x08008a60                DCD_EP_Open
 .text.DCD_EP_Close
                0x08008b0c       0x7c ..\obj\usb_dcd.o
                0x08008b0c                DCD_EP_Close
 .text.DCD_EP_PrepareRx
                0x08008b88       0x8c ..\obj\usb_dcd.o
                0x08008b88                DCD_EP_PrepareRx
 .text.DCD_EP_Tx
                0x08008c14       0x84 ..\obj\usb_dcd.o
                0x08008c14                DCD_EP_Tx
 .text.DCD_EP_Stall
                0x08008c98       0x80 ..\obj\usb_dcd.o
                0x08008c98                DCD_EP_Stall
 .text.DCD_EP_ClrStall
                0x08008d18       0x80 ..\obj\usb_dcd.o
                0x08008d18                DCD_EP_ClrStall
 .text.DCD_EP_SetAddress
                0x08008d98       0x40 ..\obj\usb_dcd.o
                0x08008d98                DCD_EP_SetAddress
 .text.pvPortMalloc
                0x08008dd8       0xa4 ..\obj\heap_1.o
                0x08008dd8                pvPortMalloc
 .text.vPortFree
                0x08008e7c       0x14 ..\obj\heap_1.o
                0x08008e7c                vPortFree
 .text.xPortGetFreeHeapSize
                0x08008e90       0x1c ..\obj\heap_1.o
                0x08008e90                xPortGetFreeHeapSize
 .text.USBD_CtlSendData
                0x08008eac       0x48 ..\obj\usbd_ioreq.o
                0x08008eac                USBD_CtlSendData
 .text.USBD_CtlContinueSendData
                0x08008ef4       0x30 ..\obj\usbd_ioreq.o
                0x08008ef4                USBD_CtlContinueSendData
 .text.USBD_CtlPrepareRx
                0x08008f24       0x48 ..\obj\usbd_ioreq.o
                0x08008f24                USBD_CtlPrepareRx
 .text.USBD_CtlContinueRx
                0x08008f6c       0x30 ..\obj\usbd_ioreq.o
                0x08008f6c                USBD_CtlContinueRx
 .text.USBD_CtlSendStatus
                0x08008f9c       0x3c ..\obj\usbd_ioreq.o
                0x08008f9c                USBD_CtlSendStatus
 .text.USBD_CtlReceiveStatus
                0x08008fd8       0x3c ..\obj\usbd_ioreq.o
                0x08008fd8                USBD_CtlReceiveStatus
 .text.TIM_TimeBaseInit
                0x08009014       0xf8 ..\obj\stm32f4xx_tim.o
                0x08009014                TIM_TimeBaseInit
 .text.TIM_Cmd  0x0800910c       0x40 ..\obj\stm32f4xx_tim.o
                0x0800910c                TIM_Cmd
 .text.TIM_ITConfig
                0x0800914c       0x4c ..\obj\stm32f4xx_tim.o
                0x0800914c                TIM_ITConfig
 .text.TIM_ClearITPendingBit
                0x08009198       0x24 ..\obj\stm32f4xx_tim.o
                0x08009198                TIM_ClearITPendingBit
 .text.NVIC_SystemReset
                0x080091bc       0x34 ..\obj\power_detector.o
 .text.PVD_IRQHandler
                0x080091f0       0x20 ..\obj\power_detector.o
                0x080091f0                PVD_IRQHandler
 .text          0x08009210      0x370 c:/coocox/coide/gcc/sourcery g++ lite/bin/../lib/gcc/arm-none-eabi/4.5.1/thumb2\libgcc.a(_arm_addsubdf3.o)
                0x08009210                __aeabi_drsub
                0x08009218                __aeabi_dsub
                0x08009218                __subdf3
                0x0800921c                __aeabi_dadd
                0x0800921c                __adddf3
                0x08009494                __floatunsidf
                0x08009494                __aeabi_ui2d
                0x080094b4                __floatsidf
                0x080094b4                __aeabi_i2d
                0x080094d8                __aeabi_f2d
                0x080094d8                __extendsfdf2
                0x08009514                __floatundidf
                0x08009514                __aeabi_ul2d
                0x08009524                __floatdidf
                0x08009524                __aeabi_l2d
 .text          0x08009580      0x424 c:/coocox/coide/gcc/sourcery g++ lite/bin/../lib/gcc/arm-none-eabi/4.5.1/thumb2\libgcc.a(_arm_muldivdf3.o)
                0x08009580                __aeabi_dmul
                0x08009580                __muldf3
                0x080097d4                __divdf3
                0x080097d4                __aeabi_ddiv
 .text          0x080099a4      0x110 c:/coocox/coide/gcc/sourcery g++ lite/bin/../lib/gcc/arm-none-eabi/4.5.1/thumb2\libgcc.a(_arm_cmpdf2.o)
                0x080099a4                __gtdf2
                0x080099a4                __gedf2
                0x080099ac                __ltdf2
                0x080099ac                __ledf2
                0x080099b4                __nedf2
                0x080099b4                __eqdf2
                0x080099b4                __cmpdf2
                0x08009a30                __aeabi_cdrcmple
                0x08009a40                __aeabi_cdcmpeq
                0x08009a40                __aeabi_cdcmple
                0x08009a50                __aeabi_dcmpeq
                0x08009a64                __aeabi_dcmplt
                0x08009a78                __aeabi_dcmple
                0x08009a8c                __aeabi_dcmpge
                0x08009aa0                __aeabi_dcmpgt
 .text          0x08009ab4       0x40 c:/coocox/coide/gcc/sourcery g++ lite/bin/../lib/gcc/arm-none-eabi/4.5.1/thumb2\libgcc.a(_arm_fixunsdfsi.o)
                0x08009ab4                __aeabi_d2uiz
                0x08009ab4                __fixunsdfsi
 .text          0x08009af4      0x21c c:/coocox/coide/gcc/sourcery g++ lite/bin/../lib/gcc/arm-none-eabi/4.5.1/thumb2\libgcc.a(_arm_addsubsf3.o)
                0x08009af4                __aeabi_frsub
                0x08009afc                __subsf3
                0x08009afc                __aeabi_fsub
                0x08009b00                __aeabi_fadd
                0x08009b00                __addsf3
                0x08009c60                __aeabi_ui2f
                0x08009c60                __floatunsisf
                0x08009c68                __aeabi_i2f
                0x08009c68                __floatsisf
                0x08009c84                __aeabi_ul2f
                0x08009c84                __floatundisf
                0x08009c94                __aeabi_l2f
                0x08009c94                __floatdisf
 .text          0x08009d10      0x2a0 c:/coocox/coide/gcc/sourcery g++ lite/bin/../lib/gcc/arm-none-eabi/4.5.1/thumb2\libgcc.a(_arm_muldivsf3.o)
                0x08009d10                __mulsf3
                0x08009d10                __aeabi_fmul
                0x08009e78                __aeabi_fdiv
                0x08009e78                __divsf3
 .text          0x08009fb0       0x4c c:/coocox/coide/gcc/sourcery g++ lite/bin/../lib/gcc/arm-none-eabi/4.5.1/thumb2\libgcc.a(_arm_fixsfsi.o)
                0x08009fb0                __aeabi_f2iz
                0x08009fb0                __fixsfsi
 .text          0x08009ffc       0x58 c:/coocox/coide/gcc/sourcery g++ lite/bin/../lib/gcc/arm-none-eabi/4.5.1/../../../../arm-none-eabi/lib/thumb2\libc.a(lib_a-memcmp.o)
                0x08009ffc                memcmp
 .text          0x0800a054      0x150 c:/coocox/coide/gcc/sourcery g++ lite/bin/../lib/gcc/arm-none-eabi/4.5.1/../../../../arm-none-eabi/lib/thumb2\libc.a(lib_a-memcpy.o)
                0x0800a054                memcpy
 .text          0x0800a1a4       0xb4 c:/coocox/coide/gcc/sourcery g++ lite/bin/../lib/gcc/arm-none-eabi/4.5.1/../../../../arm-none-eabi/lib/thumb2\libc.a(lib_a-memset.o)
                0x0800a1a4                memset
 .text          0x0800a258       0x7c c:/coocox/coide/gcc/sourcery g++ lite/bin/../lib/gcc/arm-none-eabi/4.5.1/../../../../arm-none-eabi/lib/thumb2\libc.a(lib_a-strncpy.o)
                0x0800a258                strncpy
 *(.glue_7t)
 .glue_7t       0x00000000        0x0 linker stubs
 *(.glue_7)
 .glue_7        0x00000000        0x0 linker stubs
 *(.rodata .rodata* .gnu.linkonce.r.*)
 .rodata        0x0800a2d4        0x4 ..\obj\pid_regulator.o
 .rodata        0x0800a2d8       0x34 ..\obj\ADS1120.o
 .rodata        0x0800a30c        0x4 ..\obj\hd44780.o
 .rodata        0x0800a310       0x1c ..\obj\tasks.o
 .rodata        0x0800a32c       0x98 ..\obj\usbd_desc.o
 .rodata        0x0800a3c4        0x4 ..\obj\adc.o

.vfp11_veneer   0x0800a3c8        0x0
 .vfp11_veneer  0x00000000        0x0 linker stubs

.v4_bx          0x0800a3c8        0x0
 .v4_bx         0x00000000        0x0 linker stubs

.ARM.extab
 *(.ARM.extab* .gnu.linkonce.armextab.*)

.ARM.exidx
 *(.ARM.exidx* .gnu.linkonce.armexidx.*)
                0x0800a3c8                . = ALIGN (0x4)
                0x0800a3c8                _etext = .
                0x0800a3c8                _sidata = .

.data           0x20000000      0x12c load address 0x0800a3c8
                0x20000000                _sdata = .
 *(.data .data.*)
 .data          0x20000000       0x1c ..\obj\usbd_usr.o
                0x20000000                USR_cb
 .data          0x2000001c       0x30 ..\obj\usbd_core.o
                0x2000001c                USBD_DCD_INT_cb
                0x20000048                USBD_DCD_INT_fops
 .data          0x2000004c       0x10 ..\obj\stm32f4xx_rcc.o
 .data          0x2000005c        0x4 ..\obj\tasks.o
 .data          0x20000060       0x40 ..\obj\usbd_desc.o
                0x20000060                USR_desc
                0x2000007c                USBD_DeviceDesc
                0x20000090                USBD_DeviceQualifierDesc
                0x2000009c                USBD_LangIDDesc
 .data          0x200000a0       0x14 ..\obj\usbd_cdc_vcp.o
                0x200000a0                VCP_fops
 .data          0x200000b4        0x4 ..\obj\port.o
 .data          0x200000b8       0x74 ..\obj\usbd_cdc_core.o
                0x200000b8                usbd_cdc_CfgDesc
                0x20000100                USBD_CDC_cb
                0x2000012c                . = ALIGN (0x4)
                0x2000012c                _edata = .

.bss            0x20000130     0x2d78 load address 0x0800a4f8
                0x20000130                _sbss = .
 *(.bss .bss.*)
 .bss           0x20000130       0x10 ..\obj\delay.o
                0x20000130                TimingDelay
                0x20000134                Time
                0x20000138                Time2
                0x2000013c                DELAY_Initialized
 .bss           0x20000140        0x8 ..\obj\phaze_detector.o
 .bss           0x20000148      0x100 ..\obj\tasks.o
                0x20000148                pxCurrentTCB
 .bss           0x20000248        0x8 ..\obj\usbd_cdc_vcp.o
                0x20000248                counter
                0x2000024c                counter2
 .bss           0x20000250       0x10 ..\obj\usbd_req.o
                0x20000250                USBD_ep_status
                0x20000254                USBD_default_cfg
                0x20000258                USBD_cfg_status
 .bss           0x20000260       0x20 ..\obj\usbd_cdc_core.o
                0x20000264                APP_Rx_ptr_in
                0x20000268                APP_Rx_ptr_out
                0x2000026c                APP_Rx_length
                0x20000270                USB_Tx_State
 .bss           0x20000280     0x1c08 ..\obj\heap_1.o
 *(COMMON)
 COMMON         0x20001e88       0x14 ..\obj\pid_regulator.o
                0x20001e88                pid_heater
 COMMON         0x20001e9c      0x628 ..\obj\ADS1120.o
                0x20001e9c                ADC_result
                0x20001ea0                adc_reg
                0x20001ea4                xSPI_Buf_Mutex
                0x20001ea8                ADC_result_temp
                0x20001eac                ADS1120_res
                0x20001ed4                USB_OTG_dev
 COMMON         0x200024c4        0xa ..\obj\phaze_detector.o
                0x200024c4                xPhazeSemaphore
                0x200024c8                phaze_detect
 *fill*         0x200024ce        0x2 00
 COMMON         0x200024d0        0x7 ..\obj\hd44780.o
                0x200024d0                HD44780_Opts
 *fill*         0x200024d7        0x1 00
 COMMON         0x200024d8      0x110 ..\obj\adc.o
                0x200024d8                adc_lm35_chnl
 COMMON         0x200025e8       0x32 ..\obj\usbd_req.o
                0x200025e8                USBD_StrDesc
 *fill*         0x2000261a        0x2 00
 COMMON         0x2000261c      0x88c ..\obj\usbd_cdc_core.o
                0x2000261c                usbd_cdc_OtherCfgDesc
                0x20002660                USB_Rx_Buffer
                0x200026a0                CmdBuff
                0x200026a8                APP_Rx_Buffer
                0x20002ea8                . = ALIGN (0x4)
                0x20002ea8                _ebss = .

.co_stack       0x20002ea8      0x800 load address 0x0800d270
                0x20002ea8                . = ALIGN (0x8)
 *(.co_stack .co_stack.*)
 .co_stack      0x20002ea8      0x800 ..\obj\startup_stm32f4xx.o
                0x20002ea8                pulStack
                0x200036a8                . = ALIGN (0x4)
                0x200036a8                _end = .
LOAD ..\obj\stm32f4xx_syscfg.o
LOAD ..\obj\usb_core.o
LOAD ..\obj\delay.o
LOAD ..\obj\pid_regulator.o
LOAD ..\obj\usbd_usr.o
LOAD ..\obj\buzzer.o
LOAD ..\obj\stm32f4xx_usart.o
LOAD ..\obj\stm32f4xx_pwr.o
LOAD ..\obj\rtc.o
LOAD ..\obj\startup_stm32f4xx.o
LOAD ..\obj\backup_sram.o
LOAD ..\obj\stm32f4xx_iwdg.o
LOAD ..\obj\ADS1120.o
LOAD ..\obj\usbd_core.o
LOAD ..\obj\main.o
LOAD ..\obj\uks.o
LOAD ..\obj\stm32f4xx_rcc.o
LOAD ..\obj\timers.o
LOAD ..\obj\stm32f4xx_adc.o
LOAD ..\obj\printf.o
LOAD ..\obj\phaze_detector.o
LOAD ..\obj\watchdog.o
LOAD ..\obj\hd44780.o
LOAD ..\obj\tasks.o
LOAD ..\obj\usbd_desc.o
LOAD ..\obj\keyboard.o
LOAD ..\obj\stm32f4xx_gpio.o
LOAD ..\obj\usbd_cdc_vcp.o
LOAD ..\obj\list.o
LOAD ..\obj\system_stm32f4xx.o
LOAD ..\obj\syscalls.o
LOAD ..\obj\adc.o
LOAD ..\obj\usb_bsp.o
LOAD ..\obj\usbd_req.o
LOAD ..\obj\queue.o
LOAD ..\obj\port.o
LOAD ..\obj\usb_dcd_int.o
LOAD ..\obj\usbd_cdc_core.o
LOAD ..\obj\croutine.o
LOAD ..\obj\timer_properties.o
LOAD ..\obj\stm32f4xx_spi.o
LOAD ..\obj\stm32f4xx_exti.o
LOAD ..\obj\misc.o
LOAD ..\obj\usb_dcd.o
LOAD ..\obj\heap_1.o
LOAD ..\obj\stm32f4xx_rtc.o
LOAD ..\obj\usbd_ioreq.o
LOAD ..\obj\stm32f4xx_tim.o
LOAD ..\obj\power_detector.o
START GROUP
LOAD c:/coocox/coide/gcc/sourcery g++ lite/bin/../lib/gcc/arm-none-eabi/4.5.1/thumb2\libgcc.a
LOAD c:/coocox/coide/gcc/sourcery g++ lite/bin/../lib/gcc/arm-none-eabi/4.5.1/../../../../arm-none-eabi/lib/thumb2\libc.a
END GROUP
OUTPUT(stm32f2_uks.elf elf32-littlearm)

.debug_abbrev   0x00000000     0x43e2
 .debug_abbrev  0x00000000      0x12a ..\obj\stm32f4xx_syscfg.o
 .debug_abbrev  0x0000012a      0x277 ..\obj\usb_core.o
 .debug_abbrev  0x000003a1      0x125 ..\obj\delay.o
 .debug_abbrev  0x000004c6      0x147 ..\obj\pid_regulator.o
 .debug_abbrev  0x0000060d       0xd9 ..\obj\usbd_usr.o
 .debug_abbrev  0x000006e6      0x14a ..\obj\buzzer.o
 .debug_abbrev  0x00000830      0x14e ..\obj\stm32f4xx_usart.o
 .debug_abbrev  0x0000097e      0x175 ..\obj\stm32f4xx_pwr.o
 .debug_abbrev  0x00000af3      0x125 ..\obj\rtc.o
 .debug_abbrev  0x00000c18       0xac ..\obj\startup_stm32f4xx.o
 .debug_abbrev  0x00000cc4       0xee ..\obj\backup_sram.o
 .debug_abbrev  0x00000db2       0xfa ..\obj\stm32f4xx_iwdg.o
 .debug_abbrev  0x00000eac      0x20b ..\obj\ADS1120.o
 .debug_abbrev  0x000010b7      0x1f4 ..\obj\usbd_core.o
 .debug_abbrev  0x000012ab      0x1ba ..\obj\main.o
 .debug_abbrev  0x00001465       0x94 ..\obj\uks.o
 .debug_abbrev  0x000014f9      0x1b7 ..\obj\stm32f4xx_rcc.o
 .debug_abbrev  0x000016b0       0x28 ..\obj\timers.o
 .debug_abbrev  0x000016d8      0x189 ..\obj\stm32f4xx_adc.o
 .debug_abbrev  0x00001861      0x238 ..\obj\printf.o
 .debug_abbrev  0x00001a99      0x1ac ..\obj\phaze_detector.o
 .debug_abbrev  0x00001c45      0x108 ..\obj\watchdog.o
 .debug_abbrev  0x00001d4d      0x180 ..\obj\hd44780.o
 .debug_abbrev  0x00001ecd      0x193 ..\obj\tasks.o
 .debug_abbrev  0x00002060      0x10c ..\obj\usbd_desc.o
 .debug_abbrev  0x0000216c      0x15a ..\obj\keyboard.o
 .debug_abbrev  0x000022c6      0x182 ..\obj\stm32f4xx_gpio.o
 .debug_abbrev  0x00002448      0x13a ..\obj\usbd_cdc_vcp.o
 .debug_abbrev  0x00002582       0xb6 ..\obj\list.o
 .debug_abbrev  0x00002638      0x140 ..\obj\system_stm32f4xx.o
 .debug_abbrev  0x00002778       0xde ..\obj\syscalls.o
 .debug_abbrev  0x00002856      0x1e4 ..\obj\adc.o
 .debug_abbrev  0x00002a3a      0x1db ..\obj\usb_bsp.o
 .debug_abbrev  0x00002c15      0x253 ..\obj\usbd_req.o
 .debug_abbrev  0x00002e68      0x109 ..\obj\queue.o
 .debug_abbrev  0x00002f71      0x120 ..\obj\port.o
 .debug_abbrev  0x00003091      0x210 ..\obj\usb_dcd_int.o
 .debug_abbrev  0x000032a1      0x1e1 ..\obj\usbd_cdc_core.o
 .debug_abbrev  0x00003482      0x186 ..\obj\croutine.o
 .debug_abbrev  0x00003608      0x106 ..\obj\timer_properties.o
 .debug_abbrev  0x0000370e      0x160 ..\obj\stm32f4xx_spi.o
 .debug_abbrev  0x0000386e      0x198 ..\obj\stm32f4xx_exti.o
 .debug_abbrev  0x00003a06      0x126 ..\obj\misc.o
 .debug_abbrev  0x00003b2c      0x208 ..\obj\usb_dcd.o
 .debug_abbrev  0x00003d34      0x116 ..\obj\heap_1.o
 .debug_abbrev  0x00003e4a      0x16b ..\obj\stm32f4xx_rtc.o
 .debug_abbrev  0x00003fb5      0x165 ..\obj\usbd_ioreq.o
 .debug_abbrev  0x0000411a      0x163 ..\obj\stm32f4xx_tim.o
 .debug_abbrev  0x0000427d      0x165 ..\obj\power_detector.o

.debug_info     0x00000000    0x1cee7
 .debug_info    0x00000000      0x27a ..\obj\stm32f4xx_syscfg.o
 .debug_info    0x0000027a     0x27fc ..\obj\usb_core.o
 .debug_info    0x00002a76      0x777 ..\obj\delay.o
 .debug_info    0x000031ed      0x343 ..\obj\pid_regulator.o
 .debug_info    0x00003530      0x1c5 ..\obj\usbd_usr.o
 .debug_info    0x000036f5      0x458 ..\obj\buzzer.o
 .debug_info    0x00003b4d      0xa4f ..\obj\stm32f4xx_usart.o
 .debug_info    0x0000459c      0x53e ..\obj\stm32f4xx_pwr.o
 .debug_info    0x00004ada      0x296 ..\obj\rtc.o
 .debug_info    0x00004d70      0x147 ..\obj\startup_stm32f4xx.o
 .debug_info    0x00004eb7      0x237 ..\obj\backup_sram.o
 .debug_info    0x000050ee      0x20b ..\obj\stm32f4xx_iwdg.o
 .debug_info    0x000052f9     0x122c ..\obj\ADS1120.o
 .debug_info    0x00006525      0xff8 ..\obj\usbd_core.o
 .debug_info    0x0000751d      0xd37 ..\obj\main.o
 .debug_info    0x00008254      0x13a ..\obj\uks.o
 .debug_info    0x0000838e      0xd24 ..\obj\stm32f4xx_rcc.o
 .debug_info    0x000090b2       0x4c ..\obj\timers.o
 .debug_info    0x000090fe      0xcf5 ..\obj\stm32f4xx_adc.o
 .debug_info    0x00009df3      0xed2 ..\obj\printf.o
 .debug_info    0x0000acc5      0x91d ..\obj\phaze_detector.o
 .debug_info    0x0000b5e2      0x18a ..\obj\watchdog.o
 .debug_info    0x0000b76c      0x877 ..\obj\hd44780.o
 .debug_info    0x0000bfe3      0xd75 ..\obj\tasks.o
 .debug_info    0x0000cd58      0x3a7 ..\obj\usbd_desc.o
 .debug_info    0x0000d0ff      0x388 ..\obj\keyboard.o
 .debug_info    0x0000d487      0x639 ..\obj\stm32f4xx_gpio.o
 .debug_info    0x0000dac0      0x31a ..\obj\usbd_cdc_vcp.o
 .debug_info    0x0000ddda      0x2a6 ..\obj\list.o
 .debug_info    0x0000e080      0x5ea ..\obj\system_stm32f4xx.o
 .debug_info    0x0000e66a      0x440 ..\obj\syscalls.o
 .debug_info    0x0000eaaa     0x1141 ..\obj\adc.o
 .debug_info    0x0000fbeb     0x113d ..\obj\usb_bsp.o
 .debug_info    0x00010d28     0x111b ..\obj\usbd_req.o
 .debug_info    0x00011e43      0x7c1 ..\obj\queue.o
 .debug_info    0x00012604      0x1d7 ..\obj\port.o
 .debug_info    0x000127db     0x2027 ..\obj\usb_dcd_int.o
 .debug_info    0x00014802     0x1102 ..\obj\usbd_cdc_core.o
 .debug_info    0x00015904      0x4af ..\obj\croutine.o
 .debug_info    0x00015db3      0x4d1 ..\obj\timer_properties.o
 .debug_info    0x00016284      0xbcc ..\obj\stm32f4xx_spi.o
 .debug_info    0x00016e50      0x372 ..\obj\stm32f4xx_exti.o
 .debug_info    0x000171c2      0x594 ..\obj\misc.o
 .debug_info    0x00017756     0x1184 ..\obj\usb_dcd.o
 .debug_info    0x000188da      0x186 ..\obj\heap_1.o
 .debug_info    0x00018a60     0x1223 ..\obj\stm32f4xx_rtc.o
 .debug_info    0x00019c83      0xde4 ..\obj\usbd_ioreq.o
 .debug_info    0x0001aa67     0x1e28 ..\obj\stm32f4xx_tim.o
 .debug_info    0x0001c88f      0x658 ..\obj\power_detector.o

.debug_line     0x00000000     0x9992
 .debug_line    0x00000000      0x1e7 ..\obj\stm32f4xx_syscfg.o
 .debug_line    0x000001e7      0x6b4 ..\obj\usb_core.o
 .debug_line    0x0000089b      0x2a5 ..\obj\delay.o
 .debug_line    0x00000b40      0x2f2 ..\obj\pid_regulator.o
 .debug_line    0x00000e32      0x1b1 ..\obj\usbd_usr.o
 .debug_line    0x00000fe3      0x2c7 ..\obj\buzzer.o
 .debug_line    0x000012aa      0x478 ..\obj\stm32f4xx_usart.o
 .debug_line    0x00001722      0x284 ..\obj\stm32f4xx_pwr.o
 .debug_line    0x000019a6      0x21a ..\obj\rtc.o
 .debug_line    0x00001bc0       0xa6 ..\obj\startup_stm32f4xx.o
 .debug_line    0x00001c66      0x1e9 ..\obj\backup_sram.o
 .debug_line    0x00001e4f      0x1de ..\obj\stm32f4xx_iwdg.o
 .debug_line    0x0000202d      0x3fe ..\obj\ADS1120.o
 .debug_line    0x0000242b      0x305 ..\obj\usbd_core.o
 .debug_line    0x00002730      0x30b ..\obj\main.o
 .debug_line    0x00002a3b      0x152 ..\obj\uks.o
 .debug_line    0x00002b8d      0x574 ..\obj\stm32f4xx_rcc.o
 .debug_line    0x00003101       0x1d ..\obj\timers.o
 .debug_line    0x0000311e      0x528 ..\obj\stm32f4xx_adc.o
 .debug_line    0x00003646      0x3c6 ..\obj\printf.o
 .debug_line    0x00003a0c      0x38b ..\obj\phaze_detector.o
 .debug_line    0x00003d97      0x1b0 ..\obj\watchdog.o
 .debug_line    0x00003f47      0x406 ..\obj\hd44780.o
 .debug_line    0x0000434d      0x792 ..\obj\tasks.o
 .debug_line    0x00004adf      0x1f7 ..\obj\usbd_desc.o
 .debug_line    0x00004cd6      0x2ed ..\obj\keyboard.o
 .debug_line    0x00004fc3      0x313 ..\obj\stm32f4xx_gpio.o
 .debug_line    0x000052d6      0x1f6 ..\obj\usbd_cdc_vcp.o
 .debug_line    0x000054cc      0x1a6 ..\obj\list.o
 .debug_line    0x00005672      0x200 ..\obj\system_stm32f4xx.o
 .debug_line    0x00005872      0x194 ..\obj\syscalls.o
 .debug_line    0x00005a06      0x324 ..\obj\adc.o
 .debug_line    0x00005d2a      0x2a0 ..\obj\usb_bsp.o
 .debug_line    0x00005fca      0x3c1 ..\obj\usbd_req.o
 .debug_line    0x0000638b      0x4ff ..\obj\queue.o
 .debug_line    0x0000688a      0x1bd ..\obj\port.o
 .debug_line    0x00006a47      0x3b0 ..\obj\usb_dcd_int.o
 .debug_line    0x00006df7      0x2b5 ..\obj\usbd_cdc_core.o
 .debug_line    0x000070ac      0x274 ..\obj\croutine.o
 .debug_line    0x00007320      0x2e1 ..\obj\timer_properties.o
 .debug_line    0x00007601      0x428 ..\obj\stm32f4xx_spi.o
 .debug_line    0x00007a29      0x27d ..\obj\stm32f4xx_exti.o
 .debug_line    0x00007ca6      0x219 ..\obj\misc.o
 .debug_line    0x00007ebf      0x323 ..\obj\usb_dcd.o
 .debug_line    0x000081e2      0x135 ..\obj\heap_1.o
 .debug_line    0x00008317      0x7eb ..\obj\stm32f4xx_rtc.o
 .debug_line    0x00008b02      0x20d ..\obj\usbd_ioreq.o
 .debug_line    0x00008d0f      0xa4d ..\obj\stm32f4xx_tim.o
 .debug_line    0x0000975c      0x236 ..\obj\power_detector.o

.debug_loc      0x00000000     0x892b
 .debug_loc     0x00000000      0x144 ..\obj\stm32f4xx_syscfg.o
 .debug_loc     0x00000144      0x7e0 ..\obj\usb_core.o
 .debug_loc     0x00000924       0xe8 ..\obj\delay.o
 .debug_loc     0x00000a0c      0x10c ..\obj\pid_regulator.o
 .debug_loc     0x00000b18       0xe8 ..\obj\usbd_usr.o
 .debug_loc     0x00000c00       0xa8 ..\obj\buzzer.o
 .debug_loc     0x00000ca8      0x658 ..\obj\stm32f4xx_usart.o
 .debug_loc     0x00001300      0x288 ..\obj\stm32f4xx_pwr.o
 .debug_loc     0x00001588       0x70 ..\obj\rtc.o
 .debug_loc     0x000015f8       0x64 ..\obj\startup_stm32f4xx.o
 .debug_loc     0x0000165c       0xd4 ..\obj\backup_sram.o
 .debug_loc     0x00001730      0x138 ..\obj\stm32f4xx_iwdg.o
 .debug_loc     0x00001868      0x17c ..\obj\ADS1120.o
 .debug_loc     0x000019e4      0x2d8 ..\obj\usbd_core.o
 .debug_loc     0x00001cbc      0x10c ..\obj\main.o
 .debug_loc     0x00001dc8      0x97c ..\obj\stm32f4xx_rcc.o
 .debug_loc     0x00002744      0x838 ..\obj\stm32f4xx_adc.o
 .debug_loc     0x00002f7c      0x3ea ..\obj\printf.o
 .debug_loc     0x00003366      0x100 ..\obj\phaze_detector.o
 .debug_loc     0x00003466       0x70 ..\obj\watchdog.o
 .debug_loc     0x000034d6      0x3bc ..\obj\hd44780.o
 .debug_loc     0x00003892      0x708 ..\obj\tasks.o
 .debug_loc     0x00003f9a      0x188 ..\obj\usbd_desc.o
 .debug_loc     0x00004122       0x70 ..\obj\keyboard.o
 .debug_loc     0x00004192      0x310 ..\obj\stm32f4xx_gpio.o
 .debug_loc     0x000044a2      0x100 ..\obj\usbd_cdc_vcp.o
 .debug_loc     0x000045a2      0x118 ..\obj\list.o
 .debug_loc     0x000046ba       0x9c ..\obj\system_stm32f4xx.o
 .debug_loc     0x00004756      0x1ec ..\obj\syscalls.o
 .debug_loc     0x00004942       0xa9 ..\obj\adc.o
 .debug_loc     0x000049eb      0x138 ..\obj\usb_bsp.o
 .debug_loc     0x00004b23      0x310 ..\obj\usbd_req.o
 .debug_loc     0x00004e33      0x3b8 ..\obj\queue.o
 .debug_loc     0x000051eb      0x178 ..\obj\port.o
 .debug_loc     0x00005363      0x2d8 ..\obj\usb_dcd_int.o
 .debug_loc     0x0000563b      0x224 ..\obj\usbd_cdc_core.o
 .debug_loc     0x0000585f      0x188 ..\obj\croutine.o
 .debug_loc     0x000059e7       0xe0 ..\obj\timer_properties.o
 .debug_loc     0x00005ac7      0x578 ..\obj\stm32f4xx_spi.o
 .debug_loc     0x0000603f      0x1b4 ..\obj\stm32f4xx_exti.o
 .debug_loc     0x000061f3      0x118 ..\obj\misc.o
 .debug_loc     0x0000630b      0x2d8 ..\obj\usb_dcd.o
 .debug_loc     0x000065e3       0xc8 ..\obj\heap_1.o
 .debug_loc     0x000066ab      0xc48 ..\obj\stm32f4xx_rtc.o
 .debug_loc     0x000072f3      0x188 ..\obj\usbd_ioreq.o
 .debug_loc     0x0000747b     0x1420 ..\obj\stm32f4xx_tim.o
 .debug_loc     0x0000889b       0x90 ..\obj\power_detector.o

.debug_pubnames
                0x00000000     0x3927
 .debug_pubnames
                0x00000000       0xc3 ..\obj\stm32f4xx_syscfg.o
 .debug_pubnames
                0x000000c3      0x364 ..\obj\usb_core.o
 .debug_pubnames
                0x00000427       0xc4 ..\obj\delay.o
 .debug_pubnames
                0x000004eb       0x6e ..\obj\pid_regulator.o
 .debug_pubnames
                0x00000559       0x9e ..\obj\usbd_usr.o
 .debug_pubnames
                0x000005f7       0x62 ..\obj\buzzer.o
 .debug_pubnames
                0x00000659      0x294 ..\obj\stm32f4xx_usart.o
 .debug_pubnames
                0x000008ed      0x120 ..\obj\stm32f4xx_pwr.o
 .debug_pubnames
                0x00000a0d       0x46 ..\obj\rtc.o
 .debug_pubnames
                0x00000a53       0x4a ..\obj\startup_stm32f4xx.o
 .debug_pubnames
                0x00000a9d       0x6c ..\obj\backup_sram.o
 .debug_pubnames
                0x00000b09       0x91 ..\obj\stm32f4xx_iwdg.o
 .debug_pubnames
                0x00000b9a       0xd4 ..\obj\ADS1120.o
 .debug_pubnames
                0x00000c6e       0x7a ..\obj\usbd_core.o
 .debug_pubnames
                0x00000ce8       0xa0 ..\obj\main.o
 .debug_pubnames
                0x00000d88       0x21 ..\obj\uks.o
 .debug_pubnames
                0x00000da9      0x417 ..\obj\stm32f4xx_rcc.o
 .debug_pubnames
                0x000011c0      0x446 ..\obj\stm32f4xx_adc.o
 .debug_pubnames
                0x00001606      0x101 ..\obj\printf.o
 .debug_pubnames
                0x00001707       0x8e ..\obj\phaze_detector.o
 .debug_pubnames
                0x00001795       0x35 ..\obj\watchdog.o
 .debug_pubnames
                0x000017ca      0x194 ..\obj\hd44780.o
 .debug_pubnames
                0x0000195e      0x275 ..\obj\tasks.o
 .debug_pubnames
                0x00001bd3      0x152 ..\obj\usbd_desc.o
 .debug_pubnames
                0x00001d25       0x44 ..\obj\keyboard.o
 .debug_pubnames
                0x00001d69      0x12d ..\obj\stm32f4xx_gpio.o
 .debug_pubnames
                0x00001e96       0x47 ..\obj\usbd_cdc_vcp.o
 .debug_pubnames
                0x00001edd       0x71 ..\obj\list.o
 .debug_pubnames
                0x00001f4e       0x61 ..\obj\system_stm32f4xx.o
 .debug_pubnames
                0x00001faf       0x71 ..\obj\syscalls.o
 .debug_pubnames
                0x00002020       0x58 ..\obj\adc.o
 .debug_pubnames
                0x00002078       0xa6 ..\obj\usb_bsp.o
 .debug_pubnames
                0x0000211e       0xd7 ..\obj\usbd_req.o
 .debug_pubnames
                0x000021f5      0x145 ..\obj\queue.o
 .debug_pubnames
                0x0000233a      0x101 ..\obj\port.o
 .debug_pubnames
                0x0000243b       0x2b ..\obj\usb_dcd_int.o
 .debug_pubnames
                0x00002466       0xe5 ..\obj\usbd_cdc_core.o
 .debug_pubnames
                0x0000254b       0x96 ..\obj\croutine.o
 .debug_pubnames
                0x000025e1       0xb2 ..\obj\timer_properties.o
 .debug_pubnames
                0x00002693      0x221 ..\obj\stm32f4xx_spi.o
 .debug_pubnames
                0x000028b4       0xbb ..\obj\stm32f4xx_exti.o
 .debug_pubnames
                0x0000296f       0x89 ..\obj\misc.o
 .debug_pubnames
                0x000029f8      0x100 ..\obj\usb_dcd.o
 .debug_pubnames
                0x00002af8       0x64 ..\obj\heap_1.o
 .debug_pubnames
                0x00002b5c      0x514 ..\obj\stm32f4xx_rtc.o
 .debug_pubnames
                0x00003070       0xb6 ..\obj\usbd_ioreq.o
 .debug_pubnames
                0x00003126      0x7c4 ..\obj\stm32f4xx_tim.o
 .debug_pubnames
                0x000038ea       0x3d ..\obj\power_detector.o

.debug_pubtypes
                0x00000000     0x3ebb
 .debug_pubtypes
                0x00000000       0x6d ..\obj\stm32f4xx_syscfg.o
 .debug_pubtypes
                0x0000006d      0x675 ..\obj\usb_core.o
 .debug_pubtypes
                0x000006e2       0xb9 ..\obj\delay.o
 .debug_pubtypes
                0x0000079b       0x9b ..\obj\pid_regulator.o
 .debug_pubtypes
                0x00000836       0x55 ..\obj\usbd_usr.o
 .debug_pubtypes
                0x0000088b       0xea ..\obj\buzzer.o
 .debug_pubtypes
                0x00000975       0xcd ..\obj\stm32f4xx_usart.o
 .debug_pubtypes
                0x00000a42       0x84 ..\obj\stm32f4xx_pwr.o
 .debug_pubtypes
                0x00000ac6       0x73 ..\obj\rtc.o
 .debug_pubtypes
                0x00000b39       0x5b ..\obj\backup_sram.o
 .debug_pubtypes
                0x00000b94       0x64 ..\obj\stm32f4xx_iwdg.o
 .debug_pubtypes
                0x00000bf8      0x36a ..\obj\ADS1120.o
 .debug_pubtypes
                0x00000f62      0x2df ..\obj\usbd_core.o
 .debug_pubtypes
                0x00001241      0x2a0 ..\obj\main.o
 .debug_pubtypes
                0x000014e1       0x6f ..\obj\uks.o
 .debug_pubtypes
                0x00001550       0xaa ..\obj\stm32f4xx_rcc.o
 .debug_pubtypes
                0x000015fa       0x12 ..\obj\timers.o
 .debug_pubtypes
                0x0000160c       0xc9 ..\obj\stm32f4xx_adc.o
 .debug_pubtypes
                0x000016d5      0x139 ..\obj\printf.o
 .debug_pubtypes
                0x0000180e      0x1ab ..\obj\phaze_detector.o
 .debug_pubtypes
                0x000019b9       0x53 ..\obj\watchdog.o
 .debug_pubtypes
                0x00001a0c       0xe6 ..\obj\hd44780.o
 .debug_pubtypes
                0x00001af2      0x10c ..\obj\tasks.o
 .debug_pubtypes
                0x00001bfe       0x5b ..\obj\usbd_desc.o
 .debug_pubtypes
                0x00001c59       0xf7 ..\obj\keyboard.o
 .debug_pubtypes
                0x00001d50       0xce ..\obj\stm32f4xx_gpio.o
 .debug_pubtypes
                0x00001e1e       0x6d ..\obj\usbd_cdc_vcp.o
 .debug_pubtypes
                0x00001e8b       0x7a ..\obj\list.o
 .debug_pubtypes
                0x00001f05       0x73 ..\obj\system_stm32f4xx.o
 .debug_pubtypes
                0x00001f78       0xaa ..\obj\syscalls.o
 .debug_pubtypes
                0x00002022      0x369 ..\obj\adc.o
 .debug_pubtypes
                0x0000238b      0x333 ..\obj\usb_bsp.o
 .debug_pubtypes
                0x000026be      0x2c8 ..\obj\usbd_req.o
 .debug_pubtypes
                0x00002986       0xd4 ..\obj\queue.o
 .debug_pubtypes
                0x00002a5a       0x33 ..\obj\port.o
 .debug_pubtypes
                0x00002a8d      0x5e1 ..\obj\usb_dcd_int.o
 .debug_pubtypes
                0x0000306e      0x2ae ..\obj\usbd_cdc_core.o
 .debug_pubtypes
                0x0000331c       0xcd ..\obj\croutine.o
 .debug_pubtypes
                0x000033e9       0x93 ..\obj\timer_properties.o
 .debug_pubtypes
                0x0000347c       0xbc ..\obj\stm32f4xx_spi.o
 .debug_pubtypes
                0x00003538       0xae ..\obj\stm32f4xx_exti.o
 .debug_pubtypes
                0x000035e6       0x8c ..\obj\misc.o
 .debug_pubtypes
                0x00003672      0x307 ..\obj\usb_dcd.o
 .debug_pubtypes
                0x00003979       0x2c ..\obj\heap_1.o
 .debug_pubtypes
                0x000039a5       0xd8 ..\obj\stm32f4xx_rtc.o
 .debug_pubtypes
                0x00003a7d      0x295 ..\obj\usbd_ioreq.o
 .debug_pubtypes
                0x00003d12       0xe4 ..\obj\stm32f4xx_tim.o
 .debug_pubtypes
                0x00003df6       0xc5 ..\obj\power_detector.o

.debug_aranges  0x00000000     0x1878
 .debug_aranges
                0x00000000       0x48 ..\obj\stm32f4xx_syscfg.o
 .debug_aranges
                0x00000048      0x138 ..\obj\usb_core.o
 .debug_aranges
                0x00000180       0x40 ..\obj\delay.o
 .debug_aranges
                0x000001c0       0x40 ..\obj\pid_regulator.o
 .debug_aranges
                0x00000200       0x40 ..\obj\usbd_usr.o
 .debug_aranges
                0x00000240       0x30 ..\obj\buzzer.o
 .debug_aranges
                0x00000270      0x100 ..\obj\stm32f4xx_usart.o
 .debug_aranges
                0x00000370       0x78 ..\obj\stm32f4xx_pwr.o
 .debug_aranges
                0x000003e8       0x28 ..\obj\rtc.o
 .debug_aranges
                0x00000410       0x28 ..\obj\startup_stm32f4xx.o
 .debug_aranges
                0x00000438       0x38 ..\obj\backup_sram.o
 .debug_aranges
                0x00000470       0x48 ..\obj\stm32f4xx_iwdg.o
 .debug_aranges
                0x000004b8       0x50 ..\obj\ADS1120.o
 .debug_aranges
                0x00000508       0x80 ..\obj\usbd_core.o
 .debug_aranges
                0x00000588       0x40 ..\obj\main.o
 .debug_aranges
                0x000005c8      0x178 ..\obj\stm32f4xx_rcc.o
 .debug_aranges
                0x00000740      0x148 ..\obj\stm32f4xx_adc.o
 .debug_aranges
                0x00000888       0xa0 ..\obj\printf.o
 .debug_aranges
                0x00000928       0x40 ..\obj\phaze_detector.o
 .debug_aranges
                0x00000968       0x28 ..\obj\watchdog.o
 .debug_aranges
                0x00000990       0xb0 ..\obj\hd44780.o
 .debug_aranges
                0x00000a40      0x120 ..\obj\tasks.o
 .debug_aranges
                0x00000b60       0x50 ..\obj\usbd_desc.o
 .debug_aranges
                0x00000bb0       0x28 ..\obj\keyboard.o
 .debug_aranges
                0x00000bd8       0x88 ..\obj\stm32f4xx_gpio.o
 .debug_aranges
                0x00000c60       0x40 ..\obj\usbd_cdc_vcp.o
 .debug_aranges
                0x00000ca0       0x40 ..\obj\list.o
 .debug_aranges
                0x00000ce0       0x30 ..\obj\system_stm32f4xx.o
 .debug_aranges
                0x00000d10       0x60 ..\obj\syscalls.o
 .debug_aranges
                0x00000d70       0x30 ..\obj\adc.o
 .debug_aranges
                0x00000da0       0x48 ..\obj\usb_bsp.o
 .debug_aranges
                0x00000de8       0x88 ..\obj\usbd_req.o
 .debug_aranges
                0x00000e70       0xa0 ..\obj\queue.o
 .debug_aranges
                0x00000f10       0x70 ..\obj\port.o
 .debug_aranges
                0x00000f80       0x80 ..\obj\usb_dcd_int.o
 .debug_aranges
                0x00001000       0x68 ..\obj\usbd_cdc_core.o
 .debug_aranges
                0x00001068       0x50 ..\obj\croutine.o
 .debug_aranges
                0x000010b8       0x38 ..\obj\timer_properties.o
 .debug_aranges
                0x000010f0       0xe0 ..\obj\stm32f4xx_spi.o
 .debug_aranges
                0x000011d0       0x58 ..\obj\stm32f4xx_exti.o
 .debug_aranges
                0x00001228       0x40 ..\obj\misc.o
 .debug_aranges
                0x00001268       0x80 ..\obj\usb_dcd.o
 .debug_aranges
                0x000012e8       0x38 ..\obj\heap_1.o
 .debug_aranges
                0x00001320      0x1e0 ..\obj\stm32f4xx_rtc.o
 .debug_aranges
                0x00001500       0x50 ..\obj\usbd_ioreq.o
 .debug_aranges
                0x00001550      0x2f8 ..\obj\stm32f4xx_tim.o
 .debug_aranges
                0x00001848       0x30 ..\obj\power_detector.o

.debug_ranges   0x00000000     0x1588
 .debug_ranges  0x00000000       0x38 ..\obj\stm32f4xx_syscfg.o
 .debug_ranges  0x00000038      0x128 ..\obj\usb_core.o
 .debug_ranges  0x00000160       0x30 ..\obj\delay.o
 .debug_ranges  0x00000190       0x30 ..\obj\pid_regulator.o
 .debug_ranges  0x000001c0       0x30 ..\obj\usbd_usr.o
 .debug_ranges  0x000001f0       0x20 ..\obj\buzzer.o
 .debug_ranges  0x00000210       0xf0 ..\obj\stm32f4xx_usart.o
 .debug_ranges  0x00000300       0x68 ..\obj\stm32f4xx_pwr.o
 .debug_ranges  0x00000368       0x18 ..\obj\rtc.o
 .debug_ranges  0x00000380       0x18 ..\obj\startup_stm32f4xx.o
 .debug_ranges  0x00000398       0x28 ..\obj\backup_sram.o
 .debug_ranges  0x000003c0       0x38 ..\obj\stm32f4xx_iwdg.o
 .debug_ranges  0x000003f8       0x40 ..\obj\ADS1120.o
 .debug_ranges  0x00000438       0x70 ..\obj\usbd_core.o
 .debug_ranges  0x000004a8       0x30 ..\obj\main.o
 .debug_ranges  0x000004d8      0x168 ..\obj\stm32f4xx_rcc.o
 .debug_ranges  0x00000640      0x138 ..\obj\stm32f4xx_adc.o
 .debug_ranges  0x00000778       0x90 ..\obj\printf.o
 .debug_ranges  0x00000808       0x30 ..\obj\phaze_detector.o
 .debug_ranges  0x00000838       0x18 ..\obj\watchdog.o
 .debug_ranges  0x00000850       0xa0 ..\obj\hd44780.o
 .debug_ranges  0x000008f0      0x110 ..\obj\tasks.o
 .debug_ranges  0x00000a00       0x40 ..\obj\usbd_desc.o
 .debug_ranges  0x00000a40       0x18 ..\obj\keyboard.o
 .debug_ranges  0x00000a58       0x78 ..\obj\stm32f4xx_gpio.o
 .debug_ranges  0x00000ad0       0x30 ..\obj\usbd_cdc_vcp.o
 .debug_ranges  0x00000b00       0x30 ..\obj\list.o
 .debug_ranges  0x00000b30       0x20 ..\obj\system_stm32f4xx.o
 .debug_ranges  0x00000b50       0x50 ..\obj\syscalls.o
 .debug_ranges  0x00000ba0       0x20 ..\obj\adc.o
 .debug_ranges  0x00000bc0       0x38 ..\obj\usb_bsp.o
 .debug_ranges  0x00000bf8       0x78 ..\obj\usbd_req.o
 .debug_ranges  0x00000c70       0x90 ..\obj\queue.o
 .debug_ranges  0x00000d00       0x60 ..\obj\port.o
 .debug_ranges  0x00000d60       0x70 ..\obj\usb_dcd_int.o
 .debug_ranges  0x00000dd0       0x58 ..\obj\usbd_cdc_core.o
 .debug_ranges  0x00000e28       0x40 ..\obj\croutine.o
 .debug_ranges  0x00000e68       0x28 ..\obj\timer_properties.o
 .debug_ranges  0x00000e90       0xd0 ..\obj\stm32f4xx_spi.o
 .debug_ranges  0x00000f60       0x48 ..\obj\stm32f4xx_exti.o
 .debug_ranges  0x00000fa8       0x30 ..\obj\misc.o
 .debug_ranges  0x00000fd8       0x70 ..\obj\usb_dcd.o
 .debug_ranges  0x00001048       0x28 ..\obj\heap_1.o
 .debug_ranges  0x00001070      0x1d0 ..\obj\stm32f4xx_rtc.o
 .debug_ranges  0x00001240       0x40 ..\obj\usbd_ioreq.o
 .debug_ranges  0x00001280      0x2e8 ..\obj\stm32f4xx_tim.o
 .debug_ranges  0x00001568       0x20 ..\obj\power_detector.o

.debug_str      0x00000000     0x80d5
 .debug_str     0x00000000      0x214 ..\obj\stm32f4xx_syscfg.o
                                0x261 (size before relaxing)
 .debug_str     0x00000214     0x1245 ..\obj\usb_core.o
                               0x15e8 (size before relaxing)
 .debug_str     0x00001459      0x7e8 ..\obj\delay.o
                                0x8f0 (size before relaxing)
 .debug_str     0x00001c41      0x1d6 ..\obj\pid_regulator.o
                                0x297 (size before relaxing)
 .debug_str     0x00001e17       0xb3 ..\obj\usbd_usr.o
                                0x1ec (size before relaxing)
 .debug_str     0x00001eca      0x33a ..\obj\buzzer.o
                                0x42b (size before relaxing)
 .debug_str     0x00002204      0x495 ..\obj\stm32f4xx_usart.o
                                0x5f1 (size before relaxing)
 .debug_str     0x00002699      0x1e0 ..\obj\stm32f4xx_pwr.o
                                0x2f3 (size before relaxing)
 .debug_str     0x00002879      0x14c ..\obj\rtc.o
                                0x251 (size before relaxing)
 .debug_str     0x000029c5       0xb5 ..\obj\startup_stm32f4xx.o
                                 0xe0 (size before relaxing)
 .debug_str     0x00002a7a       0xc8 ..\obj\backup_sram.o
                                0x1b1 (size before relaxing)
 .debug_str     0x00002b42       0xed ..\obj\stm32f4xx_iwdg.o
                                0x1ce (size before relaxing)
 .debug_str     0x00002c2f      0x23d ..\obj\ADS1120.o
                                0xcf6 (size before relaxing)
 .debug_str     0x00002e6c      0x18d ..\obj\usbd_core.o
                                0xa2d (size before relaxing)
 .debug_str     0x00002ff9       0xed ..\obj\main.o
                                0x966 (size before relaxing)
 .debug_str     0x000030e6       0x79 ..\obj\uks.o
                                0x155 (size before relaxing)
 .debug_str     0x0000315f      0x5e8 ..\obj\stm32f4xx_rcc.o
                                0x7b2 (size before relaxing)
 .debug_str     0x00003747       0x4c ..\obj\timers.o
                                 0x9f (size before relaxing)
 .debug_str     0x00003793      0x638 ..\obj\stm32f4xx_adc.o
                                0x766 (size before relaxing)
 .debug_str     0x00003dcb      0x493 ..\obj\printf.o
                                0x5e7 (size before relaxing)
 .debug_str     0x0000425e      0x233 ..\obj\phaze_detector.o
                                0xabc (size before relaxing)
 .debug_str     0x00004491       0x5c ..\obj\watchdog.o
                                0x181 (size before relaxing)
 .debug_str     0x000044ed      0x219 ..\obj\hd44780.o
                                0x573 (size before relaxing)
 .debug_str     0x00004706      0x769 ..\obj\tasks.o
                                0x8b6 (size before relaxing)
 .debug_str     0x00004e6f      0x158 ..\obj\usbd_desc.o
                                0x2ef (size before relaxing)
 .debug_str     0x00004fc7       0xa4 ..\obj\keyboard.o
                                0x32f (size before relaxing)
 .debug_str     0x0000506b      0x17b ..\obj\stm32f4xx_gpio.o
                                0x405 (size before relaxing)
 .debug_str     0x000051e6       0xf8 ..\obj\usbd_cdc_vcp.o
                                0x1db (size before relaxing)
 .debug_str     0x000052de       0xdd ..\obj\list.o
                                0x210 (size before relaxing)
 .debug_str     0x000053bb       0xbd ..\obj\system_stm32f4xx.o
                                0x300 (size before relaxing)
 .debug_str     0x00005478      0x147 ..\obj\syscalls.o
                                0x267 (size before relaxing)
 .debug_str     0x000055bf       0xa6 ..\obj\adc.o
                                0xc36 (size before relaxing)
 .debug_str     0x00005665       0xca ..\obj\usb_bsp.o
                               0x1034 (size before relaxing)
 .debug_str     0x0000572f      0x173 ..\obj\usbd_req.o
                                0xa58 (size before relaxing)
 .debug_str     0x000058a2      0x302 ..\obj\queue.o
                                0x4be (size before relaxing)
 .debug_str     0x00005ba4      0x156 ..\obj\port.o
                                0x1dc (size before relaxing)
 .debug_str     0x00005cfa      0x289 ..\obj\usb_dcd_int.o
                               0x11e6 (size before relaxing)
 .debug_str     0x00005f83      0x1a9 ..\obj\usbd_cdc_core.o
                                0xaa3 (size before relaxing)
 .debug_str     0x0000612c      0x282 ..\obj\croutine.o
                                0x3df (size before relaxing)
 .debug_str     0x000063ae      0x1e3 ..\obj\timer_properties.o
                                0x42f (size before relaxing)
 .debug_str     0x00006591      0x2f5 ..\obj\stm32f4xx_spi.o
                                0x5ec (size before relaxing)
 .debug_str     0x00006886       0xe8 ..\obj\stm32f4xx_exti.o
                                0x2d0 (size before relaxing)
 .debug_str     0x0000696e      0x11e ..\obj\misc.o
                                0x33b (size before relaxing)
 .debug_str     0x00006a8c      0x10f ..\obj\usb_dcd.o
                                0xa88 (size before relaxing)
 .debug_str     0x00006b9b       0xe1 ..\obj\heap_1.o
                                0x1a1 (size before relaxing)
 .debug_str     0x00006c7c      0x88a ..\obj\stm32f4xx_rtc.o
                                0xab5 (size before relaxing)
 .debug_str     0x00007506       0xc9 ..\obj\usbd_ioreq.o
                                0x917 (size before relaxing)
 .debug_str     0x000075cf      0xa86 ..\obj\stm32f4xx_tim.o
                                0xd32 (size before relaxing)
 .debug_str     0x00008055       0x80 ..\obj\power_detector.o
                                0x828 (size before relaxing)

.comment        0x00000000       0x2a
 .comment       0x00000000       0x2a ..\obj\stm32f4xx_syscfg.o
                                 0x2b (size before relaxing)
 .comment       0x00000000       0x2b ..\obj\usb_core.o
 .comment       0x00000000       0x2b ..\obj\delay.o
 .comment       0x00000000       0x2b ..\obj\pid_regulator.o
 .comment       0x00000000       0x2b ..\obj\usbd_usr.o
 .comment       0x00000000       0x2b ..\obj\buzzer.o
 .comment       0x00000000       0x2b ..\obj\stm32f4xx_usart.o
 .comment       0x00000000       0x2b ..\obj\stm32f4xx_pwr.o
 .comment       0x00000000       0x2b ..\obj\rtc.o
 .comment       0x00000000       0x2b ..\obj\startup_stm32f4xx.o
 .comment       0x00000000       0x2b ..\obj\backup_sram.o
 .comment       0x00000000       0x2b ..\obj\stm32f4xx_iwdg.o
 .comment       0x00000000       0x2b ..\obj\ADS1120.o
 .comment       0x00000000       0x2b ..\obj\usbd_core.o
 .comment       0x00000000       0x2b ..\obj\main.o
 .comment       0x00000000       0x2b ..\obj\uks.o
 .comment       0x00000000       0x2b ..\obj\stm32f4xx_rcc.o
 .comment       0x00000000       0x2b ..\obj\timers.o
 .comment       0x00000000       0x2b ..\obj\stm32f4xx_adc.o
 .comment       0x00000000       0x2b ..\obj\printf.o
 .comment       0x00000000       0x2b ..\obj\phaze_detector.o
 .comment       0x00000000       0x2b ..\obj\watchdog.o
 .comment       0x00000000       0x2b ..\obj\hd44780.o
 .comment       0x00000000       0x2b ..\obj\tasks.o
 .comment       0x00000000       0x2b ..\obj\usbd_desc.o
 .comment       0x00000000       0x2b ..\obj\keyboard.o
 .comment       0x00000000       0x2b ..\obj\stm32f4xx_gpio.o
 .comment       0x00000000       0x2b ..\obj\usbd_cdc_vcp.o
 .comment       0x00000000       0x2b ..\obj\list.o
 .comment       0x00000000       0x2b ..\obj\system_stm32f4xx.o
 .comment       0x00000000       0x2b ..\obj\syscalls.o
 .comment       0x00000000       0x2b ..\obj\adc.o
 .comment       0x00000000       0x2b ..\obj\usb_bsp.o
 .comment       0x00000000       0x2b ..\obj\usbd_req.o
 .comment       0x00000000       0x2b ..\obj\queue.o
 .comment       0x00000000       0x2b ..\obj\port.o
 .comment       0x00000000       0x2b ..\obj\usb_dcd_int.o
 .comment       0x00000000       0x2b ..\obj\usbd_cdc_core.o
 .comment       0x00000000       0x2b ..\obj\croutine.o
 .comment       0x00000000       0x2b ..\obj\timer_properties.o
 .comment       0x00000000       0x2b ..\obj\stm32f4xx_spi.o
 .comment       0x00000000       0x2b ..\obj\stm32f4xx_exti.o
 .comment       0x00000000       0x2b ..\obj\misc.o
 .comment       0x00000000       0x2b ..\obj\usb_dcd.o
 .comment       0x00000000       0x2b ..\obj\heap_1.o
 .comment       0x00000000       0x2b ..\obj\stm32f4xx_rtc.o
 .comment       0x00000000       0x2b ..\obj\usbd_ioreq.o
 .comment       0x00000000       0x2b ..\obj\stm32f4xx_tim.o
 .comment       0x00000000       0x2b ..\obj\power_detector.o

.ARM.attributes
                0x00000000       0x31
 .ARM.attributes
                0x00000000       0x31 ..\obj\stm32f4xx_syscfg.o
 .ARM.attributes
                0x00000031       0x31 ..\obj\usb_core.o
 .ARM.attributes
                0x00000062       0x31 ..\obj\delay.o
 .ARM.attributes
                0x00000093       0x31 ..\obj\pid_regulator.o
 .ARM.attributes
                0x000000c4       0x31 ..\obj\usbd_usr.o
 .ARM.attributes
                0x000000f5       0x31 ..\obj\buzzer.o
 .ARM.attributes
                0x00000126       0x31 ..\obj\stm32f4xx_usart.o
 .ARM.attributes
                0x00000157       0x31 ..\obj\stm32f4xx_pwr.o
 .ARM.attributes
                0x00000188       0x31 ..\obj\rtc.o
 .ARM.attributes
                0x000001b9       0x31 ..\obj\startup_stm32f4xx.o
 .ARM.attributes
                0x000001ea       0x31 ..\obj\backup_sram.o
 .ARM.attributes
                0x0000021b       0x31 ..\obj\stm32f4xx_iwdg.o
 .ARM.attributes
                0x0000024c       0x31 ..\obj\ADS1120.o
 .ARM.attributes
                0x0000027d       0x31 ..\obj\usbd_core.o
 .ARM.attributes
                0x000002ae       0x31 ..\obj\main.o
 .ARM.attributes
                0x000002df       0x31 ..\obj\uks.o
 .ARM.attributes
                0x00000310       0x31 ..\obj\stm32f4xx_rcc.o
 .ARM.attributes
                0x00000341       0x31 ..\obj\timers.o
 .ARM.attributes
                0x00000372       0x31 ..\obj\stm32f4xx_adc.o
 .ARM.attributes
                0x000003a3       0x31 ..\obj\printf.o
 .ARM.attributes
                0x000003d4       0x31 ..\obj\phaze_detector.o
 .ARM.attributes
                0x00000405       0x31 ..\obj\watchdog.o
 .ARM.attributes
                0x00000436       0x31 ..\obj\hd44780.o
 .ARM.attributes
                0x00000467       0x31 ..\obj\tasks.o
 .ARM.attributes
                0x00000498       0x31 ..\obj\usbd_desc.o
 .ARM.attributes
                0x000004c9       0x31 ..\obj\keyboard.o
 .ARM.attributes
                0x000004fa       0x31 ..\obj\stm32f4xx_gpio.o
 .ARM.attributes
                0x0000052b       0x31 ..\obj\usbd_cdc_vcp.o
 .ARM.attributes
                0x0000055c       0x31 ..\obj\list.o
 .ARM.attributes
                0x0000058d       0x31 ..\obj\system_stm32f4xx.o
 .ARM.attributes
                0x000005be       0x31 ..\obj\syscalls.o
 .ARM.attributes
                0x000005ef       0x31 ..\obj\adc.o
 .ARM.attributes
                0x00000620       0x31 ..\obj\usb_bsp.o
 .ARM.attributes
                0x00000651       0x31 ..\obj\usbd_req.o
 .ARM.attributes
                0x00000682       0x31 ..\obj\queue.o
 .ARM.attributes
                0x000006b3       0x31 ..\obj\port.o
 .ARM.attributes
                0x000006e4       0x31 ..\obj\usb_dcd_int.o
 .ARM.attributes
                0x00000715       0x31 ..\obj\usbd_cdc_core.o
 .ARM.attributes
                0x00000746       0x31 ..\obj\croutine.o
 .ARM.attributes
                0x00000777       0x31 ..\obj\timer_properties.o
 .ARM.attributes
                0x000007a8       0x31 ..\obj\stm32f4xx_spi.o
 .ARM.attributes
                0x000007d9       0x31 ..\obj\stm32f4xx_exti.o
 .ARM.attributes
                0x0000080a       0x31 ..\obj\misc.o
 .ARM.attributes
                0x0000083b       0x31 ..\obj\usb_dcd.o
 .ARM.attributes
                0x0000086c       0x31 ..\obj\heap_1.o
 .ARM.attributes
                0x0000089d       0x31 ..\obj\stm32f4xx_rtc.o
 .ARM.attributes
                0x000008ce       0x31 ..\obj\usbd_ioreq.o
 .ARM.attributes
                0x000008ff       0x31 ..\obj\stm32f4xx_tim.o
 .ARM.attributes
                0x00000930       0x31 ..\obj\power_detector.o
 .ARM.attributes
                0x00000961       0x1b c:/coocox/coide/gcc/sourcery g++ lite/bin/../lib/gcc/arm-none-eabi/4.5.1/thumb2\libgcc.a(_arm_addsubdf3.o)
 .ARM.attributes
                0x0000097c       0x1b c:/coocox/coide/gcc/sourcery g++ lite/bin/../lib/gcc/arm-none-eabi/4.5.1/thumb2\libgcc.a(_arm_muldivdf3.o)
 .ARM.attributes
                0x00000997       0x1b c:/coocox/coide/gcc/sourcery g++ lite/bin/../lib/gcc/arm-none-eabi/4.5.1/thumb2\libgcc.a(_arm_cmpdf2.o)
 .ARM.attributes
                0x000009b2       0x1b c:/coocox/coide/gcc/sourcery g++ lite/bin/../lib/gcc/arm-none-eabi/4.5.1/thumb2\libgcc.a(_arm_fixunsdfsi.o)
 .ARM.attributes
                0x000009cd       0x1b c:/coocox/coide/gcc/sourcery g++ lite/bin/../lib/gcc/arm-none-eabi/4.5.1/thumb2\libgcc.a(_arm_addsubsf3.o)
 .ARM.attributes
                0x000009e8       0x1b c:/coocox/coide/gcc/sourcery g++ lite/bin/../lib/gcc/arm-none-eabi/4.5.1/thumb2\libgcc.a(_arm_muldivsf3.o)
 .ARM.attributes
                0x00000a03       0x1b c:/coocox/coide/gcc/sourcery g++ lite/bin/../lib/gcc/arm-none-eabi/4.5.1/thumb2\libgcc.a(_arm_fixsfsi.o)
 .ARM.attributes
                0x00000a1e       0x29 c:/coocox/coide/gcc/sourcery g++ lite/bin/../lib/gcc/arm-none-eabi/4.5.1/../../../../arm-none-eabi/lib/thumb2\libc.a(lib_a-memcmp.o)
 .ARM.attributes
                0x00000a47       0x29 c:/coocox/coide/gcc/sourcery g++ lite/bin/../lib/gcc/arm-none-eabi/4.5.1/../../../../arm-none-eabi/lib/thumb2\libc.a(lib_a-memcpy.o)
 .ARM.attributes
                0x00000a70       0x29 c:/coocox/coide/gcc/sourcery g++ lite/bin/../lib/gcc/arm-none-eabi/4.5.1/../../../../arm-none-eabi/lib/thumb2\libc.a(lib_a-memset.o)
 .ARM.attributes
                0x00000a99       0x29 c:/coocox/coide/gcc/sourcery g++ lite/bin/../lib/gcc/arm-none-eabi/4.5.1/../../../../arm-none-eabi/lib/thumb2\libc.a(lib_a-strncpy.o)

.debug_frame    0x00000000     0x4c98
 .debug_frame   0x00000000       0xbc ..\obj\stm32f4xx_syscfg.o
 .debug_frame   0x000000bc      0x434 ..\obj\usb_core.o
 .debug_frame   0x000004f0       0xa0 ..\obj\delay.o
 .debug_frame   0x00000590       0xa4 ..\obj\pid_regulator.o
 .debug_frame   0x00000634       0x8c ..\obj\usbd_usr.o
 .debug_frame   0x000006c0       0x70 ..\obj\buzzer.o
 .debug_frame   0x00000730      0x344 ..\obj\stm32f4xx_usart.o
 .debug_frame   0x00000a74      0x15c ..\obj\stm32f4xx_pwr.o
 .debug_frame   0x00000bd0       0x50 ..\obj\rtc.o
 .debug_frame   0x00000c20       0x48 ..\obj\startup_stm32f4xx.o
 .debug_frame   0x00000c68       0x88 ..\obj\backup_sram.o
 .debug_frame   0x00000cf0       0xb0 ..\obj\stm32f4xx_iwdg.o
 .debug_frame   0x00000da0       0xe4 ..\obj\ADS1120.o
 .debug_frame   0x00000e84      0x1ac ..\obj\usbd_core.o
 .debug_frame   0x00001030       0xa0 ..\obj\main.o
 .debug_frame   0x000010d0      0x4d8 ..\obj\stm32f4xx_rcc.o
 .debug_frame   0x000015a8      0x434 ..\obj\stm32f4xx_adc.o
 .debug_frame   0x000019dc      0x244 ..\obj\printf.o
 .debug_frame   0x00001c20       0xa0 ..\obj\phaze_detector.o
 .debug_frame   0x00001cc0       0x50 ..\obj\watchdog.o
 .debug_frame   0x00001d10      0x248 ..\obj\hd44780.o
 .debug_frame   0x00001f58      0x404 ..\obj\tasks.o
 .debug_frame   0x0000235c       0xe8 ..\obj\usbd_desc.o
 .debug_frame   0x00002444       0x50 ..\obj\keyboard.o
 .debug_frame   0x00002494      0x19c ..\obj\stm32f4xx_gpio.o
 .debug_frame   0x00002630       0x94 ..\obj\usbd_cdc_vcp.o
 .debug_frame   0x000026c4       0x9c ..\obj\list.o
 .debug_frame   0x00002760       0x64 ..\obj\system_stm32f4xx.o
 .debug_frame   0x000027c4      0x108 ..\obj\syscalls.o
 .debug_frame   0x000028cc       0x6c ..\obj\adc.o
 .debug_frame   0x00002938       0xc4 ..\obj\usb_bsp.o
 .debug_frame   0x000029fc      0x1c8 ..\obj\usbd_req.o
 .debug_frame   0x00002bc4      0x224 ..\obj\queue.o
 .debug_frame   0x00002de8      0x110 ..\obj\port.o
 .debug_frame   0x00002ef8      0x1ac ..\obj\usb_dcd_int.o
 .debug_frame   0x000030a4      0x144 ..\obj\usbd_cdc_core.o
 .debug_frame   0x000031e8       0xf0 ..\obj\croutine.o
 .debug_frame   0x000032d8       0x90 ..\obj\timer_properties.o
 .debug_frame   0x00003368      0x2d0 ..\obj\stm32f4xx_spi.o
 .debug_frame   0x00003638       0xec ..\obj\stm32f4xx_exti.o
 .debug_frame   0x00003724       0x9c ..\obj\misc.o
 .debug_frame   0x000037c0      0x1ac ..\obj\usb_dcd.o
 .debug_frame   0x0000396c       0x7c ..\obj\heap_1.o
 .debug_frame   0x000039e8      0x670 ..\obj\stm32f4xx_rtc.o
 .debug_frame   0x00004058       0xec ..\obj\usbd_ioreq.o
 .debug_frame   0x00004144      0xa3c ..\obj\stm32f4xx_tim.o
 .debug_frame   0x00004b80       0x64 ..\obj\power_detector.o
 .debug_frame   0x00004be4       0x2c c:/coocox/coide/gcc/sourcery g++ lite/bin/../lib/gcc/arm-none-eabi/4.5.1/../../../../arm-none-eabi/lib/thumb2\libc.a(lib_a-memcmp.o)
 .debug_frame   0x00004c10       0x30 c:/coocox/coide/gcc/sourcery g++ lite/bin/../lib/gcc/arm-none-eabi/4.5.1/../../../../arm-none-eabi/lib/thumb2\libc.a(lib_a-memcpy.o)
 .debug_frame   0x00004c40       0x2c c:/coocox/coide/gcc/sourcery g++ lite/bin/../lib/gcc/arm-none-eabi/4.5.1/../../../../arm-none-eabi/lib/thumb2\libc.a(lib_a-memset.o)
 .debug_frame   0x00004c6c       0x2c c:/coocox/coide/gcc/sourcery g++ lite/bin/../lib/gcc/arm-none-eabi/4.5.1/../../../../arm-none-eabi/lib/thumb2\libc.a(lib_a-strncpy.o)
