Archive member included because of file (symbol)

c:/coocox/coide/gcc/sourcery g++ lite/bin/../lib/gcc/arm-none-eabi/4.5.1/thumb2\libgcc.a(_arm_addsubdf3.o)
                              ..\obj\ADS1120.o (__aeabi_dadd)
c:/coocox/coide/gcc/sourcery g++ lite/bin/../lib/gcc/arm-none-eabi/4.5.1/thumb2\libgcc.a(_arm_muldivdf3.o)
                              ..\obj\ADS1120.o (__aeabi_dmul)
c:/coocox/coide/gcc/sourcery g++ lite/bin/../lib/gcc/arm-none-eabi/4.5.1/thumb2\libgcc.a(_arm_cmpdf2.o)
                              ..\obj\timer_properties.o (__aeabi_dcmpeq)
c:/coocox/coide/gcc/sourcery g++ lite/bin/../lib/gcc/arm-none-eabi/4.5.1/thumb2\libgcc.a(_arm_fixunsdfsi.o)
                              ..\obj\timer_properties.o (__aeabi_d2uiz)
c:/coocox/coide/gcc/sourcery g++ lite/bin/../lib/gcc/arm-none-eabi/4.5.1/thumb2\libgcc.a(_arm_truncdfsf2.o)
                              ..\obj\ADS1120.o (__aeabi_d2f)
c:/coocox/coide/gcc/sourcery g++ lite/bin/../lib/gcc/arm-none-eabi/4.5.1/thumb2\libgcc.a(_arm_addsubsf3.o)
                              ..\obj\pid_regulator.o (__aeabi_fsub)
c:/coocox/coide/gcc/sourcery g++ lite/bin/../lib/gcc/arm-none-eabi/4.5.1/thumb2\libgcc.a(_arm_muldivsf3.o)
                              ..\obj\pid_regulator.o (__aeabi_fmul)
c:/coocox/coide/gcc/sourcery g++ lite/bin/../lib/gcc/arm-none-eabi/4.5.1/thumb2\libgcc.a(_arm_cmpsf2.o)
                              ..\obj\pid_regulator.o (__aeabi_fcmplt)
c:/coocox/coide/gcc/sourcery g++ lite/bin/../lib/gcc/arm-none-eabi/4.5.1/thumb2\libgcc.a(_arm_fixsfsi.o)
                              ..\obj\pid_regulator.o (__aeabi_f2iz)
c:/coocox/coide/gcc/sourcery g++ lite/bin/../lib/gcc/arm-none-eabi/4.5.1/thumb2\libgcc.a(_arm_fixunssfsi.o)
                              ..\obj\display.o (__aeabi_f2uiz)
c:/coocox/coide/gcc/sourcery g++ lite/bin/../lib/gcc/arm-none-eabi/4.5.1/../../../../arm-none-eabi/lib/thumb2\libc.a(lib_a-memcmp.o)
                              ..\obj\tasks.o (memcmp)
c:/coocox/coide/gcc/sourcery g++ lite/bin/../lib/gcc/arm-none-eabi/4.5.1/../../../../arm-none-eabi/lib/thumb2\libc.a(lib_a-memcpy.o)
                              ..\obj\mbfuncother.o (memcpy)
c:/coocox/coide/gcc/sourcery g++ lite/bin/../lib/gcc/arm-none-eabi/4.5.1/../../../../arm-none-eabi/lib/thumb2\libc.a(lib_a-memset.o)
                              ..\obj\tasks.o (memset)
c:/coocox/coide/gcc/sourcery g++ lite/bin/../lib/gcc/arm-none-eabi/4.5.1/../../../../arm-none-eabi/lib/thumb2\libc.a(lib_a-strncpy.o)
                              ..\obj\tasks.o (strncpy)

Allocating common symbols
Common symbol       size              file

pxMBFrameCBTransmitterEmpty
                    0x4               ..\obj\mb.o
APP_Tx_Buffer       0x80              ..\obj\usbd_cdc_vcp.o
pid_heater          0x1c              ..\obj\pid_regulator.o
pxMBPortCBTimerExpired
                    0x4               ..\obj\mb.o
Heater_Control_Task_Handle
                    0x4               ..\obj\phaze_detector.o
ADC_result          0x4               ..\obj\ADS1120.o
xBuzzer_Handle      0x4               ..\obj\buzzer.o
adc_reg             0x1               ..\obj\ADS1120.o
ucRTUBuf            0x100             ..\obj\mbrtu.o
PID_Regulator_Task_Handle
                    0x4               ..\obj\pid_regulator.o
HD44780_Opts        0x7               ..\obj\hd44780.o
xPhazeSemaphore     0x4               ..\obj\phaze_detector.o
usbd_cdc_OtherCfgDesc
                    0x43              ..\obj\usbd_cdc_core.o
xSPI_Buf_Mutex      0x4               ..\obj\ADS1120.o
pxMBFrameCBByteReceived
                    0x4               ..\obj\mb.o
buzz                0x2               ..\obj\buzzer.o
APP_tx_ptr_tail     0x4               ..\obj\usbd_cdc_vcp.o
pxMBFrameCBTransmitFSMCur
                    0x4               ..\obj\mb.o
xMeasure_LM35_Semaphore
                    0x4               ..\obj\adc.o
USB_Rx_Buffer       0x40              ..\obj\usbd_cdc_core.o
ADC_result_temp     0x4               ..\obj\ADS1120.o
pxMBFrameCBReceiveFSMCur
                    0x4               ..\obj\mb.o
CmdBuff             0x8               ..\obj\usbd_cdc_core.o
USB_OTG_dev         0x5f0             ..\obj\main.o
adc_lm35_chnl       0xee              ..\obj\adc.o
mult                0x4               ..\obj\delay.o
APP_Rx_Buffer       0x800             ..\obj\usbd_cdc_core.o
uks_channels        0x494             ..\obj\uks.o
task_watches        0x10              ..\obj\watchdog.o
USBD_StrDesc        0x32              ..\obj\usbd_req.o
APP_tx_ptr_head     0x4               ..\obj\usbd_cdc_vcp.o
phaze_detect        0x8               ..\obj\phaze_detector.o

Discarded input sections

 .text          0x00000000        0x0 ..\obj\stm32f4xx_syscfg.o
 .data          0x00000000        0x0 ..\obj\stm32f4xx_syscfg.o
 .bss           0x00000000        0x0 ..\obj\stm32f4xx_syscfg.o
 .text.SYSCFG_DeInit
                0x00000000       0x20 ..\obj\stm32f4xx_syscfg.o
 .text.SYSCFG_MemoryRemapConfig
[...]
Memory Configuration

Name             Origin             Length             Attributes
rom              0x08000000         0x00100000         xr
ram              0x20000000         0x00020000         xrw
ram1             0x10000000         0x00010000         xrw
*default*        0x00000000         0xffffffff

Linker script and memory map

                0x20020000                _eram = 0x20020000

.text           0x08000000     0xf5a8
 *(.isr_vector .isr_vector.*)
 .isr_vector    0x08000000      0x188 ..\obj\startup_stm32f4xx.o
                0x08000000                g_pfnVectors
 *(.text .text.* .gnu.linkonce.t.*)
 .text.SYSCFG_EXTILineConfig
                0x08000188       0xb4 ..\obj\stm32f4xx_syscfg.o
                0x08000188                SYSCFG_EXTILineConfig
 .text.USB_OTG_EnableCommonInt
                0x0800023c       0x44 ..\obj\usb_core.o
 .text.USB_OTG_CoreReset
                0x08000280       0xa8 ..\obj\usb_core.o
 .text.USB_OTG_WritePacket
                0x08000328       0x88 ..\obj\usb_core.o
                0x08000328                USB_OTG_WritePacket
 .text.USB_OTG_ReadPacket
                0x080003b0       0x68 ..\obj\usb_core.o
                0x080003b0                USB_OTG_ReadPacket
 .text.USB_OTG_SelectCore
                0x08000418      0x1b4 ..\obj\usb_core.o
                0x08000418                USB_OTG_SelectCore
 .text.USB_OTG_CoreInit
                0x080005cc      0x1f8 ..\obj\usb_core.o
                0x080005cc                USB_OTG_CoreInit
 .text.USB_OTG_EnableGlobalInt
                0x080007c4       0x40 ..\obj\usb_core.o
                0x080007c4                USB_OTG_EnableGlobalInt
 .text.USB_OTG_DisableGlobalInt
                0x08000804       0x44 ..\obj\usb_core.o
                0x08000804                USB_OTG_DisableGlobalInt
 .text.USB_OTG_FlushTxFifo
                0x08000848       0x80 ..\obj\usb_core.o
                0x08000848                USB_OTG_FlushTxFifo
 .text.USB_OTG_FlushRxFifo
                0x080008c8       0x6c ..\obj\usb_core.o
                0x080008c8                USB_OTG_FlushRxFifo
 .text.USB_OTG_SetCurrentMode
                0x08000934       0x64 ..\obj\usb_core.o
                0x08000934                USB_OTG_SetCurrentMode
 .text.USB_OTG_GetMode
                0x08000998       0x20 ..\obj\usb_core.o
                0x08000998                USB_OTG_GetMode
 .text.USB_OTG_IsDeviceMode
                0x080009b8       0x24 ..\obj\usb_core.o
                0x080009b8                USB_OTG_IsDeviceMode
 .text.USB_OTG_ReadCoreItr
                0x080009dc       0x34 ..\obj\usb_core.o
                0x080009dc                USB_OTG_ReadCoreItr
 .text.USB_OTG_InitDevSpeed
                0x08000a10       0x38 ..\obj\usb_core.o
                0x08000a10                USB_OTG_InitDevSpeed
 .text.USB_OTG_CoreInitDev
                0x08000a48      0x2d0 ..\obj\usb_core.o
                0x08000a48                USB_OTG_CoreInitDev
 .text.USB_OTG_EnableDevInt
                0x08000d18       0xa8 ..\obj\usb_core.o
                0x08000d18                USB_OTG_EnableDevInt
 .text.USB_OTG_GetDeviceSpeed
                0x08000dc0       0x50 ..\obj\usb_core.o
                0x08000dc0                USB_OTG_GetDeviceSpeed
 .text.USB_OTG_EP0Activate
                0x08000e10       0x84 ..\obj\usb_core.o
                0x08000e10                USB_OTG_EP0Activate
 .text.USB_OTG_EPActivate
                0x08000e94       0xf8 ..\obj\usb_core.o
                0x08000e94                USB_OTG_EPActivate
 .text.USB_OTG_EPDeactivate
                0x08000f8c       0xa4 ..\obj\usb_core.o
                0x08000f8c                USB_OTG_EPDeactivate
 .text.USB_OTG_EPStartXfer
                0x08001030      0x2d4 ..\obj\usb_core.o
                0x08001030                USB_OTG_EPStartXfer
 .text.USB_OTG_EP0StartXfer
                0x08001304      0x208 ..\obj\usb_core.o
                0x08001304                USB_OTG_EP0StartXfer
 .text.USB_OTG_EPSetStall
                0x0800150c       0x94 ..\obj\usb_core.o
                0x0800150c                USB_OTG_EPSetStall
 .text.USB_OTG_EPClearStall
                0x080015a0       0x84 ..\obj\usb_core.o
                0x080015a0                USB_OTG_EPClearStall
 .text.USB_OTG_ReadDevAllOutEp_itr
                0x08001624       0x30 ..\obj\usb_core.o
                0x08001624                USB_OTG_ReadDevAllOutEp_itr
 .text.USB_OTG_ReadDevOutEP_itr
                0x08001654       0x3c ..\obj\usb_core.o
                0x08001654                USB_OTG_ReadDevOutEP_itr
 .text.USB_OTG_ReadDevAllInEPItr
                0x08001690       0x34 ..\obj\usb_core.o
                0x08001690                USB_OTG_ReadDevAllInEPItr
 .text.USB_OTG_EP0_OutStart
                0x080016c4       0x7c ..\obj\usb_core.o
                0x080016c4                USB_OTG_EP0_OutStart
 .text.USB_OTG_UngateClock
                0x08001740       0x54 ..\obj\usb_core.o
                0x08001740                USB_OTG_UngateClock
 .text.TIM2_IRQHandler
                0x08001794       0x50 ..\obj\delay.o
                0x08001794                TIM2_IRQHandler
 .text.DELAY_Init
                0x080017e4       0x2c ..\obj\delay.o
                0x080017e4                DELAY_Init
 .text.DELAY_INT_InitTIM
                0x08001810       0xa8 ..\obj\delay.o
                0x08001810                DELAY_INT_InitTIM
 .text.ENTER_CRITICAL_SECTION
                0x080018b8        0xc ..\obj\mbport.o
                0x080018b8                ENTER_CRITICAL_SECTION
 .text.EXIT_CRITICAL_SECTION
                0x080018c4        0xc ..\obj\mbport.o
                0x080018c4                EXIT_CRITICAL_SECTION
 .text.eMBRegInputCB
                0x080018d0      0x138 ..\obj\mbport.o
                0x080018d0                eMBRegInputCB
 .text.eMBRegHoldingCB
                0x08001a08      0x828 ..\obj\mbport.o
                0x08001a08                eMBRegHoldingCB
 .text.eMBRegCoilsCB
                0x08002230       0x20 ..\obj\mbport.o
                0x08002230                eMBRegCoilsCB
 .text.eMBRegDiscreteCB
                0x08002250       0x20 ..\obj\mbport.o
                0x08002250                eMBRegDiscreteCB
 .text.eMBInit  0x08002270      0x134 ..\obj\mb.o
                0x08002270                eMBInit
 .text.eMBEnable
                0x080023a4       0x48 ..\obj\mb.o
                0x080023a4                eMBEnable
 .text.eMBPoll  0x080023ec      0x23c ..\obj\mb.o
                0x080023ec                eMBPoll
 .text.PID_Heater_Init
                0x08002628       0x50 ..\obj\pid_regulator.o
                0x08002628                PID_Heater_Init
 .text.pid_Init
                0x08002678      0x108 ..\obj\pid_regulator.o
                0x08002678                pid_Init
 .text.pid_Controller
                0x08002780      0x1d8 ..\obj\pid_regulator.o
                0x08002780                pid_Controller
 .text.PID_Regulator_Task
                0x08002958      0x1d4 ..\obj\pid_regulator.o
 .text.Protocol_Init
                0x08002b2c       0x64 ..\obj\protocol.o
                0x08002b2c                Protocol_Init
 .text.Modbus_Task
                0x08002b90       0x1c ..\obj\protocol.o
 .text.eMBFuncReadDiscreteInputs
                0x08002bac      0x130 ..\obj\mbfuncdisc.o
                0x08002bac                eMBFuncReadDiscreteInputs
 .text.USBD_USR_Init
                0x08002cdc        0xc ..\obj\usbd_usr.o
                0x08002cdc                USBD_USR_Init
 .text.USBD_USR_DeviceReset
                0x08002ce8       0x14 ..\obj\usbd_usr.o
                0x08002ce8                USBD_USR_DeviceReset
 .text.USBD_USR_DeviceConfigured
                0x08002cfc        0xc ..\obj\usbd_usr.o
                0x08002cfc                USBD_USR_DeviceConfigured
 .text.USBD_USR_DeviceSuspended
                0x08002d08        0xc ..\obj\usbd_usr.o
                0x08002d08                USBD_USR_DeviceSuspended
 .text.USBD_USR_DeviceResumed
                0x08002d14        0xc ..\obj\usbd_usr.o
                0x08002d14                USBD_USR_DeviceResumed
 .text.xMBPortEventInit
                0x08002d20       0x20 ..\obj\portevent.o
                0x08002d20                xMBPortEventInit
 .text.xMBPortEventPost
                0x08002d40       0x34 ..\obj\portevent.o
                0x08002d40                xMBPortEventPost
 .text.xMBPortEventGet
                0x08002d74       0x4c ..\obj\portevent.o
                0x08002d74                xMBPortEventGet
 .text.Buzzer_Init
                0x08002dc0       0xa4 ..\obj\buzzer.o
                0x08002dc0                Buzzer_Init
 .text.Buzzer_Task
                0x08002e64      0x244 ..\obj\buzzer.o
                0x08002e64                Buzzer_Task
 .text.Buzzer_Set_Buzz
                0x080030a8       0xc0 ..\obj\buzzer.o
                0x080030a8                Buzzer_Set_Buzz
 .text.eMBFuncReportSlaveID
                0x08003168       0x4c ..\obj\mbfuncother.o
                0x08003168                eMBFuncReportSlaveID
 .text.PWR_BackupAccessCmd
                0x080031b4       0x20 ..\obj\stm32f4xx_pwr.o
                0x080031b4                PWR_BackupAccessCmd
 .text.PWR_PVDLevelConfig
                0x080031d4       0x44 ..\obj\stm32f4xx_pwr.o
                0x080031d4                PWR_PVDLevelConfig
 .text.PWR_PVDCmd
                0x08003218       0x20 ..\obj\stm32f4xx_pwr.o
                0x08003218                PWR_PVDCmd
 .text.PWR_BackupRegulatorCmd
                0x08003238       0x20 ..\obj\stm32f4xx_pwr.o
                0x08003238                PWR_BackupRegulatorCmd
 .text.prveMBError2Exception
                0x08003258       0x48 ..\obj\mbutils.o
                0x08003258                prveMBError2Exception
 .text.Default_Reset_Handler
                0x080032a0       0x68 ..\obj\startup_stm32f4xx.o
                0x080032a0                Default_Reset_Handler
                0x080032a0                Reset_Handler
 .text.Default_Handler
                0x08003308        0x8 ..\obj\startup_stm32f4xx.o
                0x08003308                RTC_Alarm_IRQHandler
                0x08003308                HASH_RNG_IRQHandler
                0x08003308                EXTI2_IRQHandler
                0x08003308                TIM8_CC_IRQHandler
                0x08003308                DebugMon_Handler
                0x08003308                TIM1_CC_IRQHandler
                0x08003308                DMA2_Stream5_IRQHandler
                0x08003308                HardFault_Handler
                0x08003308                DMA1_Stream5_IRQHandler
                0x08003308                SDIO_IRQHandler
                0x08003308                TAMP_STAMP_IRQHandler
                0x08003308                NMI_Handler
                0x08003308                CAN2_RX1_IRQHandler
                0x08003308                EXTI3_IRQHandler
                0x08003308                TIM8_TRG_COM_TIM14_IRQHandler
                0x08003308                TIM1_UP_TIM10_IRQHandler
                0x08003308                TIM8_UP_TIM13_IRQHandler
                0x08003308                I2C3_ER_IRQHandler
                0x08003308                I2C2_EV_IRQHandler
                0x08003308                DMA1_Stream2_IRQHandler
                0x08003308                CAN1_RX0_IRQHandler
                0x08003308                FPU_IRQHandler
                0x08003308                OTG_HS_WKUP_IRQHandler
                0x08003308                UsageFault_Handler
                0x08003308                CAN2_SCE_IRQHandler
                0x08003308                DMA2_Stream2_IRQHandler
                0x08003308                SPI1_IRQHandler
                0x08003308                TIM6_DAC_IRQHandler
                0x08003308                TIM1_BRK_TIM9_IRQHandler
                0x08003308                DCMI_IRQHandler
                0x08003308                CAN2_RX0_IRQHandler
                0x08003308                DMA2_Stream3_IRQHandler
                0x08003308                USART6_IRQHandler
                0x08003308                USART3_IRQHandler
                0x08003308                CRYP_IRQHandler
                0x08003308                CAN1_RX1_IRQHandler
                0x08003308                UART5_IRQHandler
                0x08003308                DMA2_Stream0_IRQHandler
                0x08003308                I2C1_EV_IRQHandler
                0x08003308                DMA1_Stream6_IRQHandler
                0x08003308                DMA1_Stream1_IRQHandler
                0x08003308                UART4_IRQHandler
                0x08003308                TIM3_IRQHandler
                0x08003308                RCC_IRQHandler
                0x08003308                TIM8_BRK_TIM12_IRQHandler
                0x08003308                EXTI15_10_IRQHandler
                0x08003308                ADC_IRQHandler
                0x08003308                DMA1_Stream7_IRQHandler
                0x08003308                TIM7_IRQHandler
                0x08003308                CAN2_TX_IRQHandler
                0x08003308                TIM5_IRQHandler
                0x08003308                DMA2_Stream7_IRQHandler
                0x08003308                I2C3_EV_IRQHandler
                0x08003308                EXTI9_5_IRQHandler
                0x08003308                RTC_WKUP_IRQHandler
                0x08003308                ETH_WKUP_IRQHandler
                0x08003308                SPI2_IRQHandler
                0x08003308                OTG_HS_EP1_IN_IRQHandler
                0x08003308                MemManage_Handler
                0x08003308                DMA1_Stream0_IRQHandler
                0x08003308                CAN1_TX_IRQHandler
                0x08003308                EXTI4_IRQHandler
                0x08003308                FSMC_IRQHandler
                0x08003308                ETH_IRQHandler
                0x08003308                OTG_HS_EP1_OUT_IRQHandler
                0x08003308                WWDG_IRQHandler
                0x08003308                TIM1_TRG_COM_TIM11_IRQHandler
                0x08003308                OTG_HS_IRQHandler
                0x08003308                USART2_IRQHandler
                0x08003308                I2C2_ER_IRQHandler
                0x08003308                DMA2_Stream1_IRQHandler
                0x08003308                CAN1_SCE_IRQHandler
                0x08003308                FLASH_IRQHandler
                0x08003308                DMA2_Stream4_IRQHandler
                0x08003308                BusFault_Handler
                0x08003308                USART1_IRQHandler
                0x08003308                SPI3_IRQHandler
                0x08003308                DMA1_Stream4_IRQHandler
                0x08003308                I2C1_ER_IRQHandler
                0x08003308                DMA2_Stream6_IRQHandler
                0x08003308                DMA1_Stream3_IRQHandler
 .text.Backup_SRAM_Init
                0x08003310       0x20 ..\obj\backup_sram.o
                0x08003310                Backup_SRAM_Init
 .text.Backup_SRAM_Write_Reg
                0x08003330       0x84 ..\obj\backup_sram.o
                0x08003330                Backup_SRAM_Write_Reg
 .text.ADS1120_init
                0x080033b4       0x4c ..\obj\ADS1120.o
                0x080033b4                ADS1120_init
 .text.SPI2_config
                0x08003400      0x170 ..\obj\ADS1120.o
 .text.SPI2_send
                0x08003570       0x60 ..\obj\ADS1120.o
                0x08003570                SPI2_send
 .text.SPI2_read
                0x080035d0       0x14 ..\obj\ADS1120.o
                0x080035d0                SPI2_read
 .text.ADS1120_task
                0x080035e4      0x18c ..\obj\ADS1120.o
 .text.PT100_Code_To_Temperature
                0x08003770       0xa0 ..\obj\ADS1120.o
                0x08003770                PT100_Code_To_Temperature
 .text.eMBFuncWriteHoldingRegister
                0x08003810       0x84 ..\obj\mbfuncholding.o
                0x08003810                eMBFuncWriteHoldingRegister
 .text.eMBFuncWriteMultipleHoldingRegister
                0x08003894       0xdc ..\obj\mbfuncholding.o
                0x08003894                eMBFuncWriteMultipleHoldingRegister
 .text.eMBFuncReadHoldingRegister
                0x08003970      0x10c ..\obj\mbfuncholding.o
                0x08003970                eMBFuncReadHoldingRegister
 .text.eMBFuncReadWriteMultipleHoldingRegister
                0x08003a7c      0x1a0 ..\obj\mbfuncholding.o
                0x08003a7c                eMBFuncReadWriteMultipleHoldingRegister
 .text.USBD_Init
                0x08003c1c       0x58 ..\obj\usbd_core.o
                0x08003c1c                USBD_Init
 .text.USBD_DeInit
                0x08003c74       0x18 ..\obj\usbd_core.o
                0x08003c74                USBD_DeInit
 .text.USBD_SetupStage
                0x08003c8c       0x70 ..\obj\usbd_core.o
 .text.USBD_DataOutStage
                0x08003cfc       0xd4 ..\obj\usbd_core.o
 .text.USBD_DataInStage
                0x08003dd0      0x114 ..\obj\usbd_core.o
 .text.USBD_Reset
                0x08003ee4       0x54 ..\obj\usbd_core.o
 .text.USBD_Resume
                0x08003f38       0x2c ..\obj\usbd_core.o
 .text.USBD_Suspend
                0x08003f64       0x2c ..\obj\usbd_core.o
 .text.USBD_SOF
                0x08003f90       0x30 ..\obj\usbd_core.o
 .text.USBD_SetCfg
                0x08003fc0       0x34 ..\obj\usbd_core.o
                0x08003fc0                USBD_SetCfg
 .text.USBD_ClrCfg
                0x08003ff4       0x2c ..\obj\usbd_core.o
                0x08003ff4                USBD_ClrCfg
 .text.USBD_IsoINIncomplete
                0x08004020       0x24 ..\obj\usbd_core.o
 .text.USBD_IsoOUTIncomplete
                0x08004044       0x24 ..\obj\usbd_core.o
 .text.main     0x08004068       0x7c ..\obj\main.o
                0x08004068                main
 .text.vApplicationMallocFailedHook
                0x080040e4        0x8 ..\obj\main.o
                0x080040e4                vApplicationMallocFailedHook
 .text.vApplicationStackOverflowHook
                0x080040ec        0xc ..\obj\main.o
                0x080040ec                vApplicationStackOverflowHook
 .text.vApplicationIdleHook
                0x080040f8       0x18 ..\obj\main.o
                0x080040f8                vApplicationIdleHook
 .text.usMBCRC16
                0x08004110       0x90 ..\obj\mbcrc.o
                0x08004110                usMBCRC16
 .text.UKS_Drying_Init
                0x080041a0      0x158 ..\obj\uks.o
                0x080041a0                UKS_Drying_Init
 .text.UKS_Heater_Init_Task
                0x080042f8      0x1ac ..\obj\uks.o
                0x080042f8                UKS_Heater_Init_Task
 .text.UKS_Drying_Task
                0x080044a4       0x68 ..\obj\uks.o
                0x080044a4                UKS_Drying_Task
 .text.UKS_Sort_Channels
                0x0800450c      0x32c ..\obj\uks.o
                0x0800450c                UKS_Sort_Channels
 .text.UKS_Channel_State_Drying
                0x08004838      0x238 ..\obj\uks.o
                0x08004838                UKS_Channel_State_Drying
 .text.UKS_Restore_Settings
                0x08004a70      0x878 ..\obj\uks.o
                0x08004a70                UKS_Restore_Settings
 .text.CRC_Check
                0x080052e8       0x88 ..\obj\uks.o
                0x080052e8                CRC_Check
 .text.RCC_GetClocksFreq
                0x08005370      0x1d4 ..\obj\stm32f4xx_rcc.o
                0x08005370                RCC_GetClocksFreq
 .text.RCC_AHB1PeriphClockCmd
                0x08005544       0x5c ..\obj\stm32f4xx_rcc.o
                0x08005544                RCC_AHB1PeriphClockCmd
 .text.RCC_AHB2PeriphClockCmd
                0x080055a0       0x5c ..\obj\stm32f4xx_rcc.o
                0x080055a0                RCC_AHB2PeriphClockCmd
 .text.RCC_APB1PeriphClockCmd
                0x080055fc       0x5c ..\obj\stm32f4xx_rcc.o
                0x080055fc                RCC_APB1PeriphClockCmd
 .text.RCC_APB2PeriphClockCmd
                0x08005658       0x5c ..\obj\stm32f4xx_rcc.o
                0x08005658                RCC_APB2PeriphClockCmd
 .text.RCC_APB2PeriphResetCmd
                0x080056b4       0x5c ..\obj\stm32f4xx_rcc.o
                0x080056b4                RCC_APB2PeriphResetCmd
 .text.ADC_DeInit
                0x08005710       0x20 ..\obj\stm32f4xx_adc.o
                0x08005710                ADC_DeInit
 .text.ADC_Init
                0x08005730       0xc4 ..\obj\stm32f4xx_adc.o
                0x08005730                ADC_Init
 .text.ADC_StructInit
                0x080057f4       0x4c ..\obj\stm32f4xx_adc.o
                0x080057f4                ADC_StructInit
 .text.ADC_CommonInit
                0x08005840       0x60 ..\obj\stm32f4xx_adc.o
                0x08005840                ADC_CommonInit
 .text.ADC_CommonStructInit
                0x080058a0       0x34 ..\obj\stm32f4xx_adc.o
                0x080058a0                ADC_CommonStructInit
 .text.ADC_Cmd  0x080058d4       0x38 ..\obj\stm32f4xx_adc.o
                0x080058d4                ADC_Cmd
 .text.ADC_RegularChannelConfig
                0x0800590c      0x1d0 ..\obj\stm32f4xx_adc.o
                0x0800590c                ADC_RegularChannelConfig
 .text.ADC_GetFlagStatus
                0x08005adc       0x40 ..\obj\stm32f4xx_adc.o
                0x08005adc                ADC_GetFlagStatus
 .text.eMBFuncReadInputRegister
                0x08005b1c      0x110 ..\obj\mbfuncinput.o
                0x08005b1c                eMBFuncReadInputRegister
 .text.PutChar  0x08005c2c       0x24 ..\obj\printf.o
                0x08005c2c                PutChar
 .text.PutString
                0x08005c50       0x48 ..\obj\printf.o
                0x08005c50                PutString
 .text.PutUnsignedInt
                0x08005c98       0xbc ..\obj\printf.o
                0x08005c98                PutUnsignedInt
 .text.PutSignedInt
                0x08005d54      0x12c ..\obj\printf.o
                0x08005d54                PutSignedInt
 .text.PutHexa  0x08005e80       0xe8 ..\obj\printf.o
                0x08005e80                PutHexa
 .text.vsnprintf
                0x08005f68      0x2a4 ..\obj\printf.o
                0x08005f68                vsnprintf
 .text.vsprintf
                0x0800620c       0x28 ..\obj\printf.o
                0x0800620c                vsprintf
 .text.sprintf  0x08006234       0x30 ..\obj\printf.o
                0x08006234                sprintf
 .text.NVIC_EnableIRQ
                0x08006264       0x38 ..\obj\phaze_detector.o
 .text.Phaze_Detector_Init
                0x0800629c      0x1f0 ..\obj\phaze_detector.o
                0x0800629c                Phaze_Detector_Init
 .text.Set_Heater_Power
                0x0800648c       0x28 ..\obj\phaze_detector.o
                0x0800648c                Set_Heater_Power
 .text.EXTI0_IRQHandler
                0x080064b4      0x154 ..\obj\phaze_detector.o
                0x080064b4                EXTI0_IRQHandler
 .text.EXTI1_IRQHandler
                0x08006608       0x34 ..\obj\phaze_detector.o
                0x08006608                EXTI1_IRQHandler
 .text.Heater_Power_Down_Block
                0x0800663c       0x5c ..\obj\phaze_detector.o
                0x0800663c                Heater_Power_Down_Block
 .text.Heater_Control_Task
                0x08006698      0x150 ..\obj\phaze_detector.o
 .text.Display_Init
                0x080067e8       0x4c ..\obj\display.o
                0x080067e8                Display_Init
 .text.Display_Task
                0x08006834      0x8d4 ..\obj\display.o
                0x08006834                Display_Task
 .text.Delay    0x08007108       0x44 ..\obj\hd44780.o
 .text.HD44780_Init
                0x0800714c      0x110 ..\obj\hd44780.o
                0x0800714c                HD44780_Init
 .text.HD44780_Reinit
                0x0800725c      0x100 ..\obj\hd44780.o
                0x0800725c                HD44780_Reinit
 .text.HD44780_InitPins
                0x0800735c       0x80 ..\obj\hd44780.o
                0x0800735c                HD44780_InitPins
 .text.HD44780_Clear
                0x080073dc       0x18 ..\obj\hd44780.o
                0x080073dc                HD44780_Clear
 .text.HD44780_Cmd
                0x080073f4       0x28 ..\obj\hd44780.o
                0x080073f4                HD44780_Cmd
 .text.HD44780_Data
                0x0800741c       0x28 ..\obj\hd44780.o
                0x0800741c                HD44780_Data
 .text.HD44780_Cmd4bit
                0x08007444       0xb0 ..\obj\hd44780.o
                0x08007444                HD44780_Cmd4bit
 .text.HD44780_Cmd8bit
                0x080074f4       0xb0 ..\obj\hd44780.o
                0x080074f4                HD44780_Cmd8bit
 .text.HD44780_CursorSet
                0x080075a4       0x74 ..\obj\hd44780.o
                0x080075a4                HD44780_CursorSet
 .text.HD44780_Puts
                0x08007618      0x114 ..\obj\hd44780.o
                0x08007618                HD44780_Puts
 .text.HD44780_DisplayOn
                0x0800772c       0x38 ..\obj\hd44780.o
                0x0800772c                HD44780_DisplayOn
 .text.xTaskGenericCreate
                0x08007764      0x1f8 ..\obj\tasks.o
                0x08007764                xTaskGenericCreate
 .text.vTaskDelete
                0x0800795c       0xc0 ..\obj\tasks.o
                0x0800795c                vTaskDelete
 .text.vTaskDelay
                0x08007a1c       0x5c ..\obj\tasks.o
                0x08007a1c                vTaskDelay
 .text.vTaskSuspend
                0x08007a78       0xc0 ..\obj\tasks.o
                0x08007a78                vTaskSuspend
 .text.xTaskIsTaskSuspended
                0x08007b38       0x60 ..\obj\tasks.o
                0x08007b38                xTaskIsTaskSuspended
 .text.vTaskResume
                0x08007b98       0xbc ..\obj\tasks.o
                0x08007b98                vTaskResume
 .text.vTaskStartScheduler
                0x08007c54       0x84 ..\obj\tasks.o
                0x08007c54                vTaskStartScheduler
 .text.vTaskSuspendAll
                0x08007cd8       0x24 ..\obj\tasks.o
                0x08007cd8                vTaskSuspendAll
 .text.xTaskResumeAll
                0x08007cfc      0x16c ..\obj\tasks.o
                0x08007cfc                xTaskResumeAll
 .text.vTaskIncrementTick
                0x08007e68      0x1d0 ..\obj\tasks.o
                0x08007e68                vTaskIncrementTick
 .text.vTaskSwitchContext
                0x08008038      0x168 ..\obj\tasks.o
                0x08008038                vTaskSwitchContext
 .text.vTaskPlaceOnEventList
                0x080081a0       0x88 ..\obj\tasks.o
                0x080081a0                vTaskPlaceOnEventList
 .text.xTaskRemoveFromEventList
                0x08008228       0xd4 ..\obj\tasks.o
                0x08008228                xTaskRemoveFromEventList
 .text.vTaskSetTimeOutState
                0x080082fc       0x40 ..\obj\tasks.o
                0x080082fc                vTaskSetTimeOutState
 .text.xTaskCheckForTimeOut
                0x0800833c       0xc4 ..\obj\tasks.o
                0x0800833c                xTaskCheckForTimeOut
 .text.vTaskMissedYield
                0x08008400       0x18 ..\obj\tasks.o
                0x08008400                vTaskMissedYield
 .text.prvIdleTask
                0x08008418       0x24 ..\obj\tasks.o
 .text.prvInitialiseTCBVariables
                0x0800843c       0x7c ..\obj\tasks.o
 .text.prvInitialiseTaskLists
                0x080084b8       0xa4 ..\obj\tasks.o
 .text.prvCheckTasksWaitingTermination
                0x0800855c       0x98 ..\obj\tasks.o
 .text.prvAddCurrentTaskToDelayedList
                0x080085f4       0x8c ..\obj\tasks.o
 .text.prvAllocateTCBAndStack
                0x08008680       0x74 ..\obj\tasks.o
 .text.prvDeleteTCB
                0x080086f4       0x20 ..\obj\tasks.o
 .text.xTaskGetCurrentTaskHandle
                0x08008714       0x20 ..\obj\tasks.o
                0x08008714                xTaskGetCurrentTaskHandle
 .text.vTaskPriorityInherit
                0x08008734       0xe8 ..\obj\tasks.o
                0x08008734                vTaskPriorityInherit
 .text.vTaskPriorityDisinherit
                0x0800881c       0x90 ..\obj\tasks.o
                0x0800881c                vTaskPriorityDisinherit
 .text.USBD_USR_DeviceDescriptor
                0x080088ac       0x28 ..\obj\usbd_desc.o
                0x080088ac                USBD_USR_DeviceDescriptor
 .text.USBD_USR_LangIDStrDescriptor
                0x080088d4       0x28 ..\obj\usbd_desc.o
                0x080088d4                USBD_USR_LangIDStrDescriptor
 .text.USBD_USR_ProductStrDescriptor
                0x080088fc       0x54 ..\obj\usbd_desc.o
                0x080088fc                USBD_USR_ProductStrDescriptor
 .text.USBD_USR_ManufacturerStrDescriptor
                0x08008950       0x34 ..\obj\usbd_desc.o
                0x08008950                USBD_USR_ManufacturerStrDescriptor
 .text.USBD_USR_SerialStrDescriptor
                0x08008984       0x54 ..\obj\usbd_desc.o
                0x08008984                USBD_USR_SerialStrDescriptor
 .text.USBD_USR_ConfigStrDescriptor
                0x080089d8       0x54 ..\obj\usbd_desc.o
                0x080089d8                USBD_USR_ConfigStrDescriptor
 .text.USBD_USR_InterfaceStrDescriptor
                0x08008a2c       0x54 ..\obj\usbd_desc.o
                0x08008a2c                USBD_USR_InterfaceStrDescriptor
 .text.Keyboard_Init
                0x08008a80       0x78 ..\obj\keyboard.o
                0x08008a80                Keyboard_Init
 .text.vKeyboardTask
                0x08008af8      0x26c ..\obj\keyboard.o
 .text.GPIO_Init
                0x08008d64      0x158 ..\obj\stm32f4xx_gpio.o
                0x08008d64                GPIO_Init
 .text.GPIO_StructInit
                0x08008ebc       0x3c ..\obj\stm32f4xx_gpio.o
                0x08008ebc                GPIO_StructInit
 .text.GPIO_PinLockConfig
                0x08008ef8       0x44 ..\obj\stm32f4xx_gpio.o
                0x08008ef8                GPIO_PinLockConfig
 .text.GPIO_ReadInputDataBit
                0x08008f3c       0x40 ..\obj\stm32f4xx_gpio.o
                0x08008f3c                GPIO_ReadInputDataBit
 .text.GPIO_WriteBit
                0x08008f7c       0x30 ..\obj\stm32f4xx_gpio.o
                0x08008f7c                GPIO_WriteBit
 .text.GPIO_PinAFConfig
                0x08008fac       0xb0 ..\obj\stm32f4xx_gpio.o
                0x08008fac                GPIO_PinAFConfig
 .text.xMBPortTimersInit
                0x0800905c       0xe0 ..\obj\porttimer.o
                0x0800905c                xMBPortTimersInit
 .text.vMBPortTimersEnable
                0x0800913c       0x4c ..\obj\porttimer.o
                0x0800913c                vMBPortTimersEnable
 .text.vMBPortTimersDisable
                0x08009188       0x4c ..\obj\porttimer.o
                0x08009188                vMBPortTimersDisable
 .text.TIM4_IRQHandler
                0x080091d4       0x24 ..\obj\porttimer.o
                0x080091d4                TIM4_IRQHandler
 .text.VCP_Init
                0x080091f8       0x10 ..\obj\usbd_cdc_vcp.o
 .text.VCP_DeInit
                0x08009208       0x10 ..\obj\usbd_cdc_vcp.o
 .text.VCP_Ctrl
                0x08009218       0xbc ..\obj\usbd_cdc_vcp.o
 .text.VCP_DataTx
                0x080092d4       0x84 ..\obj\usbd_cdc_vcp.o
                0x080092d4                VCP_DataTx
 .text.VCP_DataRx
                0x08009358       0xa0 ..\obj\usbd_cdc_vcp.o
                0x08009358                VCP_DataRx
 .text.VCP_get_char
                0x080093f8       0x84 ..\obj\usbd_cdc_vcp.o
                0x080093f8                VCP_get_char
 .text.vListInitialise
                0x0800947c       0x48 ..\obj\list.o
                0x0800947c                vListInitialise
 .text.vListInitialiseItem
                0x080094c4       0x1c ..\obj\list.o
                0x080094c4                vListInitialiseItem
 .text.vListInsertEnd
                0x080094e0       0x54 ..\obj\list.o
                0x080094e0                vListInsertEnd
 .text.vListInsert
                0x08009534       0x78 ..\obj\list.o
                0x08009534                vListInsert
 .text.vListRemove
                0x080095ac       0x54 ..\obj\list.o
                0x080095ac                vListRemove
 .text.eMBRTUInit
                0x08009600       0x84 ..\obj\mbrtu.o
                0x08009600                eMBRTUInit
 .text.eMBRTUStart
                0x08009684       0x2c ..\obj\mbrtu.o
                0x08009684                eMBRTUStart
 .text.eMBRTUStop
                0x080096b0       0x20 ..\obj\mbrtu.o
                0x080096b0                eMBRTUStop
 .text.eMBRTUReceive
                0x080096d0       0x9c ..\obj\mbrtu.o
                0x080096d0                eMBRTUReceive
 .text.eMBRTUSend
                0x0800976c      0x124 ..\obj\mbrtu.o
                0x0800976c                eMBRTUSend
 .text.xMBRTUReceiveFSM
                0x08009890       0xf0 ..\obj\mbrtu.o
                0x08009890                xMBRTUReceiveFSM
 .text.xMBRTUTransmitFSM
                0x08009980       0xa4 ..\obj\mbrtu.o
                0x08009980                xMBRTUTransmitFSM
 .text.xMBRTUTimerT35Expired
                0x08009a24       0x60 ..\obj\mbrtu.o
                0x08009a24                xMBRTUTimerT35Expired
 .text.SystemInit
                0x08009a84       0x94 ..\obj\system_stm32f4xx.o
                0x08009a84                SystemInit
 .text.SetSysClock
                0x08009b18      0x150 ..\obj\system_stm32f4xx.o
 .text.ADC_Channel_Init
                0x08009c68      0x15c ..\obj\adc.o
                0x08009c68                ADC_Channel_Init
 .text.bubblesort
                0x08009dc4       0xa4 ..\obj\adc.o
                0x08009dc4                bubblesort
 .text.ADC_Task
                0x08009e68      0x2a0 ..\obj\adc.o
 .text.USB_OTG_BSP_Init
                0x0800a108       0xf4 ..\obj\usb_bsp.o
                0x0800a108                USB_OTG_BSP_Init
 .text.USB_OTG_BSP_EnableInterrupt
                0x0800a1fc       0x3c ..\obj\usb_bsp.o
                0x0800a1fc                USB_OTG_BSP_EnableInterrupt
 .text.USB_OTG_BSP_uDelay
                0x0800a238       0x58 ..\obj\usb_bsp.o
                0x0800a238                USB_OTG_BSP_uDelay
 .text.USB_OTG_BSP_mDelay
                0x0800a290       0x20 ..\obj\usb_bsp.o
                0x0800a290                USB_OTG_BSP_mDelay
 .text.OTG_FS_WKUP_IRQHandler
                0x0800a2b0       0x44 ..\obj\usb_bsp.o
                0x0800a2b0                OTG_FS_WKUP_IRQHandler
 .text.OTG_FS_IRQHandler
                0x0800a2f4       0x14 ..\obj\usb_bsp.o
                0x0800a2f4                OTG_FS_IRQHandler
 .text.USBD_StdDevReq
                0x0800a308       0xa4 ..\obj\usbd_req.o
                0x0800a308                USBD_StdDevReq
 .text.USBD_StdItfReq
                0x0800a3ac       0x70 ..\obj\usbd_req.o
                0x0800a3ac                USBD_StdItfReq
 .text.USBD_StdEPReq
                0x0800a41c      0x1d8 ..\obj\usbd_req.o
                0x0800a41c                USBD_StdEPReq
 .text.USBD_GetDescriptor
                0x0800a5f4      0x1c8 ..\obj\usbd_req.o
 .text.USBD_SetAddress
                0x0800a7bc       0x80 ..\obj\usbd_req.o
 .text.USBD_SetConfig
                0x0800a83c      0x134 ..\obj\usbd_req.o
 .text.USBD_GetConfig
                0x0800a970       0x68 ..\obj\usbd_req.o
 .text.USBD_GetStatus
                0x0800a9d8       0x68 ..\obj\usbd_req.o
 .text.USBD_SetFeature
                0x0800aa40       0xe0 ..\obj\usbd_req.o
 .text.USBD_ClrFeature
                0x0800ab20       0x58 ..\obj\usbd_req.o
 .text.USBD_ParseSetupRequest
                0x0800ab78       0xbc ..\obj\usbd_req.o
                0x0800ab78                USBD_ParseSetupRequest
 .text.USBD_CtlError
                0x0800ac34       0x50 ..\obj\usbd_req.o
                0x0800ac34                USBD_CtlError
 .text.USBD_GetString
                0x0800ac84       0x9c ..\obj\usbd_req.o
                0x0800ac84                USBD_GetString
 .text.USBD_GetLen
                0x0800ad20       0x38 ..\obj\usbd_req.o
 .text.xQueueGenericReset
                0x0800ad58       0xc0 ..\obj\queue.o
                0x0800ad58                xQueueGenericReset
 .text.xQueueGenericCreate
                0x0800ae18       0x90 ..\obj\queue.o
                0x0800ae18                xQueueGenericCreate
 .text.xQueueGenericSend
                0x0800aea8      0x158 ..\obj\queue.o
                0x0800aea8                xQueueGenericSend
 .text.xQueueGenericSendFromISR
                0x0800b000       0xcc ..\obj\queue.o
                0x0800b000                xQueueGenericSendFromISR
 .text.xQueueGenericReceive
                0x0800b0cc      0x1bc ..\obj\queue.o
                0x0800b0cc                xQueueGenericReceive
 .text.prvCopyDataToQueue
                0x0800b288       0xc4 ..\obj\queue.o
 .text.prvCopyDataFromQueue
                0x0800b34c       0x50 ..\obj\queue.o
 .text.prvUnlockQueue
                0x0800b39c       0xa0 ..\obj\queue.o
 .text.prvIsQueueEmpty
                0x0800b43c       0x2c ..\obj\queue.o
 .text.prvIsQueueFull
                0x0800b468       0x30 ..\obj\queue.o
 .text.pxPortInitialiseStack
                0x0800b498       0x60 ..\obj\port.o
                0x0800b498                pxPortInitialiseStack
 .text.SVC_Handler
                0x0800b4f8       0x20 ..\obj\port.o
                0x0800b4f8                SVC_Handler
 .text.vPortStartFirstTask
                0x0800b518       0x14 ..\obj\port.o
                0x0800b518                vPortStartFirstTask
 .text.xPortStartScheduler
                0x0800b52c       0x54 ..\obj\port.o
                0x0800b52c                xPortStartScheduler
 .text.vPortYieldFromISR
                0x0800b580       0x18 ..\obj\port.o
                0x0800b580                vPortYieldFromISR
 .text.vPortEnterCritical
                0x0800b598       0x2c ..\obj\port.o
                0x0800b598                vPortEnterCritical
 .text.vPortExitCritical
                0x0800b5c4       0x38 ..\obj\port.o
                0x0800b5c4                vPortExitCritical
 .text.PendSV_Handler
                0x0800b5fc       0x3c ..\obj\port.o
                0x0800b5fc                PendSV_Handler
 .text.SysTick_Handler
                0x0800b638       0x38 ..\obj\port.o
                0x0800b638                SysTick_Handler
 .text.prvSetupTimerInterrupt
                0x0800b670       0x28 ..\obj\port.o
 .text.USBD_OTG_ISR_Handler
                0x0800b698      0x178 ..\obj\usb_dcd_int.o
                0x0800b698                USBD_OTG_ISR_Handler
 .text.DCD_HandleResume_ISR
                0x0800b810       0x90 ..\obj\usb_dcd_int.o
 .text.DCD_HandleUSBSuspend_ISR
                0x0800b8a0       0xb4 ..\obj\usb_dcd_int.o
 .text.DCD_HandleInEP_ISR
                0x0800b954      0x234 ..\obj\usb_dcd_int.o
 .text.DCD_HandleOutEP_ISR
                0x0800bb88      0x1b4 ..\obj\usb_dcd_int.o
 .text.DCD_HandleSof_ISR
                0x0800bd3c       0x3c ..\obj\usb_dcd_int.o
 .text.DCD_HandleRxStatusQueueLevel_ISR
                0x0800bd78      0x120 ..\obj\usb_dcd_int.o
 .text.DCD_WriteEmptyTxFifo
                0x0800be98      0x134 ..\obj\usb_dcd_int.o
 .text.DCD_HandleUsbReset_ISR
                0x0800bfcc      0x168 ..\obj\usb_dcd_int.o
 .text.DCD_HandleEnumDone_ISR
                0x0800c134       0x88 ..\obj\usb_dcd_int.o
 .text.DCD_IsoINIncomplete_ISR
                0x0800c1bc       0x3c ..\obj\usb_dcd_int.o
 .text.DCD_IsoOUTIncomplete_ISR
                0x0800c1f8       0x3c ..\obj\usb_dcd_int.o
 .text.DCD_ReadDevInEP
                0x0800c234       0x60 ..\obj\usb_dcd_int.o
 .text.vMBPortSerialEnable
                0x0800c294       0x28 ..\obj\portserial.o
                0x0800c294                vMBPortSerialEnable
 .text.xMBPortSerialInit
                0x0800c2bc       0x54 ..\obj\portserial.o
                0x0800c2bc                xMBPortSerialInit
 .text.xMBPortSerialGetByte
                0x0800c310       0x28 ..\obj\portserial.o
                0x0800c310                xMBPortSerialGetByte
 .text.Serial_Task
                0x0800c338       0x2c ..\obj\portserial.o
 .text.usbd_cdc_Init
                0x0800c364       0xd0 ..\obj\usbd_cdc_core.o
 .text.usbd_cdc_DeInit
                0x0800c434       0x4c ..\obj\usbd_cdc_core.o
 .text.usbd_cdc_Setup
                0x0800c480      0x168 ..\obj\usbd_cdc_core.o
 .text.usbd_cdc_EP0_RxReady
                0x0800c5e8       0x60 ..\obj\usbd_cdc_core.o
 .text.usbd_cdc_DataIn
                0x0800c648      0x128 ..\obj\usbd_cdc_core.o
 .text.usbd_cdc_DataOut
                0x0800c770       0x6c ..\obj\usbd_cdc_core.o
 .text.usbd_cdc_SOF
                0x0800c7dc       0x50 ..\obj\usbd_cdc_core.o
 .text.Handle_USBAsynchXfer
                0x0800c82c      0x1a8 ..\obj\usbd_cdc_core.o
 .text.USBD_cdc_GetCfgDesc
                0x0800c9d4       0x28 ..\obj\usbd_cdc_core.o
 .text.TIMER_PROPERTIES_GetTimerProperties
                0x0800c9fc      0x124 ..\obj\timer_properties.o
                0x0800c9fc                TIMER_PROPERTIES_GetTimerProperties
 .text.TIMER_PROPERTIES_GenerateDataForWorkingFrequency
                0x0800cb20      0x164 ..\obj\timer_properties.o
                0x0800cb20                TIMER_PROPERTIES_GenerateDataForWorkingFrequency
 .text.TIMER_PROPERTIES_EnableClock
                0x0800cc84      0x198 ..\obj\timer_properties.o
                0x0800cc84                TIMER_PROPERTIES_EnableClock
 .text.SPI_Init
                0x0800ce1c       0x98 ..\obj\stm32f4xx_spi.o
                0x0800ce1c                SPI_Init
 .text.SPI_Cmd  0x0800ceb4       0x40 ..\obj\stm32f4xx_spi.o
                0x0800ceb4                SPI_Cmd
 .text.SPI_CalculateCRC
                0x0800cef4       0x40 ..\obj\stm32f4xx_spi.o
                0x0800cef4                SPI_CalculateCRC
 .text.eMBFuncReadCoils
                0x0800cf34      0x134 ..\obj\mbfunccoils.o
                0x0800cf34                eMBFuncReadCoils
 .text.eMBFuncWriteCoil
                0x0800d068       0xcc ..\obj\mbfunccoils.o
                0x0800d068                eMBFuncWriteCoil
 .text.eMBFuncWriteMultipleCoils
                0x0800d134       0xfc ..\obj\mbfunccoils.o
                0x0800d134                eMBFuncWriteMultipleCoils
 .text.EXTI_Init
                0x0800d230      0x158 ..\obj\stm32f4xx_exti.o
                0x0800d230                EXTI_Init
 .text.EXTI_GetITStatus
                0x0800d388       0x60 ..\obj\stm32f4xx_exti.o
                0x0800d388                EXTI_GetITStatus
 .text.EXTI_ClearITPendingBit
                0x0800d3e8       0x20 ..\obj\stm32f4xx_exti.o
                0x0800d3e8                EXTI_ClearITPendingBit
 .text.NVIC_PriorityGroupConfig
                0x0800d408       0x28 ..\obj\misc.o
                0x0800d408                NVIC_PriorityGroupConfig
 .text.NVIC_Init
                0x0800d430       0xe8 ..\obj\misc.o
                0x0800d430                NVIC_Init
 .text.DCD_Init
                0x0800d518      0x12c ..\obj\usb_dcd.o
                0x0800d518                DCD_Init
 .text.DCD_EP_Open
                0x0800d644       0xac ..\obj\usb_dcd.o
                0x0800d644                DCD_EP_Open
 .text.DCD_EP_Close
                0x0800d6f0       0x7c ..\obj\usb_dcd.o
                0x0800d6f0                DCD_EP_Close
 .text.DCD_EP_PrepareRx
                0x0800d76c       0x8c ..\obj\usb_dcd.o
                0x0800d76c                DCD_EP_PrepareRx
 .text.DCD_EP_Tx
                0x0800d7f8       0x84 ..\obj\usb_dcd.o
                0x0800d7f8                DCD_EP_Tx
 .text.DCD_EP_Stall
                0x0800d87c       0x80 ..\obj\usb_dcd.o
                0x0800d87c                DCD_EP_Stall
 .text.DCD_EP_ClrStall
                0x0800d8fc       0x80 ..\obj\usb_dcd.o
                0x0800d8fc                DCD_EP_ClrStall
 .text.DCD_EP_SetAddress
                0x0800d97c       0x40 ..\obj\usb_dcd.o
                0x0800d97c                DCD_EP_SetAddress
 .text.pvPortMalloc
                0x0800d9bc       0xa4 ..\obj\heap_1.o
                0x0800d9bc                pvPortMalloc
 .text.vPortFree
                0x0800da60       0x14 ..\obj\heap_1.o
                0x0800da60                vPortFree
 .text.xPortGetFreeHeapSize
                0x0800da74       0x1c ..\obj\heap_1.o
                0x0800da74                xPortGetFreeHeapSize
 .text.USBD_CtlSendData
                0x0800da90       0x48 ..\obj\usbd_ioreq.o
                0x0800da90                USBD_CtlSendData
 .text.USBD_CtlContinueSendData
                0x0800dad8       0x30 ..\obj\usbd_ioreq.o
                0x0800dad8                USBD_CtlContinueSendData
 .text.USBD_CtlPrepareRx
                0x0800db08       0x48 ..\obj\usbd_ioreq.o
                0x0800db08                USBD_CtlPrepareRx
 .text.USBD_CtlContinueRx
                0x0800db50       0x30 ..\obj\usbd_ioreq.o
                0x0800db50                USBD_CtlContinueRx
 .text.USBD_CtlSendStatus
                0x0800db80       0x3c ..\obj\usbd_ioreq.o
                0x0800db80                USBD_CtlSendStatus
 .text.USBD_CtlReceiveStatus
                0x0800dbbc       0x3c ..\obj\usbd_ioreq.o
                0x0800dbbc                USBD_CtlReceiveStatus
 .text.TIM_TimeBaseInit
                0x0800dbf8       0xf8 ..\obj\stm32f4xx_tim.o
                0x0800dbf8                TIM_TimeBaseInit
 .text.TIM_SetCounter
                0x0800dcf0       0x1c ..\obj\stm32f4xx_tim.o
                0x0800dcf0                TIM_SetCounter
 .text.TIM_ARRPreloadConfig
                0x0800dd0c       0x40 ..\obj\stm32f4xx_tim.o
                0x0800dd0c                TIM_ARRPreloadConfig
 .text.TIM_Cmd  0x0800dd4c       0x40 ..\obj\stm32f4xx_tim.o
                0x0800dd4c                TIM_Cmd
 .text.TIM_ITConfig
                0x0800dd8c       0x4c ..\obj\stm32f4xx_tim.o
                0x0800dd8c                TIM_ITConfig
 .text.TIM_ClearITPendingBit
                0x0800ddd8       0x24 ..\obj\stm32f4xx_tim.o
                0x0800ddd8                TIM_ClearITPendingBit
 .text.NVIC_SystemReset
                0x0800ddfc       0x34 ..\obj\power_detector.o
 .text.Power_Detector_Init
                0x0800de30       0x80 ..\obj\power_detector.o
                0x0800de30                Power_Detector_Init
 .text.PVD_IRQHandler
                0x0800deb0       0x20 ..\obj\power_detector.o
                0x0800deb0                PVD_IRQHandler
 .text          0x0800ded0      0x370 c:/coocox/coide/gcc/sourcery g++ lite/bin/../lib/gcc/arm-none-eabi/4.5.1/thumb2\libgcc.a(_arm_addsubdf3.o)
                0x0800ded0                __aeabi_drsub
                0x0800ded8                __aeabi_dsub
                0x0800ded8                __subdf3
                0x0800dedc                __aeabi_dadd
                0x0800dedc                __adddf3
                0x0800e154                __floatunsidf
                0x0800e154                __aeabi_ui2d
                0x0800e174                __floatsidf
                0x0800e174                __aeabi_i2d
                0x0800e198                __aeabi_f2d
                0x0800e198                __extendsfdf2
                0x0800e1d4                __floatundidf
                0x0800e1d4                __aeabi_ul2d
                0x0800e1e4                __floatdidf
                0x0800e1e4                __aeabi_l2d
 .text          0x0800e240      0x424 c:/coocox/coide/gcc/sourcery g++ lite/bin/../lib/gcc/arm-none-eabi/4.5.1/thumb2\libgcc.a(_arm_muldivdf3.o)
                0x0800e240                __aeabi_dmul
                0x0800e240                __muldf3
                0x0800e494                __divdf3
                0x0800e494                __aeabi_ddiv
 .text          0x0800e664      0x110 c:/coocox/coide/gcc/sourcery g++ lite/bin/../lib/gcc/arm-none-eabi/4.5.1/thumb2\libgcc.a(_arm_cmpdf2.o)
                0x0800e664                __gtdf2
                0x0800e664                __gedf2
                0x0800e66c                __ltdf2
                0x0800e66c                __ledf2
                0x0800e674                __nedf2
                0x0800e674                __eqdf2
                0x0800e674                __cmpdf2
                0x0800e6f0                __aeabi_cdrcmple
                0x0800e700                __aeabi_cdcmpeq
                0x0800e700                __aeabi_cdcmple
                0x0800e710                __aeabi_dcmpeq
                0x0800e724                __aeabi_dcmplt
                0x0800e738                __aeabi_dcmple
                0x0800e74c                __aeabi_dcmpge
                0x0800e760                __aeabi_dcmpgt
 .text          0x0800e774       0x40 c:/coocox/coide/gcc/sourcery g++ lite/bin/../lib/gcc/arm-none-eabi/4.5.1/thumb2\libgcc.a(_arm_fixunsdfsi.o)
                0x0800e774                __aeabi_d2uiz
                0x0800e774                __fixunsdfsi
 .text          0x0800e7b4       0xa0 c:/coocox/coide/gcc/sourcery g++ lite/bin/../lib/gcc/arm-none-eabi/4.5.1/thumb2\libgcc.a(_arm_truncdfsf2.o)
                0x0800e7b4                __truncdfsf2
                0x0800e7b4                __aeabi_d2f
 .text          0x0800e854      0x21c c:/coocox/coide/gcc/sourcery g++ lite/bin/../lib/gcc/arm-none-eabi/4.5.1/thumb2\libgcc.a(_arm_addsubsf3.o)
                0x0800e854                __aeabi_frsub
                0x0800e85c                __subsf3
                0x0800e85c                __aeabi_fsub
                0x0800e860                __aeabi_fadd
                0x0800e860                __addsf3
                0x0800e9c0                __aeabi_ui2f
                0x0800e9c0                __floatunsisf
                0x0800e9c8                __aeabi_i2f
                0x0800e9c8                __floatsisf
                0x0800e9e4                __aeabi_ul2f
                0x0800e9e4                __floatundisf
                0x0800e9f4                __aeabi_l2f
                0x0800e9f4                __floatdisf
 .text          0x0800ea70      0x2a0 c:/coocox/coide/gcc/sourcery g++ lite/bin/../lib/gcc/arm-none-eabi/4.5.1/thumb2\libgcc.a(_arm_muldivsf3.o)
                0x0800ea70                __mulsf3
                0x0800ea70                __aeabi_fmul
                0x0800ebd8                __aeabi_fdiv
                0x0800ebd8                __divsf3
 .text          0x0800ed10       0xec c:/coocox/coide/gcc/sourcery g++ lite/bin/../lib/gcc/arm-none-eabi/4.5.1/thumb2\libgcc.a(_arm_cmpsf2.o)
                0x0800ed10                __gesf2
                0x0800ed10                __gtsf2
                0x0800ed18                __lesf2
                0x0800ed18                __ltsf2
                0x0800ed20                __nesf2
                0x0800ed20                __eqsf2
                0x0800ed20                __cmpsf2
                0x0800ed80                __aeabi_cfrcmple
                0x0800ed88                __aeabi_cfcmpeq
                0x0800ed88                __aeabi_cfcmple
                0x0800ed98                __aeabi_fcmpeq
                0x0800edac                __aeabi_fcmplt
                0x0800edc0                __aeabi_fcmple
                0x0800edd4                __aeabi_fcmpge
                0x0800ede8                __aeabi_fcmpgt
 .text          0x0800edfc       0x4c c:/coocox/coide/gcc/sourcery g++ lite/bin/../lib/gcc/arm-none-eabi/4.5.1/thumb2\libgcc.a(_arm_fixsfsi.o)
                0x0800edfc                __aeabi_f2iz
                0x0800edfc                __fixsfsi
 .text          0x0800ee48       0x40 c:/coocox/coide/gcc/sourcery g++ lite/bin/../lib/gcc/arm-none-eabi/4.5.1/thumb2\libgcc.a(_arm_fixunssfsi.o)
                0x0800ee48                __fixunssfsi
                0x0800ee48                __aeabi_f2uiz
 .text          0x0800ee88       0x58 c:/coocox/coide/gcc/sourcery g++ lite/bin/../lib/gcc/arm-none-eabi/4.5.1/../../../../arm-none-eabi/lib/thumb2\libc.a(lib_a-memcmp.o)
                0x0800ee88                memcmp
 .text          0x0800eee0      0x150 c:/coocox/coide/gcc/sourcery g++ lite/bin/../lib/gcc/arm-none-eabi/4.5.1/../../../../arm-none-eabi/lib/thumb2\libc.a(lib_a-memcpy.o)
                0x0800eee0                memcpy
 .text          0x0800f030       0xb4 c:/coocox/coide/gcc/sourcery g++ lite/bin/../lib/gcc/arm-none-eabi/4.5.1/../../../../arm-none-eabi/lib/thumb2\libc.a(lib_a-memset.o)
                0x0800f030                memset
 .text          0x0800f0e4       0x7c c:/coocox/coide/gcc/sourcery g++ lite/bin/../lib/gcc/arm-none-eabi/4.5.1/../../../../arm-none-eabi/lib/thumb2\libc.a(lib_a-strncpy.o)
                0x0800f0e4                strncpy
 *(.glue_7t)
 .glue_7t       0x00000000        0x0 linker stubs
 *(.glue_7)
 .glue_7        0x00000000        0x0 linker stubs
 *(.rodata .rodata* .gnu.linkonce.r.*)
 .rodata        0x0800f160        0x4 ..\obj\pid_regulator.o
 .rodata        0x0800f164        0x8 ..\obj\protocol.o
 .rodata        0x0800f16c        0x8 ..\obj\buzzer.o
 .rodata        0x0800f174       0x10 ..\obj\ADS1120.o
 .rodata        0x0800f184      0x200 ..\obj\mbcrc.o
 .rodata        0x0800f384       0x28 ..\obj\uks.o
 .rodata        0x0800f3ac       0x10 ..\obj\phaze_detector.o
 .rodata        0x0800f3bc      0x11c ..\obj\display.o
 .rodata        0x0800f4d8        0x4 ..\obj\hd44780.o
 .rodata        0x0800f4dc       0x1c ..\obj\tasks.o
 .rodata        0x0800f4f8       0x98 ..\obj\usbd_desc.o
 .rodata        0x0800f590        0xc ..\obj\keyboard.o
 .rodata        0x0800f59c        0x4 ..\obj\adc.o
 .rodata        0x0800f5a0        0x8 ..\obj\portserial.o

.vfp11_veneer   0x0800f5a8        0x0
 .vfp11_veneer  0x00000000        0x0 linker stubs

.v4_bx          0x0800f5a8        0x0
 .v4_bx         0x00000000        0x0 linker stubs

.ARM.extab
 *(.ARM.extab* .gnu.linkonce.armextab.*)

.ARM.exidx
 *(.ARM.exidx* .gnu.linkonce.armexidx.*)
                0x0800f5a8                . = ALIGN (0x4)
                0x0800f5a8                _etext = .
                0x0800f5a8                _sidata = .

.data           0x20000000      0x200 load address 0x0800f5a8
                0x20000000                _sdata = .
 *(.data .data.*)
 .data          0x20000000        0xc ..\obj\mbport.o
                0x20000000                usRegHoldingBuf
                0x20000004                REG_INPUT_START
                0x20000005                REG_HOLDING_START
                0x20000006                REG_INPUT_NREGS
                0x20000007                REG_HOLDING_NREGS
                0x20000008                usRegInputStart
                0x20000009                usRegHoldingStart
 .data          0x2000000c       0x84 ..\obj\mb.o
 .data          0x20000090       0x1c ..\obj\usbd_usr.o
                0x20000090                USR_cb
 .data          0x200000ac       0x30 ..\obj\usbd_core.o
                0x200000ac                USBD_DCD_INT_cb
                0x200000d8                USBD_DCD_INT_fops
 .data          0x200000dc       0x10 ..\obj\stm32f4xx_rcc.o
 .data          0x200000ec       0x30 ..\obj\display.o
                0x200000ec                drying_states
 .data          0x2000011c        0x4 ..\obj\tasks.o
 .data          0x20000120       0x40 ..\obj\usbd_desc.o
                0x20000120                USR_desc
                0x2000013c                USBD_DeviceDesc
                0x20000150                USBD_DeviceQualifierDesc
                0x2000015c                USBD_LangIDDesc
 .data          0x20000160       0x14 ..\obj\usbd_cdc_vcp.o
                0x20000160                VCP_fops
 .data          0x20000174       0x14 ..\obj\system_stm32f4xx.o
                0x20000174                SystemCoreClock
                0x20000178                AHBPrescTable
 .data          0x20000188        0x4 ..\obj\port.o
 .data          0x2000018c       0x74 ..\obj\usbd_cdc_core.o
                0x2000018c                usbd_cdc_CfgDesc
                0x200001d4                USBD_CDC_cb
                0x20000200                . = ALIGN (0x4)
                0x20000200                _edata = .

.bss            0x20000200     0x350c load address 0x0800f7a8
                0x20000200                _sbss = .
 *(.bss .bss.*)
 .bss           0x20000200       0x10 ..\obj\delay.o
                0x20000200                TimingDelay
                0x20000204                Time
                0x20000208                Time2
                0x2000020c                DELAY_Initialized
 .bss           0x20000210      0x100 ..\obj\mbport.o
 .bss           0x20000310       0x24 ..\obj\mb.o
 .bss           0x20000334        0x2 ..\obj\portevent.o
 *fill*         0x20000336        0x2 00
 .bss           0x20000338       0x24 ..\obj\mbfuncother.o
 .bss           0x2000035c        0x8 ..\obj\phaze_detector.o
 .bss           0x20000364       0x24 ..\obj\display.o
 .bss           0x20000388      0x100 ..\obj\tasks.o
                0x20000388                pxCurrentTCB
 .bss           0x20000488        0x2 ..\obj\keyboard.o
 *fill*         0x2000048a        0x2 00
 .bss           0x2000048c        0xc ..\obj\mbrtu.o
 .bss           0x20000498       0x10 ..\obj\usbd_req.o
                0x20000498                USBD_ep_status
                0x2000049c                USBD_default_cfg
                0x200004a0                USBD_cfg_status
 .bss           0x200004a8        0x1 ..\obj\portserial.o
 *fill*         0x200004a9        0x3 00
 .bss           0x200004ac       0x20 ..\obj\usbd_cdc_core.o
                0x200004b0                APP_Rx_ptr_in
                0x200004b4                APP_Rx_ptr_out
                0x200004b8                APP_Rx_length
                0x200004bc                USB_Tx_State
 *fill*         0x200004cc        0x4 00
 .bss           0x200004d0     0x1c08 ..\obj\heap_1.o
 *(COMMON)
 COMMON         0x200020d8       0x14 ..\obj\mb.o
                0x200020d8                pxMBFrameCBTransmitterEmpty
                0x200020dc                pxMBPortCBTimerExpired
                0x200020e0                pxMBFrameCBByteReceived
                0x200020e4                pxMBFrameCBTransmitFSMCur
                0x200020e8                pxMBFrameCBReceiveFSMCur
 COMMON         0x200020ec       0x20 ..\obj\pid_regulator.o
                0x200020ec                pid_heater
                0x20002108                PID_Regulator_Task_Handle
 COMMON         0x2000210c        0x6 ..\obj\buzzer.o
                0x2000210c                xBuzzer_Handle
                0x20002110                buzz
 *fill*         0x20002112        0x2 00
 COMMON         0x20002114       0x10 ..\obj\ADS1120.o
                0x20002114                ADC_result
                0x20002118                adc_reg
                0x2000211c                xSPI_Buf_Mutex
                0x20002120                ADC_result_temp
 COMMON         0x20002124      0x5f0 ..\obj\main.o
                0x20002124                USB_OTG_dev
 COMMON         0x20002714      0x494 ..\obj\uks.o
                0x20002714                uks_channels
 COMMON         0x20002ba8       0x10 ..\obj\phaze_detector.o
                0x20002ba8                Heater_Control_Task_Handle
                0x20002bac                xPhazeSemaphore
                0x20002bb0                phaze_detect
 COMMON         0x20002bb8       0x10 ..\obj\watchdog.o
                0x20002bb8                task_watches
 COMMON         0x20002bc8        0x7 ..\obj\hd44780.o
                0x20002bc8                HD44780_Opts
 *fill*         0x20002bcf        0x1 00
 COMMON         0x20002bd0       0x88 ..\obj\usbd_cdc_vcp.o
                0x20002bd0                APP_Tx_Buffer
                0x20002c50                APP_tx_ptr_tail
                0x20002c54                APP_tx_ptr_head
 COMMON         0x20002c58      0x100 ..\obj\mbrtu.o
                0x20002c58                ucRTUBuf
 COMMON         0x20002d58       0xf2 ..\obj\adc.o
                0x20002d58                xMeasure_LM35_Semaphore
                0x20002d5c                adc_lm35_chnl
 *fill*         0x20002e4a        0x2 00
 COMMON         0x20002e4c       0x32 ..\obj\usbd_req.o
                0x20002e4c                USBD_StrDesc
 *fill*         0x20002e7e        0x2 00
 COMMON         0x20002e80      0x88c ..\obj\usbd_cdc_core.o
                0x20002e80                usbd_cdc_OtherCfgDesc
                0x20002ec4                USB_Rx_Buffer
                0x20002f04                CmdBuff
                0x20002f0c                APP_Rx_Buffer
                0x2000370c                . = ALIGN (0x4)
                0x2000370c                _ebss = .

.co_stack       0x2000370c      0x804 load address 0x08012cb4
                0x20003710                . = ALIGN (0x8)
 *fill*         0x2000370c        0x4 00
 *(.co_stack .co_stack.*)
 .co_stack      0x20003710      0x800 ..\obj\startup_stm32f4xx.o
                0x20003710                pulStack
                0x20003f10                . = ALIGN (0x4)
                0x20003f10                _end = .
LOAD ..\obj\stm32f4xx_syscfg.o
LOAD ..\obj\usb_core.o
LOAD ..\obj\delay.o
LOAD ..\obj\mbport.o
LOAD ..\obj\mb.o
LOAD ..\obj\pid_regulator.o
LOAD ..\obj\protocol.o
LOAD ..\obj\mbfuncdisc.o
LOAD ..\obj\usbd_usr.o
LOAD ..\obj\portevent.o
LOAD ..\obj\buzzer.o
LOAD ..\obj\mbfuncother.o
LOAD ..\obj\stm32f4xx_usart.o
LOAD ..\obj\stm32f4xx_pwr.o
LOAD ..\obj\rtc.o
LOAD ..\obj\mbutils.o
LOAD ..\obj\startup_stm32f4xx.o
LOAD ..\obj\backup_sram.o
LOAD ..\obj\stm32f4xx_iwdg.o
LOAD ..\obj\ADS1120.o
LOAD ..\obj\mbfuncholding.o
LOAD ..\obj\usbd_core.o
LOAD ..\obj\main.o
LOAD ..\obj\mbcrc.o
LOAD ..\obj\uks.o
LOAD ..\obj\stm32f4xx_rcc.o
LOAD ..\obj\timers.o
LOAD ..\obj\stm32f4xx_adc.o
LOAD ..\obj\mbfuncinput.o
LOAD ..\obj\printf.o
LOAD ..\obj\phaze_detector.o
LOAD ..\obj\watchdog.o
LOAD ..\obj\mbfuncdiag.o
LOAD ..\obj\display.o
LOAD ..\obj\hd44780.o
LOAD ..\obj\tasks.o
LOAD ..\obj\usbd_desc.o
LOAD ..\obj\keyboard.o
LOAD ..\obj\stm32f4xx_gpio.o
LOAD ..\obj\porttimer.o
LOAD ..\obj\usbd_cdc_vcp.o
LOAD ..\obj\list.o
LOAD ..\obj\mbrtu.o
LOAD ..\obj\system_stm32f4xx.o
LOAD ..\obj\syscalls.o
LOAD ..\obj\adc.o
LOAD ..\obj\usb_bsp.o
LOAD ..\obj\usbd_req.o
LOAD ..\obj\queue.o
LOAD ..\obj\port.o
LOAD ..\obj\usb_dcd_int.o
LOAD ..\obj\portserial.o
LOAD ..\obj\usbd_cdc_core.o
LOAD ..\obj\croutine.o
LOAD ..\obj\timer_properties.o
LOAD ..\obj\stm32f4xx_spi.o
LOAD ..\obj\mbfunccoils.o
LOAD ..\obj\stm32f4xx_exti.o
LOAD ..\obj\misc.o
LOAD ..\obj\usb_dcd.o
LOAD ..\obj\heap_1.o
LOAD ..\obj\stm32f4xx_rtc.o
LOAD ..\obj\usbd_ioreq.o
LOAD ..\obj\mbascii.o
LOAD ..\obj\stm32f4xx_tim.o
LOAD ..\obj\power_detector.o
LOAD c:/coocox/coide/gcc/sourcery g++ lite/bin/../lib/gcc/arm-none-eabi/4.5.1/../../../../arm-none-eabi/lib/thumb2\libm.a
LOAD c:/coocox/coide/gcc/sourcery g++ lite/bin/../lib/gcc/arm-none-eabi/4.5.1/thumb2\libgcc.a
LOAD c:/coocox/coide/gcc/sourcery g++ lite/bin/../lib/gcc/arm-none-eabi/4.5.1/../../../../arm-none-eabi/lib/thumb2\libc.a
START GROUP
LOAD c:/coocox/coide/gcc/sourcery g++ lite/bin/../lib/gcc/arm-none-eabi/4.5.1/thumb2\libgcc.a
LOAD c:/coocox/coide/gcc/sourcery g++ lite/bin/../lib/gcc/arm-none-eabi/4.5.1/../../../../arm-none-eabi/lib/thumb2\libc.a
END GROUP
OUTPUT(stm32f2_uks.elf elf32-littlearm)

.debug_abbrev   0x00000000     0x555d
 .debug_abbrev  0x00000000      0x12a ..\obj\stm32f4xx_syscfg.o
 .debug_abbrev  0x0000012a      0x277 ..\obj\usb_core.o
 .debug_abbrev  0x000003a1      0x125 ..\obj\delay.o
 .debug_abbrev  0x000004c6      0x15f ..\obj\mbport.o
 .debug_abbrev  0x00000625      0x164 ..\obj\mb.o
 .debug_abbrev  0x00000789      0x1be ..\obj\pid_regulator.o
 .debug_abbrev  0x00000947       0xc3 ..\obj\protocol.o
 .debug_abbrev  0x00000a0a       0xa5 ..\obj\mbfuncdisc.o
 .debug_abbrev  0x00000aaf       0xd9 ..\obj\usbd_usr.o
 .debug_abbrev  0x00000b88       0xbc ..\obj\portevent.o
 .debug_abbrev  0x00000c44      0x14a ..\obj\buzzer.o
 .debug_abbrev  0x00000d8e       0xbe ..\obj\mbfuncother.o
 .debug_abbrev  0x00000e4c      0x14e ..\obj\stm32f4xx_usart.o
 .debug_abbrev  0x00000f9a      0x175 ..\obj\stm32f4xx_pwr.o
 .debug_abbrev  0x0000110f      0x125 ..\obj\rtc.o
 .debug_abbrev  0x00001234       0xd2 ..\obj\mbutils.o
 .debug_abbrev  0x00001306       0xac ..\obj\startup_stm32f4xx.o
 .debug_abbrev  0x000013b2      0x134 ..\obj\backup_sram.o
 .debug_abbrev  0x000014e6       0xfa ..\obj\stm32f4xx_iwdg.o
 .debug_abbrev  0x000015e0      0x18d ..\obj\ADS1120.o
 .debug_abbrev  0x0000176d       0xa5 ..\obj\mbfuncholding.o
 .debug_abbrev  0x00001812      0x1f4 ..\obj\usbd_core.o
 .debug_abbrev  0x00001a06      0x1c9 ..\obj\main.o
 .debug_abbrev  0x00001bcf       0xa8 ..\obj\mbcrc.o
 .debug_abbrev  0x00001c77      0x1dc ..\obj\uks.o
 .debug_abbrev  0x00001e53      0x1b7 ..\obj\stm32f4xx_rcc.o
 .debug_abbrev  0x0000200a       0x28 ..\obj\timers.o
 .debug_abbrev  0x00002032      0x189 ..\obj\stm32f4xx_adc.o
 .debug_abbrev  0x000021bb       0xa5 ..\obj\mbfuncinput.o
 .debug_abbrev  0x00002260      0x238 ..\obj\printf.o
 .debug_abbrev  0x00002498      0x1d0 ..\obj\phaze_detector.o
 .debug_abbrev  0x00002668      0x108 ..\obj\watchdog.o
 .debug_abbrev  0x00002770        0x1 ..\obj\mbfuncdiag.o
 .debug_abbrev  0x00002771      0x15d ..\obj\display.o
 .debug_abbrev  0x000028ce      0x1d9 ..\obj\hd44780.o
 .debug_abbrev  0x00002aa7      0x193 ..\obj\tasks.o
 .debug_abbrev  0x00002c3a      0x10c ..\obj\usbd_desc.o
 .debug_abbrev  0x00002d46      0x179 ..\obj\keyboard.o
 .debug_abbrev  0x00002ebf      0x182 ..\obj\stm32f4xx_gpio.o
 .debug_abbrev  0x00003041      0x137 ..\obj\porttimer.o
 .debug_abbrev  0x00003178      0x143 ..\obj\usbd_cdc_vcp.o
 .debug_abbrev  0x000032bb       0xb6 ..\obj\list.o
 .debug_abbrev  0x00003371      0x1bc ..\obj\mbrtu.o
 .debug_abbrev  0x0000352d      0x140 ..\obj\system_stm32f4xx.o
 .debug_abbrev  0x0000366d       0xde ..\obj\syscalls.o
 .debug_abbrev  0x0000374b      0x1a4 ..\obj\adc.o
 .debug_abbrev  0x000038ef      0x1db ..\obj\usb_bsp.o
 .debug_abbrev  0x00003aca      0x253 ..\obj\usbd_req.o
 .debug_abbrev  0x00003d1d      0x109 ..\obj\queue.o
 .debug_abbrev  0x00003e26      0x120 ..\obj\port.o
 .debug_abbrev  0x00003f46      0x210 ..\obj\usb_dcd_int.o
 .debug_abbrev  0x00004156      0x1c2 ..\obj\portserial.o
 .debug_abbrev  0x00004318      0x1e1 ..\obj\usbd_cdc_core.o
 .debug_abbrev  0x000044f9      0x186 ..\obj\croutine.o
 .debug_abbrev  0x0000467f      0x106 ..\obj\timer_properties.o
 .debug_abbrev  0x00004785      0x160 ..\obj\stm32f4xx_spi.o
 .debug_abbrev  0x000048e5       0xb7 ..\obj\mbfunccoils.o
 .debug_abbrev  0x0000499c      0x198 ..\obj\stm32f4xx_exti.o
 .debug_abbrev  0x00004b34      0x126 ..\obj\misc.o
 .debug_abbrev  0x00004c5a      0x208 ..\obj\usb_dcd.o
 .debug_abbrev  0x00004e62      0x116 ..\obj\heap_1.o
 .debug_abbrev  0x00004f78      0x16b ..\obj\stm32f4xx_rtc.o
 .debug_abbrev  0x000050e3      0x165 ..\obj\usbd_ioreq.o
 .debug_abbrev  0x00005248       0x4d ..\obj\mbascii.o
 .debug_abbrev  0x00005295      0x163 ..\obj\stm32f4xx_tim.o
 .debug_abbrev  0x000053f8      0x165 ..\obj\power_detector.o

.debug_info     0x00000000    0x21c69
 .debug_info    0x00000000      0x27a ..\obj\stm32f4xx_syscfg.o
 .debug_info    0x0000027a     0x27fc ..\obj\usb_core.o
 .debug_info    0x00002a76      0x777 ..\obj\delay.o
 .debug_info    0x000031ed      0x663 ..\obj\mbport.o
 .debug_info    0x00003850      0x62f ..\obj\mb.o
 .debug_info    0x00003e7f      0x794 ..\obj\pid_regulator.o
 .debug_info    0x00004613      0x165 ..\obj\protocol.o
 .debug_info    0x00004778      0x1ee ..\obj\mbfuncdisc.o
 .debug_info    0x00004966      0x1c5 ..\obj\usbd_usr.o
 .debug_info    0x00004b2b      0x188 ..\obj\portevent.o
 .debug_info    0x00004cb3      0x45f ..\obj\buzzer.o
 .debug_info    0x00005112      0x25c ..\obj\mbfuncother.o
 .debug_info    0x0000536e      0xa4f ..\obj\stm32f4xx_usart.o
 .debug_info    0x00005dbd      0x53e ..\obj\stm32f4xx_pwr.o
 .debug_info    0x000062fb      0x296 ..\obj\rtc.o
 .debug_info    0x00006591      0x2c6 ..\obj\mbutils.o
 .debug_info    0x00006857      0x147 ..\obj\startup_stm32f4xx.o
 .debug_info    0x0000699e      0x393 ..\obj\backup_sram.o
 .debug_info    0x00006d31      0x20b ..\obj\stm32f4xx_iwdg.o
 .debug_info    0x00006f3c      0x865 ..\obj\ADS1120.o
 .debug_info    0x000077a1      0x383 ..\obj\mbfuncholding.o
 .debug_info    0x00007b24      0xff8 ..\obj\usbd_core.o
 .debug_info    0x00008b1c      0xf7e ..\obj\main.o
 .debug_info    0x00009a9a      0x166 ..\obj\mbcrc.o
 .debug_info    0x00009c00      0x851 ..\obj\uks.o
 .debug_info    0x0000a451      0xd24 ..\obj\stm32f4xx_rcc.o
 .debug_info    0x0000b175       0x4c ..\obj\timers.o
 .debug_info    0x0000b1c1      0xcf5 ..\obj\stm32f4xx_adc.o
 .debug_info    0x0000beb6      0x1e0 ..\obj\mbfuncinput.o
 .debug_info    0x0000c096      0xed2 ..\obj\printf.o
 .debug_info    0x0000cf68      0xc68 ..\obj\phaze_detector.o
 .debug_info    0x0000dbd0      0x18a ..\obj\watchdog.o
 .debug_info    0x0000dd5a        0x0 ..\obj\mbfuncdiag.o
 .debug_info    0x0000dd5a      0x4b6 ..\obj\display.o
 .debug_info    0x0000e210      0x90c ..\obj\hd44780.o
 .debug_info    0x0000eb1c      0xd75 ..\obj\tasks.o
 .debug_info    0x0000f891      0x3a7 ..\obj\usbd_desc.o
 .debug_info    0x0000fc38      0x5f5 ..\obj\keyboard.o
 .debug_info    0x0001022d      0x639 ..\obj\stm32f4xx_gpio.o
 .debug_info    0x00010866      0x6e8 ..\obj\porttimer.o
 .debug_info    0x00010f4e      0x3a6 ..\obj\usbd_cdc_vcp.o
 .debug_info    0x000112f4      0x2a6 ..\obj\list.o
 .debug_info    0x0001159a      0xf98 ..\obj\mbrtu.o
 .debug_info    0x00012532      0x5ea ..\obj\system_stm32f4xx.o
 .debug_info    0x00012b1c      0x440 ..\obj\syscalls.o
 .debug_info    0x00012f5c      0x8ae ..\obj\adc.o
 .debug_info    0x0001380a     0x113d ..\obj\usb_bsp.o
 .debug_info    0x00014947     0x111b ..\obj\usbd_req.o
 .debug_info    0x00015a62      0x7c1 ..\obj\queue.o
 .debug_info    0x00016223      0x1d7 ..\obj\port.o
 .debug_info    0x000163fa     0x2027 ..\obj\usb_dcd_int.o
 .debug_info    0x00018421      0xdae ..\obj\portserial.o
 .debug_info    0x000191cf     0x1109 ..\obj\usbd_cdc_core.o
 .debug_info    0x0001a2d8      0x4af ..\obj\croutine.o
 .debug_info    0x0001a787      0x4d1 ..\obj\timer_properties.o
 .debug_info    0x0001ac58      0xbcc ..\obj\stm32f4xx_spi.o
 .debug_info    0x0001b824      0x313 ..\obj\mbfunccoils.o
 .debug_info    0x0001bb37      0x372 ..\obj\stm32f4xx_exti.o
 .debug_info    0x0001bea9      0x594 ..\obj\misc.o
 .debug_info    0x0001c43d     0x1184 ..\obj\usb_dcd.o
 .debug_info    0x0001d5c1      0x186 ..\obj\heap_1.o
 .debug_info    0x0001d747     0x1223 ..\obj\stm32f4xx_rtc.o
 .debug_info    0x0001e96a      0xde4 ..\obj\usbd_ioreq.o
 .debug_info    0x0001f74e       0x9b ..\obj\mbascii.o
 .debug_info    0x0001f7e9     0x1e28 ..\obj\stm32f4xx_tim.o
 .debug_info    0x00021611      0x658 ..\obj\power_detector.o

.debug_line     0x00000000     0xc2d2
 .debug_line    0x00000000      0x1e7 ..\obj\stm32f4xx_syscfg.o
 .debug_line    0x000001e7      0x6b4 ..\obj\usb_core.o
 .debug_line    0x0000089b      0x2a5 ..\obj\delay.o
 .debug_line    0x00000b40      0x372 ..\obj\mbport.o
 .debug_line    0x00000eb2      0x2df ..\obj\mb.o
 .debug_line    0x00001191      0x3c5 ..\obj\pid_regulator.o
 .debug_line    0x00001556      0x1f0 ..\obj\protocol.o
 .debug_line    0x00001746      0x1f0 ..\obj\mbfuncdisc.o
 .debug_line    0x00001936      0x1b1 ..\obj\usbd_usr.o
 .debug_line    0x00001ae7      0x1e5 ..\obj\portevent.o
 .debug_line    0x00001ccc      0x2c9 ..\obj\buzzer.o
 .debug_line    0x00001f95      0x25c ..\obj\mbfuncother.o
 .debug_line    0x000021f1      0x478 ..\obj\stm32f4xx_usart.o
 .debug_line    0x00002669      0x284 ..\obj\stm32f4xx_pwr.o
 .debug_line    0x000028ed      0x21a ..\obj\rtc.o
 .debug_line    0x00002b07      0x264 ..\obj\mbutils.o
 .debug_line    0x00002d6b       0xa6 ..\obj\startup_stm32f4xx.o
 .debug_line    0x00002e11      0x1db ..\obj\backup_sram.o
 .debug_line    0x00002fec      0x1de ..\obj\stm32f4xx_iwdg.o
 .debug_line    0x000031ca      0x37a ..\obj\ADS1120.o
 .debug_line    0x00003544      0x27e ..\obj\mbfuncholding.o
 .debug_line    0x000037c2      0x305 ..\obj\usbd_core.o
 .debug_line    0x00003ac7      0x301 ..\obj\main.o
 .debug_line    0x00003dc8      0x17a ..\obj\mbcrc.o
 .debug_line    0x00003f42      0x4ee ..\obj\uks.o
 .debug_line    0x00004430      0x574 ..\obj\stm32f4xx_rcc.o
 .debug_line    0x000049a4       0x1d ..\obj\timers.o
 .debug_line    0x000049c1      0x528 ..\obj\stm32f4xx_adc.o
 .debug_line    0x00004ee9      0x1e6 ..\obj\mbfuncinput.o
 .debug_line    0x000050cf      0x3c6 ..\obj\printf.o
 .debug_line    0x00005495      0x3f3 ..\obj\phaze_detector.o
 .debug_line    0x00005888      0x1b0 ..\obj\watchdog.o
 .debug_line    0x00005a38        0x0 ..\obj\mbfuncdiag.o
 .debug_line    0x00005a38      0x269 ..\obj\display.o
 .debug_line    0x00005ca1      0x43f ..\obj\hd44780.o
 .debug_line    0x000060e0      0x792 ..\obj\tasks.o
 .debug_line    0x00006872      0x1f7 ..\obj\usbd_desc.o
 .debug_line    0x00006a69      0x276 ..\obj\keyboard.o
 .debug_line    0x00006cdf      0x313 ..\obj\stm32f4xx_gpio.o
 .debug_line    0x00006ff2      0x2c4 ..\obj\porttimer.o
 .debug_line    0x000072b6      0x20d ..\obj\usbd_cdc_vcp.o
 .debug_line    0x000074c3      0x1a6 ..\obj\list.o
 .debug_line    0x00007669      0x2eb ..\obj\mbrtu.o
 .debug_line    0x00007954      0x200 ..\obj\system_stm32f4xx.o
 .debug_line    0x00007b54      0x194 ..\obj\syscalls.o
 .debug_line    0x00007ce8      0x3d8 ..\obj\adc.o
 .debug_line    0x000080c0      0x29d ..\obj\usb_bsp.o
 .debug_line    0x0000835d      0x3c1 ..\obj\usbd_req.o
 .debug_line    0x0000871e      0x4ff ..\obj\queue.o
 .debug_line    0x00008c1d      0x1bd ..\obj\port.o
 .debug_line    0x00008dda      0x3b0 ..\obj\usb_dcd_int.o
 .debug_line    0x0000918a      0x282 ..\obj\portserial.o
 .debug_line    0x0000940c      0x2b5 ..\obj\usbd_cdc_core.o
 .debug_line    0x000096c1      0x274 ..\obj\croutine.o
 .debug_line    0x00009935      0x2e1 ..\obj\timer_properties.o
 .debug_line    0x00009c16      0x428 ..\obj\stm32f4xx_spi.o
 .debug_line    0x0000a03e      0x256 ..\obj\mbfunccoils.o
 .debug_line    0x0000a294      0x27d ..\obj\stm32f4xx_exti.o
 .debug_line    0x0000a511      0x219 ..\obj\misc.o
 .debug_line    0x0000a72a      0x323 ..\obj\usb_dcd.o
 .debug_line    0x0000aa4d      0x135 ..\obj\heap_1.o
 .debug_line    0x0000ab82      0x7eb ..\obj\stm32f4xx_rtc.o
 .debug_line    0x0000b36d      0x20d ..\obj\usbd_ioreq.o
 .debug_line    0x0000b57a       0xd5 ..\obj\mbascii.o
 .debug_line    0x0000b64f      0xa4d ..\obj\stm32f4xx_tim.o
 .debug_line    0x0000c09c      0x236 ..\obj\power_detector.o

.debug_loc      0x00000000     0x9637
 .debug_loc     0x00000000      0x144 ..\obj\stm32f4xx_syscfg.o
 .debug_loc     0x00000144      0x7e0 ..\obj\usb_core.o
 .debug_loc     0x00000924       0xe8 ..\obj\delay.o
 .debug_loc     0x00000a0c      0x138 ..\obj\mbport.o
 .debug_loc     0x00000b44      0x150 ..\obj\mb.o
 .debug_loc     0x00000c94      0x10c ..\obj\pid_regulator.o
 .debug_loc     0x00000da0       0x70 ..\obj\protocol.o
 .debug_loc     0x00000e10       0x38 ..\obj\mbfuncdisc.o
 .debug_loc     0x00000e48       0xe8 ..\obj\usbd_usr.o
 .debug_loc     0x00000f30       0x9c ..\obj\portevent.o
 .debug_loc     0x00000fcc       0xa8 ..\obj\buzzer.o
 .debug_loc     0x00001074       0x70 ..\obj\mbfuncother.o
 .debug_loc     0x000010e4      0x658 ..\obj\stm32f4xx_usart.o
 .debug_loc     0x0000173c      0x288 ..\obj\stm32f4xx_pwr.o
 .debug_loc     0x000019c4       0x70 ..\obj\rtc.o
 .debug_loc     0x00001a34       0xa8 ..\obj\mbutils.o
 .debug_loc     0x00001adc       0x64 ..\obj\startup_stm32f4xx.o
 .debug_loc     0x00001b40       0x64 ..\obj\backup_sram.o
 .debug_loc     0x00001ba4      0x138 ..\obj\stm32f4xx_iwdg.o
 .debug_loc     0x00001cdc      0x144 ..\obj\ADS1120.o
 .debug_loc     0x00001e20       0xe0 ..\obj\mbfuncholding.o
 .debug_loc     0x00001f00      0x2d8 ..\obj\usbd_core.o
 .debug_loc     0x000021d8      0x10c ..\obj\main.o
 .debug_loc     0x000022e4       0x38 ..\obj\mbcrc.o
 .debug_loc     0x0000231c      0x188 ..\obj\uks.o
 .debug_loc     0x000024a4      0x97c ..\obj\stm32f4xx_rcc.o
 .debug_loc     0x00002e20      0x838 ..\obj\stm32f4xx_adc.o
 .debug_loc     0x00003658       0x38 ..\obj\mbfuncinput.o
 .debug_loc     0x00003690      0x3ea ..\obj\printf.o
 .debug_loc     0x00003a7a      0x164 ..\obj\phaze_detector.o
 .debug_loc     0x00003bde       0x70 ..\obj\watchdog.o
 .debug_loc     0x00003c4e       0x70 ..\obj\display.o
 .debug_loc     0x00003cbe      0x42c ..\obj\hd44780.o
 .debug_loc     0x000040ea      0x708 ..\obj\tasks.o
 .debug_loc     0x000047f2      0x188 ..\obj\usbd_desc.o
 .debug_loc     0x0000497a       0x70 ..\obj\keyboard.o
 .debug_loc     0x000049ea      0x310 ..\obj\stm32f4xx_gpio.o
 .debug_loc     0x00004cfa       0xbc ..\obj\porttimer.o
 .debug_loc     0x00004db6      0x138 ..\obj\usbd_cdc_vcp.o
 .debug_loc     0x00004eee      0x118 ..\obj\list.o
 .debug_loc     0x00005006      0x1a8 ..\obj\mbrtu.o
 .debug_loc     0x000051ae       0x9c ..\obj\system_stm32f4xx.o
 .debug_loc     0x0000524a      0x1ec ..\obj\syscalls.o
 .debug_loc     0x00005436       0xa9 ..\obj\adc.o
 .debug_loc     0x000054df      0x138 ..\obj\usb_bsp.o
 .debug_loc     0x00005617      0x310 ..\obj\usbd_req.o
 .debug_loc     0x00005927      0x3b8 ..\obj\queue.o
 .debug_loc     0x00005cdf      0x178 ..\obj\port.o
 .debug_loc     0x00005e57      0x2d8 ..\obj\usb_dcd_int.o
 .debug_loc     0x0000612f      0x170 ..\obj\portserial.o
 .debug_loc     0x0000629f      0x224 ..\obj\usbd_cdc_core.o
 .debug_loc     0x000064c3      0x188 ..\obj\croutine.o
 .debug_loc     0x0000664b       0xe0 ..\obj\timer_properties.o
 .debug_loc     0x0000672b      0x578 ..\obj\stm32f4xx_spi.o
 .debug_loc     0x00006ca3       0xa8 ..\obj\mbfunccoils.o
 .debug_loc     0x00006d4b      0x1b4 ..\obj\stm32f4xx_exti.o
 .debug_loc     0x00006eff      0x118 ..\obj\misc.o
 .debug_loc     0x00007017      0x2d8 ..\obj\usb_dcd.o
 .debug_loc     0x000072ef       0xc8 ..\obj\heap_1.o
 .debug_loc     0x000073b7      0xc48 ..\obj\stm32f4xx_rtc.o
 .debug_loc     0x00007fff      0x188 ..\obj\usbd_ioreq.o
 .debug_loc     0x00008187     0x1420 ..\obj\stm32f4xx_tim.o
 .debug_loc     0x000095a7       0x90 ..\obj\power_detector.o

.debug_pubnames
                0x00000000     0x40ea
 .debug_pubnames
                0x00000000       0xc3 ..\obj\stm32f4xx_syscfg.o
 .debug_pubnames
                0x000000c3      0x364 ..\obj\usb_core.o
 .debug_pubnames
                0x00000427       0xc4 ..\obj\delay.o
 .debug_pubnames
                0x000004eb      0x126 ..\obj\mbport.o
 .debug_pubnames
                0x00000611       0xf8 ..\obj\mb.o
 .debug_pubnames
                0x00000709       0x8c ..\obj\pid_regulator.o
 .debug_pubnames
                0x00000795       0x24 ..\obj\protocol.o
 .debug_pubnames
                0x000007b9       0x30 ..\obj\mbfuncdisc.o
 .debug_pubnames
                0x000007e9       0x9e ..\obj\usbd_usr.o
 .debug_pubnames
                0x00000887       0x50 ..\obj\portevent.o
 .debug_pubnames
                0x000008d7       0x62 ..\obj\buzzer.o
 .debug_pubnames
                0x00000939       0x3d ..\obj\mbfuncother.o
 .debug_pubnames
                0x00000976      0x294 ..\obj\stm32f4xx_usart.o
 .debug_pubnames
                0x00000c0a      0x120 ..\obj\stm32f4xx_pwr.o
 .debug_pubnames
                0x00000d2a       0x46 ..\obj\rtc.o
 .debug_pubnames
                0x00000d70       0x52 ..\obj\mbutils.o
 .debug_pubnames
                0x00000dc2       0x4a ..\obj\startup_stm32f4xx.o
 .debug_pubnames
                0x00000e0c       0x41 ..\obj\backup_sram.o
 .debug_pubnames
                0x00000e4d       0x91 ..\obj\stm32f4xx_iwdg.o
 .debug_pubnames
                0x00000ede       0x9f ..\obj\ADS1120.o
 .debug_pubnames
                0x00000f7d       0xa5 ..\obj\mbfuncholding.o
 .debug_pubnames
                0x00001022       0x7a ..\obj\usbd_core.o
 .debug_pubnames
                0x0000109c       0xa0 ..\obj\main.o
 .debug_pubnames
                0x0000113c       0x20 ..\obj\mbcrc.o
 .debug_pubnames
                0x0000115c       0xbe ..\obj\uks.o
 .debug_pubnames
                0x0000121a      0x417 ..\obj\stm32f4xx_rcc.o
 .debug_pubnames
                0x00001631      0x446 ..\obj\stm32f4xx_adc.o
 .debug_pubnames
                0x00001a77       0x2f ..\obj\mbfuncinput.o
 .debug_pubnames
                0x00001aa6      0x101 ..\obj\printf.o
 .debug_pubnames
                0x00001ba7       0xc9 ..\obj\phaze_detector.o
 .debug_pubnames
                0x00001c70       0x35 ..\obj\watchdog.o
 .debug_pubnames
                0x00001ca5       0x46 ..\obj\display.o
 .debug_pubnames
                0x00001ceb      0x1bb ..\obj\hd44780.o
 .debug_pubnames
                0x00001ea6      0x275 ..\obj\tasks.o
 .debug_pubnames
                0x0000211b      0x152 ..\obj\usbd_desc.o
 .debug_pubnames
                0x0000226d       0x24 ..\obj\keyboard.o
 .debug_pubnames
                0x00002291      0x12d ..\obj\stm32f4xx_gpio.o
 .debug_pubnames
                0x000023be       0x6d ..\obj\porttimer.o
 .debug_pubnames
                0x0000242b       0xa1 ..\obj\usbd_cdc_vcp.o
 .debug_pubnames
                0x000024cc       0x71 ..\obj\list.o
 .debug_pubnames
                0x0000253d       0xc3 ..\obj\mbrtu.o
 .debug_pubnames
                0x00002600       0x61 ..\obj\system_stm32f4xx.o
 .debug_pubnames
                0x00002661       0x71 ..\obj\syscalls.o
 .debug_pubnames
                0x000026d2       0x64 ..\obj\adc.o
 .debug_pubnames
                0x00002736       0xa6 ..\obj\usb_bsp.o
 .debug_pubnames
                0x000027dc       0xd7 ..\obj\usbd_req.o
 .debug_pubnames
                0x000028b3      0x145 ..\obj\queue.o
 .debug_pubnames
                0x000029f8      0x101 ..\obj\port.o
 .debug_pubnames
                0x00002af9       0x2b ..\obj\usb_dcd_int.o
 .debug_pubnames
                0x00002b24       0xab ..\obj\portserial.o
 .debug_pubnames
                0x00002bcf       0xe5 ..\obj\usbd_cdc_core.o
 .debug_pubnames
                0x00002cb4       0x96 ..\obj\croutine.o
 .debug_pubnames
                0x00002d4a       0xb2 ..\obj\timer_properties.o
 .debug_pubnames
                0x00002dfc      0x221 ..\obj\stm32f4xx_spi.o
 .debug_pubnames
                0x0000301d       0x5a ..\obj\mbfunccoils.o
 .debug_pubnames
                0x00003077       0xbb ..\obj\stm32f4xx_exti.o
 .debug_pubnames
                0x00003132       0x89 ..\obj\misc.o
 .debug_pubnames
                0x000031bb      0x100 ..\obj\usb_dcd.o
 .debug_pubnames
                0x000032bb       0x64 ..\obj\heap_1.o
 .debug_pubnames
                0x0000331f      0x514 ..\obj\stm32f4xx_rtc.o
 .debug_pubnames
                0x00003833       0xb6 ..\obj\usbd_ioreq.o
 .debug_pubnames
                0x000038e9      0x7c4 ..\obj\stm32f4xx_tim.o
 .debug_pubnames
                0x000040ad       0x3d ..\obj\power_detector.o

.debug_pubtypes
                0x00000000     0x485f
 .debug_pubtypes
                0x00000000       0x6d ..\obj\stm32f4xx_syscfg.o
 .debug_pubtypes
                0x0000006d      0x675 ..\obj\usb_core.o
 .debug_pubtypes
                0x000006e2       0xb9 ..\obj\delay.o
 .debug_pubtypes
                0x0000079b       0xbb ..\obj\mbport.o
 .debug_pubtypes
                0x00000856      0x147 ..\obj\mb.o
 .debug_pubtypes
                0x0000099d      0x15c ..\obj\pid_regulator.o
 .debug_pubtypes
                0x00000af9       0x40 ..\obj\protocol.o
 .debug_pubtypes
                0x00000b39       0x62 ..\obj\mbfuncdisc.o
 .debug_pubtypes
                0x00000b9b       0x55 ..\obj\usbd_usr.o
 .debug_pubtypes
                0x00000bf0       0x44 ..\obj\portevent.o
 .debug_pubtypes
                0x00000c34       0xea ..\obj\buzzer.o
 .debug_pubtypes
                0x00000d1e       0x82 ..\obj\mbfuncother.o
 .debug_pubtypes
                0x00000da0       0xcd ..\obj\stm32f4xx_usart.o
 .debug_pubtypes
                0x00000e6d       0x84 ..\obj\stm32f4xx_pwr.o
 .debug_pubtypes
                0x00000ef1       0x73 ..\obj\rtc.o
 .debug_pubtypes
                0x00000f64       0x6d ..\obj\mbutils.o
 .debug_pubtypes
                0x00000fd1       0x72 ..\obj\backup_sram.o
 .debug_pubtypes
                0x00001043       0x64 ..\obj\stm32f4xx_iwdg.o
 .debug_pubtypes
                0x000010a7      0x138 ..\obj\ADS1120.o
 .debug_pubtypes
                0x000011df       0x62 ..\obj\mbfuncholding.o
 .debug_pubtypes
                0x00001241      0x2df ..\obj\usbd_core.o
 .debug_pubtypes
                0x00001520      0x2ce ..\obj\main.o
 .debug_pubtypes
                0x000017ee       0x40 ..\obj\mbcrc.o
 .debug_pubtypes
                0x0000182e       0xa9 ..\obj\uks.o
 .debug_pubtypes
                0x000018d7       0xaa ..\obj\stm32f4xx_rcc.o
 .debug_pubtypes
                0x00001981       0x12 ..\obj\timers.o
 .debug_pubtypes
                0x00001993       0xc9 ..\obj\stm32f4xx_adc.o
 .debug_pubtypes
                0x00001a5c       0x62 ..\obj\mbfuncinput.o
 .debug_pubtypes
                0x00001abe      0x139 ..\obj\printf.o
 .debug_pubtypes
                0x00001bf7      0x1f5 ..\obj\phaze_detector.o
 .debug_pubtypes
                0x00001dec       0x53 ..\obj\watchdog.o
 .debug_pubtypes
                0x00001e3f       0x72 ..\obj\display.o
 .debug_pubtypes
                0x00001eb1       0xe6 ..\obj\hd44780.o
 .debug_pubtypes
                0x00001f97      0x10c ..\obj\tasks.o
 .debug_pubtypes
                0x000020a3       0x5b ..\obj\usbd_desc.o
 .debug_pubtypes
                0x000020fe       0xee ..\obj\keyboard.o
 .debug_pubtypes
                0x000021ec       0xce ..\obj\stm32f4xx_gpio.o
 .debug_pubtypes
                0x000022ba       0xb6 ..\obj\porttimer.o
 .debug_pubtypes
                0x00002370       0x6d ..\obj\usbd_cdc_vcp.o
 .debug_pubtypes
                0x000023dd       0x7a ..\obj\list.o
 .debug_pubtypes
                0x00002457      0x2f5 ..\obj\mbrtu.o
 .debug_pubtypes
                0x0000274c       0x73 ..\obj\system_stm32f4xx.o
 .debug_pubtypes
                0x000027bf       0xaa ..\obj\syscalls.o
 .debug_pubtypes
                0x00002869      0x18d ..\obj\adc.o
 .debug_pubtypes
                0x000029f6      0x333 ..\obj\usb_bsp.o
 .debug_pubtypes
                0x00002d29      0x2c8 ..\obj\usbd_req.o
 .debug_pubtypes
                0x00002ff1       0xd4 ..\obj\queue.o
 .debug_pubtypes
                0x000030c5       0x33 ..\obj\port.o
 .debug_pubtypes
                0x000030f8      0x5e1 ..\obj\usb_dcd_int.o
 .debug_pubtypes
                0x000036d9      0x2b9 ..\obj\portserial.o
 .debug_pubtypes
                0x00003992      0x2ae ..\obj\usbd_cdc_core.o
 .debug_pubtypes
                0x00003c40       0xcd ..\obj\croutine.o
 .debug_pubtypes
                0x00003d0d       0x93 ..\obj\timer_properties.o
 .debug_pubtypes
                0x00003da0       0xbc ..\obj\stm32f4xx_spi.o
 .debug_pubtypes
                0x00003e5c       0x62 ..\obj\mbfunccoils.o
 .debug_pubtypes
                0x00003ebe       0xae ..\obj\stm32f4xx_exti.o
 .debug_pubtypes
                0x00003f6c       0x8c ..\obj\misc.o
 .debug_pubtypes
                0x00003ff8      0x307 ..\obj\usb_dcd.o
 .debug_pubtypes
                0x000042ff       0x2c ..\obj\heap_1.o
 .debug_pubtypes
                0x0000432b       0xd8 ..\obj\stm32f4xx_rtc.o
 .debug_pubtypes
                0x00004403      0x295 ..\obj\usbd_ioreq.o
 .debug_pubtypes
                0x00004698       0x1e ..\obj\mbascii.o
 .debug_pubtypes
                0x000046b6       0xe4 ..\obj\stm32f4xx_tim.o
 .debug_pubtypes
                0x0000479a       0xc5 ..\obj\power_detector.o

.debug_aranges  0x00000000     0x1be8
 .debug_aranges
                0x00000000       0x48 ..\obj\stm32f4xx_syscfg.o
 .debug_aranges
                0x00000048      0x138 ..\obj\usb_core.o
 .debug_aranges
                0x00000180       0x40 ..\obj\delay.o
 .debug_aranges
                0x000001c0       0x48 ..\obj\mbport.o
 .debug_aranges
                0x00000208       0x48 ..\obj\mb.o
 .debug_aranges
                0x00000250       0x40 ..\obj\pid_regulator.o
 .debug_aranges
                0x00000290       0x28 ..\obj\protocol.o
 .debug_aranges
                0x000002b8       0x20 ..\obj\mbfuncdisc.o
 .debug_aranges
                0x000002d8       0x40 ..\obj\usbd_usr.o
 .debug_aranges
                0x00000318       0x30 ..\obj\portevent.o
 .debug_aranges
                0x00000348       0x30 ..\obj\buzzer.o
 .debug_aranges
                0x00000378       0x28 ..\obj\mbfuncother.o
 .debug_aranges
                0x000003a0      0x100 ..\obj\stm32f4xx_usart.o
 .debug_aranges
                0x000004a0       0x78 ..\obj\stm32f4xx_pwr.o
 .debug_aranges
                0x00000518       0x28 ..\obj\rtc.o
 .debug_aranges
                0x00000540       0x30 ..\obj\mbutils.o
 .debug_aranges
                0x00000570       0x28 ..\obj\startup_stm32f4xx.o
 .debug_aranges
                0x00000598       0x28 ..\obj\backup_sram.o
 .debug_aranges
                0x000005c0       0x48 ..\obj\stm32f4xx_iwdg.o
 .debug_aranges
                0x00000608       0x48 ..\obj\ADS1120.o
 .debug_aranges
                0x00000650       0x38 ..\obj\mbfuncholding.o
 .debug_aranges
                0x00000688       0x80 ..\obj\usbd_core.o
 .debug_aranges
                0x00000708       0x40 ..\obj\main.o
 .debug_aranges
                0x00000748       0x20 ..\obj\mbcrc.o
 .debug_aranges
                0x00000768       0x50 ..\obj\uks.o
 .debug_aranges
                0x000007b8      0x178 ..\obj\stm32f4xx_rcc.o
 .debug_aranges
                0x00000930      0x148 ..\obj\stm32f4xx_adc.o
 .debug_aranges
                0x00000a78       0x20 ..\obj\mbfuncinput.o
 .debug_aranges
                0x00000a98       0xa0 ..\obj\printf.o
 .debug_aranges
                0x00000b38       0x50 ..\obj\phaze_detector.o
 .debug_aranges
                0x00000b88       0x28 ..\obj\watchdog.o
 .debug_aranges
                0x00000bb0       0x28 ..\obj\display.o
 .debug_aranges
                0x00000bd8       0xc0 ..\obj\hd44780.o
 .debug_aranges
                0x00000c98      0x120 ..\obj\tasks.o
 .debug_aranges
                0x00000db8       0x50 ..\obj\usbd_desc.o
 .debug_aranges
                0x00000e08       0x28 ..\obj\keyboard.o
 .debug_aranges
                0x00000e30       0x88 ..\obj\stm32f4xx_gpio.o
 .debug_aranges
                0x00000eb8       0x38 ..\obj\porttimer.o
 .debug_aranges
                0x00000ef0       0x48 ..\obj\usbd_cdc_vcp.o
 .debug_aranges
                0x00000f38       0x40 ..\obj\list.o
 .debug_aranges
                0x00000f78       0x58 ..\obj\mbrtu.o
 .debug_aranges
                0x00000fd0       0x30 ..\obj\system_stm32f4xx.o
 .debug_aranges
                0x00001000       0x60 ..\obj\syscalls.o
 .debug_aranges
                0x00001060       0x30 ..\obj\adc.o
 .debug_aranges
                0x00001090       0x48 ..\obj\usb_bsp.o
 .debug_aranges
                0x000010d8       0x88 ..\obj\usbd_req.o
 .debug_aranges
                0x00001160       0xa0 ..\obj\queue.o
 .debug_aranges
                0x00001200       0x70 ..\obj\port.o
 .debug_aranges
                0x00001270       0x80 ..\obj\usb_dcd_int.o
 .debug_aranges
                0x000012f0       0x50 ..\obj\portserial.o
 .debug_aranges
                0x00001340       0x68 ..\obj\usbd_cdc_core.o
 .debug_aranges
                0x000013a8       0x50 ..\obj\croutine.o
 .debug_aranges
                0x000013f8       0x38 ..\obj\timer_properties.o
 .debug_aranges
                0x00001430       0xe0 ..\obj\stm32f4xx_spi.o
 .debug_aranges
                0x00001510       0x30 ..\obj\mbfunccoils.o
 .debug_aranges
                0x00001540       0x58 ..\obj\stm32f4xx_exti.o
 .debug_aranges
                0x00001598       0x40 ..\obj\misc.o
 .debug_aranges
                0x000015d8       0x80 ..\obj\usb_dcd.o
 .debug_aranges
                0x00001658       0x38 ..\obj\heap_1.o
 .debug_aranges
                0x00001690      0x1e0 ..\obj\stm32f4xx_rtc.o
 .debug_aranges
                0x00001870       0x50 ..\obj\usbd_ioreq.o
 .debug_aranges
                0x000018c0      0x2f8 ..\obj\stm32f4xx_tim.o
 .debug_aranges
                0x00001bb8       0x30 ..\obj\power_detector.o

.debug_ranges   0x00000000     0x17f8
 .debug_ranges  0x00000000       0x38 ..\obj\stm32f4xx_syscfg.o
 .debug_ranges  0x00000038      0x128 ..\obj\usb_core.o
 .debug_ranges  0x00000160       0x30 ..\obj\delay.o
 .debug_ranges  0x00000190       0x38 ..\obj\mbport.o
 .debug_ranges  0x000001c8       0x38 ..\obj\mb.o
 .debug_ranges  0x00000200       0x30 ..\obj\pid_regulator.o
 .debug_ranges  0x00000230       0x18 ..\obj\protocol.o
 .debug_ranges  0x00000248       0x10 ..\obj\mbfuncdisc.o
 .debug_ranges  0x00000258       0x30 ..\obj\usbd_usr.o
 .debug_ranges  0x00000288       0x20 ..\obj\portevent.o
 .debug_ranges  0x000002a8       0x20 ..\obj\buzzer.o
 .debug_ranges  0x000002c8       0x18 ..\obj\mbfuncother.o
 .debug_ranges  0x000002e0       0xf0 ..\obj\stm32f4xx_usart.o
 .debug_ranges  0x000003d0       0x68 ..\obj\stm32f4xx_pwr.o
 .debug_ranges  0x00000438       0x18 ..\obj\rtc.o
 .debug_ranges  0x00000450       0x20 ..\obj\mbutils.o
 .debug_ranges  0x00000470       0x18 ..\obj\startup_stm32f4xx.o
 .debug_ranges  0x00000488       0x18 ..\obj\backup_sram.o
 .debug_ranges  0x000004a0       0x38 ..\obj\stm32f4xx_iwdg.o
 .debug_ranges  0x000004d8       0x38 ..\obj\ADS1120.o
 .debug_ranges  0x00000510       0x28 ..\obj\mbfuncholding.o
 .debug_ranges  0x00000538       0x70 ..\obj\usbd_core.o