Archive member included because of file (symbol)

c:/coocox/coide/gcc/sourcery g++ lite/bin/../lib/gcc/arm-none-eabi/4.5.1/thumb2\libgcc.a(_arm_addsubdf3.o)
                              ..\obj\ADS1120.o (__aeabi_dadd)
c:/coocox/coide/gcc/sourcery g++ lite/bin/../lib/gcc/arm-none-eabi/4.5.1/thumb2\libgcc.a(_arm_muldivdf3.o)
                              ..\obj\ADS1120.o (__aeabi_dmul)
c:/coocox/coide/gcc/sourcery g++ lite/bin/../lib/gcc/arm-none-eabi/4.5.1/thumb2\libgcc.a(_arm_cmpdf2.o)
                              ..\obj\timer_properties.o (__aeabi_dcmpeq)
c:/coocox/coide/gcc/sourcery g++ lite/bin/../lib/gcc/arm-none-eabi/4.5.1/thumb2\libgcc.a(_arm_fixunsdfsi.o)
                              ..\obj\timer_properties.o (__aeabi_d2uiz)
c:/coocox/coide/gcc/sourcery g++ lite/bin/../lib/gcc/arm-none-eabi/4.5.1/thumb2\libgcc.a(_arm_truncdfsf2.o)
                              ..\obj\ADS1120.o (__aeabi_d2f)
c:/coocox/coide/gcc/sourcery g++ lite/bin/../lib/gcc/arm-none-eabi/4.5.1/thumb2\libgcc.a(_arm_addsubsf3.o)
                              ..\obj\pid_regulator.o (__aeabi_fsub)
c:/coocox/coide/gcc/sourcery g++ lite/bin/../lib/gcc/arm-none-eabi/4.5.1/thumb2\libgcc.a(_arm_muldivsf3.o)
                              ..\obj\pid_regulator.o (__aeabi_fmul)
c:/coocox/coide/gcc/sourcery g++ lite/bin/../lib/gcc/arm-none-eabi/4.5.1/thumb2\libgcc.a(_arm_cmpsf2.o)
                              ..\obj\pid_regulator.o (__aeabi_fcmpeq)
c:/coocox/coide/gcc/sourcery g++ lite/bin/../lib/gcc/arm-none-eabi/4.5.1/thumb2\libgcc.a(_arm_fixsfsi.o)
                              ..\obj\pid_regulator.o (__aeabi_f2iz)
c:/coocox/coide/gcc/sourcery g++ lite/bin/../lib/gcc/arm-none-eabi/4.5.1/thumb2\libgcc.a(_arm_fixunssfsi.o)
                              ..\obj\display.o (__aeabi_f2uiz)
c:/coocox/coide/gcc/sourcery g++ lite/bin/../lib/gcc/arm-none-eabi/4.5.1/../../../../arm-none-eabi/lib/thumb2\libc.a(lib_a-memcmp.o)
                              ..\obj\tasks.o (memcmp)
c:/coocox/coide/gcc/sourcery g++ lite/bin/../lib/gcc/arm-none-eabi/4.5.1/../../../../arm-none-eabi/lib/thumb2\libc.a(lib_a-memcpy.o)
                              ..\obj\mbfuncother.o (memcpy)
c:/coocox/coide/gcc/sourcery g++ lite/bin/../lib/gcc/arm-none-eabi/4.5.1/../../../../arm-none-eabi/lib/thumb2\libc.a(lib_a-memset.o)
                              ..\obj\tasks.o (memset)
c:/coocox/coide/gcc/sourcery g++ lite/bin/../lib/gcc/arm-none-eabi/4.5.1/../../../../arm-none-eabi/lib/thumb2\libc.a(lib_a-strncpy.o)
                              ..\obj\tasks.o (strncpy)

Allocating common symbols
Common symbol       size              file

pxMBFrameCBTransmitterEmpty
                    0x4               ..\obj\mb.o
APP_Tx_Buffer       0x80              ..\obj\usbd_cdc_vcp.o
pid_heater          0x1c              ..\obj\pid_regulator.o
pxMBPortCBTimerExpired
                    0x4               ..\obj\mb.o
Heater_Control_Task_Handle
                    0x4               ..\obj\phaze_detector.o
ADC_result          0x4               ..\obj\ADS1120.o
xBuzzer_Handle      0x4               ..\obj\buzzer.o
adc_reg             0x1               ..\obj\ADS1120.o
ucRTUBuf            0x100             ..\obj\mbrtu.o
UKS_Drying_Task_Handle
                    0x4               ..\obj\uks.o
PID_Regulator_Task_Handle
                    0x4               ..\obj\pid_regulator.o
HD44780_Opts        0x7               ..\obj\hd44780.o
xPhazeSemaphore     0x4               ..\obj\phaze_detector.o
usbd_cdc_OtherCfgDesc
                    0x43              ..\obj\usbd_cdc_core.o
xSPI_Buf_Mutex      0x4               ..\obj\ADS1120.o
pxMBFrameCBByteReceived
                    0x4               ..\obj\mb.o
buzz                0x2               ..\obj\buzzer.o
APP_tx_ptr_tail     0x4               ..\obj\usbd_cdc_vcp.o
pxMBFrameCBTransmitFSMCur
                    0x4               ..\obj\mb.o
xMeasure_LM35_Semaphore
                    0x4               ..\obj\adc.o
USB_Rx_Buffer       0x40              ..\obj\usbd_cdc_core.o
ADC_result_temp     0x4               ..\obj\ADS1120.o
pxMBFrameCBReceiveFSMCur
                    0x4               ..\obj\mb.o
CmdBuff             0x8               ..\obj\usbd_cdc_core.o
USB_OTG_dev         0x5f0             ..\obj\main.o
adc_lm35_chnl       0xee              ..\obj\adc.o
mult                0x4               ..\obj\delay.o
APP_Rx_Buffer       0x800             ..\obj\usbd_cdc_core.o
uks_channels        0x49c             ..\obj\uks.o
task_watches        0x50              ..\obj\watchdog.o
USBD_StrDesc        0x32              ..\obj\usbd_req.o
APP_tx_ptr_head     0x4               ..\obj\usbd_cdc_vcp.o
phaze_detect        0x8               ..\obj\phaze_detector.o

Discarded input sections

 .text          0x00000000        0x0 ..\obj\stm32f4xx_syscfg.o
 .data          0x00000000        0x0 ..\obj\stm32f4xx_syscfg.o
 .bss           0x00000000        0x0 ..\obj\stm32f4xx_syscfg.o
 .text.SYSCFG_DeInit
                0x00000000       0x20 ..\obj\stm32f4xx_syscfg.o
[...]
Memory Configuration

Name             Origin             Length             Attributes
rom              0x08000000         0x00100000         xr
ram              0x20000000         0x00020000         xrw
ram1             0x10000000         0x00010000         xrw
*default*        0x00000000         0xffffffff

Linker script and memory map

                0x20020000                _eram = 0x20020000

.text           0x08000000    0x10148
 *(.isr_vector .isr_vector.*)
 .isr_vector    0x08000000      0x188 ..\obj\startup_stm32f4xx.o
                0x08000000                g_pfnVectors
 *(.text .text.* .gnu.linkonce.t.*)
 .text.SYSCFG_EXTILineConfig
                0x08000188       0xb4 ..\obj\stm32f4xx_syscfg.o
                0x08000188                SYSCFG_EXTILineConfig
 .text.USB_OTG_EnableCommonInt
                0x0800023c       0x44 ..\obj\usb_core.o
 .text.USB_OTG_CoreReset
                0x08000280       0xa8 ..\obj\usb_core.o
 .text.USB_OTG_WritePacket
                0x08000328       0x88 ..\obj\usb_core.o
                0x08000328                USB_OTG_WritePacket
 .text.USB_OTG_ReadPacket
                0x080003b0       0x68 ..\obj\usb_core.o
                0x080003b0                USB_OTG_ReadPacket
 .text.USB_OTG_SelectCore
                0x08000418      0x1b4 ..\obj\usb_core.o
                0x08000418                USB_OTG_SelectCore
 .text.USB_OTG_CoreInit
                0x080005cc      0x1f8 ..\obj\usb_core.o
                0x080005cc                USB_OTG_CoreInit
 .text.USB_OTG_EnableGlobalInt
                0x080007c4       0x40 ..\obj\usb_core.o
                0x080007c4                USB_OTG_EnableGlobalInt
 .text.USB_OTG_DisableGlobalInt
                0x08000804       0x44 ..\obj\usb_core.o
                0x08000804                USB_OTG_DisableGlobalInt
 .text.USB_OTG_FlushTxFifo
                0x08000848       0x80 ..\obj\usb_core.o
                0x08000848                USB_OTG_FlushTxFifo
 .text.USB_OTG_FlushRxFifo
                0x080008c8       0x6c ..\obj\usb_core.o
                0x080008c8                USB_OTG_FlushRxFifo
 .text.USB_OTG_SetCurrentMode
                0x08000934       0x64 ..\obj\usb_core.o
                0x08000934                USB_OTG_SetCurrentMode
 .text.USB_OTG_GetMode
                0x08000998       0x20 ..\obj\usb_core.o
                0x08000998                USB_OTG_GetMode
 .text.USB_OTG_IsDeviceMode
                0x080009b8       0x24 ..\obj\usb_core.o
                0x080009b8                USB_OTG_IsDeviceMode
 .text.USB_OTG_ReadCoreItr
                0x080009dc       0x34 ..\obj\usb_core.o
                0x080009dc                USB_OTG_ReadCoreItr
 .text.USB_OTG_InitDevSpeed
                0x08000a10       0x38 ..\obj\usb_core.o
                0x08000a10                USB_OTG_InitDevSpeed
 .text.USB_OTG_CoreInitDev
                0x08000a48      0x2d0 ..\obj\usb_core.o
                0x08000a48                USB_OTG_CoreInitDev
 .text.USB_OTG_EnableDevInt
                0x08000d18       0xa8 ..\obj\usb_core.o
                0x08000d18                USB_OTG_EnableDevInt
 .text.USB_OTG_GetDeviceSpeed
                0x08000dc0       0x50 ..\obj\usb_core.o
                0x08000dc0                USB_OTG_GetDeviceSpeed
 .text.USB_OTG_EP0Activate
                0x08000e10       0x84 ..\obj\usb_core.o
                0x08000e10                USB_OTG_EP0Activate
 .text.USB_OTG_EPActivate
                0x08000e94       0xf8 ..\obj\usb_core.o
                0x08000e94                USB_OTG_EPActivate
 .text.USB_OTG_EPDeactivate
                0x08000f8c       0xa4 ..\obj\usb_core.o
                0x08000f8c                USB_OTG_EPDeactivate
 .text.USB_OTG_EPStartXfer
                0x08001030      0x2d4 ..\obj\usb_core.o
                0x08001030                USB_OTG_EPStartXfer
 .text.USB_OTG_EP0StartXfer
                0x08001304      0x208 ..\obj\usb_core.o
                0x08001304                USB_OTG_EP0StartXfer
 .text.USB_OTG_EPSetStall
                0x0800150c       0x94 ..\obj\usb_core.o
                0x0800150c                USB_OTG_EPSetStall
 .text.USB_OTG_EPClearStall
                0x080015a0       0x84 ..\obj\usb_core.o
                0x080015a0                USB_OTG_EPClearStall
 .text.USB_OTG_ReadDevAllOutEp_itr
                0x08001624       0x30 ..\obj\usb_core.o
                0x08001624                USB_OTG_ReadDevAllOutEp_itr
 .text.USB_OTG_ReadDevOutEP_itr
                0x08001654       0x3c ..\obj\usb_core.o
                0x08001654                USB_OTG_ReadDevOutEP_itr
 .text.USB_OTG_ReadDevAllInEPItr
                0x08001690       0x34 ..\obj\usb_core.o
                0x08001690                USB_OTG_ReadDevAllInEPItr
 .text.USB_OTG_EP0_OutStart
                0x080016c4       0x7c ..\obj\usb_core.o
                0x080016c4                USB_OTG_EP0_OutStart
 .text.USB_OTG_UngateClock
                0x08001740       0x54 ..\obj\usb_core.o
                0x08001740                USB_OTG_UngateClock
 .text.TIM2_IRQHandler
                0x08001794       0x50 ..\obj\delay.o
                0x08001794                TIM2_IRQHandler
 .text.DELAY_Init
                0x080017e4       0x2c ..\obj\delay.o
                0x080017e4                DELAY_Init
 .text.DELAY_INT_InitTIM
                0x08001810       0xa8 ..\obj\delay.o
                0x08001810                DELAY_INT_InitTIM
 .text.ENTER_CRITICAL_SECTION
                0x080018b8        0xc ..\obj\mbport.o
                0x080018b8                ENTER_CRITICAL_SECTION
 .text.EXIT_CRITICAL_SECTION
                0x080018c4        0xc ..\obj\mbport.o
                0x080018c4                EXIT_CRITICAL_SECTION
 .text.eMBRegInputCB
                0x080018d0      0x150 ..\obj\mbport.o
                0x080018d0                eMBRegInputCB
 .text.eMBRegHoldingCB
                0x08001a20      0xd74 ..\obj\mbport.o
                0x08001a20                eMBRegHoldingCB
 .text.eMBRegCoilsCB
                0x08002794       0x20 ..\obj\mbport.o
                0x08002794                eMBRegCoilsCB
 .text.eMBRegDiscreteCB
                0x080027b4       0x20 ..\obj\mbport.o
                0x080027b4                eMBRegDiscreteCB
 .text.eMBInit  0x080027d4      0x134 ..\obj\mb.o
                0x080027d4                eMBInit
 .text.eMBEnable
                0x08002908       0x48 ..\obj\mb.o
                0x08002908                eMBEnable
 .text.eMBPoll  0x08002950      0x23c ..\obj\mb.o
                0x08002950                eMBPoll
 .text.PID_Heater_Init
                0x08002b8c       0x50 ..\obj\pid_regulator.o
                0x08002b8c                PID_Heater_Init
 .text.pid_Init
                0x08002bdc      0x124 ..\obj\pid_regulator.o
                0x08002bdc                pid_Init
 .text.pid_Controller
                0x08002d00      0x2f4 ..\obj\pid_regulator.o
                0x08002d00                pid_Controller
 .text.PID_Regulator_Task
                0x08002ff4      0x240 ..\obj\pid_regulator.o
 .text.Protocol_Init
                0x08003234       0x64 ..\obj\protocol.o
                0x08003234                Protocol_Init
 .text.Modbus_Task
                0x08003298       0x40 ..\obj\protocol.o
 .text.eMBFuncReadDiscreteInputs
                0x080032d8      0x130 ..\obj\mbfuncdisc.o
                0x080032d8                eMBFuncReadDiscreteInputs
 .text.USBD_USR_Init
                0x08003408        0xc ..\obj\usbd_usr.o
                0x08003408                USBD_USR_Init
 .text.USBD_USR_DeviceReset
                0x08003414       0x14 ..\obj\usbd_usr.o
                0x08003414                USBD_USR_DeviceReset
 .text.USBD_USR_DeviceConfigured
                0x08003428        0xc ..\obj\usbd_usr.o
                0x08003428                USBD_USR_DeviceConfigured
 .text.USBD_USR_DeviceSuspended
                0x08003434        0xc ..\obj\usbd_usr.o
                0x08003434                USBD_USR_DeviceSuspended
 .text.USBD_USR_DeviceResumed
                0x08003440        0xc ..\obj\usbd_usr.o
                0x08003440                USBD_USR_DeviceResumed
 .text.xMBPortEventInit
                0x0800344c       0x20 ..\obj\portevent.o
                0x0800344c                xMBPortEventInit
 .text.xMBPortEventPost
                0x0800346c       0x34 ..\obj\portevent.o
                0x0800346c                xMBPortEventPost
 .text.xMBPortEventGet
                0x080034a0       0x4c ..\obj\portevent.o
                0x080034a0                xMBPortEventGet
 .text.Buzzer_Init
                0x080034ec       0xa4 ..\obj\buzzer.o
                0x080034ec                Buzzer_Init
 .text.Buzzer_Task
                0x08003590      0x244 ..\obj\buzzer.o
                0x08003590                Buzzer_Task
 .text.Buzzer_Set_Buzz
                0x080037d4       0xc0 ..\obj\buzzer.o
                0x080037d4                Buzzer_Set_Buzz
 .text.eMBFuncReportSlaveID
                0x08003894       0x4c ..\obj\mbfuncother.o
                0x08003894                eMBFuncReportSlaveID
 .text.PWR_BackupAccessCmd
                0x080038e0       0x20 ..\obj\stm32f4xx_pwr.o
                0x080038e0                PWR_BackupAccessCmd
 .text.PWR_PVDLevelConfig
                0x08003900       0x44 ..\obj\stm32f4xx_pwr.o
                0x08003900                PWR_PVDLevelConfig
 .text.PWR_PVDCmd
                0x08003944       0x20 ..\obj\stm32f4xx_pwr.o
                0x08003944                PWR_PVDCmd
 .text.PWR_BackupRegulatorCmd
                0x08003964       0x20 ..\obj\stm32f4xx_pwr.o
                0x08003964                PWR_BackupRegulatorCmd
 .text.prveMBError2Exception
                0x08003984       0x48 ..\obj\mbutils.o
                0x08003984                prveMBError2Exception
 .text.Default_Reset_Handler
                0x080039cc       0x68 ..\obj\startup_stm32f4xx.o
                0x080039cc                Default_Reset_Handler
                0x080039cc                Reset_Handler
 .text.Default_Handler
                0x08003a34        0x8 ..\obj\startup_stm32f4xx.o
                0x08003a34                RTC_Alarm_IRQHandler
                0x08003a34                HASH_RNG_IRQHandler
                0x08003a34                EXTI2_IRQHandler
                0x08003a34                TIM8_CC_IRQHandler
                0x08003a34                DebugMon_Handler
                0x08003a34                TIM1_CC_IRQHandler
                0x08003a34                DMA2_Stream5_IRQHandler
                0x08003a34                HardFault_Handler
                0x08003a34                DMA1_Stream5_IRQHandler
                0x08003a34                SDIO_IRQHandler
                0x08003a34                TAMP_STAMP_IRQHandler
                0x08003a34                NMI_Handler
                0x08003a34                CAN2_RX1_IRQHandler
                0x08003a34                EXTI3_IRQHandler
                0x08003a34                TIM8_TRG_COM_TIM14_IRQHandler
                0x08003a34                TIM1_UP_TIM10_IRQHandler
                0x08003a34                TIM8_UP_TIM13_IRQHandler
                0x08003a34                I2C3_ER_IRQHandler
                0x08003a34                I2C2_EV_IRQHandler
                0x08003a34                DMA1_Stream2_IRQHandler
                0x08003a34                CAN1_RX0_IRQHandler
                0x08003a34                FPU_IRQHandler
                0x08003a34                OTG_HS_WKUP_IRQHandler
                0x08003a34                UsageFault_Handler
                0x08003a34                CAN2_SCE_IRQHandler
                0x08003a34                DMA2_Stream2_IRQHandler
                0x08003a34                SPI1_IRQHandler
                0x08003a34                TIM6_DAC_IRQHandler
                0x08003a34                TIM1_BRK_TIM9_IRQHandler
                0x08003a34                DCMI_IRQHandler
                0x08003a34                CAN2_RX0_IRQHandler
                0x08003a34                DMA2_Stream3_IRQHandler
                0x08003a34                USART6_IRQHandler
                0x08003a34                USART3_IRQHandler
                0x08003a34                CRYP_IRQHandler
                0x08003a34                CAN1_RX1_IRQHandler
                0x08003a34                UART5_IRQHandler
                0x08003a34                DMA2_Stream0_IRQHandler
                0x08003a34                I2C1_EV_IRQHandler
                0x08003a34                DMA1_Stream6_IRQHandler
                0x08003a34                DMA1_Stream1_IRQHandler
                0x08003a34                UART4_IRQHandler
                0x08003a34                TIM3_IRQHandler
                0x08003a34                RCC_IRQHandler
                0x08003a34                TIM8_BRK_TIM12_IRQHandler
                0x08003a34                EXTI15_10_IRQHandler
                0x08003a34                ADC_IRQHandler
                0x08003a34                DMA1_Stream7_IRQHandler
                0x08003a34                TIM7_IRQHandler
                0x08003a34                CAN2_TX_IRQHandler
                0x08003a34                TIM5_IRQHandler
                0x08003a34                DMA2_Stream7_IRQHandler
                0x08003a34                I2C3_EV_IRQHandler
                0x08003a34                EXTI9_5_IRQHandler
                0x08003a34                RTC_WKUP_IRQHandler
                0x08003a34                ETH_WKUP_IRQHandler
                0x08003a34                SPI2_IRQHandler
                0x08003a34                OTG_HS_EP1_IN_IRQHandler
                0x08003a34                MemManage_Handler
                0x08003a34                DMA1_Stream0_IRQHandler
                0x08003a34                CAN1_TX_IRQHandler
                0x08003a34                EXTI4_IRQHandler
                0x08003a34                FSMC_IRQHandler
                0x08003a34                ETH_IRQHandler
                0x08003a34                OTG_HS_EP1_OUT_IRQHandler
                0x08003a34                WWDG_IRQHandler
                0x08003a34                TIM1_TRG_COM_TIM11_IRQHandler
                0x08003a34                OTG_HS_IRQHandler
                0x08003a34                USART2_IRQHandler
                0x08003a34                I2C2_ER_IRQHandler
                0x08003a34                DMA2_Stream1_IRQHandler
                0x08003a34                CAN1_SCE_IRQHandler
                0x08003a34                FLASH_IRQHandler
                0x08003a34                DMA2_Stream4_IRQHandler
                0x08003a34                BusFault_Handler
                0x08003a34                USART1_IRQHandler
                0x08003a34                SPI3_IRQHandler
                0x08003a34                DMA1_Stream4_IRQHandler
                0x08003a34                I2C1_ER_IRQHandler
                0x08003a34                DMA2_Stream6_IRQHandler
                0x08003a34                DMA1_Stream3_IRQHandler
 .text.Backup_SRAM_Init
                0x08003a3c       0x20 ..\obj\backup_sram.o
                0x08003a3c                Backup_SRAM_Init
 .text.Backup_SRAM_Write_Reg
                0x08003a5c       0x84 ..\obj\backup_sram.o
                0x08003a5c                Backup_SRAM_Write_Reg
 .text.IWDG_WriteAccessCmd
                0x08003ae0       0x20 ..\obj\stm32f4xx_iwdg.o
                0x08003ae0                IWDG_WriteAccessCmd
 .text.IWDG_SetPrescaler
                0x08003b00       0x20 ..\obj\stm32f4xx_iwdg.o
                0x08003b00                IWDG_SetPrescaler
 .text.IWDG_SetReload
                0x08003b20       0x20 ..\obj\stm32f4xx_iwdg.o
                0x08003b20                IWDG_SetReload
 .text.IWDG_ReloadCounter
                0x08003b40       0x18 ..\obj\stm32f4xx_iwdg.o
                0x08003b40                IWDG_ReloadCounter
 .text.IWDG_Enable
                0x08003b58       0x18 ..\obj\stm32f4xx_iwdg.o
                0x08003b58                IWDG_Enable
 .text.ADS1120_init
                0x08003b70       0x4c ..\obj\ADS1120.o
                0x08003b70                ADS1120_init
 .text.SPI2_config
                0x08003bbc      0x170 ..\obj\ADS1120.o
 .text.SPI2_send
                0x08003d2c       0x60 ..\obj\ADS1120.o
                0x08003d2c                SPI2_send
 .text.SPI2_read
                0x08003d8c       0x14 ..\obj\ADS1120.o
                0x08003d8c                SPI2_read
 .text.ADS1120_task
                0x08003da0      0x1b4 ..\obj\ADS1120.o
 .text.PT100_Code_To_Temperature
                0x08003f54       0xa0 ..\obj\ADS1120.o
                0x08003f54                PT100_Code_To_Temperature
 .text.eMBFuncWriteHoldingRegister
                0x08003ff4       0x84 ..\obj\mbfuncholding.o
                0x08003ff4                eMBFuncWriteHoldingRegister
 .text.eMBFuncWriteMultipleHoldingRegister
                0x08004078       0xdc ..\obj\mbfuncholding.o
                0x08004078                eMBFuncWriteMultipleHoldingRegister
 .text.eMBFuncReadHoldingRegister
                0x08004154      0x10c ..\obj\mbfuncholding.o
                0x08004154                eMBFuncReadHoldingRegister
 .text.eMBFuncReadWriteMultipleHoldingRegister
                0x08004260      0x1a0 ..\obj\mbfuncholding.o
                0x08004260                eMBFuncReadWriteMultipleHoldingRegister
 .text.USBD_Init
                0x08004400       0x58 ..\obj\usbd_core.o
                0x08004400                USBD_Init
 .text.USBD_DeInit
                0x08004458       0x18 ..\obj\usbd_core.o
                0x08004458                USBD_DeInit
 .text.USBD_SetupStage
                0x08004470       0x70 ..\obj\usbd_core.o
 .text.USBD_DataOutStage
                0x080044e0       0xd4 ..\obj\usbd_core.o
 .text.USBD_DataInStage
                0x080045b4      0x114 ..\obj\usbd_core.o
 .text.USBD_Reset
                0x080046c8       0x54 ..\obj\usbd_core.o
 .text.USBD_Resume
                0x0800471c       0x2c ..\obj\usbd_core.o
 .text.USBD_Suspend
                0x08004748       0x2c ..\obj\usbd_core.o
 .text.USBD_SOF
                0x08004774       0x30 ..\obj\usbd_core.o
 .text.USBD_SetCfg
                0x080047a4       0x34 ..\obj\usbd_core.o
                0x080047a4                USBD_SetCfg
 .text.USBD_ClrCfg
                0x080047d8       0x2c ..\obj\usbd_core.o
                0x080047d8                USBD_ClrCfg
 .text.USBD_IsoINIncomplete
                0x08004804       0x24 ..\obj\usbd_core.o
 .text.USBD_IsoOUTIncomplete
                0x08004828       0x24 ..\obj\usbd_core.o
 .text.main     0x0800484c       0x80 ..\obj\main.o
                0x0800484c                main
 .text.vApplicationMallocFailedHook
                0x080048cc        0x8 ..\obj\main.o
                0x080048cc                vApplicationMallocFailedHook
 .text.vApplicationStackOverflowHook
                0x080048d4        0xc ..\obj\main.o
                0x080048d4                vApplicationStackOverflowHook
 .text.vApplicationIdleHook
                0x080048e0       0x18 ..\obj\main.o
                0x080048e0                vApplicationIdleHook
 .text.usMBCRC16
                0x080048f8       0x90 ..\obj\mbcrc.o
                0x080048f8                usMBCRC16
 .text.UKS_Drying_Init
                0x08004988      0x158 ..\obj\uks.o
                0x08004988                UKS_Drying_Init
 .text.UKS_Heater_Init_Task
                0x08004ae0      0x1b0 ..\obj\uks.o
                0x08004ae0                UKS_Heater_Init_Task
 .text.UKS_Drying_Task
                0x08004c90       0x88 ..\obj\uks.o
                0x08004c90                UKS_Drying_Task
 .text.UKS_Sort_Channels
                0x08004d18      0x32c ..\obj\uks.o
                0x08004d18                UKS_Sort_Channels
 .text.UKS_Channel_State_Drying
                0x08005044      0x264 ..\obj\uks.o
                0x08005044                UKS_Channel_State_Drying
 .text.UKS_Restore_Settings
                0x080052a8      0x934 ..\obj\uks.o
                0x080052a8                UKS_Restore_Settings
 .text.CRC_Check
                0x08005bdc       0x88 ..\obj\uks.o
                0x08005bdc                CRC_Check
 .text.RCC_GetClocksFreq
                0x08005c64      0x1d4 ..\obj\stm32f4xx_rcc.o
                0x08005c64                RCC_GetClocksFreq
 .text.RCC_AHB1PeriphClockCmd
                0x08005e38       0x5c ..\obj\stm32f4xx_rcc.o
                0x08005e38                RCC_AHB1PeriphClockCmd
 .text.RCC_AHB2PeriphClockCmd
                0x08005e94       0x5c ..\obj\stm32f4xx_rcc.o
                0x08005e94                RCC_AHB2PeriphClockCmd
 .text.RCC_APB1PeriphClockCmd
                0x08005ef0       0x5c ..\obj\stm32f4xx_rcc.o
                0x08005ef0                RCC_APB1PeriphClockCmd
 .text.RCC_APB2PeriphClockCmd
                0x08005f4c       0x5c ..\obj\stm32f4xx_rcc.o
                0x08005f4c                RCC_APB2PeriphClockCmd
 .text.RCC_APB2PeriphResetCmd
                0x08005fa8       0x5c ..\obj\stm32f4xx_rcc.o
                0x08005fa8                RCC_APB2PeriphResetCmd
 .text.ADC_DeInit
                0x08006004       0x20 ..\obj\stm32f4xx_adc.o
                0x08006004                ADC_DeInit
 .text.ADC_Init
                0x08006024       0xc4 ..\obj\stm32f4xx_adc.o
                0x08006024                ADC_Init
 .text.ADC_StructInit
                0x080060e8       0x4c ..\obj\stm32f4xx_adc.o
                0x080060e8                ADC_StructInit
 .text.ADC_CommonInit
                0x08006134       0x60 ..\obj\stm32f4xx_adc.o
                0x08006134                ADC_CommonInit
 .text.ADC_CommonStructInit
                0x08006194       0x34 ..\obj\stm32f4xx_adc.o
                0x08006194                ADC_CommonStructInit
 .text.ADC_Cmd  0x080061c8       0x38 ..\obj\stm32f4xx_adc.o
                0x080061c8                ADC_Cmd
 .text.ADC_RegularChannelConfig
                0x08006200      0x1d0 ..\obj\stm32f4xx_adc.o
                0x08006200                ADC_RegularChannelConfig
 .text.ADC_GetFlagStatus
                0x080063d0       0x40 ..\obj\stm32f4xx_adc.o
                0x080063d0                ADC_GetFlagStatus
 .text.eMBFuncReadInputRegister
                0x08006410      0x110 ..\obj\mbfuncinput.o
                0x08006410                eMBFuncReadInputRegister
 .text.PutChar  0x08006520       0x24 ..\obj\printf.o
                0x08006520                PutChar
 .text.PutString
                0x08006544       0x48 ..\obj\printf.o
                0x08006544                PutString
 .text.PutUnsignedInt
                0x0800658c       0xbc ..\obj\printf.o
                0x0800658c                PutUnsignedInt
 .text.PutSignedInt
                0x08006648      0x12c ..\obj\printf.o
                0x08006648                PutSignedInt
 .text.PutHexa  0x08006774       0xe8 ..\obj\printf.o
                0x08006774                PutHexa
 .text.vsnprintf
                0x0800685c      0x2a4 ..\obj\printf.o
                0x0800685c                vsnprintf
 .text.vsprintf
                0x08006b00       0x28 ..\obj\printf.o
                0x08006b00                vsprintf
 .text.sprintf  0x08006b28       0x30 ..\obj\printf.o
                0x08006b28                sprintf
 .text.NVIC_EnableIRQ
                0x08006b58       0x38 ..\obj\phaze_detector.o
 .text.Phaze_Detector_Init
                0x08006b90      0x1f0 ..\obj\phaze_detector.o
                0x08006b90                Phaze_Detector_Init
 .text.Set_Heater_Power
                0x08006d80       0x38 ..\obj\phaze_detector.o
                0x08006d80                Set_Heater_Power
 .text.EXTI0_IRQHandler
                0x08006db8      0x154 ..\obj\phaze_detector.o
                0x08006db8                EXTI0_IRQHandler
 .text.EXTI1_IRQHandler
                0x08006f0c       0x34 ..\obj\phaze_detector.o
                0x08006f0c                EXTI1_IRQHandler
 .text.Heater_Power_Down_Block
                0x08006f40       0xe0 ..\obj\phaze_detector.o
                0x08006f40                Heater_Power_Down_Block
 .text.Heater_Control_Task
                0x08007020      0x178 ..\obj\phaze_detector.o
 .text.Watchdog_Init
                0x08007198       0x90 ..\obj\watchdog.o
                0x08007198                Watchdog_Init
 .text.Watchdog_Task
                0x08007228       0x94 ..\obj\watchdog.o
 .text.Display_Init
                0x080072bc       0x4c ..\obj\display.o
                0x080072bc                Display_Init
 .text.Display_Task
                0x08007308      0x924 ..\obj\display.o
                0x08007308                Display_Task
 .text.Delay    0x08007c2c       0x44 ..\obj\hd44780.o
 .text.HD44780_Init
                0x08007c70      0x110 ..\obj\hd44780.o
                0x08007c70                HD44780_Init
 .text.HD44780_Reinit
                0x08007d80       0xd0 ..\obj\hd44780.o
                0x08007d80                HD44780_Reinit
 .text.HD44780_InitPins
                0x08007e50       0x80 ..\obj\hd44780.o
                0x08007e50                HD44780_InitPins
 .text.HD44780_Clear
                0x08007ed0       0x18 ..\obj\hd44780.o
                0x08007ed0                HD44780_Clear
 .text.HD44780_Cmd
                0x08007ee8       0x28 ..\obj\hd44780.o
                0x08007ee8                HD44780_Cmd
 .text.HD44780_Data
                0x08007f10       0x28 ..\obj\hd44780.o
                0x08007f10                HD44780_Data
 .text.HD44780_Cmd4bit
                0x08007f38       0xb0 ..\obj\hd44780.o
                0x08007f38                HD44780_Cmd4bit
 .text.HD44780_Cmd8bit
                0x08007fe8       0xb0 ..\obj\hd44780.o
                0x08007fe8                HD44780_Cmd8bit
 .text.HD44780_CursorSet
                0x08008098       0x74 ..\obj\hd44780.o
                0x08008098                HD44780_CursorSet
 .text.HD44780_Puts
                0x0800810c      0x114 ..\obj\hd44780.o
                0x0800810c                HD44780_Puts
 .text.HD44780_DisplayOn
                0x08008220       0x38 ..\obj\hd44780.o
                0x08008220                HD44780_DisplayOn
 .text.xTaskGenericCreate
                0x08008258      0x1f8 ..\obj\tasks.o
                0x08008258                xTaskGenericCreate
 .text.vTaskDelete
                0x08008450       0xc0 ..\obj\tasks.o
                0x08008450                vTaskDelete
 .text.vTaskDelay
                0x08008510       0x5c ..\obj\tasks.o
                0x08008510                vTaskDelay
 .text.vTaskSuspend
                0x0800856c       0xc0 ..\obj\tasks.o
                0x0800856c                vTaskSuspend
 .text.xTaskIsTaskSuspended
                0x0800862c       0x60 ..\obj\tasks.o
                0x0800862c                xTaskIsTaskSuspended
 .text.vTaskResume
                0x0800868c       0xbc ..\obj\tasks.o
                0x0800868c                vTaskResume
 .text.vTaskStartScheduler
                0x08008748       0x84 ..\obj\tasks.o
                0x08008748                vTaskStartScheduler
 .text.vTaskSuspendAll
                0x080087cc       0x24 ..\obj\tasks.o
                0x080087cc                vTaskSuspendAll
 .text.xTaskResumeAll
                0x080087f0      0x16c ..\obj\tasks.o
                0x080087f0                xTaskResumeAll
 .text.vTaskIncrementTick
                0x0800895c      0x1d0 ..\obj\tasks.o
                0x0800895c                vTaskIncrementTick
 .text.vTaskSwitchContext
                0x08008b2c      0x168 ..\obj\tasks.o
                0x08008b2c                vTaskSwitchContext
 .text.vTaskPlaceOnEventList
                0x08008c94       0x88 ..\obj\tasks.o
                0x08008c94                vTaskPlaceOnEventList
 .text.xTaskRemoveFromEventList
                0x08008d1c       0xd4 ..\obj\tasks.o
                0x08008d1c                xTaskRemoveFromEventList
 .text.vTaskSetTimeOutState
                0x08008df0       0x40 ..\obj\tasks.o
                0x08008df0                vTaskSetTimeOutState
 .text.xTaskCheckForTimeOut
                0x08008e30       0xc4 ..\obj\tasks.o
                0x08008e30                xTaskCheckForTimeOut
 .text.vTaskMissedYield
                0x08008ef4       0x18 ..\obj\tasks.o
                0x08008ef4                vTaskMissedYield
 .text.prvIdleTask
                0x08008f0c       0x24 ..\obj\tasks.o
 .text.prvInitialiseTCBVariables
                0x08008f30       0x7c ..\obj\tasks.o
 .text.prvInitialiseTaskLists
                0x08008fac       0xa4 ..\obj\tasks.o
 .text.prvCheckTasksWaitingTermination
                0x08009050       0x98 ..\obj\tasks.o
 .text.prvAddCurrentTaskToDelayedList
                0x080090e8       0x8c ..\obj\tasks.o
 .text.prvAllocateTCBAndStack
                0x08009174       0x74 ..\obj\tasks.o
 .text.prvDeleteTCB
                0x080091e8       0x20 ..\obj\tasks.o
 .text.xTaskGetCurrentTaskHandle
                0x08009208       0x20 ..\obj\tasks.o
                0x08009208                xTaskGetCurrentTaskHandle
 .text.vTaskPriorityInherit
                0x08009228       0xe8 ..\obj\tasks.o
                0x08009228                vTaskPriorityInherit
 .text.vTaskPriorityDisinherit
                0x08009310       0x90 ..\obj\tasks.o
                0x08009310                vTaskPriorityDisinherit
 .text.USBD_USR_DeviceDescriptor
                0x080093a0       0x28 ..\obj\usbd_desc.o
                0x080093a0                USBD_USR_DeviceDescriptor
 .text.USBD_USR_LangIDStrDescriptor
                0x080093c8       0x28 ..\obj\usbd_desc.o
                0x080093c8                USBD_USR_LangIDStrDescriptor
 .text.USBD_USR_ProductStrDescriptor
                0x080093f0       0x54 ..\obj\usbd_desc.o
                0x080093f0                USBD_USR_ProductStrDescriptor
 .text.USBD_USR_ManufacturerStrDescriptor
                0x08009444       0x34 ..\obj\usbd_desc.o
                0x08009444                USBD_USR_ManufacturerStrDescriptor
 .text.USBD_USR_SerialStrDescriptor
                0x08009478       0x54 ..\obj\usbd_desc.o
                0x08009478                USBD_USR_SerialStrDescriptor
 .text.USBD_USR_ConfigStrDescriptor
                0x080094cc       0x54 ..\obj\usbd_desc.o
                0x080094cc                USBD_USR_ConfigStrDescriptor
 .text.USBD_USR_InterfaceStrDescriptor
                0x08009520       0x54 ..\obj\usbd_desc.o
                0x08009520                USBD_USR_InterfaceStrDescriptor
 .text.Keyboard_Init
                0x08009574       0x78 ..\obj\keyboard.o
                0x08009574                Keyboard_Init
 .text.vKeyboardTask
                0x080095ec      0x28c ..\obj\keyboard.o
 .text.GPIO_Init
                0x08009878      0x158 ..\obj\stm32f4xx_gpio.o
                0x08009878                GPIO_Init
 .text.GPIO_StructInit
                0x080099d0       0x3c ..\obj\stm32f4xx_gpio.o
                0x080099d0                GPIO_StructInit
 .text.GPIO_PinLockConfig
                0x08009a0c       0x44 ..\obj\stm32f4xx_gpio.o
                0x08009a0c                GPIO_PinLockConfig
 .text.GPIO_ReadInputDataBit
                0x08009a50       0x40 ..\obj\stm32f4xx_gpio.o
                0x08009a50                GPIO_ReadInputDataBit
 .text.GPIO_WriteBit
                0x08009a90       0x30 ..\obj\stm32f4xx_gpio.o
                0x08009a90                GPIO_WriteBit
 .text.GPIO_PinAFConfig
                0x08009ac0       0xb0 ..\obj\stm32f4xx_gpio.o
                0x08009ac0                GPIO_PinAFConfig
 .text.xMBPortTimersInit
                0x08009b70       0xe0 ..\obj\porttimer.o
                0x08009b70                xMBPortTimersInit
 .text.vMBPortTimersEnable
                0x08009c50       0x4c ..\obj\porttimer.o
                0x08009c50                vMBPortTimersEnable
 .text.vMBPortTimersDisable
                0x08009c9c       0x4c ..\obj\porttimer.o
                0x08009c9c                vMBPortTimersDisable
 .text.TIM4_IRQHandler
                0x08009ce8       0x24 ..\obj\porttimer.o
                0x08009ce8                TIM4_IRQHandler
 .text.VCP_Init
                0x08009d0c       0x10 ..\obj\usbd_cdc_vcp.o
 .text.VCP_DeInit
                0x08009d1c       0x10 ..\obj\usbd_cdc_vcp.o
 .text.VCP_Ctrl
                0x08009d2c       0xbc ..\obj\usbd_cdc_vcp.o
 .text.VCP_DataTx
                0x08009de8       0x84 ..\obj\usbd_cdc_vcp.o
                0x08009de8                VCP_DataTx
 .text.VCP_DataRx
                0x08009e6c       0xa0 ..\obj\usbd_cdc_vcp.o
                0x08009e6c                VCP_DataRx
 .text.VCP_get_char
                0x08009f0c       0x84 ..\obj\usbd_cdc_vcp.o
                0x08009f0c                VCP_get_char
 .text.vListInitialise
                0x08009f90       0x48 ..\obj\list.o
                0x08009f90                vListInitialise
 .text.vListInitialiseItem
                0x08009fd8       0x1c ..\obj\list.o
                0x08009fd8                vListInitialiseItem
 .text.vListInsertEnd
                0x08009ff4       0x54 ..\obj\list.o
                0x08009ff4                vListInsertEnd
 .text.vListInsert
                0x0800a048       0x78 ..\obj\list.o
                0x0800a048                vListInsert
 .text.vListRemove
                0x0800a0c0       0x54 ..\obj\list.o
                0x0800a0c0                vListRemove
 .text.eMBRTUInit
                0x0800a114       0x84 ..\obj\mbrtu.o
                0x0800a114                eMBRTUInit
 .text.eMBRTUStart
                0x0800a198       0x2c ..\obj\mbrtu.o
                0x0800a198                eMBRTUStart
 .text.eMBRTUStop
                0x0800a1c4       0x20 ..\obj\mbrtu.o
                0x0800a1c4                eMBRTUStop
 .text.eMBRTUReceive
                0x0800a1e4       0x9c ..\obj\mbrtu.o
                0x0800a1e4                eMBRTUReceive
 .text.eMBRTUSend
                0x0800a280      0x124 ..\obj\mbrtu.o
                0x0800a280                eMBRTUSend
 .text.xMBRTUReceiveFSM
                0x0800a3a4       0xf0 ..\obj\mbrtu.o
                0x0800a3a4                xMBRTUReceiveFSM
 .text.xMBRTUTransmitFSM
                0x0800a494       0xa4 ..\obj\mbrtu.o
                0x0800a494                xMBRTUTransmitFSM
 .text.xMBRTUTimerT35Expired
                0x0800a538       0x60 ..\obj\mbrtu.o
                0x0800a538                xMBRTUTimerT35Expired
 .text.SystemInit
                0x0800a598       0x94 ..\obj\system_stm32f4xx.o
                0x0800a598                SystemInit
 .text.SetSysClock
                0x0800a62c      0x150 ..\obj\system_stm32f4xx.o
 .text.ADC_Channel_Init
                0x0800a77c      0x15c ..\obj\adc.o
                0x0800a77c                ADC_Channel_Init
 .text.bubblesort
                0x0800a8d8       0xa4 ..\obj\adc.o
                0x0800a8d8                bubblesort
 *fill*         0x0800a97c        0x4 00
 .text.ADC_Task
                0x0800a980      0x2c8 ..\obj\adc.o
 .text.USB_OTG_BSP_Init
                0x0800ac48       0xf4 ..\obj\usb_bsp.o
                0x0800ac48                USB_OTG_BSP_Init
 .text.USB_OTG_BSP_EnableInterrupt
                0x0800ad3c       0x3c ..\obj\usb_bsp.o
                0x0800ad3c                USB_OTG_BSP_EnableInterrupt
 .text.USB_OTG_BSP_uDelay
                0x0800ad78       0x58 ..\obj\usb_bsp.o
                0x0800ad78                USB_OTG_BSP_uDelay
 .text.USB_OTG_BSP_mDelay
                0x0800add0       0x20 ..\obj\usb_bsp.o
                0x0800add0                USB_OTG_BSP_mDelay
 .text.OTG_FS_WKUP_IRQHandler
                0x0800adf0       0x44 ..\obj\usb_bsp.o
                0x0800adf0                OTG_FS_WKUP_IRQHandler
 .text.OTG_FS_IRQHandler
                0x0800ae34       0x14 ..\obj\usb_bsp.o
                0x0800ae34                OTG_FS_IRQHandler
 .text.USBD_StdDevReq
                0x0800ae48       0xa4 ..\obj\usbd_req.o
                0x0800ae48                USBD_StdDevReq
 .text.USBD_StdItfReq
                0x0800aeec       0x70 ..\obj\usbd_req.o
                0x0800aeec                USBD_StdItfReq
 .text.USBD_StdEPReq
                0x0800af5c      0x1d8 ..\obj\usbd_req.o
                0x0800af5c                USBD_StdEPReq
 .text.USBD_GetDescriptor
                0x0800b134      0x1c8 ..\obj\usbd_req.o
 .text.USBD_SetAddress
                0x0800b2fc       0x80 ..\obj\usbd_req.o
 .text.USBD_SetConfig
                0x0800b37c      0x134 ..\obj\usbd_req.o
 .text.USBD_GetConfig
                0x0800b4b0       0x68 ..\obj\usbd_req.o
 .text.USBD_GetStatus
                0x0800b518       0x68 ..\obj\usbd_req.o
 .text.USBD_SetFeature
                0x0800b580       0xe0 ..\obj\usbd_req.o
 .text.USBD_ClrFeature
                0x0800b660       0x58 ..\obj\usbd_req.o
 .text.USBD_ParseSetupRequest
                0x0800b6b8       0xbc ..\obj\usbd_req.o
                0x0800b6b8                USBD_ParseSetupRequest
 .text.USBD_CtlError
                0x0800b774       0x50 ..\obj\usbd_req.o
                0x0800b774                USBD_CtlError
 .text.USBD_GetString
                0x0800b7c4       0x9c ..\obj\usbd_req.o
                0x0800b7c4                USBD_GetString
 .text.USBD_GetLen
                0x0800b860       0x38 ..\obj\usbd_req.o
 .text.xQueueGenericReset
                0x0800b898       0xc0 ..\obj\queue.o
                0x0800b898                xQueueGenericReset
 .text.xQueueGenericCreate
                0x0800b958       0x90 ..\obj\queue.o
                0x0800b958                xQueueGenericCreate
 .text.xQueueGenericSend
                0x0800b9e8      0x158 ..\obj\queue.o
                0x0800b9e8                xQueueGenericSend
 .text.xQueueGenericSendFromISR
                0x0800bb40       0xcc ..\obj\queue.o
                0x0800bb40                xQueueGenericSendFromISR
 .text.xQueueGenericReceive
                0x0800bc0c      0x1bc ..\obj\queue.o
                0x0800bc0c                xQueueGenericReceive
 .text.prvCopyDataToQueue
                0x0800bdc8       0xc4 ..\obj\queue.o
 .text.prvCopyDataFromQueue
                0x0800be8c       0x50 ..\obj\queue.o
 .text.prvUnlockQueue
                0x0800bedc       0xa0 ..\obj\queue.o
 .text.prvIsQueueEmpty
                0x0800bf7c       0x2c ..\obj\queue.o
 .text.prvIsQueueFull
                0x0800bfa8       0x30 ..\obj\queue.o
 .text.pxPortInitialiseStack
                0x0800bfd8       0x60 ..\obj\port.o
                0x0800bfd8                pxPortInitialiseStack
 .text.SVC_Handler
                0x0800c038       0x20 ..\obj\port.o
                0x0800c038                SVC_Handler
 .text.vPortStartFirstTask
                0x0800c058       0x14 ..\obj\port.o
                0x0800c058                vPortStartFirstTask
 .text.xPortStartScheduler
                0x0800c06c       0x54 ..\obj\port.o
                0x0800c06c                xPortStartScheduler
 .text.vPortYieldFromISR
                0x0800c0c0       0x18 ..\obj\port.o
                0x0800c0c0                vPortYieldFromISR
 .text.vPortEnterCritical
                0x0800c0d8       0x2c ..\obj\port.o
                0x0800c0d8                vPortEnterCritical
 .text.vPortExitCritical
                0x0800c104       0x38 ..\obj\port.o
                0x0800c104                vPortExitCritical
 .text.PendSV_Handler
                0x0800c13c       0x3c ..\obj\port.o
                0x0800c13c                PendSV_Handler
 .text.SysTick_Handler
                0x0800c178       0x38 ..\obj\port.o
                0x0800c178                SysTick_Handler
 .text.prvSetupTimerInterrupt
                0x0800c1b0       0x28 ..\obj\port.o
 .text.USBD_OTG_ISR_Handler
                0x0800c1d8      0x178 ..\obj\usb_dcd_int.o
                0x0800c1d8                USBD_OTG_ISR_Handler
 .text.DCD_HandleResume_ISR
                0x0800c350       0x90 ..\obj\usb_dcd_int.o
 .text.DCD_HandleUSBSuspend_ISR
                0x0800c3e0       0xb4 ..\obj\usb_dcd_int.o
 .text.DCD_HandleInEP_ISR
                0x0800c494      0x234 ..\obj\usb_dcd_int.o
 .text.DCD_HandleOutEP_ISR
                0x0800c6c8      0x1b4 ..\obj\usb_dcd_int.o
 .text.DCD_HandleSof_ISR
                0x0800c87c       0x3c ..\obj\usb_dcd_int.o
 .text.DCD_HandleRxStatusQueueLevel_ISR
                0x0800c8b8      0x120 ..\obj\usb_dcd_int.o
 .text.DCD_WriteEmptyTxFifo
                0x0800c9d8      0x134 ..\obj\usb_dcd_int.o
 .text.DCD_HandleUsbReset_ISR
                0x0800cb0c      0x168 ..\obj\usb_dcd_int.o
 .text.DCD_HandleEnumDone_ISR
                0x0800cc74       0x88 ..\obj\usb_dcd_int.o
 .text.DCD_IsoINIncomplete_ISR
                0x0800ccfc       0x3c ..\obj\usb_dcd_int.o
 .text.DCD_IsoOUTIncomplete_ISR
                0x0800cd38       0x3c ..\obj\usb_dcd_int.o
 .text.DCD_ReadDevInEP
                0x0800cd74       0x60 ..\obj\usb_dcd_int.o
 .text.vMBPortSerialEnable
                0x0800cdd4       0x28 ..\obj\portserial.o
                0x0800cdd4                vMBPortSerialEnable
 .text.xMBPortSerialInit
                0x0800cdfc       0x54 ..\obj\portserial.o
                0x0800cdfc                xMBPortSerialInit
 .text.xMBPortSerialGetByte
                0x0800ce50       0x28 ..\obj\portserial.o
                0x0800ce50                xMBPortSerialGetByte
 .text.Serial_Task
                0x0800ce78       0x2c ..\obj\portserial.o
 .text.usbd_cdc_Init
                0x0800cea4       0xd0 ..\obj\usbd_cdc_core.o
 .text.usbd_cdc_DeInit
                0x0800cf74       0x4c ..\obj\usbd_cdc_core.o
 .text.usbd_cdc_Setup
                0x0800cfc0      0x168 ..\obj\usbd_cdc_core.o
 .text.usbd_cdc_EP0_RxReady
                0x0800d128       0x60 ..\obj\usbd_cdc_core.o
 .text.usbd_cdc_DataIn
                0x0800d188      0x128 ..\obj\usbd_cdc_core.o
 .text.usbd_cdc_DataOut
                0x0800d2b0       0x6c ..\obj\usbd_cdc_core.o
 .text.usbd_cdc_SOF
                0x0800d31c       0x50 ..\obj\usbd_cdc_core.o
 .text.Handle_USBAsynchXfer
                0x0800d36c      0x1a8 ..\obj\usbd_cdc_core.o
 .text.USBD_cdc_GetCfgDesc
                0x0800d514       0x28 ..\obj\usbd_cdc_core.o
 .text.TIMER_PROPERTIES_GetTimerProperties
                0x0800d53c      0x124 ..\obj\timer_properties.o
                0x0800d53c                TIMER_PROPERTIES_GetTimerProperties
 .text.TIMER_PROPERTIES_GenerateDataForWorkingFrequency
                0x0800d660      0x164 ..\obj\timer_properties.o
                0x0800d660                TIMER_PROPERTIES_GenerateDataForWorkingFrequency
 .text.TIMER_PROPERTIES_EnableClock
                0x0800d7c4      0x198 ..\obj\timer_properties.o
                0x0800d7c4                TIMER_PROPERTIES_EnableClock
 .text.SPI_Init
                0x0800d95c       0x98 ..\obj\stm32f4xx_spi.o
                0x0800d95c                SPI_Init
 .text.SPI_Cmd  0x0800d9f4       0x40 ..\obj\stm32f4xx_spi.o
                0x0800d9f4                SPI_Cmd
 .text.SPI_CalculateCRC
                0x0800da34       0x40 ..\obj\stm32f4xx_spi.o
                0x0800da34                SPI_CalculateCRC
 .text.eMBFuncReadCoils
                0x0800da74      0x134 ..\obj\mbfunccoils.o
                0x0800da74                eMBFuncReadCoils
 .text.eMBFuncWriteCoil
                0x0800dba8       0xcc ..\obj\mbfunccoils.o
                0x0800dba8                eMBFuncWriteCoil
 .text.eMBFuncWriteMultipleCoils
                0x0800dc74       0xfc ..\obj\mbfunccoils.o
                0x0800dc74                eMBFuncWriteMultipleCoils
 .text.EXTI_Init
                0x0800dd70      0x158 ..\obj\stm32f4xx_exti.o
                0x0800dd70                EXTI_Init
 .text.EXTI_GetITStatus
                0x0800dec8       0x60 ..\obj\stm32f4xx_exti.o
                0x0800dec8                EXTI_GetITStatus
 .text.EXTI_ClearITPendingBit
                0x0800df28       0x20 ..\obj\stm32f4xx_exti.o
                0x0800df28                EXTI_ClearITPendingBit
 .text.NVIC_PriorityGroupConfig
                0x0800df48       0x28 ..\obj\misc.o
                0x0800df48                NVIC_PriorityGroupConfig
 .text.NVIC_Init
                0x0800df70       0xe8 ..\obj\misc.o
                0x0800df70                NVIC_Init
 .text.DCD_Init
                0x0800e058      0x12c ..\obj\usb_dcd.o
                0x0800e058                DCD_Init
 .text.DCD_EP_Open
                0x0800e184       0xac ..\obj\usb_dcd.o
                0x0800e184                DCD_EP_Open
 .text.DCD_EP_Close
                0x0800e230       0x7c ..\obj\usb_dcd.o
                0x0800e230                DCD_EP_Close
 .text.DCD_EP_PrepareRx
                0x0800e2ac       0x8c ..\obj\usb_dcd.o
                0x0800e2ac                DCD_EP_PrepareRx
 .text.DCD_EP_Tx
                0x0800e338       0x84 ..\obj\usb_dcd.o
                0x0800e338                DCD_EP_Tx
 .text.DCD_EP_Stall
                0x0800e3bc       0x80 ..\obj\usb_dcd.o
                0x0800e3bc                DCD_EP_Stall
 .text.DCD_EP_ClrStall
                0x0800e43c       0x80 ..\obj\usb_dcd.o
                0x0800e43c                DCD_EP_ClrStall
 .text.DCD_EP_SetAddress
                0x0800e4bc       0x40 ..\obj\usb_dcd.o
                0x0800e4bc                DCD_EP_SetAddress
 .text.pvPortMalloc
                0x0800e4fc       0xa4 ..\obj\heap_1.o
                0x0800e4fc                pvPortMalloc
 .text.vPortFree
                0x0800e5a0       0x14 ..\obj\heap_1.o
                0x0800e5a0                vPortFree
 .text.xPortGetFreeHeapSize
                0x0800e5b4       0x1c ..\obj\heap_1.o
                0x0800e5b4                xPortGetFreeHeapSize
 .text.USBD_CtlSendData
                0x0800e5d0       0x48 ..\obj\usbd_ioreq.o
                0x0800e5d0                USBD_CtlSendData
 .text.USBD_CtlContinueSendData
                0x0800e618       0x30 ..\obj\usbd_ioreq.o
                0x0800e618                USBD_CtlContinueSendData
 .text.USBD_CtlPrepareRx
                0x0800e648       0x48 ..\obj\usbd_ioreq.o
                0x0800e648                USBD_CtlPrepareRx
 .text.USBD_CtlContinueRx
                0x0800e690       0x30 ..\obj\usbd_ioreq.o
                0x0800e690                USBD_CtlContinueRx
 .text.USBD_CtlSendStatus
                0x0800e6c0       0x3c ..\obj\usbd_ioreq.o
                0x0800e6c0                USBD_CtlSendStatus
 .text.USBD_CtlReceiveStatus
                0x0800e6fc       0x3c ..\obj\usbd_ioreq.o
                0x0800e6fc                USBD_CtlReceiveStatus
 .text.TIM_TimeBaseInit
                0x0800e738       0xf8 ..\obj\stm32f4xx_tim.o
                0x0800e738                TIM_TimeBaseInit
 .text.TIM_SetCounter
                0x0800e830       0x1c ..\obj\stm32f4xx_tim.o
                0x0800e830                TIM_SetCounter
 .text.TIM_ARRPreloadConfig
                0x0800e84c       0x40 ..\obj\stm32f4xx_tim.o
                0x0800e84c                TIM_ARRPreloadConfig
 .text.TIM_Cmd  0x0800e88c       0x40 ..\obj\stm32f4xx_tim.o
                0x0800e88c                TIM_Cmd
 .text.TIM_ITConfig
                0x0800e8cc       0x4c ..\obj\stm32f4xx_tim.o
                0x0800e8cc                TIM_ITConfig
 .text.TIM_ClearITPendingBit
                0x0800e918       0x24 ..\obj\stm32f4xx_tim.o
                0x0800e918                TIM_ClearITPendingBit
 .text.NVIC_SystemReset
                0x0800e93c       0x34 ..\obj\power_detector.o
 .text.Power_Detector_Init
                0x0800e970       0x80 ..\obj\power_detector.o
                0x0800e970                Power_Detector_Init
 .text.PVD_IRQHandler
                0x0800e9f0       0x20 ..\obj\power_detector.o
                0x0800e9f0                PVD_IRQHandler
 .text          0x0800ea10      0x370 c:/coocox/coide/gcc/sourcery g++ lite/bin/../lib/gcc/arm-none-eabi/4.5.1/thumb2\libgcc.a(_arm_addsubdf3.o)
                0x0800ea10                __aeabi_drsub
                0x0800ea18                __aeabi_dsub
                0x0800ea18                __subdf3
                0x0800ea1c                __aeabi_dadd
                0x0800ea1c                __adddf3
                0x0800ec94                __floatunsidf
                0x0800ec94                __aeabi_ui2d
                0x0800ecb4                __floatsidf
                0x0800ecb4                __aeabi_i2d
                0x0800ecd8                __aeabi_f2d
                0x0800ecd8                __extendsfdf2
                0x0800ed14                __floatundidf
                0x0800ed14                __aeabi_ul2d
                0x0800ed24                __floatdidf
                0x0800ed24                __aeabi_l2d
 .text          0x0800ed80      0x424 c:/coocox/coide/gcc/sourcery g++ lite/bin/../lib/gcc/arm-none-eabi/4.5.1/thumb2\libgcc.a(_arm_muldivdf3.o)
                0x0800ed80                __aeabi_dmul
                0x0800ed80                __muldf3
                0x0800efd4                __divdf3
                0x0800efd4                __aeabi_ddiv
 .text          0x0800f1a4      0x110 c:/coocox/coide/gcc/sourcery g++ lite/bin/../lib/gcc/arm-none-eabi/4.5.1/thumb2\libgcc.a(_arm_cmpdf2.o)
                0x0800f1a4                __gtdf2
                0x0800f1a4                __gedf2
                0x0800f1ac                __ltdf2
                0x0800f1ac                __ledf2
                0x0800f1b4                __nedf2
                0x0800f1b4                __eqdf2
                0x0800f1b4                __cmpdf2
                0x0800f230                __aeabi_cdrcmple
                0x0800f240                __aeabi_cdcmpeq
                0x0800f240                __aeabi_cdcmple
                0x0800f250                __aeabi_dcmpeq
                0x0800f264                __aeabi_dcmplt
                0x0800f278                __aeabi_dcmple
                0x0800f28c                __aeabi_dcmpge
                0x0800f2a0                __aeabi_dcmpgt
 .text          0x0800f2b4       0x40 c:/coocox/coide/gcc/sourcery g++ lite/bin/../lib/gcc/arm-none-eabi/4.5.1/thumb2\libgcc.a(_arm_fixunsdfsi.o)
                0x0800f2b4                __aeabi_d2uiz
                0x0800f2b4                __fixunsdfsi
 .text          0x0800f2f4       0xa0 c:/coocox/coide/gcc/sourcery g++ lite/bin/../lib/gcc/arm-none-eabi/4.5.1/thumb2\libgcc.a(_arm_truncdfsf2.o)
                0x0800f2f4                __truncdfsf2
                0x0800f2f4                __aeabi_d2f
 .text          0x0800f394      0x21c c:/coocox/coide/gcc/sourcery g++ lite/bin/../lib/gcc/arm-none-eabi/4.5.1/thumb2\libgcc.a(_arm_addsubsf3.o)
                0x0800f394                __aeabi_frsub
                0x0800f39c                __subsf3
                0x0800f39c                __aeabi_fsub
                0x0800f3a0                __aeabi_fadd
                0x0800f3a0                __addsf3
                0x0800f500                __aeabi_ui2f
                0x0800f500                __floatunsisf
                0x0800f508                __aeabi_i2f
                0x0800f508                __floatsisf
                0x0800f524                __aeabi_ul2f
                0x0800f524                __floatundisf
                0x0800f534                __aeabi_l2f
                0x0800f534                __floatdisf
 .text          0x0800f5b0      0x2a0 c:/coocox/coide/gcc/sourcery g++ lite/bin/../lib/gcc/arm-none-eabi/4.5.1/thumb2\libgcc.a(_arm_muldivsf3.o)
                0x0800f5b0                __mulsf3
                0x0800f5b0                __aeabi_fmul
                0x0800f718                __aeabi_fdiv
                0x0800f718                __divsf3
 .text          0x0800f850       0xec c:/coocox/coide/gcc/sourcery g++ lite/bin/../lib/gcc/arm-none-eabi/4.5.1/thumb2\libgcc.a(_arm_cmpsf2.o)
                0x0800f850                __gesf2
                0x0800f850                __gtsf2
                0x0800f858                __lesf2
                0x0800f858                __ltsf2
                0x0800f860                __nesf2
                0x0800f860                __eqsf2
                0x0800f860                __cmpsf2
                0x0800f8c0                __aeabi_cfrcmple
                0x0800f8c8                __aeabi_cfcmpeq
                0x0800f8c8                __aeabi_cfcmple
                0x0800f8d8                __aeabi_fcmpeq
                0x0800f8ec                __aeabi_fcmplt
                0x0800f900                __aeabi_fcmple
                0x0800f914                __aeabi_fcmpge
                0x0800f928                __aeabi_fcmpgt
 .text          0x0800f93c       0x4c c:/coocox/coide/gcc/sourcery g++ lite/bin/../lib/gcc/arm-none-eabi/4.5.1/thumb2\libgcc.a(_arm_fixsfsi.o)
                0x0800f93c                __aeabi_f2iz
                0x0800f93c                __fixsfsi
 .text          0x0800f988       0x40 c:/coocox/coide/gcc/sourcery g++ lite/bin/../lib/gcc/arm-none-eabi/4.5.1/thumb2\libgcc.a(_arm_fixunssfsi.o)
                0x0800f988                __fixunssfsi
                0x0800f988                __aeabi_f2uiz
 .text          0x0800f9c8       0x58 c:/coocox/coide/gcc/sourcery g++ lite/bin/../lib/gcc/arm-none-eabi/4.5.1/../../../../arm-none-eabi/lib/thumb2\libc.a(lib_a-memcmp.o)
                0x0800f9c8                memcmp
 .text          0x0800fa20      0x150 c:/coocox/coide/gcc/sourcery g++ lite/bin/../lib/gcc/arm-none-eabi/4.5.1/../../../../arm-none-eabi/lib/thumb2\libc.a(lib_a-memcpy.o)
                0x0800fa20                memcpy
 .text          0x0800fb70       0xb4 c:/coocox/coide/gcc/sourcery g++ lite/bin/../lib/gcc/arm-none-eabi/4.5.1/../../../../arm-none-eabi/lib/thumb2\libc.a(lib_a-memset.o)
                0x0800fb70                memset
 .text          0x0800fc24       0x7c c:/coocox/coide/gcc/sourcery g++ lite/bin/../lib/gcc/arm-none-eabi/4.5.1/../../../../arm-none-eabi/lib/thumb2\libc.a(lib_a-strncpy.o)
                0x0800fc24                strncpy
 *(.glue_7t)
 .glue_7t       0x00000000        0x0 linker stubs
 *(.glue_7)
 .glue_7        0x00000000        0x0 linker stubs
 *(.rodata .rodata* .gnu.linkonce.r.*)
 .rodata        0x0800fca0        0x4 ..\obj\pid_regulator.o
 .rodata        0x0800fca4        0x8 ..\obj\protocol.o
 .rodata        0x0800fcac        0x8 ..\obj\buzzer.o
 .rodata        0x0800fcb4       0x10 ..\obj\ADS1120.o
 .rodata        0x0800fcc4      0x200 ..\obj\mbcrc.o
 .rodata        0x0800fec4       0x28 ..\obj\uks.o
 .rodata        0x0800feec       0x10 ..\obj\phaze_detector.o
 .rodata        0x0800fefc        0x8 ..\obj\watchdog.o
 .rodata        0x0800ff04      0x174 ..\obj\display.o
 .rodata        0x08010078        0x4 ..\obj\hd44780.o
 .rodata        0x0801007c       0x1c ..\obj\tasks.o
 .rodata        0x08010098       0x98 ..\obj\usbd_desc.o
 .rodata        0x08010130        0xc ..\obj\keyboard.o
 .rodata        0x0801013c        0x4 ..\obj\adc.o
 .rodata        0x08010140        0x8 ..\obj\portserial.o

.vfp11_veneer   0x08010148        0x0
 .vfp11_veneer  0x00000000        0x0 linker stubs

.v4_bx          0x08010148        0x0
 .v4_bx         0x00000000        0x0 linker stubs

.ARM.extab
 *(.ARM.extab* .gnu.linkonce.armextab.*)

.ARM.exidx
 *(.ARM.exidx* .gnu.linkonce.armexidx.*)
                0x08010148                . = ALIGN (0x4)
                0x08010148                _etext = .
                0x08010148                _sidata = .

.data           0x20000000      0x200 load address 0x08010148
                0x20000000                _sdata = .
 *(.data .data.*)
 .data          0x20000000        0xc ..\obj\mbport.o
                0x20000000                usRegHoldingBuf
                0x20000004                REG_INPUT_START
                0x20000005                REG_HOLDING_START
                0x20000006                REG_INPUT_NREGS
                0x20000007                REG_HOLDING_NREGS
                0x20000008                usRegInputStart
                0x20000009                usRegHoldingStart
 .data          0x2000000c       0x84 ..\obj\mb.o
 .data          0x20000090       0x1c ..\obj\usbd_usr.o
                0x20000090                USR_cb
 .data          0x200000ac       0x30 ..\obj\usbd_core.o
                0x200000ac                USBD_DCD_INT_cb
                0x200000d8                USBD_DCD_INT_fops
 .data          0x200000dc       0x10 ..\obj\stm32f4xx_rcc.o
 .data          0x200000ec       0x30 ..\obj\display.o
                0x200000ec                drying_states
 .data          0x2000011c        0x4 ..\obj\tasks.o
 .data          0x20000120       0x40 ..\obj\usbd_desc.o
                0x20000120                USR_desc
                0x2000013c                USBD_DeviceDesc
                0x20000150                USBD_DeviceQualifierDesc
                0x2000015c                USBD_LangIDDesc
 .data          0x20000160       0x14 ..\obj\usbd_cdc_vcp.o
                0x20000160                VCP_fops
 .data          0x20000174       0x14 ..\obj\system_stm32f4xx.o
                0x20000174                SystemCoreClock
                0x20000178                AHBPrescTable
 .data          0x20000188        0x4 ..\obj\port.o
 .data          0x2000018c       0x74 ..\obj\usbd_cdc_core.o
                0x2000018c                usbd_cdc_CfgDesc
                0x200001d4                USBD_CDC_cb
                0x20000200                . = ALIGN (0x4)
                0x20000200                _edata = .

.bss            0x20000200     0x3d58 load address 0x08010348
                0x20000200                _sbss = .
 *(.bss .bss.*)
 .bss           0x20000200       0x10 ..\obj\delay.o
                0x20000200                TimingDelay
                0x20000204                Time
                0x20000208                Time2
                0x2000020c                DELAY_Initialized
 .bss           0x20000210      0x100 ..\obj\mbport.o
 .bss           0x20000310       0x24 ..\obj\mb.o
 .bss           0x20000334        0x2 ..\obj\portevent.o
 *fill*         0x20000336        0x2 00
 .bss           0x20000338       0x24 ..\obj\mbfuncother.o
 .bss           0x2000035c        0x8 ..\obj\phaze_detector.o
 .bss           0x20000364       0x24 ..\obj\display.o
 .bss           0x20000388      0x100 ..\obj\tasks.o
                0x20000388                pxCurrentTCB
 .bss           0x20000488        0x2 ..\obj\keyboard.o
 *fill*         0x2000048a        0x2 00
 .bss           0x2000048c        0xc ..\obj\mbrtu.o
 .bss           0x20000498       0x10 ..\obj\usbd_req.o
                0x20000498                USBD_ep_status
                0x2000049c                USBD_default_cfg
                0x200004a0                USBD_cfg_status
 .bss           0x200004a8        0x1 ..\obj\portserial.o
 *fill*         0x200004a9        0x3 00
 .bss           0x200004ac       0x20 ..\obj\usbd_cdc_core.o
                0x200004b0                APP_Rx_ptr_in
                0x200004b4                APP_Rx_ptr_out
                0x200004b8                APP_Rx_length
                0x200004bc                USB_Tx_State
 *fill*         0x200004cc        0x4 00
 .bss           0x200004d0     0x2408 ..\obj\heap_1.o
 *(COMMON)
 COMMON         0x200028d8       0x14 ..\obj\mb.o
                0x200028d8                pxMBFrameCBTransmitterEmpty
                0x200028dc                pxMBPortCBTimerExpired
                0x200028e0                pxMBFrameCBByteReceived
                0x200028e4                pxMBFrameCBTransmitFSMCur
                0x200028e8                pxMBFrameCBReceiveFSMCur
 COMMON         0x200028ec       0x20 ..\obj\pid_regulator.o
                0x200028ec                pid_heater
                0x20002908                PID_Regulator_Task_Handle
 COMMON         0x2000290c        0x6 ..\obj\buzzer.o
                0x2000290c                xBuzzer_Handle
                0x20002910                buzz
 *fill*         0x20002912        0x2 00
 COMMON         0x20002914       0x10 ..\obj\ADS1120.o
                0x20002914                ADC_result
                0x20002918                adc_reg
                0x2000291c                xSPI_Buf_Mutex
                0x20002920                ADC_result_temp
 COMMON         0x20002924      0x5f0 ..\obj\main.o
                0x20002924                USB_OTG_dev
 COMMON         0x20002f14      0x4a0 ..\obj\uks.o
                0x20002f14                UKS_Drying_Task_Handle
                0x20002f18                uks_channels
 COMMON         0x200033b4       0x10 ..\obj\phaze_detector.o
                0x200033b4                Heater_Control_Task_Handle
                0x200033b8                xPhazeSemaphore
                0x200033bc                phaze_detect
 COMMON         0x200033c4       0x50 ..\obj\watchdog.o
                0x200033c4                task_watches
 COMMON         0x20003414        0x7 ..\obj\hd44780.o
                0x20003414                HD44780_Opts
 *fill*         0x2000341b        0x1 00
 COMMON         0x2000341c       0x88 ..\obj\usbd_cdc_vcp.o
                0x2000341c                APP_Tx_Buffer
                0x2000349c                APP_tx_ptr_tail
                0x200034a0                APP_tx_ptr_head
 COMMON         0x200034a4      0x100 ..\obj\mbrtu.o
                0x200034a4                ucRTUBuf
 COMMON         0x200035a4       0xf2 ..\obj\adc.o
                0x200035a4                xMeasure_LM35_Semaphore
                0x200035a8                adc_lm35_chnl
 *fill*         0x20003696        0x2 00
 COMMON         0x20003698       0x32 ..\obj\usbd_req.o
                0x20003698                USBD_StrDesc
 *fill*         0x200036ca        0x2 00
 COMMON         0x200036cc      0x88c ..\obj\usbd_cdc_core.o
                0x200036cc                usbd_cdc_OtherCfgDesc
                0x20003710                USB_Rx_Buffer
                0x20003750                CmdBuff
                0x20003758                APP_Rx_Buffer
                0x20003f58                . = ALIGN (0x4)
                0x20003f58                _ebss = .

.co_stack       0x20003f58      0x800 load address 0x080140a0
                0x20003f58                . = ALIGN (0x8)
 *(.co_stack .co_stack.*)
 .co_stack      0x20003f58      0x800 ..\obj\startup_stm32f4xx.o
                0x20003f58                pulStack
                0x20004758                . = ALIGN (0x4)
                0x20004758                _end = .
LOAD ..\obj\stm32f4xx_syscfg.o
LOAD ..\obj\usb_core.o
LOAD ..\obj\delay.o
LOAD ..\obj\mbport.o
LOAD ..\obj\mb.o
LOAD ..\obj\pid_regulator.o
LOAD ..\obj\protocol.o
LOAD ..\obj\mbfuncdisc.o
LOAD ..\obj\usbd_usr.o
LOAD ..\obj\portevent.o
LOAD ..\obj\buzzer.o
LOAD ..\obj\mbfuncother.o
LOAD ..\obj\time_forecast.o
LOAD ..\obj\stm32f4xx_usart.o
LOAD ..\obj\stm32f4xx_pwr.o
LOAD ..\obj\mbutils.o
LOAD ..\obj\startup_stm32f4xx.o
LOAD ..\obj\backup_sram.o
LOAD ..\obj\stm32f4xx_iwdg.o
LOAD ..\obj\ADS1120.o
LOAD ..\obj\mbfuncholding.o
LOAD ..\obj\usbd_core.o
LOAD ..\obj\main.o
LOAD ..\obj\mbcrc.o
LOAD ..\obj\uks.o
LOAD ..\obj\stm32f4xx_rcc.o
LOAD ..\obj\timers.o
LOAD ..\obj\stm32f4xx_adc.o
LOAD ..\obj\mbfuncinput.o
LOAD ..\obj\printf.o
LOAD ..\obj\phaze_detector.o
LOAD ..\obj\watchdog.o
LOAD ..\obj\mbfuncdiag.o
LOAD ..\obj\display.o
LOAD ..\obj\hd44780.o
LOAD ..\obj\tasks.o
LOAD ..\obj\usbd_desc.o
LOAD ..\obj\keyboard.o
LOAD ..\obj\stm32f4xx_gpio.o
LOAD ..\obj\porttimer.o
LOAD ..\obj\usbd_cdc_vcp.o
LOAD ..\obj\list.o
LOAD ..\obj\mbrtu.o
LOAD ..\obj\system_stm32f4xx.o
LOAD ..\obj\syscalls.o
LOAD ..\obj\adc.o
LOAD ..\obj\usb_bsp.o
LOAD ..\obj\usbd_req.o
LOAD ..\obj\queue.o
LOAD ..\obj\port.o
LOAD ..\obj\usb_dcd_int.o
LOAD ..\obj\portserial.o
LOAD ..\obj\usbd_cdc_core.o
LOAD ..\obj\croutine.o
LOAD ..\obj\timer_properties.o
LOAD ..\obj\stm32f4xx_spi.o
LOAD ..\obj\mbfunccoils.o
LOAD ..\obj\stm32f4xx_exti.o
LOAD ..\obj\misc.o
LOAD ..\obj\usb_dcd.o
LOAD ..\obj\heap_1.o
LOAD ..\obj\stm32f4xx_rtc.o
LOAD ..\obj\usbd_ioreq.o
LOAD ..\obj\mbascii.o
LOAD ..\obj\stm32f4xx_tim.o
LOAD ..\obj\power_detector.o
LOAD c:/coocox/coide/gcc/sourcery g++ lite/bin/../lib/gcc/arm-none-eabi/4.5.1/../../../../arm-none-eabi/lib/thumb2\libm.a
LOAD c:/coocox/coide/gcc/sourcery g++ lite/bin/../lib/gcc/arm-none-eabi/4.5.1/thumb2\libgcc.a
LOAD c:/coocox/coide/gcc/sourcery g++ lite/bin/../lib/gcc/arm-none-eabi/4.5.1/../../../../arm-none-eabi/lib/thumb2\libc.a
START GROUP
LOAD c:/coocox/coide/gcc/sourcery g++ lite/bin/../lib/gcc/arm-none-eabi/4.5.1/thumb2\libgcc.a
LOAD c:/coocox/coide/gcc/sourcery g++ lite/bin/../lib/gcc/arm-none-eabi/4.5.1/../../../../arm-none-eabi/lib/thumb2\libc.a
END GROUP
OUTPUT(stm32f2_uks.elf elf32-littlearm)

.debug_abbrev   0x00000000     0x5563
 .debug_abbrev  0x00000000      0x12a ..\obj\stm32f4xx_syscfg.o
 .debug_abbrev  0x0000012a      0x277 ..\obj\usb_core.o
 .debug_abbrev  0x000003a1      0x125 ..\obj\delay.o
 .debug_abbrev  0x000004c6      0x182 ..\obj\mbport.o
 .debug_abbrev  0x00000648      0x164 ..\obj\mb.o
 .debug_abbrev  0x000007ac      0x1c3 ..\obj\pid_regulator.o
 .debug_abbrev  0x0000096f      0x100 ..\obj\protocol.o
 .debug_abbrev  0x00000a6f       0xa5 ..\obj\mbfuncdisc.o
 .debug_abbrev  0x00000b14       0xd9 ..\obj\usbd_usr.o
 .debug_abbrev  0x00000bed       0xbc ..\obj\portevent.o
 .debug_abbrev  0x00000ca9      0x14a ..\obj\buzzer.o
 .debug_abbrev  0x00000df3       0xbe ..\obj\mbfuncother.o
 .debug_abbrev  0x00000eb1       0xa1 ..\obj\time_forecast.o
 .debug_abbrev  0x00000f52      0x14e ..\obj\stm32f4xx_usart.o
 .debug_abbrev  0x000010a0      0x175 ..\obj\stm32f4xx_pwr.o
 .debug_abbrev  0x00001215       0xd2 ..\obj\mbutils.o
 .debug_abbrev  0x000012e7       0xac ..\obj\startup_stm32f4xx.o
 .debug_abbrev  0x00001393      0x134 ..\obj\backup_sram.o
 .debug_abbrev  0x000014c7       0xfa ..\obj\stm32f4xx_iwdg.o
 .debug_abbrev  0x000015c1      0x192 ..\obj\ADS1120.o
 .debug_abbrev  0x00001753       0xa5 ..\obj\mbfuncholding.o
 .debug_abbrev  0x000017f8      0x1f4 ..\obj\usbd_core.o
 .debug_abbrev  0x000019ec      0x1c9 ..\obj\main.o
 .debug_abbrev  0x00001bb5       0xa8 ..\obj\mbcrc.o
 .debug_abbrev  0x00001c5d      0x1d0 ..\obj\uks.o
 .debug_abbrev  0x00001e2d      0x1b7 ..\obj\stm32f4xx_rcc.o
 .debug_abbrev  0x00001fe4       0x28 ..\obj\timers.o
 .debug_abbrev  0x0000200c      0x189 ..\obj\stm32f4xx_adc.o
 .debug_abbrev  0x00002195       0xa5 ..\obj\mbfuncinput.o
 .debug_abbrev  0x0000223a      0x238 ..\obj\printf.o
 .debug_abbrev  0x00002472      0x1d5 ..\obj\phaze_detector.o
 .debug_abbrev  0x00002647      0x120 ..\obj\watchdog.o
 .debug_abbrev  0x00002767        0x1 ..\obj\mbfuncdiag.o
 .debug_abbrev  0x00002768      0x162 ..\obj\display.o
 .debug_abbrev  0x000028ca      0x1d9 ..\obj\hd44780.o
 .debug_abbrev  0x00002aa3      0x193 ..\obj\tasks.o
 .debug_abbrev  0x00002c36      0x10c ..\obj\usbd_desc.o
 .debug_abbrev  0x00002d42      0x17e ..\obj\keyboard.o
 .debug_abbrev  0x00002ec0      0x182 ..\obj\stm32f4xx_gpio.o
 .debug_abbrev  0x00003042      0x137 ..\obj\porttimer.o
 .debug_abbrev  0x00003179      0x143 ..\obj\usbd_cdc_vcp.o
 .debug_abbrev  0x000032bc       0xb6 ..\obj\list.o
 .debug_abbrev  0x00003372      0x1bc ..\obj\mbrtu.o
 .debug_abbrev  0x0000352e      0x140 ..\obj\system_stm32f4xx.o
 .debug_abbrev  0x0000366e       0xde ..\obj\syscalls.o
 .debug_abbrev  0x0000374c      0x1a9 ..\obj\adc.o
 .debug_abbrev  0x000038f5      0x1db ..\obj\usb_bsp.o
 .debug_abbrev  0x00003ad0      0x253 ..\obj\usbd_req.o
 .debug_abbrev  0x00003d23      0x109 ..\obj\queue.o
 .debug_abbrev  0x00003e2c      0x120 ..\obj\port.o
 .debug_abbrev  0x00003f4c      0x210 ..\obj\usb_dcd_int.o
 .debug_abbrev  0x0000415c      0x1c2 ..\obj\portserial.o
 .debug_abbrev  0x0000431e      0x1e1 ..\obj\usbd_cdc_core.o
 .debug_abbrev  0x000044ff      0x186 ..\obj\croutine.o
 .debug_abbrev  0x00004685      0x106 ..\obj\timer_properties.o
 .debug_abbrev  0x0000478b      0x160 ..\obj\stm32f4xx_spi.o
 .debug_abbrev  0x000048eb       0xb7 ..\obj\mbfunccoils.o
 .debug_abbrev  0x000049a2      0x198 ..\obj\stm32f4xx_exti.o
 .debug_abbrev  0x00004b3a      0x126 ..\obj\misc.o
 .debug_abbrev  0x00004c60      0x208 ..\obj\usb_dcd.o
 .debug_abbrev  0x00004e68      0x116 ..\obj\heap_1.o
 .debug_abbrev  0x00004f7e      0x16b ..\obj\stm32f4xx_rtc.o
 .debug_abbrev  0x000050e9      0x165 ..\obj\usbd_ioreq.o
 .debug_abbrev  0x0000524e       0x4d ..\obj\mbascii.o
 .debug_abbrev  0x0000529b      0x163 ..\obj\stm32f4xx_tim.o
 .debug_abbrev  0x000053fe      0x165 ..\obj\power_detector.o

.debug_info     0x00000000    0x22358
 .debug_info    0x00000000      0x27a ..\obj\stm32f4xx_syscfg.o
 .debug_info    0x0000027a     0x27fc ..\obj\usb_core.o
 .debug_info    0x00002a76      0x777 ..\obj\delay.o
 .debug_info    0x000031ed      0x7da ..\obj\mbport.o
 .debug_info    0x000039c7      0x62f ..\obj\mb.o
 .debug_info    0x00003ff6      0x859 ..\obj\pid_regulator.o
 .debug_info    0x0000484f      0x223 ..\obj\protocol.o
 .debug_info    0x00004a72      0x1ee ..\obj\mbfuncdisc.o
 .debug_info    0x00004c60      0x1c5 ..\obj\usbd_usr.o
 .debug_info    0x00004e25      0x188 ..\obj\portevent.o
 .debug_info    0x00004fad      0x48f ..\obj\buzzer.o
 .debug_info    0x0000543c      0x25c ..\obj\mbfuncother.o
 .debug_info    0x00005698      0x111 ..\obj\time_forecast.o
 .debug_info    0x000057a9      0xa4f ..\obj\stm32f4xx_usart.o
 .debug_info    0x000061f8      0x53e ..\obj\stm32f4xx_pwr.o
 .debug_info    0x00006736      0x2c6 ..\obj\mbutils.o
 .debug_info    0x000069fc      0x147 ..\obj\startup_stm32f4xx.o
 .debug_info    0x00006b43      0x3b0 ..\obj\backup_sram.o
 .debug_info    0x00006ef3      0x20b ..\obj\stm32f4xx_iwdg.o
 .debug_info    0x000070fe      0x92a ..\obj\ADS1120.o
 .debug_info    0x00007a28      0x383 ..\obj\mbfuncholding.o
 .debug_info    0x00007dab      0xff8 ..\obj\usbd_core.o
 .debug_info    0x00008da3      0xf9b ..\obj\main.o
 .debug_info    0x00009d3e      0x166 ..\obj\mbcrc.o
 .debug_info    0x00009ea4      0x945 ..\obj\uks.o
 .debug_info    0x0000a7e9      0xd24 ..\obj\stm32f4xx_rcc.o
 .debug_info    0x0000b50d       0x4c ..\obj\timers.o
 .debug_info    0x0000b559      0xcf5 ..\obj\stm32f4xx_adc.o
 .debug_info    0x0000c24e      0x1e0 ..\obj\mbfuncinput.o
 .debug_info    0x0000c42e      0xed2 ..\obj\printf.o
 .debug_info    0x0000d300      0xd61 ..\obj\phaze_detector.o
 .debug_info    0x0000e061      0x199 ..\obj\watchdog.o
 .debug_info    0x0000e1fa        0x0 ..\obj\mbfuncdiag.o
 .debug_info    0x0000e1fa      0x57b ..\obj\display.o
 .debug_info    0x0000e775      0x90c ..\obj\hd44780.o
 .debug_info    0x0000f081      0xd75 ..\obj\tasks.o
 .debug_info    0x0000fdf6      0x3a7 ..\obj\usbd_desc.o
 .debug_info    0x0001019d      0x6ba ..\obj\keyboard.o
 .debug_info    0x00010857      0x639 ..\obj\stm32f4xx_gpio.o
 .debug_info    0x00010e90      0x6e8 ..\obj\porttimer.o
 .debug_info    0x00011578      0x3a6 ..\obj\usbd_cdc_vcp.o
 .debug_info    0x0001191e      0x2a6 ..\obj\list.o
 .debug_info    0x00011bc4      0xf98 ..\obj\mbrtu.o
 .debug_info    0x00012b5c      0x5ea ..\obj\system_stm32f4xx.o
 .debug_info    0x00013146      0x440 ..\obj\syscalls.o
 .debug_info    0x00013586      0x973 ..\obj\adc.o
 .debug_info    0x00013ef9     0x113d ..\obj\usb_bsp.o
 .debug_info    0x00015036     0x111b ..\obj\usbd_req.o
 .debug_info    0x00016151      0x7c1 ..\obj\queue.o
 .debug_info    0x00016912      0x1d7 ..\obj\port.o
 .debug_info    0x00016ae9     0x2027 ..\obj\usb_dcd_int.o
 .debug_info    0x00018b10      0xdae ..\obj\portserial.o
 .debug_info    0x000198be     0x1109 ..\obj\usbd_cdc_core.o
 .debug_info    0x0001a9c7      0x4af ..\obj\croutine.o
 .debug_info    0x0001ae76      0x4d1 ..\obj\timer_properties.o
 .debug_info    0x0001b347      0xbcc ..\obj\stm32f4xx_spi.o
 .debug_info    0x0001bf13      0x313 ..\obj\mbfunccoils.o
 .debug_info    0x0001c226      0x372 ..\obj\stm32f4xx_exti.o
 .debug_info    0x0001c598      0x594 ..\obj\misc.o
 .debug_info    0x0001cb2c     0x1184 ..\obj\usb_dcd.o
 .debug_info    0x0001dcb0      0x186 ..\obj\heap_1.o
 .debug_info    0x0001de36     0x1223 ..\obj\stm32f4xx_rtc.o
 .debug_info    0x0001f059      0xde4 ..\obj\usbd_ioreq.o
 .debug_info    0x0001fe3d       0x9b ..\obj\mbascii.o
 .debug_info    0x0001fed8     0x1e28 ..\obj\stm32f4xx_tim.o
 .debug_info    0x00021d00      0x658 ..\obj\power_detector.o

.debug_line     0x00000000     0xc398
 .debug_line    0x00000000      0x1e7 ..\obj\stm32f4xx_syscfg.o
 .debug_line    0x000001e7      0x6b4 ..\obj\usb_core.o
 .debug_line    0x0000089b      0x2a5 ..\obj\delay.o
 .debug_line    0x00000b40      0x42f ..\obj\mbport.o
 .debug_line    0x00000f6f      0x2df ..\obj\mb.o
 .debug_line    0x0000124e      0x3e4 ..\obj\pid_regulator.o
 .debug_line    0x00001632      0x239 ..\obj\protocol.o
 .debug_line    0x0000186b      0x1f0 ..\obj\mbfuncdisc.o
 .debug_line    0x00001a5b      0x1b1 ..\obj\usbd_usr.o
 .debug_line    0x00001c0c      0x1e5 ..\obj\portevent.o
 .debug_line    0x00001df1      0x2c9 ..\obj\buzzer.o
 .debug_line    0x000020ba      0x25c ..\obj\mbfuncother.o
 .debug_line    0x00002316      0x134 ..\obj\time_forecast.o
 .debug_line    0x0000244a      0x478 ..\obj\stm32f4xx_usart.o
 .debug_line    0x000028c2      0x284 ..\obj\stm32f4xx_pwr.o
 .debug_line    0x00002b46      0x264 ..\obj\mbutils.o
 .debug_line    0x00002daa       0xa6 ..\obj\startup_stm32f4xx.o
 .debug_line    0x00002e50      0x1db ..\obj\backup_sram.o
 .debug_line    0x0000302b      0x1de ..\obj\stm32f4xx_iwdg.o
 .debug_line    0x00003209      0x38a ..\obj\ADS1120.o
 .debug_line    0x00003593      0x27e ..\obj\mbfuncholding.o
 .debug_line    0x00003811      0x305 ..\obj\usbd_core.o
 .debug_line    0x00003b16      0x302 ..\obj\main.o
 .debug_line    0x00003e18      0x17a ..\obj\mbcrc.o
 .debug_line    0x00003f92      0x514 ..\obj\uks.o
 .debug_line    0x000044a6      0x574 ..\obj\stm32f4xx_rcc.o
 .debug_line    0x00004a1a       0x1d ..\obj\timers.o
 .debug_line    0x00004a37      0x528 ..\obj\stm32f4xx_adc.o
 .debug_line    0x00004f5f      0x1e6 ..\obj\mbfuncinput.o
 .debug_line    0x00005145      0x3c6 ..\obj\printf.o
 .debug_line    0x0000550b      0x40d ..\obj\phaze_detector.o
 .debug_line    0x00005918      0x1bd ..\obj\watchdog.o
 .debug_line    0x00005ad5        0x0 ..\obj\mbfuncdiag.o
 .debug_line    0x00005ad5      0x27b ..\obj\display.o
 .debug_line    0x00005d50      0x439 ..\obj\hd44780.o
 .debug_line    0x00006189      0x792 ..\obj\tasks.o
 .debug_line    0x0000691b      0x1f7 ..\obj\usbd_desc.o
 .debug_line    0x00006b12      0x283 ..\obj\keyboard.o
 .debug_line    0x00006d95      0x313 ..\obj\stm32f4xx_gpio.o
 .debug_line    0x000070a8      0x2c4 ..\obj\porttimer.o
 .debug_line    0x0000736c      0x20d ..\obj\usbd_cdc_vcp.o
 .debug_line    0x00007579      0x1a6 ..\obj\list.o
 .debug_line    0x0000771f      0x2eb ..\obj\mbrtu.o
 .debug_line    0x00007a0a      0x200 ..\obj\system_stm32f4xx.o
 .debug_line    0x00007c0a      0x194 ..\obj\syscalls.o
 .debug_line    0x00007d9e      0x3e8 ..\obj\adc.o
 .debug_line    0x00008186      0x29d ..\obj\usb_bsp.o
 .debug_line    0x00008423      0x3c1 ..\obj\usbd_req.o
 .debug_line    0x000087e4      0x4ff ..\obj\queue.o
 .debug_line    0x00008ce3      0x1bd ..\obj\port.o
 .debug_line    0x00008ea0      0x3b0 ..\obj\usb_dcd_int.o
 .debug_line    0x00009250      0x282 ..\obj\portserial.o
 .debug_line    0x000094d2      0x2b5 ..\obj\usbd_cdc_core.o
 .debug_line    0x00009787      0x274 ..\obj\croutine.o
 .debug_line    0x000099fb      0x2e1 ..\obj\timer_properties.o
 .debug_line    0x00009cdc      0x428 ..\obj\stm32f4xx_spi.o
 .debug_line    0x0000a104      0x256 ..\obj\mbfunccoils.o
 .debug_line    0x0000a35a      0x27d ..\obj\stm32f4xx_exti.o
 .debug_line    0x0000a5d7      0x219 ..\obj\misc.o
 .debug_line    0x0000a7f0      0x323 ..\obj\usb_dcd.o
 .debug_line    0x0000ab13      0x135 ..\obj\heap_1.o
 .debug_line    0x0000ac48      0x7eb ..\obj\stm32f4xx_rtc.o
 .debug_line    0x0000b433      0x20d ..\obj\usbd_ioreq.o
 .debug_line    0x0000b640       0xd5 ..\obj\mbascii.o
 .debug_line    0x0000b715      0xa4d ..\obj\stm32f4xx_tim.o
 .debug_line    0x0000c162      0x236 ..\obj\power_detector.o

.debug_loc      0x00000000     0x9601
 .debug_loc     0x00000000      0x144 ..\obj\stm32f4xx_syscfg.o
 .debug_loc     0x00000144      0x7e0 ..\obj\usb_core.o
 .debug_loc     0x00000924       0xe8 ..\obj\delay.o
 .debug_loc     0x00000a0c      0x13a ..\obj\mbport.o
 .debug_loc     0x00000b46      0x150 ..\obj\mb.o
 .debug_loc     0x00000c96      0x10c ..\obj\pid_regulator.o
 .debug_loc     0x00000da2       0x70 ..\obj\protocol.o
 .debug_loc     0x00000e12       0x38 ..\obj\mbfuncdisc.o
 .debug_loc     0x00000e4a       0xe8 ..\obj\usbd_usr.o
 .debug_loc     0x00000f32       0x9c ..\obj\portevent.o
 .debug_loc     0x00000fce       0xa8 ..\obj\buzzer.o
 .debug_loc     0x00001076       0x70 ..\obj\mbfuncother.o
 .debug_loc     0x000010e6       0x38 ..\obj\time_forecast.o
 .debug_loc     0x0000111e      0x658 ..\obj\stm32f4xx_usart.o
 .debug_loc     0x00001776      0x288 ..\obj\stm32f4xx_pwr.o
 .debug_loc     0x000019fe       0xa8 ..\obj\mbutils.o
 .debug_loc     0x00001aa6       0x64 ..\obj\startup_stm32f4xx.o
 .debug_loc     0x00001b0a       0x64 ..\obj\backup_sram.o
 .debug_loc     0x00001b6e      0x138 ..\obj\stm32f4xx_iwdg.o
 .debug_loc     0x00001ca6      0x144 ..\obj\ADS1120.o
 .debug_loc     0x00001dea       0xe0 ..\obj\mbfuncholding.o
 .debug_loc     0x00001eca      0x2d8 ..\obj\usbd_core.o
 .debug_loc     0x000021a2      0x10c ..\obj\main.o
 .debug_loc     0x000022ae       0x38 ..\obj\mbcrc.o
 .debug_loc     0x000022e6      0x188 ..\obj\uks.o
 .debug_loc     0x0000246e      0x97c ..\obj\stm32f4xx_rcc.o
 .debug_loc     0x00002dea      0x838 ..\obj\stm32f4xx_adc.o
 .debug_loc     0x00003622       0x38 ..\obj\mbfuncinput.o
 .debug_loc     0x0000365a      0x3ea ..\obj\printf.o
 .debug_loc     0x00003a44      0x164 ..\obj\phaze_detector.o
 .debug_loc     0x00003ba8       0x70 ..\obj\watchdog.o
 .debug_loc     0x00003c18       0x70 ..\obj\display.o
 .debug_loc     0x00003c88      0x42c ..\obj\hd44780.o
 .debug_loc     0x000040b4      0x708 ..\obj\tasks.o
 .debug_loc     0x000047bc      0x188 ..\obj\usbd_desc.o
 .debug_loc     0x00004944       0x70 ..\obj\keyboard.o
 .debug_loc     0x000049b4      0x310 ..\obj\stm32f4xx_gpio.o
 .debug_loc     0x00004cc4       0xbc ..\obj\porttimer.o
 .debug_loc     0x00004d80      0x138 ..\obj\usbd_cdc_vcp.o
 .debug_loc     0x00004eb8      0x118 ..\obj\list.o
 .debug_loc     0x00004fd0      0x1a8 ..\obj\mbrtu.o
 .debug_loc     0x00005178       0x9c ..\obj\system_stm32f4xx.o
 .debug_loc     0x00005214      0x1ec ..\obj\syscalls.o
 .debug_loc     0x00005400       0xa9 ..\obj\adc.o
 .debug_loc     0x000054a9      0x138 ..\obj\usb_bsp.o
 .debug_loc     0x000055e1      0x310 ..\obj\usbd_req.o
 .debug_loc     0x000058f1      0x3b8 ..\obj\queue.o
 .debug_loc     0x00005ca9      0x178 ..\obj\port.o
 .debug_loc     0x00005e21      0x2d8 ..\obj\usb_dcd_int.o
 .debug_loc     0x000060f9      0x170 ..\obj\portserial.o
 .debug_loc     0x00006269      0x224 ..\obj\usbd_cdc_core.o
 .debug_loc     0x0000648d      0x188 ..\obj\croutine.o
 .debug_loc     0x00006615       0xe0 ..\obj\timer_properties.o
 .debug_loc     0x000066f5      0x578 ..\obj\stm32f4xx_spi.o
 .debug_loc     0x00006c6d       0xa8 ..\obj\mbfunccoils.o
 .debug_loc     0x00006d15      0x1b4 ..\obj\stm32f4xx_exti.o
 .debug_loc     0x00006ec9      0x118 ..\obj\misc.o
 .debug_loc     0x00006fe1      0x2d8 ..\obj\usb_dcd.o
 .debug_loc     0x000072b9       0xc8 ..\obj\heap_1.o
 .debug_loc     0x00007381      0xc48 ..\obj\stm32f4xx_rtc.o
 .debug_loc     0x00007fc9      0x188 ..\obj\usbd_ioreq.o
 .debug_loc     0x00008151     0x1420 ..\obj\stm32f4xx_tim.o
 .debug_loc     0x00009571       0x90 ..\obj\power_detector.o

.debug_pubnames
                0x00000000     0x4103
 .debug_pubnames
                0x00000000       0xc3 ..\obj\stm32f4xx_syscfg.o
 .debug_pubnames
                0x000000c3      0x364 ..\obj\usb_core.o
 .debug_pubnames
                0x00000427       0xc4 ..\obj\delay.o
 .debug_pubnames
                0x000004eb      0x126 ..\obj\mbport.o
 .debug_pubnames
                0x00000611       0xf8 ..\obj\mb.o
 .debug_pubnames
                0x00000709       0x8c ..\obj\pid_regulator.o
 .debug_pubnames
                0x00000795       0x24 ..\obj\protocol.o
 .debug_pubnames
                0x000007b9       0x30 ..\obj\mbfuncdisc.o
 .debug_pubnames
                0x000007e9       0x9e ..\obj\usbd_usr.o
 .debug_pubnames
                0x00000887       0x50 ..\obj\portevent.o
 .debug_pubnames
                0x000008d7       0x62 ..\obj\buzzer.o
 .debug_pubnames
                0x00000939       0x3d ..\obj\mbfuncother.o
 .debug_pubnames
                0x00000976       0x44 ..\obj\time_forecast.o
 .debug_pubnames
                0x000009ba      0x294 ..\obj\stm32f4xx_usart.o
 .debug_pubnames
                0x00000c4e      0x120 ..\obj\stm32f4xx_pwr.o
 .debug_pubnames
                0x00000d6e       0x52 ..\obj\mbutils.o
 .debug_pubnames
                0x00000dc0       0x4a ..\obj\startup_stm32f4xx.o
 .debug_pubnames
                0x00000e0a       0x41 ..\obj\backup_sram.o
 .debug_pubnames
                0x00000e4b       0x91 ..\obj\stm32f4xx_iwdg.o
 .debug_pubnames
                0x00000edc       0x9f ..\obj\ADS1120.o
 .debug_pubnames
                0x00000f7b       0xa5 ..\obj\mbfuncholding.o
 .debug_pubnames
                0x00001020       0x7a ..\obj\usbd_core.o
 .debug_pubnames
                0x0000109a       0xa0 ..\obj\main.o
 .debug_pubnames
                0x0000113a       0x20 ..\obj\mbcrc.o
 .debug_pubnames
                0x0000115a       0xd9 ..\obj\uks.o
 .debug_pubnames
                0x00001233      0x417 ..\obj\stm32f4xx_rcc.o
 .debug_pubnames
                0x0000164a      0x446 ..\obj\stm32f4xx_adc.o
 .debug_pubnames
                0x00001a90       0x2f ..\obj\mbfuncinput.o
 .debug_pubnames
                0x00001abf      0x101 ..\obj\printf.o
 .debug_pubnames
                0x00001bc0       0xc9 ..\obj\phaze_detector.o
 .debug_pubnames
                0x00001c89       0x35 ..\obj\watchdog.o
 .debug_pubnames
                0x00001cbe       0x46 ..\obj\display.o
 .debug_pubnames
                0x00001d04      0x1bb ..\obj\hd44780.o
 .debug_pubnames
                0x00001ebf      0x275 ..\obj\tasks.o
 .debug_pubnames
                0x00002134      0x152 ..\obj\usbd_desc.o
 .debug_pubnames
                0x00002286       0x24 ..\obj\keyboard.o
 .debug_pubnames
                0x000022aa      0x12d ..\obj\stm32f4xx_gpio.o
 .debug_pubnames
                0x000023d7       0x6d ..\obj\porttimer.o
 .debug_pubnames
                0x00002444       0xa1 ..\obj\usbd_cdc_vcp.o
 .debug_pubnames
                0x000024e5       0x71 ..\obj\list.o
 .debug_pubnames
                0x00002556       0xc3 ..\obj\mbrtu.o
 .debug_pubnames
                0x00002619       0x61 ..\obj\system_stm32f4xx.o
 .debug_pubnames
                0x0000267a       0x71 ..\obj\syscalls.o
 .debug_pubnames
                0x000026eb       0x64 ..\obj\adc.o
 .debug_pubnames
                0x0000274f       0xa6 ..\obj\usb_bsp.o
 .debug_pubnames
                0x000027f5       0xd7 ..\obj\usbd_req.o
 .debug_pubnames
                0x000028cc      0x145 ..\obj\queue.o
 .debug_pubnames
                0x00002a11      0x101 ..\obj\port.o
 .debug_pubnames
                0x00002b12       0x2b ..\obj\usb_dcd_int.o
 .debug_pubnames
                0x00002b3d       0xab ..\obj\portserial.o
 .debug_pubnames
                0x00002be8       0xe5 ..\obj\usbd_cdc_core.o
 .debug_pubnames
                0x00002ccd       0x96 ..\obj\croutine.o
 .debug_pubnames
                0x00002d63       0xb2 ..\obj\timer_properties.o
 .debug_pubnames
                0x00002e15      0x221 ..\obj\stm32f4xx_spi.o
 .debug_pubnames
                0x00003036       0x5a ..\obj\mbfunccoils.o
 .debug_pubnames
                0x00003090       0xbb ..\obj\stm32f4xx_exti.o
 .debug_pubnames
                0x0000314b       0x89 ..\obj\misc.o
 .debug_pubnames
                0x000031d4      0x100 ..\obj\usb_dcd.o
 .debug_pubnames
                0x000032d4       0x64 ..\obj\heap_1.o
 .debug_pubnames
                0x00003338      0x514 ..\obj\stm32f4xx_rtc.o
 .debug_pubnames
                0x0000384c       0xb6 ..\obj\usbd_ioreq.o
 .debug_pubnames
                0x00003902      0x7c4 ..\obj\stm32f4xx_tim.o
 .debug_pubnames
                0x000040c6       0x3d ..\obj\power_detector.o

.debug_pubtypes
                0x00000000     0x48b8
 .debug_pubtypes
                0x00000000       0x6d ..\obj\stm32f4xx_syscfg.o
 .debug_pubtypes
                0x0000006d      0x675 ..\obj\usb_core.o
 .debug_pubtypes
                0x000006e2       0xb9 ..\obj\delay.o
 .debug_pubtypes
                0x0000079b       0xbb ..\obj\mbport.o
 .debug_pubtypes
                0x00000856      0x147 ..\obj\mb.o
 .debug_pubtypes
                0x0000099d      0x16b ..\obj\pid_regulator.o
 .debug_pubtypes
                0x00000b08       0x68 ..\obj\protocol.o
 .debug_pubtypes
                0x00000b70       0x62 ..\obj\mbfuncdisc.o
 .debug_pubtypes
                0x00000bd2       0x55 ..\obj\usbd_usr.o
 .debug_pubtypes
                0x00000c27       0x44 ..\obj\portevent.o
 .debug_pubtypes
                0x00000c6b       0xea ..\obj\buzzer.o
 .debug_pubtypes
                0x00000d55       0x82 ..\obj\mbfuncother.o
 .debug_pubtypes
                0x00000dd7       0x2b ..\obj\time_forecast.o
 .debug_pubtypes
                0x00000e02       0xcd ..\obj\stm32f4xx_usart.o
 .debug_pubtypes
                0x00000ecf       0x84 ..\obj\stm32f4xx_pwr.o
 .debug_pubtypes
                0x00000f53       0x6d ..\obj\mbutils.o
 .debug_pubtypes
                0x00000fc0       0x72 ..\obj\backup_sram.o
 .debug_pubtypes
                0x00001032       0x64 ..\obj\stm32f4xx_iwdg.o
 .debug_pubtypes
                0x00001096      0x147 ..\obj\ADS1120.o
 .debug_pubtypes
                0x000011dd       0x62 ..\obj\mbfuncholding.o
 .debug_pubtypes
                0x0000123f      0x2df ..\obj\usbd_core.o
 .debug_pubtypes
                0x0000151e      0x2ce ..\obj\main.o
 .debug_pubtypes
                0x000017ec       0x40 ..\obj\mbcrc.o
 .debug_pubtypes
                0x0000182c       0xc8 ..\obj\uks.o
 .debug_pubtypes
                0x000018f4       0xaa ..\obj\stm32f4xx_rcc.o
 .debug_pubtypes
                0x0000199e       0x12 ..\obj\timers.o
 .debug_pubtypes
                0x000019b0       0xc9 ..\obj\stm32f4xx_adc.o
 .debug_pubtypes
                0x00001a79       0x62 ..\obj\mbfuncinput.o
 .debug_pubtypes
                0x00001adb      0x139 ..\obj\printf.o
 .debug_pubtypes
                0x00001c14      0x204 ..\obj\phaze_detector.o
 .debug_pubtypes
                0x00001e18       0x53 ..\obj\watchdog.o
 .debug_pubtypes
                0x00001e6b       0x81 ..\obj\display.o
 .debug_pubtypes
                0x00001eec       0xe6 ..\obj\hd44780.o
 .debug_pubtypes
                0x00001fd2      0x10c ..\obj\tasks.o
 .debug_pubtypes
                0x000020de       0x5b ..\obj\usbd_desc.o
 .debug_pubtypes
                0x00002139       0xfd ..\obj\keyboard.o
 .debug_pubtypes
                0x00002236       0xce ..\obj\stm32f4xx_gpio.o
 .debug_pubtypes
                0x00002304       0xb6 ..\obj\porttimer.o
 .debug_pubtypes
                0x000023ba       0x6d ..\obj\usbd_cdc_vcp.o
 .debug_pubtypes
                0x00002427       0x7a ..\obj\list.o
 .debug_pubtypes
                0x000024a1      0x2f5 ..\obj\mbrtu.o
 .debug_pubtypes
                0x00002796       0x73 ..\obj\system_stm32f4xx.o
 .debug_pubtypes
                0x00002809       0xaa ..\obj\syscalls.o
 .debug_pubtypes
                0x000028b3      0x19c ..\obj\adc.o
 .debug_pubtypes
                0x00002a4f      0x333 ..\obj\usb_bsp.o
 .debug_pubtypes
                0x00002d82      0x2c8 ..\obj\usbd_req.o
 .debug_pubtypes
                0x0000304a       0xd4 ..\obj\queue.o
 .debug_pubtypes
                0x0000311e       0x33 ..\obj\port.o
 .debug_pubtypes
                0x00003151      0x5e1 ..\obj\usb_dcd_int.o
 .debug_pubtypes
                0x00003732      0x2b9 ..\obj\portserial.o
 .debug_pubtypes
                0x000039eb      0x2ae ..\obj\usbd_cdc_core.o
 .debug_pubtypes
                0x00003c99       0xcd ..\obj\croutine.o
 .debug_pubtypes
                0x00003d66       0x93 ..\obj\timer_properties.o
 .debug_pubtypes
                0x00003df9       0xbc ..\obj\stm32f4xx_spi.o
 .debug_pubtypes
                0x00003eb5       0x62 ..\obj\mbfunccoils.o
 .debug_pubtypes
                0x00003f17       0xae ..\obj\stm32f4xx_exti.o
 .debug_pubtypes
                0x00003fc5       0x8c ..\obj\misc.o
 .debug_pubtypes
                0x00004051      0x307 ..\obj\usb_dcd.o
 .debug_pubtypes
                0x00004358       0x2c ..\obj\heap_1.o
 .debug_pubtypes
                0x00004384       0xd8 ..\obj\stm32f4xx_rtc.o
 .debug_pubtypes
                0x0000445c      0x295 ..\obj\usbd_ioreq.o
 .debug_pubtypes
                0x000046f1       0x1e ..\obj\mbascii.o
 .debug_pubtypes
                0x0000470f       0xe4 ..\obj\stm32f4xx_tim.o
 .debug_pubtypes
                0x000047f3       0xc5 ..\obj\power_detector.o

.debug_aranges  0x00000000     0x1be0
 .debug_aranges
                0x00000000       0x48 ..\obj\stm32f4xx_syscfg.o
 .debug_aranges
                0x00000048      0x138 ..\obj\usb_core.o
 .debug_aranges
                0x00000180       0x40 ..\obj\delay.o
 .debug_aranges
                0x000001c0       0x48 ..\obj\mbport.o
 .debug_aranges
                0x00000208       0x48 ..\obj\mb.o
 .debug_aranges
                0x00000250       0x40 ..\obj\pid_regulator.o
 .debug_aranges
                0x00000290       0x28 ..\obj\protocol.o
 .debug_aranges
                0x000002b8       0x20 ..\obj\mbfuncdisc.o
 .debug_aranges
                0x000002d8       0x40 ..\obj\usbd_usr.o
 .debug_aranges
                0x00000318       0x30 ..\obj\portevent.o
 .debug_aranges
                0x00000348       0x30 ..\obj\buzzer.o
 .debug_aranges
                0x00000378       0x28 ..\obj\mbfuncother.o
 .debug_aranges
                0x000003a0       0x20 ..\obj\time_forecast.o
 .debug_aranges
                0x000003c0      0x100 ..\obj\stm32f4xx_usart.o
 .debug_aranges
                0x000004c0       0x78 ..\obj\stm32f4xx_pwr.o
 .debug_aranges
                0x00000538       0x30 ..\obj\mbutils.o
 .debug_aranges
                0x00000568       0x28 ..\obj\startup_stm32f4xx.o
 .debug_aranges
                0x00000590       0x28 ..\obj\backup_sram.o
 .debug_aranges
                0x000005b8       0x48 ..\obj\stm32f4xx_iwdg.o
 .debug_aranges
                0x00000600       0x48 ..\obj\ADS1120.o
 .debug_aranges
                0x00000648       0x38 ..\obj\mbfuncholding.o
 .debug_aranges
                0x00000680       0x80 ..\obj\usbd_core.o
 .debug_aranges
                0x00000700       0x40 ..\obj\main.o
 .debug_aranges
                0x00000740       0x20 ..\obj\mbcrc.o
 .debug_aranges
                0x00000760       0x50 ..\obj\uks.o
 .debug_aranges
                0x000007b0      0x178 ..\obj\stm32f4xx_rcc.o
 .debug_aranges
                0x00000928      0x148 ..\obj\stm32f4xx_adc.o
 .debug_aranges
                0x00000a70       0x20 ..\obj\mbfuncinput.o
 .debug_aranges
                0x00000a90       0xa0 ..\obj\printf.o
 .debug_aranges
                0x00000b30       0x50 ..\obj\phaze_detector.o
 .debug_aranges
                0x00000b80       0x28 ..\obj\watchdog.o
 .debug_aranges
                0x00000ba8       0x28 ..\obj\display.o
 .debug_aranges
                0x00000bd0       0xc0 ..\obj\hd44780.o
 .debug_aranges
                0x00000c90      0x120 ..\obj\tasks.o
 .debug_aranges
                0x00000db0       0x50 ..\obj\usbd_desc.o
 .debug_aranges
                0x00000e00       0x28 ..\obj\keyboard.o
 .debug_aranges
                0x00000e28       0x88 ..\obj\stm32f4xx_gpio.o
 .debug_aranges
                0x00000eb0       0x38 ..\obj\porttimer.o
 .debug_aranges
                0x00000ee8       0x48 ..\obj\usbd_cdc_vcp.o
 .debug_aranges
                0x00000f30       0x40 ..\obj\list.o
 .debug_aranges
                0x00000f70       0x58 ..\obj\mbrtu.o
 .debug_aranges
                0x00000fc8       0x30 ..\obj\system_stm32f4xx.o
 .debug_aranges
                0x00000ff8       0x60 ..\obj\syscalls.o
 .debug_aranges
                0x00001058       0x30 ..\obj\adc.o
 .debug_aranges
                0x00001088       0x48 ..\obj\usb_bsp.o
 .debug_aranges
                0x000010d0       0x88 ..\obj\usbd_req.o
 .debug_aranges
                0x00001158       0xa0 ..\obj\queue.o
 .debug_aranges
                0x000011f8       0x70 ..\obj\port.o
 .debug_aranges
                0x00001268       0x80 ..\obj\usb_dcd_int.o
 .debug_aranges
                0x000012e8       0x50 ..\obj\portserial.o
 .debug_aranges
                0x00001338       0x68 ..\obj\usbd_cdc_core.o
 .debug_aranges
                0x000013a0       0x50 ..\obj\croutine.o
 .debug_aranges
                0x000013f0       0x38 ..\obj\timer_properties.o
 .debug_aranges
                0x00001428       0xe0 ..\obj\stm32f4xx_spi.o
 .debug_aranges
                0x00001508       0x30 ..\obj\mbfunccoils.o
 .debug_aranges
                0x00001538       0x58 ..\obj\stm32f4xx_exti.o
 .debug_aranges
                0x00001590       0x40 ..\obj\misc.o
 .debug_aranges
                0x000015d0       0x80 ..\obj\usb_dcd.o
 .debug_aranges
                0x00001650       0x38 ..\obj\heap_1.o
 .debug_aranges
                0x00001688      0x1e0 ..\obj\stm32f4xx_rtc.o
 .debug_aranges
                0x00001868       0x50 ..\obj\usbd_ioreq.o
 .debug_aranges
                0x000018b8      0x2f8 ..\obj\stm32f4xx_tim.o
 .debug_aranges
                0x00001bb0       0x30 ..\obj\power_detector.o

.debug_ranges   0x00000000     0x17f0
 .debug_ranges  0x00000000       0x38 ..\obj\stm32f4xx_syscfg.o
 .debug_ranges  0x00000038      0x128 ..\obj\usb_core.o