Archive member included because of file (symbol)

c:/coocox/coide/gcc/sourcery g++ lite/bin/../lib/gcc/arm-none-eabi/4.5.1/thumb2\libgcc.a(_arm_addsubdf3.o)
                              ..\obj\ADS1120.o (__aeabi_dadd)
c:/coocox/coide/gcc/sourcery g++ lite/bin/../lib/gcc/arm-none-eabi/4.5.1/thumb2\libgcc.a(_arm_muldivdf3.o)
                              ..\obj\ADS1120.o (__aeabi_dmul)
c:/coocox/coide/gcc/sourcery g++ lite/bin/../lib/gcc/arm-none-eabi/4.5.1/thumb2\libgcc.a(_arm_cmpdf2.o)
                              ..\obj\timer_properties.o (__aeabi_dcmpeq)
c:/coocox/coide/gcc/sourcery g++ lite/bin/../lib/gcc/arm-none-eabi/4.5.1/thumb2\libgcc.a(_arm_fixunsdfsi.o)
                              ..\obj\timer_properties.o (__aeabi_d2uiz)
c:/coocox/coide/gcc/sourcery g++ lite/bin/../lib/gcc/arm-none-eabi/4.5.1/thumb2\libgcc.a(_arm_truncdfsf2.o)
                              ..\obj\ADS1120.o (__aeabi_d2f)
c:/coocox/coide/gcc/sourcery g++ lite/bin/../lib/gcc/arm-none-eabi/4.5.1/thumb2\libgcc.a(_arm_addsubsf3.o)
                              ..\obj\pid_regulator.o (__aeabi_fsub)
c:/coocox/coide/gcc/sourcery g++ lite/bin/../lib/gcc/arm-none-eabi/4.5.1/thumb2\libgcc.a(_arm_muldivsf3.o)
                              ..\obj\pid_regulator.o (__aeabi_fmul)
c:/coocox/coide/gcc/sourcery g++ lite/bin/../lib/gcc/arm-none-eabi/4.5.1/thumb2\libgcc.a(_arm_cmpsf2.o)
                              ..\obj\pid_regulator.o (__aeabi_fcmplt)
c:/coocox/coide/gcc/sourcery g++ lite/bin/../lib/gcc/arm-none-eabi/4.5.1/thumb2\libgcc.a(_arm_fixsfsi.o)
                              ..\obj\pid_regulator.o (__aeabi_f2iz)
c:/coocox/coide/gcc/sourcery g++ lite/bin/../lib/gcc/arm-none-eabi/4.5.1/thumb2\libgcc.a(_arm_fixunssfsi.o)
                              ..\obj\display.o (__aeabi_f2uiz)
c:/coocox/coide/gcc/sourcery g++ lite/bin/../lib/gcc/arm-none-eabi/4.5.1/../../../../arm-none-eabi/lib/thumb2\libc.a(lib_a-memcmp.o)
                              ..\obj\tasks.o (memcmp)
c:/coocox/coide/gcc/sourcery g++ lite/bin/../lib/gcc/arm-none-eabi/4.5.1/../../../../arm-none-eabi/lib/thumb2\libc.a(lib_a-memcpy.o)
                              ..\obj\mbfuncother.o (memcpy)
c:/coocox/coide/gcc/sourcery g++ lite/bin/../lib/gcc/arm-none-eabi/4.5.1/../../../../arm-none-eabi/lib/thumb2\libc.a(lib_a-memset.o)
                              ..\obj\tasks.o (memset)
c:/coocox/coide/gcc/sourcery g++ lite/bin/../lib/gcc/arm-none-eabi/4.5.1/../../../../arm-none-eabi/lib/thumb2\libc.a(lib_a-strncpy.o)
                              ..\obj\tasks.o (strncpy)

Allocating common symbols
Common symbol       size              file

pxMBFrameCBTransmitterEmpty
                    0x4               ..\obj\mb.o
APP_Tx_Buffer       0x80              ..\obj\usbd_cdc_vcp.o
pid_heater          0x1c              ..\obj\pid_regulator.o
pxMBPortCBTimerExpired
                    0x4               ..\obj\mb.o
Heater_Control_Task_Handle
                    0x4               ..\obj\phaze_detector.o
ADC_result          0x4               ..\obj\ADS1120.o
xBuzzer_Handle      0x4               ..\obj\buzzer.o
adc_reg             0x1               ..\obj\ADS1120.o
ucRTUBuf            0x100             ..\obj\mbrtu.o
PID_Regulator_Task_Handle
                    0x4               ..\obj\pid_regulator.o
HD44780_Opts        0x7               ..\obj\hd44780.o
xPhazeSemaphore     0x4               ..\obj\phaze_detector.o
usbd_cdc_OtherCfgDesc
                    0x43              ..\obj\usbd_cdc_core.o
xSPI_Buf_Mutex      0x4               ..\obj\ADS1120.o
pxMBFrameCBByteReceived
                    0x4               ..\obj\mb.o
buzz                0x2               ..\obj\buzzer.o
APP_tx_ptr_tail     0x4               ..\obj\usbd_cdc_vcp.o
pxMBFrameCBTransmitFSMCur
                    0x4               ..\obj\mb.o
xMeasure_LM35_Semaphore
                    0x4               ..\obj\adc.o
USB_Rx_Buffer       0x40              ..\obj\usbd_cdc_core.o
ADC_result_temp     0x4               ..\obj\ADS1120.o
pxMBFrameCBReceiveFSMCur
                    0x4               ..\obj\mb.o
CmdBuff             0x8               ..\obj\usbd_cdc_core.o
USB_OTG_dev         0x5f0             ..\obj\main.o
adc_lm35_chnl       0xee              ..\obj\adc.o
mult                0x4               ..\obj\delay.o
APP_Rx_Buffer       0x800             ..\obj\usbd_cdc_core.o
uks_channels        0x494             ..\obj\uks.o
task_watches        0x48              ..\obj\watchdog.o
USBD_StrDesc        0x32              ..\obj\usbd_req.o
APP_tx_ptr_head     0x4               ..\obj\usbd_cdc_vcp.o
phaze_detect        0x8               ..\obj\phaze_detector.o

Discarded input sections

 .text          0x00000000        0x0 ..\obj\stm32f4xx_syscfg.o
 .data          0x00000000        0x0 ..\obj\stm32f4xx_syscfg.o
 .bss           0x00000000        0x0 ..\obj\stm32f4xx_syscfg.o
 .text.SYSCFG_DeInit
                0x00000000       0x20 ..\obj\stm32f4xx_syscfg.o
 .text.SYSCFG_MemoryRemapConfig
[...]
Memory Configuration

Name             Origin             Length             Attributes
rom              0x08000000         0x00100000         xr
ram              0x20000000         0x00020000         xrw
ram1             0x10000000         0x00010000         xrw
*default*        0x00000000         0xffffffff

Linker script and memory map

                0x20020000                _eram = 0x20020000

.text           0x08000000     0xf8e8
 *(.isr_vector .isr_vector.*)
 .isr_vector    0x08000000      0x188 ..\obj\startup_stm32f4xx.o
                0x08000000                g_pfnVectors
 *(.text .text.* .gnu.linkonce.t.*)
 .text.SYSCFG_EXTILineConfig
                0x08000188       0xb4 ..\obj\stm32f4xx_syscfg.o
                0x08000188                SYSCFG_EXTILineConfig
 .text.USB_OTG_EnableCommonInt
                0x0800023c       0x44 ..\obj\usb_core.o
 .text.USB_OTG_CoreReset
                0x08000280       0xa8 ..\obj\usb_core.o
 .text.USB_OTG_WritePacket
                0x08000328       0x88 ..\obj\usb_core.o
                0x08000328                USB_OTG_WritePacket
 .text.USB_OTG_ReadPacket
                0x080003b0       0x68 ..\obj\usb_core.o
                0x080003b0                USB_OTG_ReadPacket
 .text.USB_OTG_SelectCore
                0x08000418      0x1b4 ..\obj\usb_core.o
                0x08000418                USB_OTG_SelectCore
 .text.USB_OTG_CoreInit
                0x080005cc      0x1f8 ..\obj\usb_core.o
                0x080005cc                USB_OTG_CoreInit
 .text.USB_OTG_EnableGlobalInt
                0x080007c4       0x40 ..\obj\usb_core.o
                0x080007c4                USB_OTG_EnableGlobalInt
 .text.USB_OTG_DisableGlobalInt
                0x08000804       0x44 ..\obj\usb_core.o
                0x08000804                USB_OTG_DisableGlobalInt
 .text.USB_OTG_FlushTxFifo
                0x08000848       0x80 ..\obj\usb_core.o
                0x08000848                USB_OTG_FlushTxFifo
 .text.USB_OTG_FlushRxFifo
                0x080008c8       0x6c ..\obj\usb_core.o
                0x080008c8                USB_OTG_FlushRxFifo
 .text.USB_OTG_SetCurrentMode
                0x08000934       0x64 ..\obj\usb_core.o
                0x08000934                USB_OTG_SetCurrentMode
 .text.USB_OTG_GetMode
                0x08000998       0x20 ..\obj\usb_core.o
                0x08000998                USB_OTG_GetMode
 .text.USB_OTG_IsDeviceMode
                0x080009b8       0x24 ..\obj\usb_core.o
                0x080009b8                USB_OTG_IsDeviceMode
 .text.USB_OTG_ReadCoreItr
                0x080009dc       0x34 ..\obj\usb_core.o
                0x080009dc                USB_OTG_ReadCoreItr
 .text.USB_OTG_InitDevSpeed
                0x08000a10       0x38 ..\obj\usb_core.o
                0x08000a10                USB_OTG_InitDevSpeed
 .text.USB_OTG_CoreInitDev
                0x08000a48      0x2d0 ..\obj\usb_core.o
                0x08000a48                USB_OTG_CoreInitDev
 .text.USB_OTG_EnableDevInt
                0x08000d18       0xa8 ..\obj\usb_core.o
                0x08000d18                USB_OTG_EnableDevInt
 .text.USB_OTG_GetDeviceSpeed
                0x08000dc0       0x50 ..\obj\usb_core.o
                0x08000dc0                USB_OTG_GetDeviceSpeed
 .text.USB_OTG_EP0Activate
                0x08000e10       0x84 ..\obj\usb_core.o
                0x08000e10                USB_OTG_EP0Activate
 .text.USB_OTG_EPActivate
                0x08000e94       0xf8 ..\obj\usb_core.o
                0x08000e94                USB_OTG_EPActivate
 .text.USB_OTG_EPDeactivate
                0x08000f8c       0xa4 ..\obj\usb_core.o
                0x08000f8c                USB_OTG_EPDeactivate
 .text.USB_OTG_EPStartXfer
                0x08001030      0x2d4 ..\obj\usb_core.o
                0x08001030                USB_OTG_EPStartXfer
 .text.USB_OTG_EP0StartXfer
                0x08001304      0x208 ..\obj\usb_core.o
                0x08001304                USB_OTG_EP0StartXfer
 .text.USB_OTG_EPSetStall
                0x0800150c       0x94 ..\obj\usb_core.o
                0x0800150c                USB_OTG_EPSetStall
 .text.USB_OTG_EPClearStall
                0x080015a0       0x84 ..\obj\usb_core.o
                0x080015a0                USB_OTG_EPClearStall
 .text.USB_OTG_ReadDevAllOutEp_itr
                0x08001624       0x30 ..\obj\usb_core.o
                0x08001624                USB_OTG_ReadDevAllOutEp_itr
 .text.USB_OTG_ReadDevOutEP_itr
                0x08001654       0x3c ..\obj\usb_core.o
                0x08001654                USB_OTG_ReadDevOutEP_itr
 .text.USB_OTG_ReadDevAllInEPItr
                0x08001690       0x34 ..\obj\usb_core.o
                0x08001690                USB_OTG_ReadDevAllInEPItr
 .text.USB_OTG_EP0_OutStart
                0x080016c4       0x7c ..\obj\usb_core.o
                0x080016c4                USB_OTG_EP0_OutStart
 .text.USB_OTG_UngateClock
                0x08001740       0x54 ..\obj\usb_core.o
                0x08001740                USB_OTG_UngateClock
 .text.TIM2_IRQHandler
                0x08001794       0x50 ..\obj\delay.o
                0x08001794                TIM2_IRQHandler
 .text.DELAY_Init
                0x080017e4       0x2c ..\obj\delay.o
                0x080017e4                DELAY_Init
 .text.DELAY_INT_InitTIM
                0x08001810       0xa8 ..\obj\delay.o
                0x08001810                DELAY_INT_InitTIM
 .text.ENTER_CRITICAL_SECTION
                0x080018b8        0xc ..\obj\mbport.o
                0x080018b8                ENTER_CRITICAL_SECTION
 .text.EXIT_CRITICAL_SECTION
                0x080018c4        0xc ..\obj\mbport.o
                0x080018c4                EXIT_CRITICAL_SECTION
 .text.eMBRegInputCB
                0x080018d0      0x138 ..\obj\mbport.o
                0x080018d0                eMBRegInputCB
 .text.eMBRegHoldingCB
                0x08001a08      0x828 ..\obj\mbport.o
                0x08001a08                eMBRegHoldingCB
 .text.eMBRegCoilsCB
                0x08002230       0x20 ..\obj\mbport.o
                0x08002230                eMBRegCoilsCB
 .text.eMBRegDiscreteCB
                0x08002250       0x20 ..\obj\mbport.o
                0x08002250                eMBRegDiscreteCB
 .text.eMBInit  0x08002270      0x134 ..\obj\mb.o
                0x08002270                eMBInit
 .text.eMBEnable
                0x080023a4       0x48 ..\obj\mb.o
                0x080023a4                eMBEnable
 .text.eMBPoll  0x080023ec      0x23c ..\obj\mb.o
                0x080023ec                eMBPoll
 .text.PID_Heater_Init
                0x08002628       0x50 ..\obj\pid_regulator.o
                0x08002628                PID_Heater_Init
 .text.pid_Init
                0x08002678      0x108 ..\obj\pid_regulator.o
                0x08002678                pid_Init
 .text.pid_Controller
                0x08002780      0x1d8 ..\obj\pid_regulator.o
                0x08002780                pid_Controller
 .text.PID_Regulator_Task
                0x08002958      0x1d4 ..\obj\pid_regulator.o
 .text.Protocol_Init
                0x08002b2c       0x64 ..\obj\protocol.o
                0x08002b2c                Protocol_Init
 .text.Modbus_Task
                0x08002b90       0x40 ..\obj\protocol.o
 .text.eMBFuncReadDiscreteInputs
                0x08002bd0      0x130 ..\obj\mbfuncdisc.o
                0x08002bd0                eMBFuncReadDiscreteInputs
 .text.USBD_USR_Init
                0x08002d00        0xc ..\obj\usbd_usr.o
                0x08002d00                USBD_USR_Init
 .text.USBD_USR_DeviceReset
                0x08002d0c       0x14 ..\obj\usbd_usr.o
                0x08002d0c                USBD_USR_DeviceReset
 .text.USBD_USR_DeviceConfigured
                0x08002d20        0xc ..\obj\usbd_usr.o
                0x08002d20                USBD_USR_DeviceConfigured
 .text.USBD_USR_DeviceSuspended
                0x08002d2c        0xc ..\obj\usbd_usr.o
                0x08002d2c                USBD_USR_DeviceSuspended
 .text.USBD_USR_DeviceResumed
                0x08002d38        0xc ..\obj\usbd_usr.o
                0x08002d38                USBD_USR_DeviceResumed
 .text.xMBPortEventInit
                0x08002d44       0x20 ..\obj\portevent.o
                0x08002d44                xMBPortEventInit
 .text.xMBPortEventPost
                0x08002d64       0x34 ..\obj\portevent.o
                0x08002d64                xMBPortEventPost
 .text.xMBPortEventGet
                0x08002d98       0x4c ..\obj\portevent.o
                0x08002d98                xMBPortEventGet
 .text.Buzzer_Init
                0x08002de4       0xa4 ..\obj\buzzer.o
                0x08002de4                Buzzer_Init
 .text.Buzzer_Task
                0x08002e88      0x244 ..\obj\buzzer.o
                0x08002e88                Buzzer_Task
 .text.Buzzer_Set_Buzz
                0x080030cc       0xc0 ..\obj\buzzer.o
                0x080030cc                Buzzer_Set_Buzz
 .text.eMBFuncReportSlaveID
                0x0800318c       0x4c ..\obj\mbfuncother.o
                0x0800318c                eMBFuncReportSlaveID
 .text.PWR_BackupAccessCmd
                0x080031d8       0x20 ..\obj\stm32f4xx_pwr.o
                0x080031d8                PWR_BackupAccessCmd
 .text.PWR_PVDLevelConfig
                0x080031f8       0x44 ..\obj\stm32f4xx_pwr.o
                0x080031f8                PWR_PVDLevelConfig
 .text.PWR_PVDCmd
                0x0800323c       0x20 ..\obj\stm32f4xx_pwr.o
                0x0800323c                PWR_PVDCmd
 .text.PWR_BackupRegulatorCmd
                0x0800325c       0x20 ..\obj\stm32f4xx_pwr.o
                0x0800325c                PWR_BackupRegulatorCmd
 .text.prveMBError2Exception
                0x0800327c       0x48 ..\obj\mbutils.o
                0x0800327c                prveMBError2Exception
 .text.Default_Reset_Handler
                0x080032c4       0x68 ..\obj\startup_stm32f4xx.o
                0x080032c4                Default_Reset_Handler
                0x080032c4                Reset_Handler
 .text.Default_Handler
                0x0800332c        0x8 ..\obj\startup_stm32f4xx.o
                0x0800332c                RTC_Alarm_IRQHandler
                0x0800332c                HASH_RNG_IRQHandler
                0x0800332c                EXTI2_IRQHandler
                0x0800332c                TIM8_CC_IRQHandler
                0x0800332c                DebugMon_Handler
                0x0800332c                TIM1_CC_IRQHandler
                0x0800332c                DMA2_Stream5_IRQHandler
                0x0800332c                HardFault_Handler
                0x0800332c                DMA1_Stream5_IRQHandler
                0x0800332c                SDIO_IRQHandler
                0x0800332c                TAMP_STAMP_IRQHandler
                0x0800332c                NMI_Handler
                0x0800332c                CAN2_RX1_IRQHandler
                0x0800332c                EXTI3_IRQHandler
                0x0800332c                TIM8_TRG_COM_TIM14_IRQHandler
                0x0800332c                TIM1_UP_TIM10_IRQHandler
                0x0800332c                TIM8_UP_TIM13_IRQHandler
                0x0800332c                I2C3_ER_IRQHandler
                0x0800332c                I2C2_EV_IRQHandler
                0x0800332c                DMA1_Stream2_IRQHandler
                0x0800332c                CAN1_RX0_IRQHandler
                0x0800332c                FPU_IRQHandler
                0x0800332c                OTG_HS_WKUP_IRQHandler
                0x0800332c                UsageFault_Handler
                0x0800332c                CAN2_SCE_IRQHandler
                0x0800332c                DMA2_Stream2_IRQHandler
                0x0800332c                SPI1_IRQHandler
                0x0800332c                TIM6_DAC_IRQHandler
                0x0800332c                TIM1_BRK_TIM9_IRQHandler
                0x0800332c                DCMI_IRQHandler
                0x0800332c                CAN2_RX0_IRQHandler
                0x0800332c                DMA2_Stream3_IRQHandler
                0x0800332c                USART6_IRQHandler
                0x0800332c                USART3_IRQHandler
                0x0800332c                CRYP_IRQHandler
                0x0800332c                CAN1_RX1_IRQHandler
                0x0800332c                UART5_IRQHandler
                0x0800332c                DMA2_Stream0_IRQHandler
                0x0800332c                I2C1_EV_IRQHandler
                0x0800332c                DMA1_Stream6_IRQHandler
                0x0800332c                DMA1_Stream1_IRQHandler
                0x0800332c                UART4_IRQHandler
                0x0800332c                TIM3_IRQHandler
                0x0800332c                RCC_IRQHandler
                0x0800332c                TIM8_BRK_TIM12_IRQHandler
                0x0800332c                EXTI15_10_IRQHandler
                0x0800332c                ADC_IRQHandler
                0x0800332c                DMA1_Stream7_IRQHandler
                0x0800332c                TIM7_IRQHandler
                0x0800332c                CAN2_TX_IRQHandler
                0x0800332c                TIM5_IRQHandler
                0x0800332c                DMA2_Stream7_IRQHandler
                0x0800332c                I2C3_EV_IRQHandler
                0x0800332c                EXTI9_5_IRQHandler
                0x0800332c                RTC_WKUP_IRQHandler
                0x0800332c                ETH_WKUP_IRQHandler
                0x0800332c                SPI2_IRQHandler
                0x0800332c                OTG_HS_EP1_IN_IRQHandler
                0x0800332c                MemManage_Handler
                0x0800332c                DMA1_Stream0_IRQHandler
                0x0800332c                CAN1_TX_IRQHandler
                0x0800332c                EXTI4_IRQHandler
                0x0800332c                FSMC_IRQHandler
                0x0800332c                ETH_IRQHandler
                0x0800332c                OTG_HS_EP1_OUT_IRQHandler
                0x0800332c                WWDG_IRQHandler
                0x0800332c                TIM1_TRG_COM_TIM11_IRQHandler
                0x0800332c                OTG_HS_IRQHandler
                0x0800332c                USART2_IRQHandler
                0x0800332c                I2C2_ER_IRQHandler
                0x0800332c                DMA2_Stream1_IRQHandler
                0x0800332c                CAN1_SCE_IRQHandler
                0x0800332c                FLASH_IRQHandler
                0x0800332c                DMA2_Stream4_IRQHandler
                0x0800332c                BusFault_Handler
                0x0800332c                USART1_IRQHandler
                0x0800332c                SPI3_IRQHandler
                0x0800332c                DMA1_Stream4_IRQHandler
                0x0800332c                I2C1_ER_IRQHandler
                0x0800332c                DMA2_Stream6_IRQHandler
                0x0800332c                DMA1_Stream3_IRQHandler
 .text.Backup_SRAM_Init
                0x08003334       0x20 ..\obj\backup_sram.o
                0x08003334                Backup_SRAM_Init
 .text.Backup_SRAM_Write_Reg
                0x08003354       0x84 ..\obj\backup_sram.o
                0x08003354                Backup_SRAM_Write_Reg
 .text.IWDG_WriteAccessCmd
                0x080033d8       0x20 ..\obj\stm32f4xx_iwdg.o
                0x080033d8                IWDG_WriteAccessCmd
 .text.IWDG_SetPrescaler
                0x080033f8       0x20 ..\obj\stm32f4xx_iwdg.o
                0x080033f8                IWDG_SetPrescaler
 .text.IWDG_SetReload
                0x08003418       0x20 ..\obj\stm32f4xx_iwdg.o
                0x08003418                IWDG_SetReload
 .text.IWDG_ReloadCounter
                0x08003438       0x18 ..\obj\stm32f4xx_iwdg.o
                0x08003438                IWDG_ReloadCounter
 .text.IWDG_Enable
                0x08003450       0x18 ..\obj\stm32f4xx_iwdg.o
                0x08003450                IWDG_Enable
 .text.ADS1120_init
                0x08003468       0x4c ..\obj\ADS1120.o
                0x08003468                ADS1120_init
 .text.SPI2_config
                0x080034b4      0x170 ..\obj\ADS1120.o
 .text.SPI2_send
                0x08003624       0x60 ..\obj\ADS1120.o
                0x08003624                SPI2_send
 .text.SPI2_read
                0x08003684       0x14 ..\obj\ADS1120.o
                0x08003684                SPI2_read
 .text.ADS1120_task
                0x08003698      0x1b4 ..\obj\ADS1120.o
 .text.PT100_Code_To_Temperature
                0x0800384c       0xa0 ..\obj\ADS1120.o
                0x0800384c                PT100_Code_To_Temperature
 .text.eMBFuncWriteHoldingRegister
                0x080038ec       0x84 ..\obj\mbfuncholding.o
                0x080038ec                eMBFuncWriteHoldingRegister
 .text.eMBFuncWriteMultipleHoldingRegister
                0x08003970       0xdc ..\obj\mbfuncholding.o
                0x08003970                eMBFuncWriteMultipleHoldingRegister
 .text.eMBFuncReadHoldingRegister
                0x08003a4c      0x10c ..\obj\mbfuncholding.o
                0x08003a4c                eMBFuncReadHoldingRegister
 .text.eMBFuncReadWriteMultipleHoldingRegister
                0x08003b58      0x1a0 ..\obj\mbfuncholding.o
                0x08003b58                eMBFuncReadWriteMultipleHoldingRegister
 .text.USBD_Init
                0x08003cf8       0x58 ..\obj\usbd_core.o
                0x08003cf8                USBD_Init
 .text.USBD_DeInit
                0x08003d50       0x18 ..\obj\usbd_core.o
                0x08003d50                USBD_DeInit
 .text.USBD_SetupStage
                0x08003d68       0x70 ..\obj\usbd_core.o
 .text.USBD_DataOutStage
                0x08003dd8       0xd4 ..\obj\usbd_core.o
 .text.USBD_DataInStage
                0x08003eac      0x114 ..\obj\usbd_core.o
 .text.USBD_Reset
                0x08003fc0       0x54 ..\obj\usbd_core.o
 .text.USBD_Resume
                0x08004014       0x2c ..\obj\usbd_core.o
 .text.USBD_Suspend
                0x08004040       0x2c ..\obj\usbd_core.o
 .text.USBD_SOF
                0x0800406c       0x30 ..\obj\usbd_core.o
 .text.USBD_SetCfg
                0x0800409c       0x34 ..\obj\usbd_core.o
                0x0800409c                USBD_SetCfg
 .text.USBD_ClrCfg
                0x080040d0       0x2c ..\obj\usbd_core.o
                0x080040d0                USBD_ClrCfg
 .text.USBD_IsoINIncomplete
                0x080040fc       0x24 ..\obj\usbd_core.o
 .text.USBD_IsoOUTIncomplete
                0x08004120       0x24 ..\obj\usbd_core.o
 .text.main     0x08004144       0x80 ..\obj\main.o
                0x08004144                main
 .text.vApplicationMallocFailedHook
                0x080041c4        0x8 ..\obj\main.o
                0x080041c4                vApplicationMallocFailedHook
 .text.vApplicationStackOverflowHook
                0x080041cc        0xc ..\obj\main.o
                0x080041cc                vApplicationStackOverflowHook
 .text.vApplicationIdleHook
                0x080041d8       0x18 ..\obj\main.o
                0x080041d8                vApplicationIdleHook
 .text.usMBCRC16
                0x080041f0       0x90 ..\obj\mbcrc.o
                0x080041f0                usMBCRC16
 .text.UKS_Drying_Init
                0x08004280      0x158 ..\obj\uks.o
                0x08004280                UKS_Drying_Init
 .text.UKS_Heater_Init_Task
                0x080043d8      0x1ac ..\obj\uks.o
                0x080043d8                UKS_Heater_Init_Task
 .text.UKS_Drying_Task
                0x08004584       0x88 ..\obj\uks.o
                0x08004584                UKS_Drying_Task
 .text.UKS_Sort_Channels
                0x0800460c      0x32c ..\obj\uks.o
                0x0800460c                UKS_Sort_Channels
 .text.UKS_Channel_State_Drying
                0x08004938      0x260 ..\obj\uks.o
                0x08004938                UKS_Channel_State_Drying
 .text.UKS_Restore_Settings
                0x08004b98      0x878 ..\obj\uks.o
                0x08004b98                UKS_Restore_Settings
 .text.CRC_Check
                0x08005410       0x88 ..\obj\uks.o
                0x08005410                CRC_Check
 .text.RCC_GetClocksFreq
                0x08005498      0x1d4 ..\obj\stm32f4xx_rcc.o
                0x08005498                RCC_GetClocksFreq
 .text.RCC_AHB1PeriphClockCmd
                0x0800566c       0x5c ..\obj\stm32f4xx_rcc.o
                0x0800566c                RCC_AHB1PeriphClockCmd
 .text.RCC_AHB2PeriphClockCmd
                0x080056c8       0x5c ..\obj\stm32f4xx_rcc.o
                0x080056c8                RCC_AHB2PeriphClockCmd
 .text.RCC_APB1PeriphClockCmd
                0x08005724       0x5c ..\obj\stm32f4xx_rcc.o
                0x08005724                RCC_APB1PeriphClockCmd
 .text.RCC_APB2PeriphClockCmd
                0x08005780       0x5c ..\obj\stm32f4xx_rcc.o
                0x08005780                RCC_APB2PeriphClockCmd
 .text.RCC_APB2PeriphResetCmd
                0x080057dc       0x5c ..\obj\stm32f4xx_rcc.o
                0x080057dc                RCC_APB2PeriphResetCmd
 .text.ADC_DeInit
                0x08005838       0x20 ..\obj\stm32f4xx_adc.o
                0x08005838                ADC_DeInit
 .text.ADC_Init
                0x08005858       0xc4 ..\obj\stm32f4xx_adc.o
                0x08005858                ADC_Init
 .text.ADC_StructInit
                0x0800591c       0x4c ..\obj\stm32f4xx_adc.o
                0x0800591c                ADC_StructInit
 .text.ADC_CommonInit
                0x08005968       0x60 ..\obj\stm32f4xx_adc.o
                0x08005968                ADC_CommonInit
 .text.ADC_CommonStructInit
                0x080059c8       0x34 ..\obj\stm32f4xx_adc.o
                0x080059c8                ADC_CommonStructInit
 .text.ADC_Cmd  0x080059fc       0x38 ..\obj\stm32f4xx_adc.o
                0x080059fc                ADC_Cmd
 .text.ADC_RegularChannelConfig
                0x08005a34      0x1d0 ..\obj\stm32f4xx_adc.o
                0x08005a34                ADC_RegularChannelConfig
 .text.ADC_GetFlagStatus
                0x08005c04       0x40 ..\obj\stm32f4xx_adc.o
                0x08005c04                ADC_GetFlagStatus
 .text.eMBFuncReadInputRegister
                0x08005c44      0x110 ..\obj\mbfuncinput.o
                0x08005c44                eMBFuncReadInputRegister
 .text.PutChar  0x08005d54       0x24 ..\obj\printf.o
                0x08005d54                PutChar
 .text.PutString
                0x08005d78       0x48 ..\obj\printf.o
                0x08005d78                PutString
 .text.PutUnsignedInt
                0x08005dc0       0xbc ..\obj\printf.o
                0x08005dc0                PutUnsignedInt
 .text.PutSignedInt
                0x08005e7c      0x12c ..\obj\printf.o
                0x08005e7c                PutSignedInt
 .text.PutHexa  0x08005fa8       0xe8 ..\obj\printf.o
                0x08005fa8                PutHexa
 .text.vsnprintf
                0x08006090      0x2a4 ..\obj\printf.o
                0x08006090                vsnprintf
 .text.vsprintf
                0x08006334       0x28 ..\obj\printf.o
                0x08006334                vsprintf
 .text.sprintf  0x0800635c       0x30 ..\obj\printf.o
                0x0800635c                sprintf
 .text.NVIC_EnableIRQ
                0x0800638c       0x38 ..\obj\phaze_detector.o
 .text.Phaze_Detector_Init
                0x080063c4      0x1f0 ..\obj\phaze_detector.o
                0x080063c4                Phaze_Detector_Init
 .text.Set_Heater_Power
                0x080065b4       0x28 ..\obj\phaze_detector.o
                0x080065b4                Set_Heater_Power
 .text.EXTI0_IRQHandler
                0x080065dc      0x154 ..\obj\phaze_detector.o
                0x080065dc                EXTI0_IRQHandler
 .text.EXTI1_IRQHandler
                0x08006730       0x34 ..\obj\phaze_detector.o
                0x08006730                EXTI1_IRQHandler
 .text.Heater_Power_Down_Block
                0x08006764       0x5c ..\obj\phaze_detector.o
                0x08006764                Heater_Power_Down_Block
 .text.Heater_Control_Task
                0x080067c0      0x178 ..\obj\phaze_detector.o
 .text.Watchdog_Init
                0x08006938       0x90 ..\obj\watchdog.o
                0x08006938                Watchdog_Init
 .text.Watchdog_Task
                0x080069c8       0x94 ..\obj\watchdog.o
 .text.Display_Init
                0x08006a5c       0x4c ..\obj\display.o
                0x08006a5c                Display_Init
 .text.Display_Task
                0x08006aa8      0x924 ..\obj\display.o
                0x08006aa8                Display_Task
 .text.Delay    0x080073cc       0x44 ..\obj\hd44780.o
 .text.HD44780_Init
                0x08007410      0x110 ..\obj\hd44780.o
                0x08007410                HD44780_Init
 .text.HD44780_Reinit
                0x08007520       0xd0 ..\obj\hd44780.o
                0x08007520                HD44780_Reinit
 .text.HD44780_InitPins
                0x080075f0       0x80 ..\obj\hd44780.o
                0x080075f0                HD44780_InitPins
 .text.HD44780_Clear
                0x08007670       0x18 ..\obj\hd44780.o
                0x08007670                HD44780_Clear
 .text.HD44780_Cmd
                0x08007688       0x28 ..\obj\hd44780.o
                0x08007688                HD44780_Cmd
 .text.HD44780_Data
                0x080076b0       0x28 ..\obj\hd44780.o
                0x080076b0                HD44780_Data
 .text.HD44780_Cmd4bit
                0x080076d8       0xb0 ..\obj\hd44780.o
                0x080076d8                HD44780_Cmd4bit
 .text.HD44780_Cmd8bit
                0x08007788       0xb0 ..\obj\hd44780.o
                0x08007788                HD44780_Cmd8bit
 .text.HD44780_CursorSet
                0x08007838       0x74 ..\obj\hd44780.o
                0x08007838                HD44780_CursorSet
 .text.HD44780_Puts
                0x080078ac      0x114 ..\obj\hd44780.o
                0x080078ac                HD44780_Puts
 .text.HD44780_DisplayOn
                0x080079c0       0x38 ..\obj\hd44780.o
                0x080079c0                HD44780_DisplayOn
 .text.xTaskGenericCreate
                0x080079f8      0x1f8 ..\obj\tasks.o
                0x080079f8                xTaskGenericCreate
 .text.vTaskDelete
                0x08007bf0       0xc0 ..\obj\tasks.o
                0x08007bf0                vTaskDelete
 .text.vTaskDelay
                0x08007cb0       0x5c ..\obj\tasks.o
                0x08007cb0                vTaskDelay
 .text.vTaskSuspend
                0x08007d0c       0xc0 ..\obj\tasks.o
                0x08007d0c                vTaskSuspend
 .text.xTaskIsTaskSuspended
                0x08007dcc       0x60 ..\obj\tasks.o
                0x08007dcc                xTaskIsTaskSuspended
 .text.vTaskResume
                0x08007e2c       0xbc ..\obj\tasks.o
                0x08007e2c                vTaskResume
 .text.vTaskStartScheduler
                0x08007ee8       0x84 ..\obj\tasks.o
                0x08007ee8                vTaskStartScheduler
 .text.vTaskSuspendAll
                0x08007f6c       0x24 ..\obj\tasks.o
                0x08007f6c                vTaskSuspendAll
 .text.xTaskResumeAll
                0x08007f90      0x16c ..\obj\tasks.o
                0x08007f90                xTaskResumeAll
 .text.vTaskIncrementTick
                0x080080fc      0x1d0 ..\obj\tasks.o
                0x080080fc                vTaskIncrementTick
 .text.vTaskSwitchContext
                0x080082cc      0x168 ..\obj\tasks.o
                0x080082cc                vTaskSwitchContext
 .text.vTaskPlaceOnEventList
                0x08008434       0x88 ..\obj\tasks.o
                0x08008434                vTaskPlaceOnEventList
 .text.xTaskRemoveFromEventList
                0x080084bc       0xd4 ..\obj\tasks.o
                0x080084bc                xTaskRemoveFromEventList
 .text.vTaskSetTimeOutState
                0x08008590       0x40 ..\obj\tasks.o
                0x08008590                vTaskSetTimeOutState
 .text.xTaskCheckForTimeOut
                0x080085d0       0xc4 ..\obj\tasks.o
                0x080085d0                xTaskCheckForTimeOut
 .text.vTaskMissedYield
                0x08008694       0x18 ..\obj\tasks.o
                0x08008694                vTaskMissedYield
 .text.prvIdleTask
                0x080086ac       0x24 ..\obj\tasks.o
 .text.prvInitialiseTCBVariables
                0x080086d0       0x7c ..\obj\tasks.o
 .text.prvInitialiseTaskLists
                0x0800874c       0xa4 ..\obj\tasks.o
 .text.prvCheckTasksWaitingTermination
                0x080087f0       0x98 ..\obj\tasks.o
 .text.prvAddCurrentTaskToDelayedList
                0x08008888       0x8c ..\obj\tasks.o
 .text.prvAllocateTCBAndStack
                0x08008914       0x74 ..\obj\tasks.o
 .text.prvDeleteTCB
                0x08008988       0x20 ..\obj\tasks.o
 .text.xTaskGetCurrentTaskHandle
                0x080089a8       0x20 ..\obj\tasks.o
                0x080089a8                xTaskGetCurrentTaskHandle
 .text.vTaskPriorityInherit
                0x080089c8       0xe8 ..\obj\tasks.o
                0x080089c8                vTaskPriorityInherit
 .text.vTaskPriorityDisinherit
                0x08008ab0       0x90 ..\obj\tasks.o
                0x08008ab0                vTaskPriorityDisinherit
 .text.USBD_USR_DeviceDescriptor
                0x08008b40       0x28 ..\obj\usbd_desc.o
                0x08008b40                USBD_USR_DeviceDescriptor
 .text.USBD_USR_LangIDStrDescriptor
                0x08008b68       0x28 ..\obj\usbd_desc.o
                0x08008b68                USBD_USR_LangIDStrDescriptor
 .text.USBD_USR_ProductStrDescriptor
                0x08008b90       0x54 ..\obj\usbd_desc.o
                0x08008b90                USBD_USR_ProductStrDescriptor
 .text.USBD_USR_ManufacturerStrDescriptor
                0x08008be4       0x34 ..\obj\usbd_desc.o
                0x08008be4                USBD_USR_ManufacturerStrDescriptor
 .text.USBD_USR_SerialStrDescriptor
                0x08008c18       0x54 ..\obj\usbd_desc.o
                0x08008c18                USBD_USR_SerialStrDescriptor
 .text.USBD_USR_ConfigStrDescriptor
                0x08008c6c       0x54 ..\obj\usbd_desc.o
                0x08008c6c                USBD_USR_ConfigStrDescriptor
 .text.USBD_USR_InterfaceStrDescriptor
                0x08008cc0       0x54 ..\obj\usbd_desc.o
                0x08008cc0                USBD_USR_InterfaceStrDescriptor
 .text.Keyboard_Init
                0x08008d14       0x78 ..\obj\keyboard.o
                0x08008d14                Keyboard_Init
 .text.vKeyboardTask
                0x08008d8c      0x28c ..\obj\keyboard.o
 .text.GPIO_Init
                0x08009018      0x158 ..\obj\stm32f4xx_gpio.o
                0x08009018                GPIO_Init
 .text.GPIO_StructInit
                0x08009170       0x3c ..\obj\stm32f4xx_gpio.o
                0x08009170                GPIO_StructInit
 .text.GPIO_PinLockConfig
                0x080091ac       0x44 ..\obj\stm32f4xx_gpio.o
                0x080091ac                GPIO_PinLockConfig
 .text.GPIO_ReadInputDataBit
                0x080091f0       0x40 ..\obj\stm32f4xx_gpio.o
                0x080091f0                GPIO_ReadInputDataBit
 .text.GPIO_WriteBit
                0x08009230       0x30 ..\obj\stm32f4xx_gpio.o
                0x08009230                GPIO_WriteBit
 .text.GPIO_PinAFConfig
                0x08009260       0xb0 ..\obj\stm32f4xx_gpio.o
                0x08009260                GPIO_PinAFConfig
 .text.xMBPortTimersInit
                0x08009310       0xe0 ..\obj\porttimer.o
                0x08009310                xMBPortTimersInit
 .text.vMBPortTimersEnable
                0x080093f0       0x4c ..\obj\porttimer.o
                0x080093f0                vMBPortTimersEnable
 .text.vMBPortTimersDisable
                0x0800943c       0x4c ..\obj\porttimer.o
                0x0800943c                vMBPortTimersDisable
 .text.TIM4_IRQHandler
                0x08009488       0x24 ..\obj\porttimer.o
                0x08009488                TIM4_IRQHandler
 .text.VCP_Init
                0x080094ac       0x10 ..\obj\usbd_cdc_vcp.o
 .text.VCP_DeInit
                0x080094bc       0x10 ..\obj\usbd_cdc_vcp.o
 .text.VCP_Ctrl
                0x080094cc       0xbc ..\obj\usbd_cdc_vcp.o
 .text.VCP_DataTx
                0x08009588       0x84 ..\obj\usbd_cdc_vcp.o
                0x08009588                VCP_DataTx
 .text.VCP_DataRx
                0x0800960c       0xa0 ..\obj\usbd_cdc_vcp.o
                0x0800960c                VCP_DataRx
 .text.VCP_get_char
                0x080096ac       0x84 ..\obj\usbd_cdc_vcp.o
                0x080096ac                VCP_get_char
 .text.vListInitialise
                0x08009730       0x48 ..\obj\list.o
                0x08009730                vListInitialise
 .text.vListInitialiseItem
                0x08009778       0x1c ..\obj\list.o
                0x08009778                vListInitialiseItem
 .text.vListInsertEnd
                0x08009794       0x54 ..\obj\list.o
                0x08009794                vListInsertEnd
 .text.vListInsert
                0x080097e8       0x78 ..\obj\list.o
                0x080097e8                vListInsert
 .text.vListRemove
                0x08009860       0x54 ..\obj\list.o
                0x08009860                vListRemove
 .text.eMBRTUInit
                0x080098b4       0x84 ..\obj\mbrtu.o
                0x080098b4                eMBRTUInit
 .text.eMBRTUStart
                0x08009938       0x2c ..\obj\mbrtu.o
                0x08009938                eMBRTUStart
 .text.eMBRTUStop
                0x08009964       0x20 ..\obj\mbrtu.o
                0x08009964                eMBRTUStop
 .text.eMBRTUReceive
                0x08009984       0x9c ..\obj\mbrtu.o
                0x08009984                eMBRTUReceive
 .text.eMBRTUSend
                0x08009a20      0x124 ..\obj\mbrtu.o
                0x08009a20                eMBRTUSend
 .text.xMBRTUReceiveFSM
                0x08009b44       0xf0 ..\obj\mbrtu.o
                0x08009b44                xMBRTUReceiveFSM
 .text.xMBRTUTransmitFSM
                0x08009c34       0xa4 ..\obj\mbrtu.o
                0x08009c34                xMBRTUTransmitFSM
 .text.xMBRTUTimerT35Expired
                0x08009cd8       0x60 ..\obj\mbrtu.o
                0x08009cd8                xMBRTUTimerT35Expired
 .text.SystemInit
                0x08009d38       0x94 ..\obj\system_stm32f4xx.o
                0x08009d38                SystemInit
 .text.SetSysClock
                0x08009dcc      0x150 ..\obj\system_stm32f4xx.o
 .text.ADC_Channel_Init
                0x08009f1c      0x15c ..\obj\adc.o
                0x08009f1c                ADC_Channel_Init
 .text.bubblesort
                0x0800a078       0xa4 ..\obj\adc.o
                0x0800a078                bubblesort
 *fill*         0x0800a11c        0x4 00
 .text.ADC_Task
                0x0800a120      0x2c8 ..\obj\adc.o
 .text.USB_OTG_BSP_Init
                0x0800a3e8       0xf4 ..\obj\usb_bsp.o
                0x0800a3e8                USB_OTG_BSP_Init
 .text.USB_OTG_BSP_EnableInterrupt
                0x0800a4dc       0x3c ..\obj\usb_bsp.o
                0x0800a4dc                USB_OTG_BSP_EnableInterrupt
 .text.USB_OTG_BSP_uDelay
                0x0800a518       0x58 ..\obj\usb_bsp.o
                0x0800a518                USB_OTG_BSP_uDelay
 .text.USB_OTG_BSP_mDelay
                0x0800a570       0x20 ..\obj\usb_bsp.o
                0x0800a570                USB_OTG_BSP_mDelay
 .text.OTG_FS_WKUP_IRQHandler
                0x0800a590       0x44 ..\obj\usb_bsp.o
                0x0800a590                OTG_FS_WKUP_IRQHandler
 .text.OTG_FS_IRQHandler
                0x0800a5d4       0x14 ..\obj\usb_bsp.o
                0x0800a5d4                OTG_FS_IRQHandler
 .text.USBD_StdDevReq
                0x0800a5e8       0xa4 ..\obj\usbd_req.o
                0x0800a5e8                USBD_StdDevReq
 .text.USBD_StdItfReq
                0x0800a68c       0x70 ..\obj\usbd_req.o
                0x0800a68c                USBD_StdItfReq
 .text.USBD_StdEPReq
                0x0800a6fc      0x1d8 ..\obj\usbd_req.o
                0x0800a6fc                USBD_StdEPReq
 .text.USBD_GetDescriptor
                0x0800a8d4      0x1c8 ..\obj\usbd_req.o
 .text.USBD_SetAddress
                0x0800aa9c       0x80 ..\obj\usbd_req.o
 .text.USBD_SetConfig
                0x0800ab1c      0x134 ..\obj\usbd_req.o
 .text.USBD_GetConfig
                0x0800ac50       0x68 ..\obj\usbd_req.o
 .text.USBD_GetStatus
                0x0800acb8       0x68 ..\obj\usbd_req.o
 .text.USBD_SetFeature
                0x0800ad20       0xe0 ..\obj\usbd_req.o
 .text.USBD_ClrFeature
                0x0800ae00       0x58 ..\obj\usbd_req.o
 .text.USBD_ParseSetupRequest
                0x0800ae58       0xbc ..\obj\usbd_req.o
                0x0800ae58                USBD_ParseSetupRequest
 .text.USBD_CtlError
                0x0800af14       0x50 ..\obj\usbd_req.o
                0x0800af14                USBD_CtlError
 .text.USBD_GetString
                0x0800af64       0x9c ..\obj\usbd_req.o
                0x0800af64                USBD_GetString
 .text.USBD_GetLen
                0x0800b000       0x38 ..\obj\usbd_req.o
 .text.xQueueGenericReset
                0x0800b038       0xc0 ..\obj\queue.o
                0x0800b038                xQueueGenericReset
 .text.xQueueGenericCreate
                0x0800b0f8       0x90 ..\obj\queue.o
                0x0800b0f8                xQueueGenericCreate
 .text.xQueueGenericSend
                0x0800b188      0x158 ..\obj\queue.o
                0x0800b188                xQueueGenericSend
 .text.xQueueGenericSendFromISR
                0x0800b2e0       0xcc ..\obj\queue.o
                0x0800b2e0                xQueueGenericSendFromISR
 .text.xQueueGenericReceive
                0x0800b3ac      0x1bc ..\obj\queue.o
                0x0800b3ac                xQueueGenericReceive
 .text.prvCopyDataToQueue
                0x0800b568       0xc4 ..\obj\queue.o
 .text.prvCopyDataFromQueue
                0x0800b62c       0x50 ..\obj\queue.o
 .text.prvUnlockQueue
                0x0800b67c       0xa0 ..\obj\queue.o
 .text.prvIsQueueEmpty
                0x0800b71c       0x2c ..\obj\queue.o
 .text.prvIsQueueFull
                0x0800b748       0x30 ..\obj\queue.o
 .text.pxPortInitialiseStack
                0x0800b778       0x60 ..\obj\port.o
                0x0800b778                pxPortInitialiseStack
 .text.SVC_Handler
                0x0800b7d8       0x20 ..\obj\port.o
                0x0800b7d8                SVC_Handler
 .text.vPortStartFirstTask
                0x0800b7f8       0x14 ..\obj\port.o
                0x0800b7f8                vPortStartFirstTask
 .text.xPortStartScheduler
                0x0800b80c       0x54 ..\obj\port.o
                0x0800b80c                xPortStartScheduler
 .text.vPortYieldFromISR
                0x0800b860       0x18 ..\obj\port.o
                0x0800b860                vPortYieldFromISR
 .text.vPortEnterCritical
                0x0800b878       0x2c ..\obj\port.o
                0x0800b878                vPortEnterCritical
 .text.vPortExitCritical
                0x0800b8a4       0x38 ..\obj\port.o
                0x0800b8a4                vPortExitCritical
 .text.PendSV_Handler
                0x0800b8dc       0x3c ..\obj\port.o
                0x0800b8dc                PendSV_Handler
 .text.SysTick_Handler
                0x0800b918       0x38 ..\obj\port.o
                0x0800b918                SysTick_Handler
 .text.prvSetupTimerInterrupt
                0x0800b950       0x28 ..\obj\port.o
 .text.USBD_OTG_ISR_Handler
                0x0800b978      0x178 ..\obj\usb_dcd_int.o
                0x0800b978                USBD_OTG_ISR_Handler
 .text.DCD_HandleResume_ISR
                0x0800baf0       0x90 ..\obj\usb_dcd_int.o
 .text.DCD_HandleUSBSuspend_ISR
                0x0800bb80       0xb4 ..\obj\usb_dcd_int.o
 .text.DCD_HandleInEP_ISR
                0x0800bc34      0x234 ..\obj\usb_dcd_int.o
 .text.DCD_HandleOutEP_ISR
                0x0800be68      0x1b4 ..\obj\usb_dcd_int.o
 .text.DCD_HandleSof_ISR
                0x0800c01c       0x3c ..\obj\usb_dcd_int.o
 .text.DCD_HandleRxStatusQueueLevel_ISR
                0x0800c058      0x120 ..\obj\usb_dcd_int.o
 .text.DCD_WriteEmptyTxFifo
                0x0800c178      0x134 ..\obj\usb_dcd_int.o
 .text.DCD_HandleUsbReset_ISR
                0x0800c2ac      0x168 ..\obj\usb_dcd_int.o
 .text.DCD_HandleEnumDone_ISR
                0x0800c414       0x88 ..\obj\usb_dcd_int.o
 .text.DCD_IsoINIncomplete_ISR
                0x0800c49c       0x3c ..\obj\usb_dcd_int.o
 .text.DCD_IsoOUTIncomplete_ISR
                0x0800c4d8       0x3c ..\obj\usb_dcd_int.o
 .text.DCD_ReadDevInEP
                0x0800c514       0x60 ..\obj\usb_dcd_int.o
 .text.vMBPortSerialEnable
                0x0800c574       0x28 ..\obj\portserial.o
                0x0800c574                vMBPortSerialEnable
 .text.xMBPortSerialInit
                0x0800c59c       0x54 ..\obj\portserial.o
                0x0800c59c                xMBPortSerialInit
 .text.xMBPortSerialGetByte
                0x0800c5f0       0x28 ..\obj\portserial.o
                0x0800c5f0                xMBPortSerialGetByte
 .text.Serial_Task
                0x0800c618       0x2c ..\obj\portserial.o
 .text.usbd_cdc_Init
                0x0800c644       0xd0 ..\obj\usbd_cdc_core.o
 .text.usbd_cdc_DeInit
                0x0800c714       0x4c ..\obj\usbd_cdc_core.o
 .text.usbd_cdc_Setup
                0x0800c760      0x168 ..\obj\usbd_cdc_core.o
 .text.usbd_cdc_EP0_RxReady
                0x0800c8c8       0x60 ..\obj\usbd_cdc_core.o
 .text.usbd_cdc_DataIn
                0x0800c928      0x128 ..\obj\usbd_cdc_core.o
 .text.usbd_cdc_DataOut
                0x0800ca50       0x6c ..\obj\usbd_cdc_core.o
 .text.usbd_cdc_SOF
                0x0800cabc       0x50 ..\obj\usbd_cdc_core.o
 .text.Handle_USBAsynchXfer
                0x0800cb0c      0x1a8 ..\obj\usbd_cdc_core.o
 .text.USBD_cdc_GetCfgDesc
                0x0800ccb4       0x28 ..\obj\usbd_cdc_core.o
 .text.TIMER_PROPERTIES_GetTimerProperties
                0x0800ccdc      0x124 ..\obj\timer_properties.o
                0x0800ccdc                TIMER_PROPERTIES_GetTimerProperties
 .text.TIMER_PROPERTIES_GenerateDataForWorkingFrequency
                0x0800ce00      0x164 ..\obj\timer_properties.o
                0x0800ce00                TIMER_PROPERTIES_GenerateDataForWorkingFrequency
 .text.TIMER_PROPERTIES_EnableClock
                0x0800cf64      0x198 ..\obj\timer_properties.o
                0x0800cf64                TIMER_PROPERTIES_EnableClock
 .text.SPI_Init
                0x0800d0fc       0x98 ..\obj\stm32f4xx_spi.o
                0x0800d0fc                SPI_Init
 .text.SPI_Cmd  0x0800d194       0x40 ..\obj\stm32f4xx_spi.o
                0x0800d194                SPI_Cmd
 .text.SPI_CalculateCRC
                0x0800d1d4       0x40 ..\obj\stm32f4xx_spi.o
                0x0800d1d4                SPI_CalculateCRC
 .text.eMBFuncReadCoils
                0x0800d214      0x134 ..\obj\mbfunccoils.o
                0x0800d214                eMBFuncReadCoils
 .text.eMBFuncWriteCoil
                0x0800d348       0xcc ..\obj\mbfunccoils.o
                0x0800d348                eMBFuncWriteCoil
 .text.eMBFuncWriteMultipleCoils
                0x0800d414       0xfc ..\obj\mbfunccoils.o
                0x0800d414                eMBFuncWriteMultipleCoils
 .text.EXTI_Init
                0x0800d510      0x158 ..\obj\stm32f4xx_exti.o
                0x0800d510                EXTI_Init
 .text.EXTI_GetITStatus
                0x0800d668       0x60 ..\obj\stm32f4xx_exti.o
                0x0800d668                EXTI_GetITStatus
 .text.EXTI_ClearITPendingBit
                0x0800d6c8       0x20 ..\obj\stm32f4xx_exti.o
                0x0800d6c8                EXTI_ClearITPendingBit
 .text.NVIC_PriorityGroupConfig
                0x0800d6e8       0x28 ..\obj\misc.o
                0x0800d6e8                NVIC_PriorityGroupConfig
 .text.NVIC_Init
                0x0800d710       0xe8 ..\obj\misc.o
                0x0800d710                NVIC_Init
 .text.DCD_Init
                0x0800d7f8      0x12c ..\obj\usb_dcd.o
                0x0800d7f8                DCD_Init
 .text.DCD_EP_Open
                0x0800d924       0xac ..\obj\usb_dcd.o
                0x0800d924                DCD_EP_Open
 .text.DCD_EP_Close
                0x0800d9d0       0x7c ..\obj\usb_dcd.o
                0x0800d9d0                DCD_EP_Close
 .text.DCD_EP_PrepareRx
                0x0800da4c       0x8c ..\obj\usb_dcd.o
                0x0800da4c                DCD_EP_PrepareRx
 .text.DCD_EP_Tx
                0x0800dad8       0x84 ..\obj\usb_dcd.o
                0x0800dad8                DCD_EP_Tx
 .text.DCD_EP_Stall
                0x0800db5c       0x80 ..\obj\usb_dcd.o
                0x0800db5c                DCD_EP_Stall
 .text.DCD_EP_ClrStall
                0x0800dbdc       0x80 ..\obj\usb_dcd.o
                0x0800dbdc                DCD_EP_ClrStall
 .text.DCD_EP_SetAddress
                0x0800dc5c       0x40 ..\obj\usb_dcd.o
                0x0800dc5c                DCD_EP_SetAddress
 .text.pvPortMalloc
                0x0800dc9c       0xa4 ..\obj\heap_1.o
                0x0800dc9c                pvPortMalloc
 .text.vPortFree
                0x0800dd40       0x14 ..\obj\heap_1.o
                0x0800dd40                vPortFree
 .text.xPortGetFreeHeapSize
                0x0800dd54       0x1c ..\obj\heap_1.o
                0x0800dd54                xPortGetFreeHeapSize
 .text.USBD_CtlSendData
                0x0800dd70       0x48 ..\obj\usbd_ioreq.o
                0x0800dd70                USBD_CtlSendData
 .text.USBD_CtlContinueSendData
                0x0800ddb8       0x30 ..\obj\usbd_ioreq.o
                0x0800ddb8                USBD_CtlContinueSendData
 .text.USBD_CtlPrepareRx
                0x0800dde8       0x48 ..\obj\usbd_ioreq.o
                0x0800dde8                USBD_CtlPrepareRx
 .text.USBD_CtlContinueRx
                0x0800de30       0x30 ..\obj\usbd_ioreq.o
                0x0800de30                USBD_CtlContinueRx
 .text.USBD_CtlSendStatus
                0x0800de60       0x3c ..\obj\usbd_ioreq.o
                0x0800de60                USBD_CtlSendStatus
 .text.USBD_CtlReceiveStatus
                0x0800de9c       0x3c ..\obj\usbd_ioreq.o
                0x0800de9c                USBD_CtlReceiveStatus
 .text.TIM_TimeBaseInit
                0x0800ded8       0xf8 ..\obj\stm32f4xx_tim.o
                0x0800ded8                TIM_TimeBaseInit
 .text.TIM_SetCounter
                0x0800dfd0       0x1c ..\obj\stm32f4xx_tim.o
                0x0800dfd0                TIM_SetCounter
 .text.TIM_ARRPreloadConfig
                0x0800dfec       0x40 ..\obj\stm32f4xx_tim.o
                0x0800dfec                TIM_ARRPreloadConfig
 .text.TIM_Cmd  0x0800e02c       0x40 ..\obj\stm32f4xx_tim.o
                0x0800e02c                TIM_Cmd
 .text.TIM_ITConfig
                0x0800e06c       0x4c ..\obj\stm32f4xx_tim.o
                0x0800e06c                TIM_ITConfig
 .text.TIM_ClearITPendingBit
                0x0800e0b8       0x24 ..\obj\stm32f4xx_tim.o
                0x0800e0b8                TIM_ClearITPendingBit
 .text.NVIC_SystemReset
                0x0800e0dc       0x34 ..\obj\power_detector.o
 .text.Power_Detector_Init
                0x0800e110       0x80 ..\obj\power_detector.o
                0x0800e110                Power_Detector_Init
 .text.PVD_IRQHandler
                0x0800e190       0x20 ..\obj\power_detector.o
                0x0800e190                PVD_IRQHandler
 .text          0x0800e1b0      0x370 c:/coocox/coide/gcc/sourcery g++ lite/bin/../lib/gcc/arm-none-eabi/4.5.1/thumb2\libgcc.a(_arm_addsubdf3.o)
                0x0800e1b0                __aeabi_drsub
                0x0800e1b8                __aeabi_dsub
                0x0800e1b8                __subdf3
                0x0800e1bc                __aeabi_dadd
                0x0800e1bc                __adddf3
                0x0800e434                __floatunsidf
                0x0800e434                __aeabi_ui2d
                0x0800e454                __floatsidf
                0x0800e454                __aeabi_i2d
                0x0800e478                __aeabi_f2d
                0x0800e478                __extendsfdf2
                0x0800e4b4                __floatundidf
                0x0800e4b4                __aeabi_ul2d
                0x0800e4c4                __floatdidf
                0x0800e4c4                __aeabi_l2d
 .text          0x0800e520      0x424 c:/coocox/coide/gcc/sourcery g++ lite/bin/../lib/gcc/arm-none-eabi/4.5.1/thumb2\libgcc.a(_arm_muldivdf3.o)
                0x0800e520                __aeabi_dmul
                0x0800e520                __muldf3
                0x0800e774                __divdf3
                0x0800e774                __aeabi_ddiv
 .text          0x0800e944      0x110 c:/coocox/coide/gcc/sourcery g++ lite/bin/../lib/gcc/arm-none-eabi/4.5.1/thumb2\libgcc.a(_arm_cmpdf2.o)
                0x0800e944                __gtdf2
                0x0800e944                __gedf2
                0x0800e94c                __ltdf2
                0x0800e94c                __ledf2
                0x0800e954                __nedf2
                0x0800e954                __eqdf2
                0x0800e954                __cmpdf2
                0x0800e9d0                __aeabi_cdrcmple
                0x0800e9e0                __aeabi_cdcmpeq
                0x0800e9e0                __aeabi_cdcmple
                0x0800e9f0                __aeabi_dcmpeq
                0x0800ea04                __aeabi_dcmplt
                0x0800ea18                __aeabi_dcmple
                0x0800ea2c                __aeabi_dcmpge
                0x0800ea40                __aeabi_dcmpgt
 .text          0x0800ea54       0x40 c:/coocox/coide/gcc/sourcery g++ lite/bin/../lib/gcc/arm-none-eabi/4.5.1/thumb2\libgcc.a(_arm_fixunsdfsi.o)
                0x0800ea54                __aeabi_d2uiz
                0x0800ea54                __fixunsdfsi
 .text          0x0800ea94       0xa0 c:/coocox/coide/gcc/sourcery g++ lite/bin/../lib/gcc/arm-none-eabi/4.5.1/thumb2\libgcc.a(_arm_truncdfsf2.o)
                0x0800ea94                __truncdfsf2
                0x0800ea94                __aeabi_d2f
 .text          0x0800eb34      0x21c c:/coocox/coide/gcc/sourcery g++ lite/bin/../lib/gcc/arm-none-eabi/4.5.1/thumb2\libgcc.a(_arm_addsubsf3.o)
                0x0800eb34                __aeabi_frsub
                0x0800eb3c                __subsf3
                0x0800eb3c                __aeabi_fsub
                0x0800eb40                __aeabi_fadd
                0x0800eb40                __addsf3
                0x0800eca0                __aeabi_ui2f
                0x0800eca0                __floatunsisf
                0x0800eca8                __aeabi_i2f
                0x0800eca8                __floatsisf
                0x0800ecc4                __aeabi_ul2f
                0x0800ecc4                __floatundisf
                0x0800ecd4                __aeabi_l2f
                0x0800ecd4                __floatdisf
 .text          0x0800ed50      0x2a0 c:/coocox/coide/gcc/sourcery g++ lite/bin/../lib/gcc/arm-none-eabi/4.5.1/thumb2\libgcc.a(_arm_muldivsf3.o)
                0x0800ed50                __mulsf3
                0x0800ed50                __aeabi_fmul
                0x0800eeb8                __aeabi_fdiv
                0x0800eeb8                __divsf3
 .text          0x0800eff0       0xec c:/coocox/coide/gcc/sourcery g++ lite/bin/../lib/gcc/arm-none-eabi/4.5.1/thumb2\libgcc.a(_arm_cmpsf2.o)
                0x0800eff0                __gesf2
                0x0800eff0                __gtsf2
                0x0800eff8                __lesf2
                0x0800eff8                __ltsf2
                0x0800f000                __nesf2
                0x0800f000                __eqsf2
                0x0800f000                __cmpsf2
                0x0800f060                __aeabi_cfrcmple
                0x0800f068                __aeabi_cfcmpeq
                0x0800f068                __aeabi_cfcmple
                0x0800f078                __aeabi_fcmpeq
                0x0800f08c                __aeabi_fcmplt
                0x0800f0a0                __aeabi_fcmple
                0x0800f0b4                __aeabi_fcmpge
                0x0800f0c8                __aeabi_fcmpgt
 .text          0x0800f0dc       0x4c c:/coocox/coide/gcc/sourcery g++ lite/bin/../lib/gcc/arm-none-eabi/4.5.1/thumb2\libgcc.a(_arm_fixsfsi.o)
                0x0800f0dc                __aeabi_f2iz
                0x0800f0dc                __fixsfsi
 .text          0x0800f128       0x40 c:/coocox/coide/gcc/sourcery g++ lite/bin/../lib/gcc/arm-none-eabi/4.5.1/thumb2\libgcc.a(_arm_fixunssfsi.o)
                0x0800f128                __fixunssfsi
                0x0800f128                __aeabi_f2uiz
 .text          0x0800f168       0x58 c:/coocox/coide/gcc/sourcery g++ lite/bin/../lib/gcc/arm-none-eabi/4.5.1/../../../../arm-none-eabi/lib/thumb2\libc.a(lib_a-memcmp.o)
                0x0800f168                memcmp
 .text          0x0800f1c0      0x150 c:/coocox/coide/gcc/sourcery g++ lite/bin/../lib/gcc/arm-none-eabi/4.5.1/../../../../arm-none-eabi/lib/thumb2\libc.a(lib_a-memcpy.o)
                0x0800f1c0                memcpy
 .text          0x0800f310       0xb4 c:/coocox/coide/gcc/sourcery g++ lite/bin/../lib/gcc/arm-none-eabi/4.5.1/../../../../arm-none-eabi/lib/thumb2\libc.a(lib_a-memset.o)
                0x0800f310                memset
 .text          0x0800f3c4       0x7c c:/coocox/coide/gcc/sourcery g++ lite/bin/../lib/gcc/arm-none-eabi/4.5.1/../../../../arm-none-eabi/lib/thumb2\libc.a(lib_a-strncpy.o)
                0x0800f3c4                strncpy
 *(.glue_7t)
 .glue_7t       0x00000000        0x0 linker stubs
 *(.glue_7)
 .glue_7        0x00000000        0x0 linker stubs
 *(.rodata .rodata* .gnu.linkonce.r.*)
 .rodata        0x0800f440        0x4 ..\obj\pid_regulator.o
 .rodata        0x0800f444        0x8 ..\obj\protocol.o
 .rodata        0x0800f44c        0x8 ..\obj\buzzer.o
 .rodata        0x0800f454       0x10 ..\obj\ADS1120.o
 .rodata        0x0800f464      0x200 ..\obj\mbcrc.o
 .rodata        0x0800f664       0x28 ..\obj\uks.o
 .rodata        0x0800f68c       0x10 ..\obj\phaze_detector.o
 .rodata        0x0800f69c        0x8 ..\obj\watchdog.o
 .rodata        0x0800f6a4      0x174 ..\obj\display.o
 .rodata        0x0800f818        0x4 ..\obj\hd44780.o
 .rodata        0x0800f81c       0x1c ..\obj\tasks.o
 .rodata        0x0800f838       0x98 ..\obj\usbd_desc.o
 .rodata        0x0800f8d0        0xc ..\obj\keyboard.o
 .rodata        0x0800f8dc        0x4 ..\obj\adc.o
 .rodata        0x0800f8e0        0x8 ..\obj\portserial.o

.vfp11_veneer   0x0800f8e8        0x0
 .vfp11_veneer  0x00000000        0x0 linker stubs

.v4_bx          0x0800f8e8        0x0
 .v4_bx         0x00000000        0x0 linker stubs

.ARM.extab
 *(.ARM.extab* .gnu.linkonce.armextab.*)

.ARM.exidx
 *(.ARM.exidx* .gnu.linkonce.armexidx.*)
                0x0800f8e8                . = ALIGN (0x4)
                0x0800f8e8                _etext = .
                0x0800f8e8                _sidata = .

.data           0x20000000      0x200 load address 0x0800f8e8
                0x20000000                _sdata = .
 *(.data .data.*)
 .data          0x20000000        0xc ..\obj\mbport.o
                0x20000000                usRegHoldingBuf
                0x20000004                REG_INPUT_START
                0x20000005                REG_HOLDING_START
                0x20000006                REG_INPUT_NREGS
                0x20000007                REG_HOLDING_NREGS
                0x20000008                usRegInputStart
                0x20000009                usRegHoldingStart
 .data          0x2000000c       0x84 ..\obj\mb.o
 .data          0x20000090       0x1c ..\obj\usbd_usr.o
                0x20000090                USR_cb
 .data          0x200000ac       0x30 ..\obj\usbd_core.o
                0x200000ac                USBD_DCD_INT_cb
                0x200000d8                USBD_DCD_INT_fops
 .data          0x200000dc       0x10 ..\obj\stm32f4xx_rcc.o
 .data          0x200000ec       0x30 ..\obj\display.o
                0x200000ec                drying_states
 .data          0x2000011c        0x4 ..\obj\tasks.o
 .data          0x20000120       0x40 ..\obj\usbd_desc.o
                0x20000120                USR_desc
                0x2000013c                USBD_DeviceDesc
                0x20000150                USBD_DeviceQualifierDesc
                0x2000015c                USBD_LangIDDesc
 .data          0x20000160       0x14 ..\obj\usbd_cdc_vcp.o
                0x20000160                VCP_fops
 .data          0x20000174       0x14 ..\obj\system_stm32f4xx.o
                0x20000174                SystemCoreClock
                0x20000178                AHBPrescTable
 .data          0x20000188        0x4 ..\obj\port.o
 .data          0x2000018c       0x74 ..\obj\usbd_cdc_core.o
                0x2000018c                usbd_cdc_CfgDesc
                0x200001d4                USBD_CDC_cb
                0x20000200                . = ALIGN (0x4)
                0x20000200                _edata = .

.bss            0x20000200     0x3544 load address 0x0800fae8
                0x20000200                _sbss = .
 *(.bss .bss.*)
 .bss           0x20000200       0x10 ..\obj\delay.o
                0x20000200                TimingDelay
                0x20000204                Time
                0x20000208                Time2
                0x2000020c                DELAY_Initialized
 .bss           0x20000210      0x100 ..\obj\mbport.o
 .bss           0x20000310       0x24 ..\obj\mb.o
 .bss           0x20000334        0x2 ..\obj\portevent.o
 *fill*         0x20000336        0x2 00
 .bss           0x20000338       0x24 ..\obj\mbfuncother.o
 .bss           0x2000035c        0x8 ..\obj\phaze_detector.o
 .bss           0x20000364       0x24 ..\obj\display.o
 .bss           0x20000388      0x100 ..\obj\tasks.o
                0x20000388                pxCurrentTCB
 .bss           0x20000488        0x2 ..\obj\keyboard.o
 *fill*         0x2000048a        0x2 00
 .bss           0x2000048c        0xc ..\obj\mbrtu.o
 .bss           0x20000498       0x10 ..\obj\usbd_req.o
                0x20000498                USBD_ep_status
                0x2000049c                USBD_default_cfg
                0x200004a0                USBD_cfg_status
 .bss           0x200004a8        0x1 ..\obj\portserial.o
 *fill*         0x200004a9        0x3 00
 .bss           0x200004ac       0x20 ..\obj\usbd_cdc_core.o
                0x200004b0                APP_Rx_ptr_in
                0x200004b4                APP_Rx_ptr_out
                0x200004b8                APP_Rx_length
                0x200004bc                USB_Tx_State
 *fill*         0x200004cc        0x4 00
 .bss           0x200004d0     0x1c08 ..\obj\heap_1.o
 *(COMMON)
 COMMON         0x200020d8       0x14 ..\obj\mb.o
                0x200020d8                pxMBFrameCBTransmitterEmpty
                0x200020dc                pxMBPortCBTimerExpired
                0x200020e0                pxMBFrameCBByteReceived
                0x200020e4                pxMBFrameCBTransmitFSMCur
                0x200020e8                pxMBFrameCBReceiveFSMCur
 COMMON         0x200020ec       0x20 ..\obj\pid_regulator.o
                0x200020ec                pid_heater
                0x20002108                PID_Regulator_Task_Handle
 COMMON         0x2000210c        0x6 ..\obj\buzzer.o
                0x2000210c                xBuzzer_Handle
                0x20002110                buzz
 *fill*         0x20002112        0x2 00
 COMMON         0x20002114       0x10 ..\obj\ADS1120.o
                0x20002114                ADC_result
                0x20002118                adc_reg
                0x2000211c                xSPI_Buf_Mutex
                0x20002120                ADC_result_temp
 COMMON         0x20002124      0x5f0 ..\obj\main.o
                0x20002124                USB_OTG_dev
 COMMON         0x20002714      0x494 ..\obj\uks.o
                0x20002714                uks_channels
 COMMON         0x20002ba8       0x10 ..\obj\phaze_detector.o
                0x20002ba8                Heater_Control_Task_Handle
                0x20002bac                xPhazeSemaphore
                0x20002bb0                phaze_detect
 COMMON         0x20002bb8       0x48 ..\obj\watchdog.o
                0x20002bb8                task_watches
 COMMON         0x20002c00        0x7 ..\obj\hd44780.o
                0x20002c00                HD44780_Opts
 *fill*         0x20002c07        0x1 00
 COMMON         0x20002c08       0x88 ..\obj\usbd_cdc_vcp.o
                0x20002c08                APP_Tx_Buffer
                0x20002c88                APP_tx_ptr_tail
                0x20002c8c                APP_tx_ptr_head
 COMMON         0x20002c90      0x100 ..\obj\mbrtu.o
                0x20002c90                ucRTUBuf
 COMMON         0x20002d90       0xf2 ..\obj\adc.o
                0x20002d90                xMeasure_LM35_Semaphore
                0x20002d94                adc_lm35_chnl
 *fill*         0x20002e82        0x2 00
 COMMON         0x20002e84       0x32 ..\obj\usbd_req.o
                0x20002e84                USBD_StrDesc
 *fill*         0x20002eb6        0x2 00
 COMMON         0x20002eb8      0x88c ..\obj\usbd_cdc_core.o
                0x20002eb8                usbd_cdc_OtherCfgDesc
                0x20002efc                USB_Rx_Buffer
                0x20002f3c                CmdBuff
                0x20002f44                APP_Rx_Buffer
                0x20003744                . = ALIGN (0x4)
                0x20003744                _ebss = .

.co_stack       0x20003744      0x804 load address 0x0801302c
                0x20003748                . = ALIGN (0x8)
 *fill*         0x20003744        0x4 00
 *(.co_stack .co_stack.*)
 .co_stack      0x20003748      0x800 ..\obj\startup_stm32f4xx.o
                0x20003748                pulStack
                0x20003f48                . = ALIGN (0x4)
                0x20003f48                _end = .
LOAD ..\obj\stm32f4xx_syscfg.o
LOAD ..\obj\usb_core.o
LOAD ..\obj\delay.o
LOAD ..\obj\mbport.o
LOAD ..\obj\mb.o
LOAD ..\obj\pid_regulator.o
LOAD ..\obj\protocol.o
LOAD ..\obj\mbfuncdisc.o
LOAD ..\obj\usbd_usr.o
LOAD ..\obj\portevent.o
LOAD ..\obj\buzzer.o
LOAD ..\obj\mbfuncother.o
LOAD ..\obj\time_forecast.o
LOAD ..\obj\stm32f4xx_usart.o
LOAD ..\obj\stm32f4xx_pwr.o
LOAD ..\obj\mbutils.o
LOAD ..\obj\startup_stm32f4xx.o
LOAD ..\obj\backup_sram.o
LOAD ..\obj\stm32f4xx_iwdg.o
LOAD ..\obj\ADS1120.o
LOAD ..\obj\mbfuncholding.o
LOAD ..\obj\usbd_core.o
LOAD ..\obj\main.o
LOAD ..\obj\mbcrc.o
LOAD ..\obj\uks.o
LOAD ..\obj\stm32f4xx_rcc.o
LOAD ..\obj\timers.o
LOAD ..\obj\stm32f4xx_adc.o
LOAD ..\obj\mbfuncinput.o
LOAD ..\obj\printf.o
LOAD ..\obj\phaze_detector.o
LOAD ..\obj\watchdog.o
LOAD ..\obj\mbfuncdiag.o
LOAD ..\obj\display.o
LOAD ..\obj\hd44780.o
LOAD ..\obj\tasks.o
LOAD ..\obj\usbd_desc.o
LOAD ..\obj\keyboard.o
LOAD ..\obj\stm32f4xx_gpio.o
LOAD ..\obj\porttimer.o
LOAD ..\obj\usbd_cdc_vcp.o
LOAD ..\obj\list.o
LOAD ..\obj\mbrtu.o
LOAD ..\obj\system_stm32f4xx.o
LOAD ..\obj\syscalls.o
LOAD ..\obj\adc.o
LOAD ..\obj\usb_bsp.o
LOAD ..\obj\usbd_req.o
LOAD ..\obj\queue.o
LOAD ..\obj\port.o
LOAD ..\obj\usb_dcd_int.o
LOAD ..\obj\portserial.o
LOAD ..\obj\usbd_cdc_core.o
LOAD ..\obj\croutine.o
LOAD ..\obj\timer_properties.o
LOAD ..\obj\stm32f4xx_spi.o
LOAD ..\obj\mbfunccoils.o
LOAD ..\obj\stm32f4xx_exti.o
LOAD ..\obj\misc.o
LOAD ..\obj\usb_dcd.o
LOAD ..\obj\heap_1.o
LOAD ..\obj\stm32f4xx_rtc.o
LOAD ..\obj\usbd_ioreq.o
LOAD ..\obj\mbascii.o
LOAD ..\obj\stm32f4xx_tim.o
LOAD ..\obj\power_detector.o
LOAD c:/coocox/coide/gcc/sourcery g++ lite/bin/../lib/gcc/arm-none-eabi/4.5.1/../../../../arm-none-eabi/lib/thumb2\libm.a
LOAD c:/coocox/coide/gcc/sourcery g++ lite/bin/../lib/gcc/arm-none-eabi/4.5.1/thumb2\libgcc.a
LOAD c:/coocox/coide/gcc/sourcery g++ lite/bin/../lib/gcc/arm-none-eabi/4.5.1/../../../../arm-none-eabi/lib/thumb2\libc.a
START GROUP
LOAD c:/coocox/coide/gcc/sourcery g++ lite/bin/../lib/gcc/arm-none-eabi/4.5.1/thumb2\libgcc.a
LOAD c:/coocox/coide/gcc/sourcery g++ lite/bin/../lib/gcc/arm-none-eabi/4.5.1/../../../../arm-none-eabi/lib/thumb2\libc.a
END GROUP
OUTPUT(stm32f2_uks.elf elf32-littlearm)

.debug_abbrev   0x00000000     0x5522
 .debug_abbrev  0x00000000      0x12a ..\obj\stm32f4xx_syscfg.o
 .debug_abbrev  0x0000012a      0x277 ..\obj\usb_core.o
 .debug_abbrev  0x000003a1      0x125 ..\obj\delay.o
 .debug_abbrev  0x000004c6      0x15f ..\obj\mbport.o
 .debug_abbrev  0x00000625      0x164 ..\obj\mb.o
 .debug_abbrev  0x00000789      0x1be ..\obj\pid_regulator.o
 .debug_abbrev  0x00000947      0x100 ..\obj\protocol.o
 .debug_abbrev  0x00000a47       0xa5 ..\obj\mbfuncdisc.o
 .debug_abbrev  0x00000aec       0xd9 ..\obj\usbd_usr.o
 .debug_abbrev  0x00000bc5       0xbc ..\obj\portevent.o
 .debug_abbrev  0x00000c81      0x14a ..\obj\buzzer.o
 .debug_abbrev  0x00000dcb       0xbe ..\obj\mbfuncother.o
 .debug_abbrev  0x00000e89       0x77 ..\obj\time_forecast.o
 .debug_abbrev  0x00000f00      0x14e ..\obj\stm32f4xx_usart.o
 .debug_abbrev  0x0000104e      0x175 ..\obj\stm32f4xx_pwr.o
 .debug_abbrev  0x000011c3       0xd2 ..\obj\mbutils.o
 .debug_abbrev  0x00001295       0xac ..\obj\startup_stm32f4xx.o
 .debug_abbrev  0x00001341      0x134 ..\obj\backup_sram.o
 .debug_abbrev  0x00001475       0xfa ..\obj\stm32f4xx_iwdg.o
 .debug_abbrev  0x0000156f      0x192 ..\obj\ADS1120.o
 .debug_abbrev  0x00001701       0xa5 ..\obj\mbfuncholding.o
 .debug_abbrev  0x000017a6      0x1f4 ..\obj\usbd_core.o
 .debug_abbrev  0x0000199a      0x1c9 ..\obj\main.o
 .debug_abbrev  0x00001b63       0xa8 ..\obj\mbcrc.o
 .debug_abbrev  0x00001c0b      0x1e1 ..\obj\uks.o
 .debug_abbrev  0x00001dec      0x1b7 ..\obj\stm32f4xx_rcc.o
 .debug_abbrev  0x00001fa3       0x28 ..\obj\timers.o
 .debug_abbrev  0x00001fcb      0x189 ..\obj\stm32f4xx_adc.o
 .debug_abbrev  0x00002154       0xa5 ..\obj\mbfuncinput.o
 .debug_abbrev  0x000021f9      0x238 ..\obj\printf.o
 .debug_abbrev  0x00002431      0x1d5 ..\obj\phaze_detector.o
 .debug_abbrev  0x00002606      0x120 ..\obj\watchdog.o
 .debug_abbrev  0x00002726        0x1 ..\obj\mbfuncdiag.o
 .debug_abbrev  0x00002727      0x162 ..\obj\display.o
 .debug_abbrev  0x00002889      0x1d9 ..\obj\hd44780.o
 .debug_abbrev  0x00002a62      0x193 ..\obj\tasks.o
 .debug_abbrev  0x00002bf5      0x10c ..\obj\usbd_desc.o
 .debug_abbrev  0x00002d01      0x17e ..\obj\keyboard.o
 .debug_abbrev  0x00002e7f      0x182 ..\obj\stm32f4xx_gpio.o
 .debug_abbrev  0x00003001      0x137 ..\obj\porttimer.o
 .debug_abbrev  0x00003138      0x143 ..\obj\usbd_cdc_vcp.o
 .debug_abbrev  0x0000327b       0xb6 ..\obj\list.o
 .debug_abbrev  0x00003331      0x1bc ..\obj\mbrtu.o
 .debug_abbrev  0x000034ed      0x140 ..\obj\system_stm32f4xx.o
 .debug_abbrev  0x0000362d       0xde ..\obj\syscalls.o
 .debug_abbrev  0x0000370b      0x1a9 ..\obj\adc.o
 .debug_abbrev  0x000038b4      0x1db ..\obj\usb_bsp.o
 .debug_abbrev  0x00003a8f      0x253 ..\obj\usbd_req.o
 .debug_abbrev  0x00003ce2      0x109 ..\obj\queue.o
 .debug_abbrev  0x00003deb      0x120 ..\obj\port.o
 .debug_abbrev  0x00003f0b      0x210 ..\obj\usb_dcd_int.o
 .debug_abbrev  0x0000411b      0x1c2 ..\obj\portserial.o
 .debug_abbrev  0x000042dd      0x1e1 ..\obj\usbd_cdc_core.o
 .debug_abbrev  0x000044be      0x186 ..\obj\croutine.o
 .debug_abbrev  0x00004644      0x106 ..\obj\timer_properties.o
 .debug_abbrev  0x0000474a      0x160 ..\obj\stm32f4xx_spi.o
 .debug_abbrev  0x000048aa       0xb7 ..\obj\mbfunccoils.o
 .debug_abbrev  0x00004961      0x198 ..\obj\stm32f4xx_exti.o
 .debug_abbrev  0x00004af9      0x126 ..\obj\misc.o
 .debug_abbrev  0x00004c1f      0x208 ..\obj\usb_dcd.o
 .debug_abbrev  0x00004e27      0x116 ..\obj\heap_1.o
 .debug_abbrev  0x00004f3d      0x16b ..\obj\stm32f4xx_rtc.o
 .debug_abbrev  0x000050a8      0x165 ..\obj\usbd_ioreq.o
 .debug_abbrev  0x0000520d       0x4d ..\obj\mbascii.o
 .debug_abbrev  0x0000525a      0x163 ..\obj\stm32f4xx_tim.o
 .debug_abbrev  0x000053bd      0x165 ..\obj\power_detector.o

.debug_info     0x00000000    0x21f74
 .debug_info    0x00000000      0x27a ..\obj\stm32f4xx_syscfg.o
 .debug_info    0x0000027a     0x27fc ..\obj\usb_core.o
 .debug_info    0x00002a76      0x777 ..\obj\delay.o
 .debug_info    0x000031ed      0x663 ..\obj\mbport.o
 .debug_info    0x00003850      0x62f ..\obj\mb.o
 .debug_info    0x00003e7f      0x794 ..\obj\pid_regulator.o
 .debug_info    0x00004613      0x21d ..\obj\protocol.o
 .debug_info    0x00004830      0x1ee ..\obj\mbfuncdisc.o
 .debug_info    0x00004a1e      0x1c5 ..\obj\usbd_usr.o
 .debug_info    0x00004be3      0x188 ..\obj\portevent.o
 .debug_info    0x00004d6b      0x489 ..\obj\buzzer.o
 .debug_info    0x000051f4      0x25c ..\obj\mbfuncother.o
 .debug_info    0x00005450       0xe4 ..\obj\time_forecast.o
 .debug_info    0x00005534      0xa4f ..\obj\stm32f4xx_usart.o
 .debug_info    0x00005f83      0x53e ..\obj\stm32f4xx_pwr.o
 .debug_info    0x000064c1      0x2c6 ..\obj\mbutils.o
 .debug_info    0x00006787      0x147 ..\obj\startup_stm32f4xx.o
 .debug_info    0x000068ce      0x393 ..\obj\backup_sram.o
 .debug_info    0x00006c61      0x20b ..\obj\stm32f4xx_iwdg.o
 .debug_info    0x00006e6c      0x907 ..\obj\ADS1120.o
 .debug_info    0x00007773      0x383 ..\obj\mbfuncholding.o
 .debug_info    0x00007af6      0xff8 ..\obj\usbd_core.o
 .debug_info    0x00008aee      0xf7e ..\obj\main.o
 .debug_info    0x00009a6c      0x166 ..\obj\mbcrc.o
 .debug_info    0x00009bd2      0x8f3 ..\obj\uks.o
 .debug_info    0x0000a4c5      0xd24 ..\obj\stm32f4xx_rcc.o
 .debug_info    0x0000b1e9       0x4c ..\obj\timers.o
 .debug_info    0x0000b235      0xcf5 ..\obj\stm32f4xx_adc.o
 .debug_info    0x0000bf2a      0x1e0 ..\obj\mbfuncinput.o
 .debug_info    0x0000c10a      0xed2 ..\obj\printf.o
 .debug_info    0x0000cfdc      0xd0a ..\obj\phaze_detector.o
 .debug_info    0x0000dce6      0x199 ..\obj\watchdog.o
 .debug_info    0x0000de7f        0x0 ..\obj\mbfuncdiag.o
 .debug_info    0x0000de7f      0x558 ..\obj\display.o
 .debug_info    0x0000e3d7      0x90c ..\obj\hd44780.o
 .debug_info    0x0000ece3      0xd75 ..\obj\tasks.o
 .debug_info    0x0000fa58      0x3a7 ..\obj\usbd_desc.o
 .debug_info    0x0000fdff      0x697 ..\obj\keyboard.o
 .debug_info    0x00010496      0x639 ..\obj\stm32f4xx_gpio.o
 .debug_info    0x00010acf      0x6e8 ..\obj\porttimer.o
 .debug_info    0x000111b7      0x3a6 ..\obj\usbd_cdc_vcp.o
 .debug_info    0x0001155d      0x2a6 ..\obj\list.o
 .debug_info    0x00011803      0xf98 ..\obj\mbrtu.o
 .debug_info    0x0001279b      0x5ea ..\obj\system_stm32f4xx.o
 .debug_info    0x00012d85      0x440 ..\obj\syscalls.o
 .debug_info    0x000131c5      0x950 ..\obj\adc.o
 .debug_info    0x00013b15     0x113d ..\obj\usb_bsp.o
 .debug_info    0x00014c52     0x111b ..\obj\usbd_req.o
 .debug_info    0x00015d6d      0x7c1 ..\obj\queue.o
 .debug_info    0x0001652e      0x1d7 ..\obj\port.o
 .debug_info    0x00016705     0x2027 ..\obj\usb_dcd_int.o
 .debug_info    0x0001872c      0xdae ..\obj\portserial.o
 .debug_info    0x000194da     0x1109 ..\obj\usbd_cdc_core.o
 .debug_info    0x0001a5e3      0x4af ..\obj\croutine.o
 .debug_info    0x0001aa92      0x4d1 ..\obj\timer_properties.o
 .debug_info    0x0001af63      0xbcc ..\obj\stm32f4xx_spi.o
 .debug_info    0x0001bb2f      0x313 ..\obj\mbfunccoils.o
 .debug_info    0x0001be42      0x372 ..\obj\stm32f4xx_exti.o
 .debug_info    0x0001c1b4      0x594 ..\obj\misc.o
 .debug_info    0x0001c748     0x1184 ..\obj\usb_dcd.o
 .debug_info    0x0001d8cc      0x186 ..\obj\heap_1.o
 .debug_info    0x0001da52     0x1223 ..\obj\stm32f4xx_rtc.o
 .debug_info    0x0001ec75      0xde4 ..\obj\usbd_ioreq.o
 .debug_info    0x0001fa59       0x9b ..\obj\mbascii.o
 .debug_info    0x0001faf4     0x1e28 ..\obj\stm32f4xx_tim.o
 .debug_info    0x0002191c      0x658 ..\obj\power_detector.o

.debug_line     0x00000000     0xc299
 .debug_line    0x00000000      0x1e7 ..\obj\stm32f4xx_syscfg.o
 .debug_line    0x000001e7      0x6b4 ..\obj\usb_core.o
 .debug_line    0x0000089b      0x2a5 ..\obj\delay.o
 .debug_line    0x00000b40      0x372 ..\obj\mbport.o
 .debug_line    0x00000eb2      0x2df ..\obj\mb.o
 .debug_line    0x00001191      0x3c5 ..\obj\pid_regulator.o
 .debug_line    0x00001556      0x239 ..\obj\protocol.o
 .debug_line    0x0000178f      0x1f0 ..\obj\mbfuncdisc.o
 .debug_line    0x0000197f      0x1b1 ..\obj\usbd_usr.o
 .debug_line    0x00001b30      0x1e5 ..\obj\portevent.o
 .debug_line    0x00001d15      0x2c9 ..\obj\buzzer.o
 .debug_line    0x00001fde      0x25c ..\obj\mbfuncother.o
 .debug_line    0x0000223a      0x131 ..\obj\time_forecast.o
 .debug_line    0x0000236b      0x478 ..\obj\stm32f4xx_usart.o
 .debug_line    0x000027e3      0x284 ..\obj\stm32f4xx_pwr.o
 .debug_line    0x00002a67      0x264 ..\obj\mbutils.o
 .debug_line    0x00002ccb       0xa6 ..\obj\startup_stm32f4xx.o
 .debug_line    0x00002d71      0x1db ..\obj\backup_sram.o
 .debug_line    0x00002f4c      0x1de ..\obj\stm32f4xx_iwdg.o
 .debug_line    0x0000312a      0x38a ..\obj\ADS1120.o
 .debug_line    0x000034b4      0x27e ..\obj\mbfuncholding.o
 .debug_line    0x00003732      0x305 ..\obj\usbd_core.o
 .debug_line    0x00003a37      0x302 ..\obj\main.o
 .debug_line    0x00003d39      0x17a ..\obj\mbcrc.o
 .debug_line    0x00003eb3      0x4fc ..\obj\uks.o
 .debug_line    0x000043af      0x574 ..\obj\stm32f4xx_rcc.o
 .debug_line    0x00004923       0x1d ..\obj\timers.o
 .debug_line    0x00004940      0x528 ..\obj\stm32f4xx_adc.o
 .debug_line    0x00004e68      0x1e6 ..\obj\mbfuncinput.o
 .debug_line    0x0000504e      0x3c6 ..\obj\printf.o
 .debug_line    0x00005414      0x403 ..\obj\phaze_detector.o
 .debug_line    0x00005817      0x1bf ..\obj\watchdog.o
 .debug_line    0x000059d6        0x0 ..\obj\mbfuncdiag.o
 .debug_line    0x000059d6      0x27b ..\obj\display.o
 .debug_line    0x00005c51      0x439 ..\obj\hd44780.o
 .debug_line    0x0000608a      0x792 ..\obj\tasks.o
 .debug_line    0x0000681c      0x1f7 ..\obj\usbd_desc.o
 .debug_line    0x00006a13      0x283 ..\obj\keyboard.o
 .debug_line    0x00006c96      0x313 ..\obj\stm32f4xx_gpio.o
 .debug_line    0x00006fa9      0x2c4 ..\obj\porttimer.o
 .debug_line    0x0000726d      0x20d ..\obj\usbd_cdc_vcp.o
 .debug_line    0x0000747a      0x1a6 ..\obj\list.o
 .debug_line    0x00007620      0x2eb ..\obj\mbrtu.o
 .debug_line    0x0000790b      0x200 ..\obj\system_stm32f4xx.o
 .debug_line    0x00007b0b      0x194 ..\obj\syscalls.o
 .debug_line    0x00007c9f      0x3e8 ..\obj\adc.o
 .debug_line    0x00008087      0x29d ..\obj\usb_bsp.o
 .debug_line    0x00008324      0x3c1 ..\obj\usbd_req.o
 .debug_line    0x000086e5      0x4ff ..\obj\queue.o
 .debug_line    0x00008be4      0x1bd ..\obj\port.o
 .debug_line    0x00008da1      0x3b0 ..\obj\usb_dcd_int.o
 .debug_line    0x00009151      0x282 ..\obj\portserial.o
 .debug_line    0x000093d3      0x2b5 ..\obj\usbd_cdc_core.o
 .debug_line    0x00009688      0x274 ..\obj\croutine.o
 .debug_line    0x000098fc      0x2e1 ..\obj\timer_properties.o
 .debug_line    0x00009bdd      0x428 ..\obj\stm32f4xx_spi.o
 .debug_line    0x0000a005      0x256 ..\obj\mbfunccoils.o
 .debug_line    0x0000a25b      0x27d ..\obj\stm32f4xx_exti.o
 .debug_line    0x0000a4d8      0x219 ..\obj\misc.o
 .debug_line    0x0000a6f1      0x323 ..\obj\usb_dcd.o
 .debug_line    0x0000aa14      0x135 ..\obj\heap_1.o
 .debug_line    0x0000ab49      0x7eb ..\obj\stm32f4xx_rtc.o
 .debug_line    0x0000b334      0x20d ..\obj\usbd_ioreq.o
 .debug_line    0x0000b541       0xd5 ..\obj\mbascii.o
 .debug_line    0x0000b616      0xa4d ..\obj\stm32f4xx_tim.o
 .debug_line    0x0000c063      0x236 ..\obj\power_detector.o

.debug_loc      0x00000000     0x95ff
 .debug_loc     0x00000000      0x144 ..\obj\stm32f4xx_syscfg.o
 .debug_loc     0x00000144      0x7e0 ..\obj\usb_core.o
 .debug_loc     0x00000924       0xe8 ..\obj\delay.o
 .debug_loc     0x00000a0c      0x138 ..\obj\mbport.o
 .debug_loc     0x00000b44      0x150 ..\obj\mb.o
 .debug_loc     0x00000c94      0x10c ..\obj\pid_regulator.o
 .debug_loc     0x00000da0       0x70 ..\obj\protocol.o
 .debug_loc     0x00000e10       0x38 ..\obj\mbfuncdisc.o
 .debug_loc     0x00000e48       0xe8 ..\obj\usbd_usr.o
 .debug_loc     0x00000f30       0x9c ..\obj\portevent.o
 .debug_loc     0x00000fcc       0xa8 ..\obj\buzzer.o
 .debug_loc     0x00001074       0x70 ..\obj\mbfuncother.o
 .debug_loc     0x000010e4       0x38 ..\obj\time_forecast.o
 .debug_loc     0x0000111c      0x658 ..\obj\stm32f4xx_usart.o
 .debug_loc     0x00001774      0x288 ..\obj\stm32f4xx_pwr.o
 .debug_loc     0x000019fc       0xa8 ..\obj\mbutils.o
 .debug_loc     0x00001aa4       0x64 ..\obj\startup_stm32f4xx.o
 .debug_loc     0x00001b08       0x64 ..\obj\backup_sram.o
 .debug_loc     0x00001b6c      0x138 ..\obj\stm32f4xx_iwdg.o
 .debug_loc     0x00001ca4      0x144 ..\obj\ADS1120.o
 .debug_loc     0x00001de8       0xe0 ..\obj\mbfuncholding.o
 .debug_loc     0x00001ec8      0x2d8 ..\obj\usbd_core.o
 .debug_loc     0x000021a0      0x10c ..\obj\main.o
 .debug_loc     0x000022ac       0x38 ..\obj\mbcrc.o
 .debug_loc     0x000022e4      0x188 ..\obj\uks.o
 .debug_loc     0x0000246c      0x97c ..\obj\stm32f4xx_rcc.o
 .debug_loc     0x00002de8      0x838 ..\obj\stm32f4xx_adc.o
 .debug_loc     0x00003620       0x38 ..\obj\mbfuncinput.o
 .debug_loc     0x00003658      0x3ea ..\obj\printf.o
 .debug_loc     0x00003a42      0x164 ..\obj\phaze_detector.o
 .debug_loc     0x00003ba6       0x70 ..\obj\watchdog.o
 .debug_loc     0x00003c16       0x70 ..\obj\display.o
 .debug_loc     0x00003c86      0x42c ..\obj\hd44780.o
 .debug_loc     0x000040b2      0x708 ..\obj\tasks.o
 .debug_loc     0x000047ba      0x188 ..\obj\usbd_desc.o
 .debug_loc     0x00004942       0x70 ..\obj\keyboard.o
 .debug_loc     0x000049b2      0x310 ..\obj\stm32f4xx_gpio.o
 .debug_loc     0x00004cc2       0xbc ..\obj\porttimer.o
 .debug_loc     0x00004d7e      0x138 ..\obj\usbd_cdc_vcp.o
 .debug_loc     0x00004eb6      0x118 ..\obj\list.o
 .debug_loc     0x00004fce      0x1a8 ..\obj\mbrtu.o
 .debug_loc     0x00005176       0x9c ..\obj\system_stm32f4xx.o
 .debug_loc     0x00005212      0x1ec ..\obj\syscalls.o
 .debug_loc     0x000053fe       0xa9 ..\obj\adc.o
 .debug_loc     0x000054a7      0x138 ..\obj\usb_bsp.o
 .debug_loc     0x000055df      0x310 ..\obj\usbd_req.o
 .debug_loc     0x000058ef      0x3b8 ..\obj\queue.o
 .debug_loc     0x00005ca7      0x178 ..\obj\port.o
 .debug_loc     0x00005e1f      0x2d8 ..\obj\usb_dcd_int.o
 .debug_loc     0x000060f7      0x170 ..\obj\portserial.o
 .debug_loc     0x00006267      0x224 ..\obj\usbd_cdc_core.o
 .debug_loc     0x0000648b      0x188 ..\obj\croutine.o
 .debug_loc     0x00006613       0xe0 ..\obj\timer_properties.o
 .debug_loc     0x000066f3      0x578 ..\obj\stm32f4xx_spi.o
 .debug_loc     0x00006c6b       0xa8 ..\obj\mbfunccoils.o
 .debug_loc     0x00006d13      0x1b4 ..\obj\stm32f4xx_exti.o
 .debug_loc     0x00006ec7      0x118 ..\obj\misc.o
 .debug_loc     0x00006fdf      0x2d8 ..\obj\usb_dcd.o
 .debug_loc     0x000072b7       0xc8 ..\obj\heap_1.o
 .debug_loc     0x0000737f      0xc48 ..\obj\stm32f4xx_rtc.o
 .debug_loc     0x00007fc7      0x188 ..\obj\usbd_ioreq.o
 .debug_loc     0x0000814f     0x1420 ..\obj\stm32f4xx_tim.o
 .debug_loc     0x0000956f       0x90 ..\obj\power_detector.o

.debug_pubnames
                0x00000000     0x40d1
 .debug_pubnames
                0x00000000       0xc3 ..\obj\stm32f4xx_syscfg.o
 .debug_pubnames
                0x000000c3      0x364 ..\obj\usb_core.o
 .debug_pubnames
                0x00000427       0xc4 ..\obj\delay.o
 .debug_pubnames
                0x000004eb      0x126 ..\obj\mbport.o
 .debug_pubnames
                0x00000611       0xf8 ..\obj\mb.o
 .debug_pubnames
                0x00000709       0x8c ..\obj\pid_regulator.o
 .debug_pubnames
                0x00000795       0x24 ..\obj\protocol.o
 .debug_pubnames
                0x000007b9       0x30 ..\obj\mbfuncdisc.o
 .debug_pubnames
                0x000007e9       0x9e ..\obj\usbd_usr.o
 .debug_pubnames
                0x00000887       0x50 ..\obj\portevent.o
 .debug_pubnames
                0x000008d7       0x62 ..\obj\buzzer.o
 .debug_pubnames
                0x00000939       0x3d ..\obj\mbfuncother.o
 .debug_pubnames
                0x00000976       0x2d ..\obj\time_forecast.o
 .debug_pubnames
                0x000009a3      0x294 ..\obj\stm32f4xx_usart.o
 .debug_pubnames
                0x00000c37      0x120 ..\obj\stm32f4xx_pwr.o
 .debug_pubnames
                0x00000d57       0x52 ..\obj\mbutils.o
 .debug_pubnames
                0x00000da9       0x4a ..\obj\startup_stm32f4xx.o
 .debug_pubnames
                0x00000df3       0x41 ..\obj\backup_sram.o
 .debug_pubnames
                0x00000e34       0x91 ..\obj\stm32f4xx_iwdg.o
 .debug_pubnames
                0x00000ec5       0x9f ..\obj\ADS1120.o
 .debug_pubnames
                0x00000f64       0xa5 ..\obj\mbfuncholding.o
 .debug_pubnames
                0x00001009       0x7a ..\obj\usbd_core.o
 .debug_pubnames
                0x00001083       0xa0 ..\obj\main.o
 .debug_pubnames
                0x00001123       0x20 ..\obj\mbcrc.o
 .debug_pubnames
                0x00001143       0xbe ..\obj\uks.o
 .debug_pubnames
                0x00001201      0x417 ..\obj\stm32f4xx_rcc.o
 .debug_pubnames
                0x00001618      0x446 ..\obj\stm32f4xx_adc.o
 .debug_pubnames
                0x00001a5e       0x2f ..\obj\mbfuncinput.o
 .debug_pubnames
                0x00001a8d      0x101 ..\obj\printf.o
 .debug_pubnames
                0x00001b8e       0xc9 ..\obj\phaze_detector.o
 .debug_pubnames
                0x00001c57       0x35 ..\obj\watchdog.o
 .debug_pubnames
                0x00001c8c       0x46 ..\obj\display.o
 .debug_pubnames
                0x00001cd2      0x1bb ..\obj\hd44780.o
 .debug_pubnames
                0x00001e8d      0x275 ..\obj\tasks.o
 .debug_pubnames
                0x00002102      0x152 ..\obj\usbd_desc.o
 .debug_pubnames
                0x00002254       0x24 ..\obj\keyboard.o
 .debug_pubnames
                0x00002278      0x12d ..\obj\stm32f4xx_gpio.o
 .debug_pubnames
                0x000023a5       0x6d ..\obj\porttimer.o
 .debug_pubnames
                0x00002412       0xa1 ..\obj\usbd_cdc_vcp.o
 .debug_pubnames
                0x000024b3       0x71 ..\obj\list.o
 .debug_pubnames
                0x00002524       0xc3 ..\obj\mbrtu.o
 .debug_pubnames
                0x000025e7       0x61 ..\obj\system_stm32f4xx.o
 .debug_pubnames
                0x00002648       0x71 ..\obj\syscalls.o
 .debug_pubnames
                0x000026b9       0x64 ..\obj\adc.o
 .debug_pubnames
                0x0000271d       0xa6 ..\obj\usb_bsp.o
 .debug_pubnames
                0x000027c3       0xd7 ..\obj\usbd_req.o
 .debug_pubnames
                0x0000289a      0x145 ..\obj\queue.o
 .debug_pubnames
                0x000029df      0x101 ..\obj\port.o
 .debug_pubnames
                0x00002ae0       0x2b ..\obj\usb_dcd_int.o
 .debug_pubnames
                0x00002b0b       0xab ..\obj\portserial.o
 .debug_pubnames
                0x00002bb6       0xe5 ..\obj\usbd_cdc_core.o
 .debug_pubnames
                0x00002c9b       0x96 ..\obj\croutine.o
 .debug_pubnames
                0x00002d31       0xb2 ..\obj\timer_properties.o
 .debug_pubnames
                0x00002de3      0x221 ..\obj\stm32f4xx_spi.o
 .debug_pubnames
                0x00003004       0x5a ..\obj\mbfunccoils.o
 .debug_pubnames
                0x0000305e       0xbb ..\obj\stm32f4xx_exti.o
 .debug_pubnames
                0x00003119       0x89 ..\obj\misc.o
 .debug_pubnames
                0x000031a2      0x100 ..\obj\usb_dcd.o
 .debug_pubnames
                0x000032a2       0x64 ..\obj\heap_1.o
 .debug_pubnames
                0x00003306      0x514 ..\obj\stm32f4xx_rtc.o
 .debug_pubnames
                0x0000381a       0xb6 ..\obj\usbd_ioreq.o
 .debug_pubnames
                0x000038d0      0x7c4 ..\obj\stm32f4xx_tim.o
 .debug_pubnames
                0x00004094       0x3d ..\obj\power_detector.o

.debug_pubtypes
                0x00000000     0x4899
 .debug_pubtypes
                0x00000000       0x6d ..\obj\stm32f4xx_syscfg.o
 .debug_pubtypes
                0x0000006d      0x675 ..\obj\usb_core.o
 .debug_pubtypes
                0x000006e2       0xb9 ..\obj\delay.o
 .debug_pubtypes
                0x0000079b       0xbb ..\obj\mbport.o
 .debug_pubtypes
                0x00000856      0x147 ..\obj\mb.o
 .debug_pubtypes
                0x0000099d      0x15c ..\obj\pid_regulator.o
 .debug_pubtypes
                0x00000af9       0x68 ..\obj\protocol.o
 .debug_pubtypes
                0x00000b61       0x62 ..\obj\mbfuncdisc.o
 .debug_pubtypes
                0x00000bc3       0x55 ..\obj\usbd_usr.o
 .debug_pubtypes
                0x00000c18       0x44 ..\obj\portevent.o
 .debug_pubtypes
                0x00000c5c       0xea ..\obj\buzzer.o
 .debug_pubtypes
                0x00000d46       0x82 ..\obj\mbfuncother.o
 .debug_pubtypes
                0x00000dc8       0x2b ..\obj\time_forecast.o
 .debug_pubtypes
                0x00000df3       0xcd ..\obj\stm32f4xx_usart.o
 .debug_pubtypes
                0x00000ec0       0x84 ..\obj\stm32f4xx_pwr.o
 .debug_pubtypes
                0x00000f44       0x6d ..\obj\mbutils.o
 .debug_pubtypes
                0x00000fb1       0x72 ..\obj\backup_sram.o
 .debug_pubtypes
                0x00001023       0x64 ..\obj\stm32f4xx_iwdg.o
 .debug_pubtypes
                0x00001087      0x147 ..\obj\ADS1120.o
 .debug_pubtypes
                0x000011ce       0x62 ..\obj\mbfuncholding.o
 .debug_pubtypes
                0x00001230      0x2df ..\obj\usbd_core.o
 .debug_pubtypes
                0x0000150f      0x2ce ..\obj\main.o
 .debug_pubtypes
                0x000017dd       0x40 ..\obj\mbcrc.o
 .debug_pubtypes
                0x0000181d       0xb8 ..\obj\uks.o
 .debug_pubtypes
                0x000018d5       0xaa ..\obj\stm32f4xx_rcc.o
 .debug_pubtypes
                0x0000197f       0x12 ..\obj\timers.o
 .debug_pubtypes
                0x00001991       0xc9 ..\obj\stm32f4xx_adc.o
 .debug_pubtypes
                0x00001a5a       0x62 ..\obj\mbfuncinput.o
 .debug_pubtypes
                0x00001abc      0x139 ..\obj\printf.o
 .debug_pubtypes
                0x00001bf5      0x204 ..\obj\phaze_detector.o
 .debug_pubtypes
                0x00001df9       0x53 ..\obj\watchdog.o
 .debug_pubtypes
                0x00001e4c       0x81 ..\obj\display.o
 .debug_pubtypes
                0x00001ecd       0xe6 ..\obj\hd44780.o
 .debug_pubtypes
                0x00001fb3      0x10c ..\obj\tasks.o
 .debug_pubtypes
                0x000020bf       0x5b ..\obj\usbd_desc.o
 .debug_pubtypes
                0x0000211a       0xfd ..\obj\keyboard.o
 .debug_pubtypes
                0x00002217       0xce ..\obj\stm32f4xx_gpio.o
 .debug_pubtypes
                0x000022e5       0xb6 ..\obj\porttimer.o
 .debug_pubtypes
                0x0000239b       0x6d ..\obj\usbd_cdc_vcp.o
 .debug_pubtypes
                0x00002408       0x7a ..\obj\list.o
 .debug_pubtypes
                0x00002482      0x2f5 ..\obj\mbrtu.o
 .debug_pubtypes
                0x00002777       0x73 ..\obj\system_stm32f4xx.o
 .debug_pubtypes
                0x000027ea       0xaa ..\obj\syscalls.o
 .debug_pubtypes
                0x00002894      0x19c ..\obj\adc.o
 .debug_pubtypes
                0x00002a30      0x333 ..\obj\usb_bsp.o
 .debug_pubtypes
                0x00002d63      0x2c8 ..\obj\usbd_req.o
 .debug_pubtypes
                0x0000302b       0xd4 ..\obj\queue.o
 .debug_pubtypes
                0x000030ff       0x33 ..\obj\port.o
 .debug_pubtypes
                0x00003132      0x5e1 ..\obj\usb_dcd_int.o
 .debug_pubtypes
                0x00003713      0x2b9 ..\obj\portserial.o
 .debug_pubtypes
                0x000039cc      0x2ae ..\obj\usbd_cdc_core.o
 .debug_pubtypes
                0x00003c7a       0xcd ..\obj\croutine.o
 .debug_pubtypes
                0x00003d47       0x93 ..\obj\timer_properties.o
 .debug_pubtypes
                0x00003dda       0xbc ..\obj\stm32f4xx_spi.o
 .debug_pubtypes
                0x00003e96       0x62 ..\obj\mbfunccoils.o
 .debug_pubtypes
                0x00003ef8       0xae ..\obj\stm32f4xx_exti.o
 .debug_pubtypes
                0x00003fa6       0x8c ..\obj\misc.o
 .debug_pubtypes
                0x00004032      0x307 ..\obj\usb_dcd.o
 .debug_pubtypes
                0x00004339       0x2c ..\obj\heap_1.o
 .debug_pubtypes
                0x00004365       0xd8 ..\obj\stm32f4xx_rtc.o
 .debug_pubtypes
                0x0000443d      0x295 ..\obj\usbd_ioreq.o
 .debug_pubtypes
                0x000046d2       0x1e ..\obj\mbascii.o
 .debug_pubtypes
                0x000046f0       0xe4 ..\obj\stm32f4xx_tim.o
 .debug_pubtypes
                0x000047d4       0xc5 ..\obj\power_detector.o

.debug_aranges  0x00000000     0x1be0
 .debug_aranges
                0x00000000       0x48 ..\obj\stm32f4xx_syscfg.o
 .debug_aranges
                0x00000048      0x138 ..\obj\usb_core.o
 .debug_aranges
                0x00000180       0x40 ..\obj\delay.o
 .debug_aranges
                0x000001c0       0x48 ..\obj\mbport.o
 .debug_aranges
                0x00000208       0x48 ..\obj\mb.o
 .debug_aranges
                0x00000250       0x40 ..\obj\pid_regulator.o
 .debug_aranges
                0x00000290       0x28 ..\obj\protocol.o
 .debug_aranges
                0x000002b8       0x20 ..\obj\mbfuncdisc.o
 .debug_aranges
                0x000002d8       0x40 ..\obj\usbd_usr.o
 .debug_aranges
                0x00000318       0x30 ..\obj\portevent.o
 .debug_aranges
                0x00000348       0x30 ..\obj\buzzer.o
 .debug_aranges
                0x00000378       0x28 ..\obj\mbfuncother.o
 .debug_aranges
                0x000003a0       0x20 ..\obj\time_forecast.o
 .debug_aranges
                0x000003c0      0x100 ..\obj\stm32f4xx_usart.o
 .debug_aranges
                0x000004c0       0x78 ..\obj\stm32f4xx_pwr.o
 .debug_aranges
                0x00000538       0x30 ..\obj\mbutils.o
 .debug_aranges
                0x00000568       0x28 ..\obj\startup_stm32f4xx.o
 .debug_aranges
                0x00000590       0x28 ..\obj\backup_sram.o
 .debug_aranges
                0x000005b8       0x48 ..\obj\stm32f4xx_iwdg.o
 .debug_aranges
                0x00000600       0x48 ..\obj\ADS1120.o
 .debug_aranges
                0x00000648       0x38 ..\obj\mbfuncholding.o
 .debug_aranges
                0x00000680       0x80 ..\obj\usbd_core.o
 .debug_aranges
                0x00000700       0x40 ..\obj\main.o
 .debug_aranges
                0x00000740       0x20 ..\obj\mbcrc.o
 .debug_aranges
                0x00000760       0x50 ..\obj\uks.o
 .debug_aranges
                0x000007b0      0x178 ..\obj\stm32f4xx_rcc.o
 .debug_aranges
                0x00000928      0x148 ..\obj\stm32f4xx_adc.o
 .debug_aranges
                0x00000a70       0x20 ..\obj\mbfuncinput.o
 .debug_aranges
                0x00000a90       0xa0 ..\obj\printf.o
 .debug_aranges
                0x00000b30       0x50 ..\obj\phaze_detector.o
 .debug_aranges
                0x00000b80       0x28 ..\obj\watchdog.o
 .debug_aranges
                0x00000ba8       0x28 ..\obj\display.o
 .debug_aranges
                0x00000bd0       0xc0 ..\obj\hd44780.o
 .debug_aranges
                0x00000c90      0x120 ..\obj\tasks.o
 .debug_aranges
                0x00000db0       0x50 ..\obj\usbd_desc.o
 .debug_aranges
                0x00000e00       0x28 ..\obj\keyboard.o
 .debug_aranges
                0x00000e28       0x88 ..\obj\stm32f4xx_gpio.o
 .debug_aranges
                0x00000eb0       0x38 ..\obj\porttimer.o
 .debug_aranges
                0x00000ee8       0x48 ..\obj\usbd_cdc_vcp.o
 .debug_aranges
                0x00000f30       0x40 ..\obj\list.o
 .debug_aranges
                0x00000f70       0x58 ..\obj\mbrtu.o
 .debug_aranges
                0x00000fc8       0x30 ..\obj\system_stm32f4xx.o
 .debug_aranges
                0x00000ff8       0x60 ..\obj\syscalls.o
 .debug_aranges
                0x00001058       0x30 ..\obj\adc.o
 .debug_aranges
                0x00001088       0x48 ..\obj\usb_bsp.o
 .debug_aranges
                0x000010d0       0x88 ..\obj\usbd_req.o
 .debug_aranges
                0x00001158       0xa0 ..\obj\queue.o
 .debug_aranges
                0x000011f8       0x70 ..\obj\port.o
 .debug_aranges
                0x00001268       0x80 ..\obj\usb_dcd_int.o
 .debug_aranges
                0x000012e8       0x50 ..\obj\portserial.o
 .debug_aranges
                0x00001338       0x68 ..\obj\usbd_cdc_core.o
 .debug_aranges
                0x000013a0       0x50 ..\obj\croutine.o
 .debug_aranges
                0x000013f0       0x38 ..\obj\timer_properties.o
 .debug_aranges
                0x00001428       0xe0 ..\obj\stm32f4xx_spi.o
 .debug_aranges
                0x00001508       0x30 ..\obj\mbfunccoils.o
 .debug_aranges
                0x00001538       0x58 ..\obj\stm32f4xx_exti.o
 .debug_aranges
                0x00001590       0x40 ..\obj\misc.o
 .debug_aranges
                0x000015d0       0x80 ..\obj\usb_dcd.o
 .debug_aranges
                0x00001650       0x38 ..\obj\heap_1.o
 .debug_aranges
                0x00001688      0x1e0 ..\obj\stm32f4xx_rtc.o
 .debug_aranges
                0x00001868       0x50 ..\obj\usbd_ioreq.o
 .debug_aranges
                0x000018b8      0x2f8 ..\obj\stm32f4xx_tim.o
 .debug_aranges
                0x00001bb0       0x30 ..\obj\power_detector.o

.debug_ranges   0x00000000     0x17f0
 .debug_ranges  0x00000000       0x38 ..\obj\stm32f4xx_syscfg.o
 .debug_ranges  0x00000038      0x128 ..\obj\usb_core.o