Archive member included because of file (symbol)

c:/coocox/coide/gcc/sourcery g++ lite/bin/../lib/gcc/arm-none-eabi/4.5.1/thumb2\libgcc.a(_arm_addsubdf3.o)
                              ..\obj\timer_properties.o (__aeabi_ui2d)
c:/coocox/coide/gcc/sourcery g++ lite/bin/../lib/gcc/arm-none-eabi/4.5.1/thumb2\libgcc.a(_arm_muldivdf3.o)
                              ..\obj\timer_properties.o (__aeabi_ddiv)
c:/coocox/coide/gcc/sourcery g++ lite/bin/../lib/gcc/arm-none-eabi/4.5.1/thumb2\libgcc.a(_arm_cmpdf2.o)
                              ..\obj\timer_properties.o (__aeabi_dcmpeq)
c:/coocox/coide/gcc/sourcery g++ lite/bin/../lib/gcc/arm-none-eabi/4.5.1/thumb2\libgcc.a(_arm_fixunsdfsi.o)
                              ..\obj\timer_properties.o (__aeabi_d2uiz)
c:/coocox/coide/gcc/sourcery g++ lite/bin/../lib/gcc/arm-none-eabi/4.5.1/../../../../arm-none-eabi/lib/thumb2\libc.a(lib_a-memcmp.o)
                              ..\obj\tasks.o (memcmp)
c:/coocox/coide/gcc/sourcery g++ lite/bin/../lib/gcc/arm-none-eabi/4.5.1/../../../../arm-none-eabi/lib/thumb2\libc.a(lib_a-memcpy.o)
                              ..\obj\queue.o (memcpy)
c:/coocox/coide/gcc/sourcery g++ lite/bin/../lib/gcc/arm-none-eabi/4.5.1/../../../../arm-none-eabi/lib/thumb2\libc.a(lib_a-memset.o)
                              ..\obj\tasks.o (memset)
c:/coocox/coide/gcc/sourcery g++ lite/bin/../lib/gcc/arm-none-eabi/4.5.1/../../../../arm-none-eabi/lib/thumb2\libc.a(lib_a-strlen.o)
                              ..\obj\adc.o (strlen)
c:/coocox/coide/gcc/sourcery g++ lite/bin/../lib/gcc/arm-none-eabi/4.5.1/../../../../arm-none-eabi/lib/thumb2\libc.a(lib_a-strncpy.o)
                              ..\obj\tasks.o (strncpy)

Allocating common symbols
Common symbol       size              file

uks_device          0x8               ..\obj\uks.o
ADC_result          0x4               ..\obj\ADS1120.o
xBuzzer_Handle      0x4               ..\obj\buzzer.o
adc_reg             0x1               ..\obj\ADS1120.o
HD44780_Opts        0x7               ..\obj\hd44780.o
usbd_cdc_OtherCfgDesc
                    0x43              ..\obj\usbd_cdc_core.o
xSPI_Buf_Mutex      0x4               ..\obj\ADS1120.o
buzz                0x2               ..\obj\buzzer.o
USB_Rx_Buffer       0x40              ..\obj\usbd_cdc_core.o
ADC_result_temp     0x4               ..\obj\ADS1120.o
CmdBuff             0x8               ..\obj\usbd_cdc_core.o
xKeySemaphore       0x4               ..\obj\keyboard.o
xKeyQueue           0x4               ..\obj\keyboard.o
USB_OTG_dev         0x5f0             ..\obj\main.o
adc_lm35_chnl       0x110             ..\obj\adc.o
mult                0x4               ..\obj\delay.o
APP_Rx_Buffer       0x800             ..\obj\usbd_cdc_core.o
task_watches        0x10              ..\obj\watchdog.o
USBD_StrDesc        0x32              ..\obj\usbd_req.o
phaze_detect        0x6               ..\obj\phaze_detector.o

Discarded input sections

 .text          0x00000000        0x0 ..\obj\stm32f4xx_syscfg.o
 .data          0x00000000        0x0 ..\obj\stm32f4xx_syscfg.o
 .bss           0x00000000        0x0 ..\obj\stm32f4xx_syscfg.o
 .text.SYSCFG_DeInit
                0x00000000       0x20 ..\obj\stm32f4xx_syscfg.o
 .text.SYSCFG_MemoryRemapConfig
                0x00000000       0x20 ..\obj\stm32f4xx_syscfg.o
 .text.SYSCFG_ETH_MediaInterfaceConfig
                0x00000000       0x20 ..\obj\stm32f4xx_syscfg.o
 .text.SYSCFG_CompensationCellCmd
                0x00000000       0x20 ..\obj\stm32f4xx_syscfg.o
 .text.SYSCFG_GetCompensationCellStatus
                0x00000000       0x3c ..\obj\stm32f4xx_syscfg.o
 .text          0x00000000        0x0 ..\obj\usb_core.o
 .data          0x00000000        0x0 ..\obj\usb_core.o
 .bss           0x00000000        0x0 ..\obj\usb_core.o
 .text.USB_OTG_IsHostMode
                0x00000000       0x24 ..\obj\usb_core.o
 .text.USB_OTG_ReadOtgItr
                0x00000000       0x1c ..\obj\usb_core.o
 .text.USB_OTG_ActiveRemoteWakeup
                0x00000000       0x9c ..\obj\usb_core.o
 .text.USB_OTG_StopDevice
                0x00000000       0x9c ..\obj\usb_core.o
 .text.USB_OTG_GetEPStatus
                0x00000000       0xc0 ..\obj\usb_core.o
 .text.USB_OTG_SetEPStatus
                0x00000000      0x13c ..\obj\usb_core.o
 .text          0x00000000        0x0 ..\obj\delay.o
 .data          0x00000000        0x0 ..\obj\delay.o
 .text.DELAY_EnableDelayTimer
                0x00000000       0x24 ..\obj\delay.o
 .text.DELAY_DisableDelayTimer
                0x00000000       0x14 ..\obj\delay.o
 COMMON         0x00000000        0x4 ..\obj\delay.o
 .text          0x00000000        0x0 ..\obj\usbd_usr.o
 .bss           0x00000000        0x0 ..\obj\usbd_usr.o
 .text          0x00000000        0x0 ..\obj\buzzer.o
 .data          0x00000000        0x0 ..\obj\buzzer.o
 .bss           0x00000000        0x0 ..\obj\buzzer.o
 .text.Buzzer_Task
                0x00000000      0x244 ..\obj\buzzer.o
 .text.Buzzer_Set_Buzz
[...]
Memory Configuration

Name             Origin             Length             Attributes
rom              0x08000000         0x00100000         xr
ram              0x20000000         0x00020000         xrw
ram1             0x10000000         0x00010000         xrw
*default*        0x00000000         0xffffffff

Linker script and memory map

                0x20020000                _eram = 0x20020000

.text           0x08000000     0x8f8c
 *(.isr_vector .isr_vector.*)
 .isr_vector    0x08000000      0x188 ..\obj\startup_stm32f4xx.o
                0x08000000                g_pfnVectors
 *(.text .text.* .gnu.linkonce.t.*)
 .text.SYSCFG_EXTILineConfig
                0x08000188       0xb4 ..\obj\stm32f4xx_syscfg.o
                0x08000188                SYSCFG_EXTILineConfig
 .text.USB_OTG_EnableCommonInt
                0x0800023c       0x44 ..\obj\usb_core.o
 .text.USB_OTG_CoreReset
                0x08000280       0xa8 ..\obj\usb_core.o
 .text.USB_OTG_WritePacket
                0x08000328       0x88 ..\obj\usb_core.o
                0x08000328                USB_OTG_WritePacket
 .text.USB_OTG_ReadPacket
                0x080003b0       0x68 ..\obj\usb_core.o
                0x080003b0                USB_OTG_ReadPacket
 .text.USB_OTG_SelectCore
                0x08000418      0x1b4 ..\obj\usb_core.o
                0x08000418                USB_OTG_SelectCore
 .text.USB_OTG_CoreInit
                0x080005cc      0x1f8 ..\obj\usb_core.o
                0x080005cc                USB_OTG_CoreInit
 .text.USB_OTG_EnableGlobalInt
                0x080007c4       0x40 ..\obj\usb_core.o
                0x080007c4                USB_OTG_EnableGlobalInt
 .text.USB_OTG_DisableGlobalInt
                0x08000804       0x44 ..\obj\usb_core.o
                0x08000804                USB_OTG_DisableGlobalInt
 .text.USB_OTG_FlushTxFifo
                0x08000848       0x80 ..\obj\usb_core.o
                0x08000848                USB_OTG_FlushTxFifo
 .text.USB_OTG_FlushRxFifo
                0x080008c8       0x6c ..\obj\usb_core.o
                0x080008c8                USB_OTG_FlushRxFifo
 .text.USB_OTG_SetCurrentMode
                0x08000934       0x64 ..\obj\usb_core.o
                0x08000934                USB_OTG_SetCurrentMode
 .text.USB_OTG_GetMode
                0x08000998       0x20 ..\obj\usb_core.o
                0x08000998                USB_OTG_GetMode
 .text.USB_OTG_IsDeviceMode
                0x080009b8       0x24 ..\obj\usb_core.o
                0x080009b8                USB_OTG_IsDeviceMode
 .text.USB_OTG_ReadCoreItr
                0x080009dc       0x34 ..\obj\usb_core.o
                0x080009dc                USB_OTG_ReadCoreItr
 .text.USB_OTG_InitDevSpeed
                0x08000a10       0x38 ..\obj\usb_core.o
                0x08000a10                USB_OTG_InitDevSpeed
 .text.USB_OTG_CoreInitDev
                0x08000a48      0x2d0 ..\obj\usb_core.o
                0x08000a48                USB_OTG_CoreInitDev
 .text.USB_OTG_EnableDevInt
                0x08000d18       0xa8 ..\obj\usb_core.o
                0x08000d18                USB_OTG_EnableDevInt
 .text.USB_OTG_GetDeviceSpeed
                0x08000dc0       0x50 ..\obj\usb_core.o
                0x08000dc0                USB_OTG_GetDeviceSpeed
 .text.USB_OTG_EP0Activate
                0x08000e10       0x84 ..\obj\usb_core.o
                0x08000e10                USB_OTG_EP0Activate
 .text.USB_OTG_EPActivate
                0x08000e94       0xf8 ..\obj\usb_core.o
                0x08000e94                USB_OTG_EPActivate
 .text.USB_OTG_EPDeactivate
                0x08000f8c       0xa4 ..\obj\usb_core.o
                0x08000f8c                USB_OTG_EPDeactivate
 .text.USB_OTG_EPStartXfer
                0x08001030      0x2d4 ..\obj\usb_core.o
                0x08001030                USB_OTG_EPStartXfer
 .text.USB_OTG_EP0StartXfer
                0x08001304      0x208 ..\obj\usb_core.o
                0x08001304                USB_OTG_EP0StartXfer
 .text.USB_OTG_EPSetStall
                0x0800150c       0x94 ..\obj\usb_core.o
                0x0800150c                USB_OTG_EPSetStall
 .text.USB_OTG_EPClearStall
                0x080015a0       0x84 ..\obj\usb_core.o
                0x080015a0                USB_OTG_EPClearStall
 .text.USB_OTG_ReadDevAllOutEp_itr
                0x08001624       0x30 ..\obj\usb_core.o
                0x08001624                USB_OTG_ReadDevAllOutEp_itr
 .text.USB_OTG_ReadDevOutEP_itr
                0x08001654       0x3c ..\obj\usb_core.o
                0x08001654                USB_OTG_ReadDevOutEP_itr
 .text.USB_OTG_ReadDevAllInEPItr
                0x08001690       0x34 ..\obj\usb_core.o
                0x08001690                USB_OTG_ReadDevAllInEPItr
 .text.USB_OTG_EP0_OutStart
                0x080016c4       0x7c ..\obj\usb_core.o
                0x080016c4                USB_OTG_EP0_OutStart
 .text.USB_OTG_UngateClock
                0x08001740       0x54 ..\obj\usb_core.o
                0x08001740                USB_OTG_UngateClock
 .text.TIM2_IRQHandler
                0x08001794       0x50 ..\obj\delay.o
                0x08001794                TIM2_IRQHandler
 .text.DELAY_Init
                0x080017e4       0x2c ..\obj\delay.o
                0x080017e4                DELAY_Init
 .text.DELAY_INT_InitTIM
                0x08001810       0xa8 ..\obj\delay.o
                0x08001810                DELAY_INT_InitTIM
 .text.USBD_USR_Init
                0x080018b8        0xc ..\obj\usbd_usr.o
                0x080018b8                USBD_USR_Init
 .text.USBD_USR_DeviceReset
                0x080018c4       0x14 ..\obj\usbd_usr.o
                0x080018c4                USBD_USR_DeviceReset
 .text.USBD_USR_DeviceConfigured
                0x080018d8        0xc ..\obj\usbd_usr.o
                0x080018d8                USBD_USR_DeviceConfigured
 .text.USBD_USR_DeviceSuspended
                0x080018e4        0xc ..\obj\usbd_usr.o
                0x080018e4                USBD_USR_DeviceSuspended
 .text.USBD_USR_DeviceResumed
                0x080018f0        0xc ..\obj\usbd_usr.o
                0x080018f0                USBD_USR_DeviceResumed
 .text.Buzzer_Init
                0x080018fc       0x68 ..\obj\buzzer.o
                0x080018fc                Buzzer_Init
 .text.Default_Reset_Handler
                0x08001964       0x68 ..\obj\startup_stm32f4xx.o
                0x08001964                Default_Reset_Handler
                0x08001964                Reset_Handler
 .text.Default_Handler
                0x080019cc        0x8 ..\obj\startup_stm32f4xx.o
                0x080019cc                RTC_Alarm_IRQHandler
                0x080019cc                HASH_RNG_IRQHandler
                0x080019cc                EXTI2_IRQHandler
                0x080019cc                TIM8_CC_IRQHandler
                0x080019cc                DebugMon_Handler
                0x080019cc                TIM1_CC_IRQHandler
                0x080019cc                DMA2_Stream5_IRQHandler
                0x080019cc                HardFault_Handler
                0x080019cc                DMA1_Stream5_IRQHandler
                0x080019cc                SDIO_IRQHandler
                0x080019cc                TAMP_STAMP_IRQHandler
                0x080019cc                NMI_Handler
                0x080019cc                CAN2_RX1_IRQHandler
                0x080019cc                EXTI3_IRQHandler
                0x080019cc                TIM8_TRG_COM_TIM14_IRQHandler
                0x080019cc                TIM1_UP_TIM10_IRQHandler
                0x080019cc                TIM8_UP_TIM13_IRQHandler
                0x080019cc                I2C3_ER_IRQHandler
                0x080019cc                I2C2_EV_IRQHandler
                0x080019cc                DMA1_Stream2_IRQHandler
                0x080019cc                CAN1_RX0_IRQHandler
                0x080019cc                FPU_IRQHandler
                0x080019cc                OTG_HS_WKUP_IRQHandler
                0x080019cc                UsageFault_Handler
                0x080019cc                CAN2_SCE_IRQHandler
                0x080019cc                DMA2_Stream2_IRQHandler
                0x080019cc                SPI1_IRQHandler
                0x080019cc                TIM6_DAC_IRQHandler
                0x080019cc                TIM1_BRK_TIM9_IRQHandler
                0x080019cc                DCMI_IRQHandler
                0x080019cc                CAN2_RX0_IRQHandler
                0x080019cc                DMA2_Stream3_IRQHandler
                0x080019cc                USART6_IRQHandler
                0x080019cc                USART3_IRQHandler
                0x080019cc                CRYP_IRQHandler
                0x080019cc                CAN1_RX1_IRQHandler
                0x080019cc                UART5_IRQHandler
                0x080019cc                DMA2_Stream0_IRQHandler
                0x080019cc                TIM4_IRQHandler
                0x080019cc                I2C1_EV_IRQHandler
                0x080019cc                DMA1_Stream6_IRQHandler
                0x080019cc                DMA1_Stream1_IRQHandler
                0x080019cc                UART4_IRQHandler
                0x080019cc                TIM3_IRQHandler
                0x080019cc                RCC_IRQHandler
                0x080019cc                TIM8_BRK_TIM12_IRQHandler
                0x080019cc                EXTI15_10_IRQHandler
                0x080019cc                ADC_IRQHandler
                0x080019cc                DMA1_Stream7_IRQHandler
                0x080019cc                TIM7_IRQHandler
                0x080019cc                CAN2_TX_IRQHandler
                0x080019cc                TIM5_IRQHandler
                0x080019cc                DMA2_Stream7_IRQHandler
                0x080019cc                I2C3_EV_IRQHandler
                0x080019cc                EXTI9_5_IRQHandler
                0x080019cc                RTC_WKUP_IRQHandler
                0x080019cc                ETH_WKUP_IRQHandler
                0x080019cc                SPI2_IRQHandler
                0x080019cc                OTG_HS_EP1_IN_IRQHandler
                0x080019cc                MemManage_Handler
                0x080019cc                DMA1_Stream0_IRQHandler
                0x080019cc                CAN1_TX_IRQHandler
                0x080019cc                EXTI4_IRQHandler
                0x080019cc                FSMC_IRQHandler
                0x080019cc                ETH_IRQHandler
                0x080019cc                OTG_HS_EP1_OUT_IRQHandler
                0x080019cc                WWDG_IRQHandler
                0x080019cc                TIM1_TRG_COM_TIM11_IRQHandler
                0x080019cc                OTG_HS_IRQHandler
                0x080019cc                USART2_IRQHandler
                0x080019cc                I2C2_ER_IRQHandler
                0x080019cc                DMA2_Stream1_IRQHandler
                0x080019cc                CAN1_SCE_IRQHandler
                0x080019cc                FLASH_IRQHandler
                0x080019cc                DMA2_Stream4_IRQHandler
                0x080019cc                BusFault_Handler
                0x080019cc                USART1_IRQHandler
                0x080019cc                SPI3_IRQHandler
                0x080019cc                DMA1_Stream4_IRQHandler
                0x080019cc                I2C1_ER_IRQHandler
                0x080019cc                DMA2_Stream6_IRQHandler
                0x080019cc                DMA1_Stream3_IRQHandler
 .text.ADS1120_init
                0x080019d4       0x4c ..\obj\ADS1120.o
                0x080019d4                ADS1120_init
 .text.SPI2_config
                0x08001a20      0x170 ..\obj\ADS1120.o
 .text.SPI2_send
                0x08001b90       0x60 ..\obj\ADS1120.o
                0x08001b90                SPI2_send
 .text.SPI2_read
                0x08001bf0       0x14 ..\obj\ADS1120.o
                0x08001bf0                SPI2_read
 .text.ADS1120_task
                0x08001c04      0x170 ..\obj\ADS1120.o
 .text.USBD_Init
                0x08001d74       0x58 ..\obj\usbd_core.o
                0x08001d74                USBD_Init
 .text.USBD_DeInit
                0x08001dcc       0x18 ..\obj\usbd_core.o
                0x08001dcc                USBD_DeInit
 .text.USBD_SetupStage
                0x08001de4       0x70 ..\obj\usbd_core.o
 .text.USBD_DataOutStage
                0x08001e54       0xd4 ..\obj\usbd_core.o
 .text.USBD_DataInStage
                0x08001f28      0x114 ..\obj\usbd_core.o
 .text.USBD_Reset
                0x0800203c       0x54 ..\obj\usbd_core.o
 .text.USBD_Resume
                0x08002090       0x2c ..\obj\usbd_core.o
 .text.USBD_Suspend
                0x080020bc       0x2c ..\obj\usbd_core.o
 .text.USBD_SOF
                0x080020e8       0x30 ..\obj\usbd_core.o
 .text.USBD_SetCfg
                0x08002118       0x34 ..\obj\usbd_core.o
                0x08002118                USBD_SetCfg
 .text.USBD_ClrCfg
                0x0800214c       0x2c ..\obj\usbd_core.o
                0x0800214c                USBD_ClrCfg
 .text.USBD_IsoINIncomplete
                0x08002178       0x24 ..\obj\usbd_core.o
 .text.USBD_IsoOUTIncomplete
                0x0800219c       0x24 ..\obj\usbd_core.o
 .text.main     0x080021c0       0x58 ..\obj\main.o
                0x080021c0                main
 .text.vApplicationMallocFailedHook
                0x08002218        0x8 ..\obj\main.o
                0x08002218                vApplicationMallocFailedHook
 .text.vApplicationStackOverflowHook
                0x08002220        0xc ..\obj\main.o
                0x08002220                vApplicationStackOverflowHook
 .text.vApplicationIdleHook
                0x0800222c       0x18 ..\obj\main.o
                0x0800222c                vApplicationIdleHook
 .text.RCC_GetClocksFreq
                0x08002244      0x1d4 ..\obj\stm32f4xx_rcc.o
                0x08002244                RCC_GetClocksFreq
 .text.RCC_AHB1PeriphClockCmd
                0x08002418       0x5c ..\obj\stm32f4xx_rcc.o
                0x08002418                RCC_AHB1PeriphClockCmd
 .text.RCC_AHB2PeriphClockCmd
                0x08002474       0x5c ..\obj\stm32f4xx_rcc.o
                0x08002474                RCC_AHB2PeriphClockCmd
 .text.RCC_APB1PeriphClockCmd
                0x080024d0       0x5c ..\obj\stm32f4xx_rcc.o
                0x080024d0                RCC_APB1PeriphClockCmd
 .text.RCC_APB2PeriphClockCmd
                0x0800252c       0x5c ..\obj\stm32f4xx_rcc.o
                0x0800252c                RCC_APB2PeriphClockCmd
 .text.RCC_APB1PeriphResetCmd
                0x08002588       0x5c ..\obj\stm32f4xx_rcc.o
                0x08002588                RCC_APB1PeriphResetCmd
 .text.RCC_APB2PeriphResetCmd
                0x080025e4       0x5c ..\obj\stm32f4xx_rcc.o
                0x080025e4                RCC_APB2PeriphResetCmd
 .text.ADC_DeInit
                0x08002640       0x20 ..\obj\stm32f4xx_adc.o
                0x08002640                ADC_DeInit
 .text.ADC_Init
                0x08002660       0xc4 ..\obj\stm32f4xx_adc.o
                0x08002660                ADC_Init
 .text.ADC_StructInit
                0x08002724       0x4c ..\obj\stm32f4xx_adc.o
                0x08002724                ADC_StructInit
 .text.ADC_CommonInit
                0x08002770       0x60 ..\obj\stm32f4xx_adc.o
                0x08002770                ADC_CommonInit
 .text.ADC_CommonStructInit
                0x080027d0       0x34 ..\obj\stm32f4xx_adc.o
                0x080027d0                ADC_CommonStructInit
 .text.ADC_Cmd  0x08002804       0x38 ..\obj\stm32f4xx_adc.o
                0x08002804                ADC_Cmd
 .text.ADC_RegularChannelConfig
                0x0800283c      0x1d0 ..\obj\stm32f4xx_adc.o
                0x0800283c                ADC_RegularChannelConfig
 .text.ADC_GetFlagStatus
                0x08002a0c       0x40 ..\obj\stm32f4xx_adc.o
                0x08002a0c                ADC_GetFlagStatus
 .text.PutChar  0x08002a4c       0x24 ..\obj\printf.o
                0x08002a4c                PutChar
 .text.PutString
                0x08002a70       0x48 ..\obj\printf.o
                0x08002a70                PutString
 .text.PutUnsignedInt
                0x08002ab8       0xbc ..\obj\printf.o
                0x08002ab8                PutUnsignedInt
 .text.PutSignedInt
                0x08002b74      0x12c ..\obj\printf.o
                0x08002b74                PutSignedInt
 .text.PutHexa  0x08002ca0       0xe8 ..\obj\printf.o
                0x08002ca0                PutHexa
 .text.vsnprintf
                0x08002d88      0x2a4 ..\obj\printf.o
                0x08002d88                vsnprintf
 .text.vsprintf
                0x0800302c       0x28 ..\obj\printf.o
                0x0800302c                vsprintf
 .text.sprintf  0x08003054       0x30 ..\obj\printf.o
                0x08003054                sprintf
 .text.NVIC_EnableIRQ
                0x08003084       0x38 ..\obj\phaze_detector.o
 .text.Phaze_Detector_Init
                0x080030bc      0x130 ..\obj\phaze_detector.o
                0x080030bc                Phaze_Detector_Init
 .text.Set_Heater_Power
                0x080031ec       0x58 ..\obj\phaze_detector.o
                0x080031ec                Set_Heater_Power
 .text.EXTI0_IRQHandler
                0x08003244       0xc4 ..\obj\phaze_detector.o
                0x08003244                EXTI0_IRQHandler
 .text.EXTI1_IRQHandler
                0x08003308       0x38 ..\obj\phaze_detector.o
                0x08003308                EXTI1_IRQHandler
 .text.Delay    0x08003340       0x44 ..\obj\hd44780.o
 .text.HD44780_Init
                0x08003384      0x120 ..\obj\hd44780.o
                0x08003384                HD44780_Init
 .text.HD44780_InitPins
                0x080034a4      0x130 ..\obj\hd44780.o
                0x080034a4                HD44780_InitPins
 .text.HD44780_Clear
                0x080035d4       0x18 ..\obj\hd44780.o
                0x080035d4                HD44780_Clear
 .text.HD44780_Cmd
                0x080035ec       0x44 ..\obj\hd44780.o
                0x080035ec                HD44780_Cmd
 .text.HD44780_Data
                0x08003630       0x44 ..\obj\hd44780.o
                0x08003630                HD44780_Data
 .text.HD44780_Cmd4bit
                0x08003674       0xcc ..\obj\hd44780.o
                0x08003674                HD44780_Cmd4bit
 .text.HD44780_CursorSet
                0x08003740       0x74 ..\obj\hd44780.o
                0x08003740                HD44780_CursorSet
 .text.HD44780_Puts
                0x080037b4      0x114 ..\obj\hd44780.o
                0x080037b4                HD44780_Puts
 .text.HD44780_DisplayOn
                0x080038c8       0x38 ..\obj\hd44780.o
                0x080038c8                HD44780_DisplayOn
 .text.xTaskGenericCreate
                0x08003900      0x1f8 ..\obj\tasks.o
                0x08003900                xTaskGenericCreate
 .text.vTaskDelay
                0x08003af8       0x5c ..\obj\tasks.o
                0x08003af8                vTaskDelay
 .text.vTaskStartScheduler
                0x08003b54       0x84 ..\obj\tasks.o
                0x08003b54                vTaskStartScheduler
 .text.vTaskSuspendAll
                0x08003bd8       0x24 ..\obj\tasks.o
                0x08003bd8                vTaskSuspendAll
 .text.xTaskResumeAll
                0x08003bfc      0x16c ..\obj\tasks.o
                0x08003bfc                xTaskResumeAll
 .text.vTaskIncrementTick
                0x08003d68      0x1d0 ..\obj\tasks.o
                0x08003d68                vTaskIncrementTick
 .text.vTaskSwitchContext
                0x08003f38      0x168 ..\obj\tasks.o
                0x08003f38                vTaskSwitchContext
 .text.prvIdleTask
                0x080040a0       0x24 ..\obj\tasks.o
 .text.prvInitialiseTCBVariables
                0x080040c4       0x7c ..\obj\tasks.o
 .text.prvInitialiseTaskLists
                0x08004140       0xa4 ..\obj\tasks.o
 .text.prvCheckTasksWaitingTermination
                0x080041e4       0x98 ..\obj\tasks.o
 .text.prvAddCurrentTaskToDelayedList
                0x0800427c       0x8c ..\obj\tasks.o
 .text.prvAllocateTCBAndStack
                0x08004308       0x74 ..\obj\tasks.o
 .text.prvDeleteTCB
                0x0800437c       0x20 ..\obj\tasks.o
 .text.USBD_USR_DeviceDescriptor
                0x0800439c       0x28 ..\obj\usbd_desc.o
                0x0800439c                USBD_USR_DeviceDescriptor
 .text.USBD_USR_LangIDStrDescriptor
                0x080043c4       0x28 ..\obj\usbd_desc.o
                0x080043c4                USBD_USR_LangIDStrDescriptor
 .text.USBD_USR_ProductStrDescriptor
                0x080043ec       0x54 ..\obj\usbd_desc.o
                0x080043ec                USBD_USR_ProductStrDescriptor
 .text.USBD_USR_ManufacturerStrDescriptor
                0x08004440       0x34 ..\obj\usbd_desc.o
                0x08004440                USBD_USR_ManufacturerStrDescriptor
 .text.USBD_USR_SerialStrDescriptor
                0x08004474       0x54 ..\obj\usbd_desc.o
                0x08004474                USBD_USR_SerialStrDescriptor
 .text.USBD_USR_ConfigStrDescriptor
                0x080044c8       0x54 ..\obj\usbd_desc.o
                0x080044c8                USBD_USR_ConfigStrDescriptor
 .text.USBD_USR_InterfaceStrDescriptor
                0x0800451c       0x54 ..\obj\usbd_desc.o
                0x0800451c                USBD_USR_InterfaceStrDescriptor
 .text.GPIO_Init
                0x08004570      0x158 ..\obj\stm32f4xx_gpio.o
                0x08004570                GPIO_Init
 .text.GPIO_StructInit
                0x080046c8       0x3c ..\obj\stm32f4xx_gpio.o
                0x080046c8                GPIO_StructInit
 .text.GPIO_ReadInputDataBit
                0x08004704       0x40 ..\obj\stm32f4xx_gpio.o
                0x08004704                GPIO_ReadInputDataBit
 .text.GPIO_WriteBit
                0x08004744       0x30 ..\obj\stm32f4xx_gpio.o
                0x08004744                GPIO_WriteBit
 .text.GPIO_PinAFConfig
                0x08004774       0xb0 ..\obj\stm32f4xx_gpio.o
                0x08004774                GPIO_PinAFConfig
 .text.VCP_Init
                0x08004824       0x10 ..\obj\usbd_cdc_vcp.o
 .text.VCP_DeInit
                0x08004834       0x10 ..\obj\usbd_cdc_vcp.o
 .text.VCP_Ctrl
                0x08004844       0xbc ..\obj\usbd_cdc_vcp.o
 .text.VCP_DataTx
                0x08004900       0x7c ..\obj\usbd_cdc_vcp.o
                0x08004900                VCP_DataTx
 .text.VCP_DataRx
                0x0800497c       0xe0 ..\obj\usbd_cdc_vcp.o
 .text.vListInitialise
                0x08004a5c       0x48 ..\obj\list.o
                0x08004a5c                vListInitialise
 .text.vListInitialiseItem
                0x08004aa4       0x1c ..\obj\list.o
                0x08004aa4                vListInitialiseItem
 .text.vListInsertEnd
                0x08004ac0       0x54 ..\obj\list.o
                0x08004ac0                vListInsertEnd
 .text.vListInsert
                0x08004b14       0x78 ..\obj\list.o
                0x08004b14                vListInsert
 .text.vListRemove
                0x08004b8c       0x54 ..\obj\list.o
                0x08004b8c                vListRemove
 .text.SystemInit
                0x08004be0       0x94 ..\obj\system_stm32f4xx.o
                0x08004be0                SystemInit
 .text.SetSysClock
                0x08004c74      0x150 ..\obj\system_stm32f4xx.o
 .text.ADC_Channel_Init
                0x08004dc4      0x114 ..\obj\adc.o
                0x08004dc4                ADC_Channel_Init
 .text.bubblesort
                0x08004ed8       0xa4 ..\obj\adc.o
                0x08004ed8                bubblesort
 .text.ADC_Task
                0x08004f7c      0x23c ..\obj\adc.o
 .text.USB_OTG_BSP_Init
                0x080051b8      0x100 ..\obj\usb_bsp.o
                0x080051b8                USB_OTG_BSP_Init
 .text.USB_OTG_BSP_EnableInterrupt
                0x080052b8       0x3c ..\obj\usb_bsp.o
                0x080052b8                USB_OTG_BSP_EnableInterrupt
 .text.USB_OTG_BSP_uDelay
                0x080052f4       0x58 ..\obj\usb_bsp.o
                0x080052f4                USB_OTG_BSP_uDelay
 .text.USB_OTG_BSP_mDelay
                0x0800534c       0x20 ..\obj\usb_bsp.o
                0x0800534c                USB_OTG_BSP_mDelay
 .text.OTG_FS_WKUP_IRQHandler
                0x0800536c       0x44 ..\obj\usb_bsp.o
                0x0800536c                OTG_FS_WKUP_IRQHandler
 .text.OTG_FS_IRQHandler
                0x080053b0       0x14 ..\obj\usb_bsp.o
                0x080053b0                OTG_FS_IRQHandler
 .text.USBD_StdDevReq
                0x080053c4       0xa4 ..\obj\usbd_req.o
                0x080053c4                USBD_StdDevReq
 .text.USBD_StdItfReq
                0x08005468       0x70 ..\obj\usbd_req.o
                0x08005468                USBD_StdItfReq
 .text.USBD_StdEPReq
                0x080054d8      0x1d8 ..\obj\usbd_req.o
                0x080054d8                USBD_StdEPReq
 .text.USBD_GetDescriptor
                0x080056b0      0x1c8 ..\obj\usbd_req.o
 .text.USBD_SetAddress
                0x08005878       0x80 ..\obj\usbd_req.o
 .text.USBD_SetConfig
                0x080058f8      0x134 ..\obj\usbd_req.o
 .text.USBD_GetConfig
                0x08005a2c       0x68 ..\obj\usbd_req.o
 .text.USBD_GetStatus
                0x08005a94       0x68 ..\obj\usbd_req.o
 .text.USBD_SetFeature
                0x08005afc       0xe0 ..\obj\usbd_req.o
 .text.USBD_ClrFeature
                0x08005bdc       0x58 ..\obj\usbd_req.o
 .text.USBD_ParseSetupRequest
                0x08005c34       0xbc ..\obj\usbd_req.o
                0x08005c34                USBD_ParseSetupRequest
 .text.USBD_CtlError
                0x08005cf0       0x50 ..\obj\usbd_req.o
                0x08005cf0                USBD_CtlError
 .text.USBD_GetString
                0x08005d40       0x9c ..\obj\usbd_req.o
                0x08005d40                USBD_GetString
 .text.USBD_GetLen
                0x08005ddc       0x38 ..\obj\usbd_req.o
 .text.pxPortInitialiseStack
                0x08005e14       0x60 ..\obj\port.o
                0x08005e14                pxPortInitialiseStack
 .text.SVC_Handler
                0x08005e74       0x20 ..\obj\port.o
                0x08005e74                SVC_Handler
 .text.vPortStartFirstTask
                0x08005e94       0x14 ..\obj\port.o
                0x08005e94                vPortStartFirstTask
 .text.xPortStartScheduler
                0x08005ea8       0x54 ..\obj\port.o
                0x08005ea8                xPortStartScheduler
 .text.vPortYieldFromISR
                0x08005efc       0x18 ..\obj\port.o
                0x08005efc                vPortYieldFromISR
 .text.vPortEnterCritical
                0x08005f14       0x2c ..\obj\port.o
                0x08005f14                vPortEnterCritical
 .text.vPortExitCritical
                0x08005f40       0x38 ..\obj\port.o
                0x08005f40                vPortExitCritical
 .text.PendSV_Handler
                0x08005f78       0x3c ..\obj\port.o
                0x08005f78                PendSV_Handler
 .text.SysTick_Handler
                0x08005fb4       0x38 ..\obj\port.o
                0x08005fb4                SysTick_Handler
 .text.prvSetupTimerInterrupt
                0x08005fec       0x28 ..\obj\port.o
 .text.USBD_OTG_ISR_Handler
                0x08006014      0x178 ..\obj\usb_dcd_int.o
                0x08006014                USBD_OTG_ISR_Handler
 .text.DCD_HandleResume_ISR
                0x0800618c       0x90 ..\obj\usb_dcd_int.o
 .text.DCD_HandleUSBSuspend_ISR
                0x0800621c       0xb4 ..\obj\usb_dcd_int.o
 .text.DCD_HandleInEP_ISR
                0x080062d0      0x234 ..\obj\usb_dcd_int.o
 .text.DCD_HandleOutEP_ISR
                0x08006504      0x1b4 ..\obj\usb_dcd_int.o
 .text.DCD_HandleSof_ISR
                0x080066b8       0x3c ..\obj\usb_dcd_int.o
 .text.DCD_HandleRxStatusQueueLevel_ISR
                0x080066f4      0x120 ..\obj\usb_dcd_int.o
 .text.DCD_WriteEmptyTxFifo
                0x08006814      0x134 ..\obj\usb_dcd_int.o
 .text.DCD_HandleUsbReset_ISR
                0x08006948      0x168 ..\obj\usb_dcd_int.o
 .text.DCD_HandleEnumDone_ISR
                0x08006ab0       0x88 ..\obj\usb_dcd_int.o
 .text.DCD_IsoINIncomplete_ISR
                0x08006b38       0x3c ..\obj\usb_dcd_int.o
 .text.DCD_IsoOUTIncomplete_ISR
                0x08006b74       0x3c ..\obj\usb_dcd_int.o
 .text.DCD_ReadDevInEP
                0x08006bb0       0x60 ..\obj\usb_dcd_int.o
 .text.usbd_cdc_Init
                0x08006c10       0xd0 ..\obj\usbd_cdc_core.o
 .text.usbd_cdc_DeInit
                0x08006ce0       0x4c ..\obj\usbd_cdc_core.o
 .text.usbd_cdc_Setup
                0x08006d2c      0x168 ..\obj\usbd_cdc_core.o
 .text.usbd_cdc_EP0_RxReady
                0x08006e94       0x60 ..\obj\usbd_cdc_core.o
 .text.usbd_cdc_DataIn
                0x08006ef4      0x128 ..\obj\usbd_cdc_core.o
 .text.usbd_cdc_DataOut
                0x0800701c       0x6c ..\obj\usbd_cdc_core.o
 .text.usbd_cdc_SOF
                0x08007088       0x50 ..\obj\usbd_cdc_core.o
 .text.Handle_USBAsynchXfer
                0x080070d8      0x1a8 ..\obj\usbd_cdc_core.o
 .text.USBD_cdc_GetCfgDesc
                0x08007280       0x28 ..\obj\usbd_cdc_core.o
 .text.TIMER_PROPERTIES_GetTimerProperties
                0x080072a8      0x124 ..\obj\timer_properties.o
                0x080072a8                TIMER_PROPERTIES_GetTimerProperties
 .text.TIMER_PROPERTIES_GenerateDataForWorkingFrequency
                0x080073cc      0x164 ..\obj\timer_properties.o
                0x080073cc                TIMER_PROPERTIES_GenerateDataForWorkingFrequency
 .text.TIMER_PROPERTIES_EnableClock
                0x08007530      0x198 ..\obj\timer_properties.o
                0x08007530                TIMER_PROPERTIES_EnableClock
 .text.SPI_Init
                0x080076c8       0x98 ..\obj\stm32f4xx_spi.o
                0x080076c8                SPI_Init
 .text.SPI_Cmd  0x08007760       0x40 ..\obj\stm32f4xx_spi.o
                0x08007760                SPI_Cmd
 .text.SPI_CalculateCRC
                0x080077a0       0x40 ..\obj\stm32f4xx_spi.o
                0x080077a0                SPI_CalculateCRC
 .text.EXTI_Init
                0x080077e0      0x158 ..\obj\stm32f4xx_exti.o
                0x080077e0                EXTI_Init
 .text.EXTI_GetITStatus
                0x08007938       0x60 ..\obj\stm32f4xx_exti.o
                0x08007938                EXTI_GetITStatus
 .text.EXTI_ClearITPendingBit
                0x08007998       0x20 ..\obj\stm32f4xx_exti.o
                0x08007998                EXTI_ClearITPendingBit
 .text.NVIC_PriorityGroupConfig
                0x080079b8       0x28 ..\obj\misc.o
                0x080079b8                NVIC_PriorityGroupConfig
 .text.NVIC_Init
                0x080079e0       0xe8 ..\obj\misc.o
                0x080079e0                NVIC_Init
 .text.DCD_Init
                0x08007ac8      0x12c ..\obj\usb_dcd.o
                0x08007ac8                DCD_Init
 .text.DCD_EP_Open
                0x08007bf4       0xac ..\obj\usb_dcd.o
                0x08007bf4                DCD_EP_Open
 .text.DCD_EP_Close
                0x08007ca0       0x7c ..\obj\usb_dcd.o
                0x08007ca0                DCD_EP_Close
 .text.DCD_EP_PrepareRx
                0x08007d1c       0x8c ..\obj\usb_dcd.o
                0x08007d1c                DCD_EP_PrepareRx
 .text.DCD_EP_Tx
                0x08007da8       0x84 ..\obj\usb_dcd.o
                0x08007da8                DCD_EP_Tx
 .text.DCD_EP_Stall
                0x08007e2c       0x80 ..\obj\usb_dcd.o
                0x08007e2c                DCD_EP_Stall
 .text.DCD_EP_ClrStall
                0x08007eac       0x80 ..\obj\usb_dcd.o
                0x08007eac                DCD_EP_ClrStall
 .text.DCD_EP_SetAddress
                0x08007f2c       0x40 ..\obj\usb_dcd.o
                0x08007f2c                DCD_EP_SetAddress
 .text.pvPortMalloc
                0x08007f6c       0xa4 ..\obj\heap_1.o
                0x08007f6c                pvPortMalloc
 .text.vPortFree
                0x08008010       0x14 ..\obj\heap_1.o
                0x08008010                vPortFree
 .text.xPortGetFreeHeapSize
                0x08008024       0x1c ..\obj\heap_1.o
                0x08008024                xPortGetFreeHeapSize
 .text.USBD_CtlSendData
                0x08008040       0x48 ..\obj\usbd_ioreq.o
                0x08008040                USBD_CtlSendData
 .text.USBD_CtlContinueSendData
                0x08008088       0x30 ..\obj\usbd_ioreq.o
                0x08008088                USBD_CtlContinueSendData
 .text.USBD_CtlPrepareRx
                0x080080b8       0x48 ..\obj\usbd_ioreq.o
                0x080080b8                USBD_CtlPrepareRx
 .text.USBD_CtlContinueRx
                0x08008100       0x30 ..\obj\usbd_ioreq.o
                0x08008100                USBD_CtlContinueRx
 .text.USBD_CtlSendStatus
                0x08008130       0x3c ..\obj\usbd_ioreq.o
                0x08008130                USBD_CtlSendStatus
 .text.USBD_CtlReceiveStatus
                0x0800816c       0x3c ..\obj\usbd_ioreq.o
                0x0800816c                USBD_CtlReceiveStatus
 .text.TIM_TimeBaseInit
                0x080081a8       0xf8 ..\obj\stm32f4xx_tim.o
                0x080081a8                TIM_TimeBaseInit
 .text.TIM_Cmd  0x080082a0       0x40 ..\obj\stm32f4xx_tim.o
                0x080082a0                TIM_Cmd
 .text.TIM_ITConfig
                0x080082e0       0x4c ..\obj\stm32f4xx_tim.o
                0x080082e0                TIM_ITConfig
 .text.TIM_ClearITPendingBit
                0x0800832c       0x24 ..\obj\stm32f4xx_tim.o
                0x0800832c                TIM_ClearITPendingBit
 .text.NVIC_SystemReset
                0x08008350       0x34 ..\obj\power_detector.o
 .text.PVD_IRQHandler
                0x08008384       0x20 ..\obj\power_detector.o
                0x08008384                PVD_IRQHandler
 .text          0x080083a4      0x370 c:/coocox/coide/gcc/sourcery g++ lite/bin/../lib/gcc/arm-none-eabi/4.5.1/thumb2\libgcc.a(_arm_addsubdf3.o)
                0x080083a4                __aeabi_drsub
                0x080083ac                __aeabi_dsub
                0x080083ac                __subdf3
                0x080083b0                __aeabi_dadd
                0x080083b0                __adddf3
                0x08008628                __floatunsidf
                0x08008628                __aeabi_ui2d
                0x08008648                __floatsidf
                0x08008648                __aeabi_i2d
                0x0800866c                __aeabi_f2d
                0x0800866c                __extendsfdf2
                0x080086a8                __floatundidf
                0x080086a8                __aeabi_ul2d
                0x080086b8                __floatdidf
                0x080086b8                __aeabi_l2d
 .text          0x08008714      0x424 c:/coocox/coide/gcc/sourcery g++ lite/bin/../lib/gcc/arm-none-eabi/4.5.1/thumb2\libgcc.a(_arm_muldivdf3.o)
                0x08008714                __aeabi_dmul
                0x08008714                __muldf3
                0x08008968                __divdf3
                0x08008968                __aeabi_ddiv
 .text          0x08008b38      0x110 c:/coocox/coide/gcc/sourcery g++ lite/bin/../lib/gcc/arm-none-eabi/4.5.1/thumb2\libgcc.a(_arm_cmpdf2.o)
                0x08008b38                __gtdf2
                0x08008b38                __gedf2
                0x08008b40                __ltdf2
                0x08008b40                __ledf2
                0x08008b48                __nedf2
                0x08008b48                __eqdf2
                0x08008b48                __cmpdf2
                0x08008bc4                __aeabi_cdrcmple
                0x08008bd4                __aeabi_cdcmpeq
                0x08008bd4                __aeabi_cdcmple
                0x08008be4                __aeabi_dcmpeq
                0x08008bf8                __aeabi_dcmplt
                0x08008c0c                __aeabi_dcmple
                0x08008c20                __aeabi_dcmpge
                0x08008c34                __aeabi_dcmpgt
 .text          0x08008c48       0x40 c:/coocox/coide/gcc/sourcery g++ lite/bin/../lib/gcc/arm-none-eabi/4.5.1/thumb2\libgcc.a(_arm_fixunsdfsi.o)
                0x08008c48                __aeabi_d2uiz
                0x08008c48                __fixunsdfsi
 .text          0x08008c88       0x58 c:/coocox/coide/gcc/sourcery g++ lite/bin/../lib/gcc/arm-none-eabi/4.5.1/../../../../arm-none-eabi/lib/thumb2\libc.a(lib_a-memcmp.o)
                0x08008c88                memcmp
 .text          0x08008ce0       0xb4 c:/coocox/coide/gcc/sourcery g++ lite/bin/../lib/gcc/arm-none-eabi/4.5.1/../../../../arm-none-eabi/lib/thumb2\libc.a(lib_a-memset.o)
                0x08008ce0                memset
 .text          0x08008d94       0x60 c:/coocox/coide/gcc/sourcery g++ lite/bin/../lib/gcc/arm-none-eabi/4.5.1/../../../../arm-none-eabi/lib/thumb2\libc.a(lib_a-strlen.o)
                0x08008d94                strlen
 .text          0x08008df4       0x7c c:/coocox/coide/gcc/sourcery g++ lite/bin/../lib/gcc/arm-none-eabi/4.5.1/../../../../arm-none-eabi/lib/thumb2\libc.a(lib_a-strncpy.o)
                0x08008df4                strncpy
 *(.glue_7t)
 .glue_7t       0x00000000        0x0 linker stubs
 *(.glue_7)
 .glue_7        0x00000000        0x0 linker stubs
 *(.rodata .rodata* .gnu.linkonce.r.*)
 .rodata        0x08008e70       0x10 ..\obj\ADS1120.o
 .rodata        0x08008e80        0x4 ..\obj\hd44780.o
 .rodata        0x08008e84       0x1c ..\obj\tasks.o
 .rodata        0x08008ea0       0x98 ..\obj\usbd_desc.o
 .rodata        0x08008f38       0x54 ..\obj\adc.o

.vfp11_veneer   0x08008f8c        0x0
 .vfp11_veneer  0x00000000        0x0 linker stubs

.v4_bx          0x08008f8c        0x0
 .v4_bx         0x00000000        0x0 linker stubs

.ARM.extab
 *(.ARM.extab* .gnu.linkonce.armextab.*)

.ARM.exidx
 *(.ARM.exidx* .gnu.linkonce.armexidx.*)
                0x08008f8c                . = ALIGN (0x4)
                0x08008f8c                _etext = .
                0x08008f8c                _sidata = .

.data           0x20000000      0x12c load address 0x08008f8c
                0x20000000                _sdata = .
 *(.data .data.*)
 .data          0x20000000       0x1c ..\obj\usbd_usr.o
                0x20000000                USR_cb
 .data          0x2000001c       0x30 ..\obj\usbd_core.o
                0x2000001c                USBD_DCD_INT_cb
                0x20000048                USBD_DCD_INT_fops
 .data          0x2000004c       0x10 ..\obj\stm32f4xx_rcc.o
 .data          0x2000005c        0x4 ..\obj\tasks.o
 .data          0x20000060       0x40 ..\obj\usbd_desc.o
                0x20000060                USR_desc
                0x2000007c                USBD_DeviceDesc
                0x20000090                USBD_DeviceQualifierDesc
                0x2000009c                USBD_LangIDDesc
 .data          0x200000a0       0x14 ..\obj\usbd_cdc_vcp.o
                0x200000a0                VCP_fops
 .data          0x200000b4        0x4 ..\obj\port.o
 .data          0x200000b8       0x74 ..\obj\usbd_cdc_core.o
                0x200000b8                usbd_cdc_CfgDesc
                0x20000100                USBD_CDC_cb
                0x2000012c                . = ALIGN (0x4)
                0x2000012c                _edata = .

.bss            0x20000130     0x2d38 load address 0x080090bc
                0x20000130                _sbss = .
 *(.bss .bss.*)
 .bss           0x20000130       0x10 ..\obj\delay.o
                0x20000130                TimingDelay
                0x20000134                Time
                0x20000138                Time2
                0x2000013c                DELAY_Initialized
 .bss           0x20000140        0x1 ..\obj\phaze_detector.o
 *fill*         0x20000141        0x3 00
 .bss           0x20000144      0x100 ..\obj\tasks.o
                0x20000144                pxCurrentTCB
 .bss           0x20000244        0x8 ..\obj\usbd_cdc_vcp.o
                0x20000244                counter
                0x20000248                counter2
 .bss           0x2000024c       0x10 ..\obj\usbd_req.o
                0x2000024c                USBD_ep_status
                0x20000250                USBD_default_cfg
                0x20000254                USBD_cfg_status
 .bss           0x2000025c       0x20 ..\obj\usbd_cdc_core.o
                0x20000260                APP_Rx_ptr_in
                0x20000264                APP_Rx_ptr_out
                0x20000268                APP_Rx_length
                0x2000026c                USB_Tx_State
 *fill*         0x2000027c        0x4 00
 .bss           0x20000280     0x1c08 ..\obj\heap_1.o
 *(COMMON)
 COMMON         0x20001e88       0x10 ..\obj\ADS1120.o
                0x20001e88                ADC_result
                0x20001e8c                adc_reg
                0x20001e90                xSPI_Buf_Mutex
                0x20001e94                ADC_result_temp
 COMMON         0x20001e98      0x5f0 ..\obj\main.o
                0x20001e98                USB_OTG_dev
 COMMON         0x20002488        0x6 ..\obj\phaze_detector.o
                0x20002488                phaze_detect
 *fill*         0x2000248e        0x2 00
 COMMON         0x20002490        0x7 ..\obj\hd44780.o
                0x20002490                HD44780_Opts
 *fill*         0x20002497        0x1 00
 COMMON         0x20002498      0x110 ..\obj\adc.o
                0x20002498                adc_lm35_chnl
 COMMON         0x200025a8       0x32 ..\obj\usbd_req.o
                0x200025a8                USBD_StrDesc
 *fill*         0x200025da        0x2 00
 COMMON         0x200025dc      0x88c ..\obj\usbd_cdc_core.o
                0x200025dc                usbd_cdc_OtherCfgDesc
                0x20002620                USB_Rx_Buffer
                0x20002660                CmdBuff
                0x20002668                APP_Rx_Buffer
                0x20002e68                . = ALIGN (0x4)
                0x20002e68                _ebss = .

.co_stack       0x20002e68      0x800 load address 0x0800bdf4
                0x20002e68                . = ALIGN (0x8)
 *(.co_stack .co_stack.*)
 .co_stack      0x20002e68      0x800 ..\obj\startup_stm32f4xx.o
                0x20002e68                pulStack
                0x20003668                . = ALIGN (0x4)
                0x20003668                _end = .
LOAD ..\obj\stm32f4xx_syscfg.o
LOAD ..\obj\usb_core.o
LOAD ..\obj\delay.o
LOAD ..\obj\usbd_usr.o
LOAD ..\obj\buzzer.o
LOAD ..\obj\stm32f4xx_usart.o
LOAD ..\obj\stm32f4xx_pwr.o
LOAD ..\obj\rtc.o
LOAD ..\obj\startup_stm32f4xx.o
LOAD ..\obj\backup_sram.o
LOAD ..\obj\stm32f4xx_iwdg.o
LOAD ..\obj\ADS1120.o
LOAD ..\obj\usbd_core.o
LOAD ..\obj\main.o
LOAD ..\obj\uks.o
LOAD ..\obj\stm32f4xx_rcc.o
LOAD ..\obj\timers.o
LOAD ..\obj\stm32f4xx_adc.o
LOAD ..\obj\printf.o
LOAD ..\obj\phaze_detector.o
LOAD ..\obj\watchdog.o
LOAD ..\obj\hd44780.o
LOAD ..\obj\tasks.o
LOAD ..\obj\usbd_desc.o
LOAD ..\obj\keyboard.o
LOAD ..\obj\stm32f4xx_gpio.o
LOAD ..\obj\usbd_cdc_vcp.o
LOAD ..\obj\list.o
LOAD ..\obj\system_stm32f4xx.o
LOAD ..\obj\syscalls.o
LOAD ..\obj\adc.o
LOAD ..\obj\usb_bsp.o
LOAD ..\obj\usbd_req.o
LOAD ..\obj\queue.o
LOAD ..\obj\port.o
LOAD ..\obj\usb_dcd_int.o
LOAD ..\obj\usbd_cdc_core.o
LOAD ..\obj\croutine.o
LOAD ..\obj\timer_properties.o
LOAD ..\obj\stm32f4xx_spi.o
LOAD ..\obj\stm32f4xx_exti.o
LOAD ..\obj\misc.o
LOAD ..\obj\usb_dcd.o
LOAD ..\obj\heap_1.o
LOAD ..\obj\stm32f4xx_rtc.o
LOAD ..\obj\usbd_ioreq.o
LOAD ..\obj\stm32f4xx_tim.o
LOAD ..\obj\power_detector.o
START GROUP
LOAD c:/coocox/coide/gcc/sourcery g++ lite/bin/../lib/gcc/arm-none-eabi/4.5.1/thumb2\libgcc.a
LOAD c:/coocox/coide/gcc/sourcery g++ lite/bin/../lib/gcc/arm-none-eabi/4.5.1/../../../../arm-none-eabi/lib/thumb2\libc.a
END GROUP
OUTPUT(stm32f2_uks.elf elf32-littlearm)

.debug_abbrev   0x00000000     0x41ed
 .debug_abbrev  0x00000000      0x12a ..\obj\stm32f4xx_syscfg.o
 .debug_abbrev  0x0000012a      0x277 ..\obj\usb_core.o
 .debug_abbrev  0x000003a1      0x125 ..\obj\delay.o
 .debug_abbrev  0x000004c6       0xd9 ..\obj\usbd_usr.o
 .debug_abbrev  0x0000059f      0x14a ..\obj\buzzer.o
 .debug_abbrev  0x000006e9      0x14e ..\obj\stm32f4xx_usart.o
 .debug_abbrev  0x00000837      0x175 ..\obj\stm32f4xx_pwr.o
 .debug_abbrev  0x000009ac      0x125 ..\obj\rtc.o
 .debug_abbrev  0x00000ad1       0xac ..\obj\startup_stm32f4xx.o
 .debug_abbrev  0x00000b7d       0xee ..\obj\backup_sram.o
 .debug_abbrev  0x00000c6b       0xfa ..\obj\stm32f4xx_iwdg.o
 .debug_abbrev  0x00000d65      0x164 ..\obj\ADS1120.o
 .debug_abbrev  0x00000ec9      0x1f4 ..\obj\usbd_core.o
 .debug_abbrev  0x000010bd      0x1ba ..\obj\main.o
 .debug_abbrev  0x00001277       0x94 ..\obj\uks.o
 .debug_abbrev  0x0000130b      0x1b7 ..\obj\stm32f4xx_rcc.o
 .debug_abbrev  0x000014c2       0x28 ..\obj\timers.o
 .debug_abbrev  0x000014ea      0x189 ..\obj\stm32f4xx_adc.o
 .debug_abbrev  0x00001673      0x238 ..\obj\printf.o
 .debug_abbrev  0x000018ab      0x1a5 ..\obj\phaze_detector.o
 .debug_abbrev  0x00001a50      0x108 ..\obj\watchdog.o
 .debug_abbrev  0x00001b58      0x180 ..\obj\hd44780.o
 .debug_abbrev  0x00001cd8      0x193 ..\obj\tasks.o
 .debug_abbrev  0x00001e6b      0x10c ..\obj\usbd_desc.o
 .debug_abbrev  0x00001f77      0x15a ..\obj\keyboard.o
 .debug_abbrev  0x000020d1      0x182 ..\obj\stm32f4xx_gpio.o
 .debug_abbrev  0x00002253      0x13a ..\obj\usbd_cdc_vcp.o
 .debug_abbrev  0x0000238d       0xb6 ..\obj\list.o
 .debug_abbrev  0x00002443      0x140 ..\obj\system_stm32f4xx.o
 .debug_abbrev  0x00002583       0xde ..\obj\syscalls.o
 .debug_abbrev  0x00002661      0x1e4 ..\obj\adc.o
 .debug_abbrev  0x00002845      0x1db ..\obj\usb_bsp.o
 .debug_abbrev  0x00002a20      0x253 ..\obj\usbd_req.o
 .debug_abbrev  0x00002c73      0x109 ..\obj\queue.o
 .debug_abbrev  0x00002d7c      0x120 ..\obj\port.o
 .debug_abbrev  0x00002e9c      0x210 ..\obj\usb_dcd_int.o
 .debug_abbrev  0x000030ac      0x1e1 ..\obj\usbd_cdc_core.o
 .debug_abbrev  0x0000328d      0x186 ..\obj\croutine.o
 .debug_abbrev  0x00003413      0x106 ..\obj\timer_properties.o
 .debug_abbrev  0x00003519      0x160 ..\obj\stm32f4xx_spi.o
 .debug_abbrev  0x00003679      0x198 ..\obj\stm32f4xx_exti.o
 .debug_abbrev  0x00003811      0x126 ..\obj\misc.o
 .debug_abbrev  0x00003937      0x208 ..\obj\usb_dcd.o
 .debug_abbrev  0x00003b3f      0x116 ..\obj\heap_1.o
 .debug_abbrev  0x00003c55      0x16b ..\obj\stm32f4xx_rtc.o
 .debug_abbrev  0x00003dc0      0x165 ..\obj\usbd_ioreq.o
 .debug_abbrev  0x00003f25      0x163 ..\obj\stm32f4xx_tim.o
 .debug_abbrev  0x00004088      0x165 ..\obj\power_detector.o

.debug_info     0x00000000    0x1bed0
 .debug_info    0x00000000      0x27a ..\obj\stm32f4xx_syscfg.o
 .debug_info    0x0000027a     0x27fc ..\obj\usb_core.o
 .debug_info    0x00002a76      0x777 ..\obj\delay.o
 .debug_info    0x000031ed      0x1c5 ..\obj\usbd_usr.o
 .debug_info    0x000033b2      0x458 ..\obj\buzzer.o
 .debug_info    0x0000380a      0xa4f ..\obj\stm32f4xx_usart.o
 .debug_info    0x00004259      0x53e ..\obj\stm32f4xx_pwr.o
 .debug_info    0x00004797      0x296 ..\obj\rtc.o
 .debug_info    0x00004a2d      0x147 ..\obj\startup_stm32f4xx.o
 .debug_info    0x00004b74      0x237 ..\obj\backup_sram.o
 .debug_info    0x00004dab      0x20b ..\obj\stm32f4xx_iwdg.o
 .debug_info    0x00004fb6      0x5b0 ..\obj\ADS1120.o
 .debug_info    0x00005566      0xff8 ..\obj\usbd_core.o
 .debug_info    0x0000655e      0xd37 ..\obj\main.o
 .debug_info    0x00007295      0x13a ..\obj\uks.o
 .debug_info    0x000073cf      0xd24 ..\obj\stm32f4xx_rcc.o
 .debug_info    0x000080f3       0x4c ..\obj\timers.o
 .debug_info    0x0000813f      0xcf5 ..\obj\stm32f4xx_adc.o
 .debug_info    0x00008e34      0xed2 ..\obj\printf.o
 .debug_info    0x00009d06      0x8c5 ..\obj\phaze_detector.o
 .debug_info    0x0000a5cb      0x18a ..\obj\watchdog.o
 .debug_info    0x0000a755      0x877 ..\obj\hd44780.o
 .debug_info    0x0000afcc      0xd75 ..\obj\tasks.o
 .debug_info    0x0000bd41      0x3a7 ..\obj\usbd_desc.o
 .debug_info    0x0000c0e8      0x388 ..\obj\keyboard.o
 .debug_info    0x0000c470      0x639 ..\obj\stm32f4xx_gpio.o
 .debug_info    0x0000caa9      0x31a ..\obj\usbd_cdc_vcp.o
 .debug_info    0x0000cdc3      0x2a6 ..\obj\list.o
 .debug_info    0x0000d069      0x5ea ..\obj\system_stm32f4xx.o
 .debug_info    0x0000d653      0x440 ..\obj\syscalls.o
 .debug_info    0x0000da93     0x1141 ..\obj\adc.o
 .debug_info    0x0000ebd4     0x113d ..\obj\usb_bsp.o
 .debug_info    0x0000fd11     0x111b ..\obj\usbd_req.o
 .debug_info    0x00010e2c      0x7c1 ..\obj\queue.o
 .debug_info    0x000115ed      0x1d7 ..\obj\port.o
 .debug_info    0x000117c4     0x2027 ..\obj\usb_dcd_int.o
 .debug_info    0x000137eb     0x1102 ..\obj\usbd_cdc_core.o
 .debug_info    0x000148ed      0x4af ..\obj\croutine.o
 .debug_info    0x00014d9c      0x4d1 ..\obj\timer_properties.o
 .debug_info    0x0001526d      0xbcc ..\obj\stm32f4xx_spi.o
 .debug_info    0x00015e39      0x372 ..\obj\stm32f4xx_exti.o
 .debug_info    0x000161ab      0x594 ..\obj\misc.o
 .debug_info    0x0001673f     0x1184 ..\obj\usb_dcd.o
 .debug_info    0x000178c3      0x186 ..\obj\heap_1.o
 .debug_info    0x00017a49     0x1223 ..\obj\stm32f4xx_rtc.o
 .debug_info    0x00018c6c      0xde4 ..\obj\usbd_ioreq.o
 .debug_info    0x00019a50     0x1e28 ..\obj\stm32f4xx_tim.o
 .debug_info    0x0001b878      0x658 ..\obj\power_detector.o

.debug_line     0x00000000     0x94a7
 .debug_line    0x00000000      0x1e7 ..\obj\stm32f4xx_syscfg.o
 .debug_line    0x000001e7      0x6b4 ..\obj\usb_core.o
 .debug_line    0x0000089b      0x2a5 ..\obj\delay.o
 .debug_line    0x00000b40      0x1b1 ..\obj\usbd_usr.o
 .debug_line    0x00000cf1      0x2c7 ..\obj\buzzer.o
 .debug_line    0x00000fb8      0x478 ..\obj\stm32f4xx_usart.o
 .debug_line    0x00001430      0x284 ..\obj\stm32f4xx_pwr.o
 .debug_line    0x000016b4      0x21a ..\obj\rtc.o
 .debug_line    0x000018ce       0xa6 ..\obj\startup_stm32f4xx.o
 .debug_line    0x00001974      0x1e9 ..\obj\backup_sram.o
 .debug_line    0x00001b5d      0x1de ..\obj\stm32f4xx_iwdg.o
 .debug_line    0x00001d3b      0x2d3 ..\obj\ADS1120.o
 .debug_line    0x0000200e      0x305 ..\obj\usbd_core.o
 .debug_line    0x00002313      0x309 ..\obj\main.o
 .debug_line    0x0000261c      0x152 ..\obj\uks.o
 .debug_line    0x0000276e      0x574 ..\obj\stm32f4xx_rcc.o
 .debug_line    0x00002ce2       0x1d ..\obj\timers.o
 .debug_line    0x00002cff      0x528 ..\obj\stm32f4xx_adc.o
 .debug_line    0x00003227      0x3c6 ..\obj\printf.o
 .debug_line    0x000035ed      0x2b2 ..\obj\phaze_detector.o
 .debug_line    0x0000389f      0x1b0 ..\obj\watchdog.o
 .debug_line    0x00003a4f      0x406 ..\obj\hd44780.o
 .debug_line    0x00003e55      0x792 ..\obj\tasks.o
 .debug_line    0x000045e7      0x1f7 ..\obj\usbd_desc.o
 .debug_line    0x000047de      0x2ed ..\obj\keyboard.o
 .debug_line    0x00004acb      0x313 ..\obj\stm32f4xx_gpio.o
 .debug_line    0x00004dde      0x1f6 ..\obj\usbd_cdc_vcp.o
 .debug_line    0x00004fd4      0x1a6 ..\obj\list.o
 .debug_line    0x0000517a      0x200 ..\obj\system_stm32f4xx.o
 .debug_line    0x0000537a      0x194 ..\obj\syscalls.o
 .debug_line    0x0000550e      0x331 ..\obj\adc.o
 .debug_line    0x0000583f      0x2a0 ..\obj\usb_bsp.o
 .debug_line    0x00005adf      0x3c1 ..\obj\usbd_req.o
 .debug_line    0x00005ea0      0x4ff ..\obj\queue.o
 .debug_line    0x0000639f      0x1bd ..\obj\port.o
 .debug_line    0x0000655c      0x3b0 ..\obj\usb_dcd_int.o
 .debug_line    0x0000690c      0x2b5 ..\obj\usbd_cdc_core.o
 .debug_line    0x00006bc1      0x274 ..\obj\croutine.o
 .debug_line    0x00006e35      0x2e1 ..\obj\timer_properties.o
 .debug_line    0x00007116      0x428 ..\obj\stm32f4xx_spi.o
 .debug_line    0x0000753e      0x27d ..\obj\stm32f4xx_exti.o
 .debug_line    0x000077bb      0x219 ..\obj\misc.o
 .debug_line    0x000079d4      0x323 ..\obj\usb_dcd.o
 .debug_line    0x00007cf7      0x135 ..\obj\heap_1.o
 .debug_line    0x00007e2c      0x7eb ..\obj\stm32f4xx_rtc.o
 .debug_line    0x00008617      0x20d ..\obj\usbd_ioreq.o
 .debug_line    0x00008824      0xa4d ..\obj\stm32f4xx_tim.o
 .debug_line    0x00009271      0x236 ..\obj\power_detector.o

.debug_loc      0x00000000     0x87af
 .debug_loc     0x00000000      0x144 ..\obj\stm32f4xx_syscfg.o
 .debug_loc     0x00000144      0x7e0 ..\obj\usb_core.o
 .debug_loc     0x00000924       0xe8 ..\obj\delay.o
 .debug_loc     0x00000a0c       0xe8 ..\obj\usbd_usr.o
 .debug_loc     0x00000af4       0xa8 ..\obj\buzzer.o
 .debug_loc     0x00000b9c      0x658 ..\obj\stm32f4xx_usart.o
 .debug_loc     0x000011f4      0x288 ..\obj\stm32f4xx_pwr.o
 .debug_loc     0x0000147c       0x70 ..\obj\rtc.o
 .debug_loc     0x000014ec       0x64 ..\obj\startup_stm32f4xx.o
 .debug_loc     0x00001550       0xd4 ..\obj\backup_sram.o
 .debug_loc     0x00001624      0x138 ..\obj\stm32f4xx_iwdg.o
 .debug_loc     0x0000175c      0x10c ..\obj\ADS1120.o
 .debug_loc     0x00001868      0x2d8 ..\obj\usbd_core.o
 .debug_loc     0x00001b40      0x10c ..\obj\main.o
 .debug_loc     0x00001c4c      0x97c ..\obj\stm32f4xx_rcc.o
 .debug_loc     0x000025c8      0x838 ..\obj\stm32f4xx_adc.o
 .debug_loc     0x00002e00      0x3ea ..\obj\printf.o
 .debug_loc     0x000031ea      0x100 ..\obj\phaze_detector.o
 .debug_loc     0x000032ea       0x70 ..\obj\watchdog.o
 .debug_loc     0x0000335a      0x3bc ..\obj\hd44780.o
 .debug_loc     0x00003716      0x708 ..\obj\tasks.o
 .debug_loc     0x00003e1e      0x188 ..\obj\usbd_desc.o
 .debug_loc     0x00003fa6       0x70 ..\obj\keyboard.o
 .debug_loc     0x00004016      0x310 ..\obj\stm32f4xx_gpio.o
 .debug_loc     0x00004326      0x100 ..\obj\usbd_cdc_vcp.o
 .debug_loc     0x00004426      0x118 ..\obj\list.o
 .debug_loc     0x0000453e       0x9c ..\obj\system_stm32f4xx.o
 .debug_loc     0x000045da      0x1ec ..\obj\syscalls.o
 .debug_loc     0x000047c6       0xa9 ..\obj\adc.o
 .debug_loc     0x0000486f      0x138 ..\obj\usb_bsp.o
 .debug_loc     0x000049a7      0x310 ..\obj\usbd_req.o
 .debug_loc     0x00004cb7      0x3b8 ..\obj\queue.o
 .debug_loc     0x0000506f      0x178 ..\obj\port.o
 .debug_loc     0x000051e7      0x2d8 ..\obj\usb_dcd_int.o
 .debug_loc     0x000054bf      0x224 ..\obj\usbd_cdc_core.o
 .debug_loc     0x000056e3      0x188 ..\obj\croutine.o
 .debug_loc     0x0000586b       0xe0 ..\obj\timer_properties.o
 .debug_loc     0x0000594b      0x578 ..\obj\stm32f4xx_spi.o
 .debug_loc     0x00005ec3      0x1b4 ..\obj\stm32f4xx_exti.o
 .debug_loc     0x00006077      0x118 ..\obj\misc.o
 .debug_loc     0x0000618f      0x2d8 ..\obj\usb_dcd.o
 .debug_loc     0x00006467       0xc8 ..\obj\heap_1.o
 .debug_loc     0x0000652f      0xc48 ..\obj\stm32f4xx_rtc.o
 .debug_loc     0x00007177      0x188 ..\obj\usbd_ioreq.o
 .debug_loc     0x000072ff     0x1420 ..\obj\stm32f4xx_tim.o
 .debug_loc     0x0000871f       0x90 ..\obj\power_detector.o

.debug_pubnames
                0x00000000     0x3852
 .debug_pubnames
                0x00000000       0xc3 ..\obj\stm32f4xx_syscfg.o
 .debug_pubnames
                0x000000c3      0x364 ..\obj\usb_core.o
 .debug_pubnames
                0x00000427       0xc4 ..\obj\delay.o
 .debug_pubnames
                0x000004eb       0x9e ..\obj\usbd_usr.o
 .debug_pubnames
                0x00000589       0x62 ..\obj\buzzer.o
 .debug_pubnames
                0x000005eb      0x294 ..\obj\stm32f4xx_usart.o
 .debug_pubnames
                0x0000087f      0x120 ..\obj\stm32f4xx_pwr.o
 .debug_pubnames
                0x0000099f       0x46 ..\obj\rtc.o
 .debug_pubnames
                0x000009e5       0x4a ..\obj\startup_stm32f4xx.o
 .debug_pubnames
                0x00000a2f       0x6c ..\obj\backup_sram.o
 .debug_pubnames
                0x00000a9b       0x91 ..\obj\stm32f4xx_iwdg.o
 .debug_pubnames
                0x00000b2c       0x81 ..\obj\ADS1120.o
 .debug_pubnames
                0x00000bad       0x7a ..\obj\usbd_core.o
 .debug_pubnames
                0x00000c27       0xa0 ..\obj\main.o
 .debug_pubnames
                0x00000cc7       0x21 ..\obj\uks.o
 .debug_pubnames
                0x00000ce8      0x417 ..\obj\stm32f4xx_rcc.o
 .debug_pubnames
                0x000010ff      0x446 ..\obj\stm32f4xx_adc.o
 .debug_pubnames
                0x00001545      0x101 ..\obj\printf.o
 .debug_pubnames
                0x00001646       0x7a ..\obj\phaze_detector.o
 .debug_pubnames
                0x000016c0       0x35 ..\obj\watchdog.o
 .debug_pubnames
                0x000016f5      0x194 ..\obj\hd44780.o
 .debug_pubnames
                0x00001889      0x275 ..\obj\tasks.o
 .debug_pubnames
                0x00001afe      0x152 ..\obj\usbd_desc.o
 .debug_pubnames
                0x00001c50       0x44 ..\obj\keyboard.o
 .debug_pubnames
                0x00001c94      0x12d ..\obj\stm32f4xx_gpio.o
 .debug_pubnames
                0x00001dc1       0x47 ..\obj\usbd_cdc_vcp.o
 .debug_pubnames
                0x00001e08       0x71 ..\obj\list.o
 .debug_pubnames
                0x00001e79       0x61 ..\obj\system_stm32f4xx.o
 .debug_pubnames
                0x00001eda       0x71 ..\obj\syscalls.o
 .debug_pubnames
                0x00001f4b       0x58 ..\obj\adc.o
 .debug_pubnames
                0x00001fa3       0xa6 ..\obj\usb_bsp.o
 .debug_pubnames
                0x00002049       0xd7 ..\obj\usbd_req.o
 .debug_pubnames
                0x00002120      0x145 ..\obj\queue.o
 .debug_pubnames
                0x00002265      0x101 ..\obj\port.o
 .debug_pubnames
                0x00002366       0x2b ..\obj\usb_dcd_int.o
 .debug_pubnames
                0x00002391       0xe5 ..\obj\usbd_cdc_core.o
 .debug_pubnames
                0x00002476       0x96 ..\obj\croutine.o
 .debug_pubnames
                0x0000250c       0xb2 ..\obj\timer_properties.o
 .debug_pubnames
                0x000025be      0x221 ..\obj\stm32f4xx_spi.o
 .debug_pubnames
                0x000027df       0xbb ..\obj\stm32f4xx_exti.o
 .debug_pubnames
                0x0000289a       0x89 ..\obj\misc.o
 .debug_pubnames
                0x00002923      0x100 ..\obj\usb_dcd.o
 .debug_pubnames
                0x00002a23       0x64 ..\obj\heap_1.o
 .debug_pubnames
                0x00002a87      0x514 ..\obj\stm32f4xx_rtc.o
 .debug_pubnames
                0x00002f9b       0xb6 ..\obj\usbd_ioreq.o
 .debug_pubnames
                0x00003051      0x7c4 ..\obj\stm32f4xx_tim.o
 .debug_pubnames
                0x00003815       0x3d ..\obj\power_detector.o

.debug_pubtypes
                0x00000000     0x3b89
 .debug_pubtypes
                0x00000000       0x6d ..\obj\stm32f4xx_syscfg.o
 .debug_pubtypes
                0x0000006d      0x675 ..\obj\usb_core.o
 .debug_pubtypes
                0x000006e2       0xb9 ..\obj\delay.o
 .debug_pubtypes
                0x0000079b       0x55 ..\obj\usbd_usr.o
 .debug_pubtypes
                0x000007f0       0xea ..\obj\buzzer.o
 .debug_pubtypes
                0x000008da       0xcd ..\obj\stm32f4xx_usart.o
 .debug_pubtypes
                0x000009a7       0x84 ..\obj\stm32f4xx_pwr.o
 .debug_pubtypes
                0x00000a2b       0x73 ..\obj\rtc.o
 .debug_pubtypes
                0x00000a9e       0x5b ..\obj\backup_sram.o
 .debug_pubtypes
                0x00000af9       0x64 ..\obj\stm32f4xx_iwdg.o
 .debug_pubtypes
                0x00000b5d      0x10a ..\obj\ADS1120.o
 .debug_pubtypes
                0x00000c67      0x2df ..\obj\usbd_core.o
 .debug_pubtypes
                0x00000f46      0x2a0 ..\obj\main.o
 .debug_pubtypes
                0x000011e6       0x6f ..\obj\uks.o
 .debug_pubtypes
                0x00001255       0xaa ..\obj\stm32f4xx_rcc.o
 .debug_pubtypes
                0x000012ff       0x12 ..\obj\timers.o
 .debug_pubtypes
                0x00001311       0xc9 ..\obj\stm32f4xx_adc.o
 .debug_pubtypes
                0x000013da      0x139 ..\obj\printf.o
 .debug_pubtypes
                0x00001513      0x174 ..\obj\phaze_detector.o
 .debug_pubtypes
                0x00001687       0x53 ..\obj\watchdog.o
 .debug_pubtypes
                0x000016da       0xe6 ..\obj\hd44780.o
 .debug_pubtypes
                0x000017c0      0x10c ..\obj\tasks.o
 .debug_pubtypes
                0x000018cc       0x5b ..\obj\usbd_desc.o
 .debug_pubtypes
                0x00001927       0xf7 ..\obj\keyboard.o
 .debug_pubtypes
                0x00001a1e       0xce ..\obj\stm32f4xx_gpio.o
 .debug_pubtypes
                0x00001aec       0x6d ..\obj\usbd_cdc_vcp.o
 .debug_pubtypes
                0x00001b59       0x7a ..\obj\list.o
 .debug_pubtypes
                0x00001bd3       0x73 ..\obj\system_stm32f4xx.o
 .debug_pubtypes
                0x00001c46       0xaa ..\obj\syscalls.o
 .debug_pubtypes
                0x00001cf0      0x369 ..\obj\adc.o
 .debug_pubtypes
                0x00002059      0x333 ..\obj\usb_bsp.o
 .debug_pubtypes
                0x0000238c      0x2c8 ..\obj\usbd_req.o
 .debug_pubtypes
                0x00002654       0xd4 ..\obj\queue.o
 .debug_pubtypes
                0x00002728       0x33 ..\obj\port.o
 .debug_pubtypes
                0x0000275b      0x5e1 ..\obj\usb_dcd_int.o
 .debug_pubtypes
                0x00002d3c      0x2ae ..\obj\usbd_cdc_core.o
 .debug_pubtypes
                0x00002fea       0xcd ..\obj\croutine.o
 .debug_pubtypes
                0x000030b7       0x93 ..\obj\timer_properties.o
 .debug_pubtypes
                0x0000314a       0xbc ..\obj\stm32f4xx_spi.o
 .debug_pubtypes
                0x00003206       0xae ..\obj\stm32f4xx_exti.o
 .debug_pubtypes
                0x000032b4       0x8c ..\obj\misc.o
 .debug_pubtypes
                0x00003340      0x307 ..\obj\usb_dcd.o
 .debug_pubtypes
                0x00003647       0x2c ..\obj\heap_1.o
 .debug_pubtypes
                0x00003673       0xd8 ..\obj\stm32f4xx_rtc.o
 .debug_pubtypes
                0x0000374b      0x295 ..\obj\usbd_ioreq.o
 .debug_pubtypes
                0x000039e0       0xe4 ..\obj\stm32f4xx_tim.o
 .debug_pubtypes
                0x00003ac4       0xc5 ..\obj\power_detector.o

.debug_aranges  0x00000000     0x1828
 .debug_aranges
                0x00000000       0x48 ..\obj\stm32f4xx_syscfg.o
 .debug_aranges
                0x00000048      0x138 ..\obj\usb_core.o
 .debug_aranges
                0x00000180       0x40 ..\obj\delay.o
 .debug_aranges
                0x000001c0       0x40 ..\obj\usbd_usr.o
 .debug_aranges
                0x00000200       0x30 ..\obj\buzzer.o
 .debug_aranges
                0x00000230      0x100 ..\obj\stm32f4xx_usart.o
 .debug_aranges
                0x00000330       0x78 ..\obj\stm32f4xx_pwr.o
 .debug_aranges
                0x000003a8       0x28 ..\obj\rtc.o
 .debug_aranges
                0x000003d0       0x28 ..\obj\startup_stm32f4xx.o
 .debug_aranges
                0x000003f8       0x38 ..\obj\backup_sram.o
 .debug_aranges
                0x00000430       0x48 ..\obj\stm32f4xx_iwdg.o
 .debug_aranges
                0x00000478       0x40 ..\obj\ADS1120.o
 .debug_aranges
                0x000004b8       0x80 ..\obj\usbd_core.o
 .debug_aranges
                0x00000538       0x40 ..\obj\main.o
 .debug_aranges
                0x00000578      0x178 ..\obj\stm32f4xx_rcc.o
 .debug_aranges
                0x000006f0      0x148 ..\obj\stm32f4xx_adc.o
 .debug_aranges
                0x00000838       0xa0 ..\obj\printf.o
 .debug_aranges
                0x000008d8       0x40 ..\obj\phaze_detector.o
 .debug_aranges
                0x00000918       0x28 ..\obj\watchdog.o
 .debug_aranges
                0x00000940       0xb0 ..\obj\hd44780.o
 .debug_aranges
                0x000009f0      0x120 ..\obj\tasks.o
 .debug_aranges
                0x00000b10       0x50 ..\obj\usbd_desc.o
 .debug_aranges
                0x00000b60       0x28 ..\obj\keyboard.o
 .debug_aranges
                0x00000b88       0x88 ..\obj\stm32f4xx_gpio.o
 .debug_aranges
                0x00000c10       0x40 ..\obj\usbd_cdc_vcp.o
 .debug_aranges
                0x00000c50       0x40 ..\obj\list.o
 .debug_aranges
                0x00000c90       0x30 ..\obj\system_stm32f4xx.o
 .debug_aranges
                0x00000cc0       0x60 ..\obj\syscalls.o
 .debug_aranges
                0x00000d20       0x30 ..\obj\adc.o
 .debug_aranges
                0x00000d50       0x48 ..\obj\usb_bsp.o
 .debug_aranges
                0x00000d98       0x88 ..\obj\usbd_req.o
 .debug_aranges
                0x00000e20       0xa0 ..\obj\queue.o
 .debug_aranges
                0x00000ec0       0x70 ..\obj\port.o
 .debug_aranges
                0x00000f30       0x80 ..\obj\usb_dcd_int.o
 .debug_aranges
                0x00000fb0       0x68 ..\obj\usbd_cdc_core.o
 .debug_aranges
                0x00001018       0x50 ..\obj\croutine.o
 .debug_aranges
                0x00001068       0x38 ..\obj\timer_properties.o
 .debug_aranges
                0x000010a0       0xe0 ..\obj\stm32f4xx_spi.o
 .debug_aranges
                0x00001180       0x58 ..\obj\stm32f4xx_exti.o
 .debug_aranges
                0x000011d8       0x40 ..\obj\misc.o
 .debug_aranges
                0x00001218       0x80 ..\obj\usb_dcd.o
 .debug_aranges
                0x00001298       0x38 ..\obj\heap_1.o
 .debug_aranges
                0x000012d0      0x1e0 ..\obj\stm32f4xx_rtc.o
 .debug_aranges
                0x000014b0       0x50 ..\obj\usbd_ioreq.o
 .debug_aranges
                0x00001500      0x2f8 ..\obj\stm32f4xx_tim.o
 .debug_aranges
                0x000017f8       0x30 ..\obj\power_detector.o

.debug_ranges   0x00000000     0x1548
 .debug_ranges  0x00000000       0x38 ..\obj\stm32f4xx_syscfg.o
 .debug_ranges  0x00000038      0x128 ..\obj\usb_core.o
 .debug_ranges  0x00000160       0x30 ..\obj\delay.o
 .debug_ranges  0x00000190       0x30 ..\obj\usbd_usr.o
 .debug_ranges  0x000001c0       0x20 ..\obj\buzzer.o
 .debug_ranges  0x000001e0       0xf0 ..\obj\stm32f4xx_usart.o
 .debug_ranges  0x000002d0       0x68 ..\obj\stm32f4xx_pwr.o
 .debug_ranges  0x00000338       0x18 ..\obj\rtc.o
 .debug_ranges  0x00000350       0x18 ..\obj\startup_stm32f4xx.o
 .debug_ranges  0x00000368       0x28 ..\obj\backup_sram.o
 .debug_ranges  0x00000390       0x38 ..\obj\stm32f4xx_iwdg.o
 .debug_ranges  0x000003c8       0x30 ..\obj\ADS1120.o
 .debug_ranges  0x000003f8       0x70 ..\obj\usbd_core.o
 .debug_ranges  0x00000468       0x30 ..\obj\main.o
 .debug_ranges  0x00000498      0x168 ..\obj\stm32f4xx_rcc.o
 .debug_ranges  0x00000600      0x138 ..\obj\stm32f4xx_adc.o
 .debug_ranges  0x00000738       0x90 ..\obj\printf.o
 .debug_ranges  0x000007c8       0x30 ..\obj\phaze_detector.o
 .debug_ranges  0x000007f8       0x18 ..\obj\watchdog.o
 .debug_ranges  0x00000810       0xa0 ..\obj\hd44780.o
 .debug_ranges  0x000008b0      0x110 ..\obj\tasks.o
 .debug_ranges  0x000009c0       0x40 ..\obj\usbd_desc.o
 .debug_ranges  0x00000a00       0x18 ..\obj\keyboard.o
 .debug_ranges  0x00000a18       0x78 ..\obj\stm32f4xx_gpio.o
 .debug_ranges  0x00000a90       0x30 ..\obj\usbd_cdc_vcp.o
 .debug_ranges  0x00000ac0       0x30 ..\obj\list.o
 .debug_ranges  0x00000af0       0x20 ..\obj\system_stm32f4xx.o
 .debug_ranges  0x00000b10       0x50 ..\obj\syscalls.o
 .debug_ranges  0x00000b60       0x20 ..\obj\adc.o
 .debug_ranges  0x00000b80       0x38 ..\obj\usb_bsp.o
 .debug_ranges  0x00000bb8       0x78 ..\obj\usbd_req.o
 .debug_ranges  0x00000c30       0x90 ..\obj\queue.o
 .debug_ranges  0x00000cc0       0x60 ..\obj\port.o
 .debug_ranges  0x00000d20       0x70 ..\obj\usb_dcd_int.o
 .debug_ranges  0x00000d90       0x58 ..\obj\usbd_cdc_core.o
 .debug_ranges  0x00000de8       0x40 ..\obj\croutine.o
 .debug_ranges  0x00000e28       0x28 ..\obj\timer_properties.o
 .debug_ranges  0x00000e50       0xd0 ..\obj\stm32f4xx_spi.o
 .debug_ranges  0x00000f20       0x48 ..\obj\stm32f4xx_exti.o
 .debug_ranges  0x00000f68       0x30 ..\obj\misc.o
 .debug_ranges  0x00000f98       0x70 ..\obj\usb_dcd.o
 .debug_ranges  0x00001008       0x28 ..\obj\heap_1.o
 .debug_ranges  0x00001030      0x1d0 ..\obj\stm32f4xx_rtc.o
 .debug_ranges  0x00001200       0x40 ..\obj\usbd_ioreq.o
 .debug_ranges  0x00001240      0x2e8 ..\obj\stm32f4xx_tim.o
 .debug_ranges  0x00001528       0x20 ..\obj\power_detector.o

.debug_str      0x00000000     0x7f00
 .debug_str     0x00000000      0x214 ..\obj\stm32f4xx_syscfg.o
                                0x261 (size before relaxing)
 .debug_str     0x00000214     0x1245 ..\obj\usb_core.o
                               0x15e8 (size before relaxing)
 .debug_str     0x00001459      0x7e8 ..\obj\delay.o
                                0x8f0 (size before relaxing)
 .debug_str     0x00001c41       0xb3 ..\obj\usbd_usr.o
                                0x1ec (size before relaxing)
 .debug_str     0x00001cf4      0x347 ..\obj\buzzer.o
                                0x42b (size before relaxing)
 .debug_str     0x0000203b      0x495 ..\obj\stm32f4xx_usart.o
                                0x5f1 (size before relaxing)
 .debug_str     0x000024d0      0x1e0 ..\obj\stm32f4xx_pwr.o
                                0x2f3 (size before relaxing)
 .debug_str     0x000026b0      0x14c ..\obj\rtc.o
                                0x251 (size before relaxing)
 .debug_str     0x000027fc       0xb5 ..\obj\startup_stm32f4xx.o
                                 0xe0 (size before relaxing)
 .debug_str     0x000028b1       0xc8 ..\obj\backup_sram.o
                                0x1b1 (size before relaxing)
 .debug_str     0x00002979       0xed ..\obj\stm32f4xx_iwdg.o
                                0x1ce (size before relaxing)
 .debug_str     0x00002a66      0x1be ..\obj\ADS1120.o
                                0x498 (size before relaxing)
 .debug_str     0x00002c24      0x18d ..\obj\usbd_core.o
                                0xa2d (size before relaxing)
 .debug_str     0x00002db1       0xf9 ..\obj\main.o
                                0x966 (size before relaxing)
 .debug_str     0x00002eaa       0x82 ..\obj\uks.o
                                0x155 (size before relaxing)
 .debug_str     0x00002f2c      0x5e8 ..\obj\stm32f4xx_rcc.o
                                0x7b2 (size before relaxing)
 .debug_str     0x00003514       0x4c ..\obj\timers.o
                                 0x9f (size before relaxing)
 .debug_str     0x00003560      0x638 ..\obj\stm32f4xx_adc.o
                                0x766 (size before relaxing)
 .debug_str     0x00003b98      0x4d6 ..\obj\printf.o
                                0x5e7 (size before relaxing)
 .debug_str     0x0000406e      0x233 ..\obj\phaze_detector.o
                                0xa68 (size before relaxing)
 .debug_str     0x000042a1       0x5c ..\obj\watchdog.o
                                0x181 (size before relaxing)
 .debug_str     0x000042fd      0x219 ..\obj\hd44780.o
                                0x573 (size before relaxing)
 .debug_str     0x00004516      0x776 ..\obj\tasks.o
                                0x8b6 (size before relaxing)
 .debug_str     0x00004c8c      0x158 ..\obj\usbd_desc.o
                                0x2ef (size before relaxing)
 .debug_str     0x00004de4       0xa4 ..\obj\keyboard.o
                                0x32f (size before relaxing)
 .debug_str     0x00004e88      0x17b ..\obj\stm32f4xx_gpio.o
                                0x405 (size before relaxing)
 .debug_str     0x00005003       0xf8 ..\obj\usbd_cdc_vcp.o
                                0x1db (size before relaxing)
 .debug_str     0x000050fb       0xdd ..\obj\list.o
                                0x210 (size before relaxing)
 .debug_str     0x000051d8       0xbd ..\obj\system_stm32f4xx.o
                                0x300 (size before relaxing)
 .debug_str     0x00005295      0x147 ..\obj\syscalls.o
                                0x267 (size before relaxing)
 .debug_str     0x000053dc       0xb4 ..\obj\adc.o
                                0xc36 (size before relaxing)
 .debug_str     0x00005490       0xca ..\obj\usb_bsp.o
                               0x1034 (size before relaxing)
 .debug_str     0x0000555a      0x173 ..\obj\usbd_req.o
                                0xa58 (size before relaxing)
 .debug_str     0x000056cd      0x302 ..\obj\queue.o
                                0x4be (size before relaxing)
 .debug_str     0x000059cf      0x156 ..\obj\port.o
                                0x1dc (size before relaxing)
 .debug_str     0x00005b25      0x289 ..\obj\usb_dcd_int.o
                               0x11e6 (size before relaxing)
 .debug_str     0x00005dae      0x1a9 ..\obj\usbd_cdc_core.o
                                0xaa3 (size before relaxing)
 .debug_str     0x00005f57      0x282 ..\obj\croutine.o
                                0x3df (size before relaxing)
 .debug_str     0x000061d9      0x1e3 ..\obj\timer_properties.o
                                0x42f (size before relaxing)
 .debug_str     0x000063bc      0x2f5 ..\obj\stm32f4xx_spi.o
                                0x5ec (size before relaxing)
 .debug_str     0x000066b1       0xe8 ..\obj\stm32f4xx_exti.o
                                0x2d0 (size before relaxing)
 .debug_str     0x00006799      0x11e ..\obj\misc.o
                                0x33b (size before relaxing)
 .debug_str     0x000068b7      0x10f ..\obj\usb_dcd.o
                                0xa88 (size before relaxing)
 .debug_str     0x000069c6       0xe1 ..\obj\heap_1.o
                                0x1a1 (size before relaxing)
 .debug_str     0x00006aa7      0x88a ..\obj\stm32f4xx_rtc.o
                                0xab5 (size before relaxing)
 .debug_str     0x00007331       0xc9 ..\obj\usbd_ioreq.o
                                0x917 (size before relaxing)
 .debug_str     0x000073fa      0xa86 ..\obj\stm32f4xx_tim.o
                                0xd32 (size before relaxing)
 .debug_str     0x00007e80       0x80 ..\obj\power_detector.o
                                0x828 (size before relaxing)

.comment        0x00000000       0x2a
 .comment       0x00000000       0x2a ..\obj\stm32f4xx_syscfg.o
                                 0x2b (size before relaxing)
 .comment       0x00000000       0x2b ..\obj\usb_core.o
 .comment       0x00000000       0x2b ..\obj\delay.o
 .comment       0x00000000       0x2b ..\obj\usbd_usr.o
 .comment       0x00000000       0x2b ..\obj\buzzer.o
 .comment       0x00000000       0x2b ..\obj\stm32f4xx_usart.o
 .comment       0x00000000       0x2b ..\obj\stm32f4xx_pwr.o
 .comment       0x00000000       0x2b ..\obj\rtc.o
 .comment       0x00000000       0x2b ..\obj\startup_stm32f4xx.o
 .comment       0x00000000       0x2b ..\obj\backup_sram.o
 .comment       0x00000000       0x2b ..\obj\stm32f4xx_iwdg.o
 .comment       0x00000000       0x2b ..\obj\ADS1120.o
 .comment       0x00000000       0x2b ..\obj\usbd_core.o
 .comment       0x00000000       0x2b ..\obj\main.o
 .comment       0x00000000       0x2b ..\obj\uks.o
 .comment       0x00000000       0x2b ..\obj\stm32f4xx_rcc.o
 .comment       0x00000000       0x2b ..\obj\timers.o
 .comment       0x00000000       0x2b ..\obj\stm32f4xx_adc.o
 .comment       0x00000000       0x2b ..\obj\printf.o
 .comment       0x00000000       0x2b ..\obj\phaze_detector.o
 .comment       0x00000000       0x2b ..\obj\watchdog.o
 .comment       0x00000000       0x2b ..\obj\hd44780.o
 .comment       0x00000000       0x2b ..\obj\tasks.o
 .comment       0x00000000       0x2b ..\obj\usbd_desc.o
 .comment       0x00000000       0x2b ..\obj\keyboard.o
 .comment       0x00000000       0x2b ..\obj\stm32f4xx_gpio.o
 .comment       0x00000000       0x2b ..\obj\usbd_cdc_vcp.o
 .comment       0x00000000       0x2b ..\obj\list.o
 .comment       0x00000000       0x2b ..\obj\system_stm32f4xx.o
 .comment       0x00000000       0x2b ..\obj\syscalls.o
 .comment       0x00000000       0x2b ..\obj\adc.o
 .comment       0x00000000       0x2b ..\obj\usb_bsp.o
 .comment       0x00000000       0x2b ..\obj\usbd_req.o
 .comment       0x00000000       0x2b ..\obj\queue.o
 .comment       0x00000000       0x2b ..\obj\port.o
 .comment       0x00000000       0x2b ..\obj\usb_dcd_int.o
 .comment       0x00000000       0x2b ..\obj\usbd_cdc_core.o
 .comment       0x00000000       0x2b ..\obj\croutine.o
 .comment       0x00000000       0x2b ..\obj\timer_properties.o
 .comment       0x00000000       0x2b ..\obj\stm32f4xx_spi.o
 .comment       0x00000000       0x2b ..\obj\stm32f4xx_exti.o
 .comment       0x00000000       0x2b ..\obj\misc.o
 .comment       0x00000000       0x2b ..\obj\usb_dcd.o
 .comment       0x00000000       0x2b ..\obj\heap_1.o
 .comment       0x00000000       0x2b ..\obj\stm32f4xx_rtc.o
 .comment       0x00000000       0x2b ..\obj\usbd_ioreq.o
 .comment       0x00000000       0x2b ..\obj\stm32f4xx_tim.o
 .comment       0x00000000       0x2b ..\obj\power_detector.o

.ARM.attributes
                0x00000000       0x31
 .ARM.attributes
                0x00000000       0x31 ..\obj\stm32f4xx_syscfg.o
 .ARM.attributes
                0x00000031       0x31 ..\obj\usb_core.o
 .ARM.attributes
                0x00000062       0x31 ..\obj\delay.o
 .ARM.attributes
                0x00000093       0x31 ..\obj\usbd_usr.o
 .ARM.attributes
                0x000000c4       0x31 ..\obj\buzzer.o
 .ARM.attributes
                0x000000f5       0x31 ..\obj\stm32f4xx_usart.o
 .ARM.attributes
                0x00000126       0x31 ..\obj\stm32f4xx_pwr.o
 .ARM.attributes
                0x00000157       0x31 ..\obj\rtc.o
 .ARM.attributes
                0x00000188       0x31 ..\obj\startup_stm32f4xx.o
 .ARM.attributes
                0x000001b9       0x31 ..\obj\backup_sram.o
 .ARM.attributes
                0x000001ea       0x31 ..\obj\stm32f4xx_iwdg.o
 .ARM.attributes
                0x0000021b       0x31 ..\obj\ADS1120.o
 .ARM.attributes
                0x0000024c       0x31 ..\obj\usbd_core.o
 .ARM.attributes
                0x0000027d       0x31 ..\obj\main.o
 .ARM.attributes
                0x000002ae       0x31 ..\obj\uks.o
 .ARM.attributes
                0x000002df       0x31 ..\obj\stm32f4xx_rcc.o
 .ARM.attributes
                0x00000310       0x31 ..\obj\timers.o
 .ARM.attributes
                0x00000341       0x31 ..\obj\stm32f4xx_adc.o
 .ARM.attributes
                0x00000372       0x31 ..\obj\printf.o
 .ARM.attributes
                0x000003a3       0x31 ..\obj\phaze_detector.o
 .ARM.attributes
                0x000003d4       0x31 ..\obj\watchdog.o
 .ARM.attributes
                0x00000405       0x31 ..\obj\hd44780.o
 .ARM.attributes
                0x00000436       0x31 ..\obj\tasks.o
 .ARM.attributes
                0x00000467       0x31 ..\obj\usbd_desc.o
 .ARM.attributes
                0x00000498       0x31 ..\obj\keyboard.o
 .ARM.attributes
                0x000004c9       0x31 ..\obj\stm32f4xx_gpio.o
 .ARM.attributes
                0x000004fa       0x31 ..\obj\usbd_cdc_vcp.o
 .ARM.attributes
                0x0000052b       0x31 ..\obj\list.o
 .ARM.attributes
                0x0000055c       0x31 ..\obj\system_stm32f4xx.o
 .ARM.attributes
                0x0000058d       0x31 ..\obj\syscalls.o
 .ARM.attributes
                0x000005be       0x31 ..\obj\adc.o
 .ARM.attributes
                0x000005ef       0x31 ..\obj\usb_bsp.o
 .ARM.attributes
                0x00000620       0x31 ..\obj\usbd_req.o
 .ARM.attributes
                0x00000651       0x31 ..\obj\queue.o
 .ARM.attributes
                0x00000682       0x31 ..\obj\port.o
 .ARM.attributes
                0x000006b3       0x31 ..\obj\usb_dcd_int.o
 .ARM.attributes
                0x000006e4       0x31 ..\obj\usbd_cdc_core.o
 .ARM.attributes
                0x00000715       0x31 ..\obj\croutine.o
 .ARM.attributes
                0x00000746       0x31 ..\obj\timer_properties.o
 .ARM.attributes
                0x00000777       0x31 ..\obj\stm32f4xx_spi.o
 .ARM.attributes
                0x000007a8       0x31 ..\obj\stm32f4xx_exti.o
 .ARM.attributes
                0x000007d9       0x31 ..\obj\misc.o
 .ARM.attributes
                0x0000080a       0x31 ..\obj\usb_dcd.o
 .ARM.attributes
                0x0000083b       0x31 ..\obj\heap_1.o
 .ARM.attributes
                0x0000086c       0x31 ..\obj\stm32f4xx_rtc.o
 .ARM.attributes
                0x0000089d       0x31 ..\obj\usbd_ioreq.o
 .ARM.attributes
                0x000008ce       0x31 ..\obj\stm32f4xx_tim.o
 .ARM.attributes
                0x000008ff       0x31 ..\obj\power_detector.o
 .ARM.attributes
                0x00000930       0x1b c:/coocox/coide/gcc/sourcery g++ lite/bin/../lib/gcc/arm-none-eabi/4.5.1/thumb2\libgcc.a(_arm_addsubdf3.o)
 .ARM.attributes
                0x0000094b       0x1b c:/coocox/coide/gcc/sourcery g++ lite/bin/../lib/gcc/arm-none-eabi/4.5.1/thumb2\libgcc.a(_arm_muldivdf3.o)
 .ARM.attributes
                0x00000966       0x1b c:/coocox/coide/gcc/sourcery g++ lite/bin/../lib/gcc/arm-none-eabi/4.5.1/thumb2\libgcc.a(_arm_cmpdf2.o)
 .ARM.attributes
                0x00000981       0x1b c:/coocox/coide/gcc/sourcery g++ lite/bin/../lib/gcc/arm-none-eabi/4.5.1/thumb2\libgcc.a(_arm_fixunsdfsi.o)
 .ARM.attributes
                0x0000099c       0x29 c:/coocox/coide/gcc/sourcery g++ lite/bin/../lib/gcc/arm-none-eabi/4.5.1/../../../../arm-none-eabi/lib/thumb2\libc.a(lib_a-memcmp.o)
 .ARM.attributes
                0x000009c5       0x29 c:/coocox/coide/gcc/sourcery g++ lite/bin/../lib/gcc/arm-none-eabi/4.5.1/../../../../arm-none-eabi/lib/thumb2\libc.a(lib_a-memcpy.o)
 .ARM.attributes
                0x000009ee       0x29 c:/coocox/coide/gcc/sourcery g++ lite/bin/../lib/gcc/arm-none-eabi/4.5.1/../../../../arm-none-eabi/lib/thumb2\libc.a(lib_a-memset.o)
 .ARM.attributes
                0x00000a17       0x29 c:/coocox/coide/gcc/sourcery g++ lite/bin/../lib/gcc/arm-none-eabi/4.5.1/../../../../arm-none-eabi/lib/thumb2\libc.a(lib_a-strlen.o)
 .ARM.attributes
                0x00000a40       0x29 c:/coocox/coide/gcc/sourcery g++ lite/bin/../lib/gcc/arm-none-eabi/4.5.1/../../../../arm-none-eabi/lib/thumb2\libc.a(lib_a-strncpy.o)

.debug_frame    0x00000000     0x4bd8
 .debug_frame   0x00000000       0xbc ..\obj\stm32f4xx_syscfg.o
 .debug_frame   0x000000bc      0x434 ..\obj\usb_core.o
 .debug_frame   0x000004f0       0xa0 ..\obj\delay.o
 .debug_frame   0x00000590       0x8c ..\obj\usbd_usr.o
 .debug_frame   0x0000061c       0x70 ..\obj\buzzer.o
 .debug_frame   0x0000068c      0x344 ..\obj\stm32f4xx_usart.o
 .debug_frame   0x000009d0      0x15c ..\obj\stm32f4xx_pwr.o
 .debug_frame   0x00000b2c       0x50 ..\obj\rtc.o
 .debug_frame   0x00000b7c       0x48 ..\obj\startup_stm32f4xx.o
 .debug_frame   0x00000bc4       0x88 ..\obj\backup_sram.o
 .debug_frame   0x00000c4c       0xb0 ..\obj\stm32f4xx_iwdg.o
 .debug_frame   0x00000cfc       0xa8 ..\obj\ADS1120.o
 .debug_frame   0x00000da4      0x1ac ..\obj\usbd_core.o
 .debug_frame   0x00000f50       0xa0 ..\obj\main.o
 .debug_frame   0x00000ff0      0x4d8 ..\obj\stm32f4xx_rcc.o
 .debug_frame   0x000014c8      0x434 ..\obj\stm32f4xx_adc.o
 .debug_frame   0x000018fc      0x244 ..\obj\printf.o
 .debug_frame   0x00001b40       0xa0 ..\obj\phaze_detector.o
 .debug_frame   0x00001be0       0x50 ..\obj\watchdog.o
 .debug_frame   0x00001c30      0x248 ..\obj\hd44780.o
 .debug_frame   0x00001e78      0x404 ..\obj\tasks.o
 .debug_frame   0x0000227c       0xe8 ..\obj\usbd_desc.o
 .debug_frame   0x00002364       0x50 ..\obj\keyboard.o
 .debug_frame   0x000023b4      0x19c ..\obj\stm32f4xx_gpio.o
 .debug_frame   0x00002550       0x94 ..\obj\usbd_cdc_vcp.o
 .debug_frame   0x000025e4       0x9c ..\obj\list.o
 .debug_frame   0x00002680       0x64 ..\obj\system_stm32f4xx.o
 .debug_frame   0x000026e4      0x108 ..\obj\syscalls.o
 .debug_frame   0x000027ec       0x6c ..\obj\adc.o
 .debug_frame   0x00002858       0xc4 ..\obj\usb_bsp.o
 .debug_frame   0x0000291c      0x1c8 ..\obj\usbd_req.o
 .debug_frame   0x00002ae4      0x224 ..\obj\queue.o
 .debug_frame   0x00002d08      0x110 ..\obj\port.o
 .debug_frame   0x00002e18      0x1ac ..\obj\usb_dcd_int.o
 .debug_frame   0x00002fc4      0x144 ..\obj\usbd_cdc_core.o
 .debug_frame   0x00003108       0xf0 ..\obj\croutine.o
 .debug_frame   0x000031f8       0x90 ..\obj\timer_properties.o
 .debug_frame   0x00003288      0x2d0 ..\obj\stm32f4xx_spi.o
 .debug_frame   0x00003558       0xec ..\obj\stm32f4xx_exti.o
 .debug_frame   0x00003644       0x9c ..\obj\misc.o
 .debug_frame   0x000036e0      0x1ac ..\obj\usb_dcd.o
 .debug_frame   0x0000388c       0x7c ..\obj\heap_1.o
 .debug_frame   0x00003908      0x670 ..\obj\stm32f4xx_rtc.o
 .debug_frame   0x00003f78       0xec ..\obj\usbd_ioreq.o
 .debug_frame   0x00004064      0xa3c ..\obj\stm32f4xx_tim.o
 .debug_frame   0x00004aa0       0x64 ..\obj\power_detector.o
 .debug_frame   0x00004b04       0x2c c:/coocox/coide/gcc/sourcery g++ lite/bin/../lib/gcc/arm-none-eabi/4.5.1/../../../../arm-none-eabi/lib/thumb2\libc.a(lib_a-memcmp.o)
 .debug_frame   0x00004b30       0x30 c:/coocox/coide/gcc/sourcery g++ lite/bin/../lib/gcc/arm-none-eabi/4.5.1/../../../../arm-none-eabi/lib/thumb2\libc.a(lib_a-memcpy.o)
 .debug_frame   0x00004b60       0x2c c:/coocox/coide/gcc/sourcery g++ lite/bin/../lib/gcc/arm-none-eabi/4.5.1/../../../../arm-none-eabi/lib/thumb2\libc.a(lib_a-memset.o)
 .debug_frame   0x00004b8c       0x20 c:/coocox/coide/gcc/sourcery g++ lite/bin/../lib/gcc/arm-none-eabi/4.5.1/../../../../arm-none-eabi/lib/thumb2\libc.a(lib_a-strlen.o)
 .debug_frame   0x00004bac       0x2c c:/coocox/coide/gcc/sourcery g++ lite/bin/../lib/gcc/arm-none-eabi/4.5.1/../../../../arm-none-eabi/lib/thumb2\libc.a(lib_a-strncpy.o)
