Archive member included because of file (symbol)

c:/coocox/coide/gcc/sourcery g++ lite/bin/../lib/gcc/arm-none-eabi/4.5.1/thumb2\libgcc.a(_arm_addsubdf3.o)
                              ..\obj\ADS1120.o (__aeabi_dadd)
c:/coocox/coide/gcc/sourcery g++ lite/bin/../lib/gcc/arm-none-eabi/4.5.1/thumb2\libgcc.a(_arm_muldivdf3.o)
                              ..\obj\ADS1120.o (__aeabi_dmul)
c:/coocox/coide/gcc/sourcery g++ lite/bin/../lib/gcc/arm-none-eabi/4.5.1/thumb2\libgcc.a(_arm_cmpdf2.o)
                              ..\obj\timer_properties.o (__aeabi_dcmpeq)
c:/coocox/coide/gcc/sourcery g++ lite/bin/../lib/gcc/arm-none-eabi/4.5.1/thumb2\libgcc.a(_arm_fixunsdfsi.o)
                              ..\obj\timer_properties.o (__aeabi_d2uiz)
c:/coocox/coide/gcc/sourcery g++ lite/bin/../lib/gcc/arm-none-eabi/4.5.1/thumb2\libgcc.a(_arm_truncdfsf2.o)
                              ..\obj\ADS1120.o (__aeabi_d2f)
c:/coocox/coide/gcc/sourcery g++ lite/bin/../lib/gcc/arm-none-eabi/4.5.1/thumb2\libgcc.a(_arm_addsubsf3.o)
                              ..\obj\pid_regulator.o (__aeabi_fsub)
c:/coocox/coide/gcc/sourcery g++ lite/bin/../lib/gcc/arm-none-eabi/4.5.1/thumb2\libgcc.a(_arm_muldivsf3.o)
                              ..\obj\pid_regulator.o (__aeabi_fmul)
c:/coocox/coide/gcc/sourcery g++ lite/bin/../lib/gcc/arm-none-eabi/4.5.1/thumb2\libgcc.a(_arm_cmpsf2.o)
                              ..\obj\pid_regulator.o (__aeabi_fcmplt)
c:/coocox/coide/gcc/sourcery g++ lite/bin/../lib/gcc/arm-none-eabi/4.5.1/thumb2\libgcc.a(_arm_fixsfsi.o)
                              ..\obj\pid_regulator.o (__aeabi_f2iz)
c:/coocox/coide/gcc/sourcery g++ lite/bin/../lib/gcc/arm-none-eabi/4.5.1/thumb2\libgcc.a(_arm_fixunssfsi.o)
                              ..\obj\display.o (__aeabi_f2uiz)
c:/coocox/coide/gcc/sourcery g++ lite/bin/../lib/gcc/arm-none-eabi/4.5.1/../../../../arm-none-eabi/lib/thumb2\libc.a(lib_a-memcmp.o)
                              ..\obj\tasks.o (memcmp)
c:/coocox/coide/gcc/sourcery g++ lite/bin/../lib/gcc/arm-none-eabi/4.5.1/../../../../arm-none-eabi/lib/thumb2\libc.a(lib_a-memcpy.o)
                              ..\obj\mbfuncother.o (memcpy)
c:/coocox/coide/gcc/sourcery g++ lite/bin/../lib/gcc/arm-none-eabi/4.5.1/../../../../arm-none-eabi/lib/thumb2\libc.a(lib_a-memset.o)
                              ..\obj\tasks.o (memset)
c:/coocox/coide/gcc/sourcery g++ lite/bin/../lib/gcc/arm-none-eabi/4.5.1/../../../../arm-none-eabi/lib/thumb2\libc.a(lib_a-strncpy.o)
                              ..\obj\tasks.o (strncpy)

Allocating common symbols
Common symbol       size              file

pxMBFrameCBTransmitterEmpty
                    0x4               ..\obj\mb.o
APP_Tx_Buffer       0x80              ..\obj\usbd_cdc_vcp.o
pid_heater          0x1c              ..\obj\pid_regulator.o
pxMBPortCBTimerExpired
                    0x4               ..\obj\mb.o
Heater_Control_Task_Handle
                    0x4               ..\obj\phaze_detector.o
ADC_result          0x4               ..\obj\ADS1120.o
xBuzzer_Handle      0x4               ..\obj\buzzer.o
adc_reg             0x1               ..\obj\ADS1120.o
ucRTUBuf            0x100             ..\obj\mbrtu.o
PID_Regulator_Task_Handle
                    0x4               ..\obj\pid_regulator.o
HD44780_Opts        0x7               ..\obj\hd44780.o
xPhazeSemaphore     0x4               ..\obj\phaze_detector.o
usbd_cdc_OtherCfgDesc
                    0x43              ..\obj\usbd_cdc_core.o
xSPI_Buf_Mutex      0x4               ..\obj\ADS1120.o
pxMBFrameCBByteReceived
                    0x4               ..\obj\mb.o
buzz                0x2               ..\obj\buzzer.o
APP_tx_ptr_tail     0x4               ..\obj\usbd_cdc_vcp.o
pxMBFrameCBTransmitFSMCur
                    0x4               ..\obj\mb.o
xMeasure_LM35_Semaphore
                    0x4               ..\obj\adc.o
USB_Rx_Buffer       0x40              ..\obj\usbd_cdc_core.o
ADC_result_temp     0x4               ..\obj\ADS1120.o
pxMBFrameCBReceiveFSMCur
                    0x4               ..\obj\mb.o
CmdBuff             0x8               ..\obj\usbd_cdc_core.o
USB_OTG_dev         0x5f0             ..\obj\main.o
adc_lm35_chnl       0xee              ..\obj\adc.o
mult                0x4               ..\obj\delay.o
APP_Rx_Buffer       0x800             ..\obj\usbd_cdc_core.o
uks_channels        0x498             ..\obj\uks.o
task_watches        0x50              ..\obj\watchdog.o
USBD_StrDesc        0x32              ..\obj\usbd_req.o
APP_tx_ptr_head     0x4               ..\obj\usbd_cdc_vcp.o
phaze_detect        0x8               ..\obj\phaze_detector.o

Discarded input sections

 .text          0x00000000        0x0 ..\obj\stm32f4xx_syscfg.o
 .data          0x00000000        0x0 ..\obj\stm32f4xx_syscfg.o
 .bss           0x00000000        0x0 ..\obj\stm32f4xx_syscfg.o
 .text.SYSCFG_DeInit
                0x00000000       0x20 ..\obj\stm32f4xx_syscfg.o
 .text.SYSCFG_MemoryRemapConfig
[...]
Memory Configuration

Name             Origin             Length             Attributes
rom              0x08000000         0x00100000         xr
ram              0x20000000         0x00020000         xrw
ram1             0x10000000         0x00010000         xrw
*default*        0x00000000         0xffffffff

Linker script and memory map

                0x20020000                _eram = 0x20020000

.text           0x08000000     0xfd98
 *(.isr_vector .isr_vector.*)
 .isr_vector    0x08000000      0x188 ..\obj\startup_stm32f4xx.o
                0x08000000                g_pfnVectors
 *(.text .text.* .gnu.linkonce.t.*)
 .text.SYSCFG_EXTILineConfig
                0x08000188       0xb4 ..\obj\stm32f4xx_syscfg.o
                0x08000188                SYSCFG_EXTILineConfig
 .text.USB_OTG_EnableCommonInt
                0x0800023c       0x44 ..\obj\usb_core.o
 .text.USB_OTG_CoreReset
                0x08000280       0xa8 ..\obj\usb_core.o
 .text.USB_OTG_WritePacket
                0x08000328       0x88 ..\obj\usb_core.o
                0x08000328                USB_OTG_WritePacket
 .text.USB_OTG_ReadPacket
                0x080003b0       0x68 ..\obj\usb_core.o
                0x080003b0                USB_OTG_ReadPacket
 .text.USB_OTG_SelectCore
                0x08000418      0x1b4 ..\obj\usb_core.o
                0x08000418                USB_OTG_SelectCore
 .text.USB_OTG_CoreInit
                0x080005cc      0x1f8 ..\obj\usb_core.o
                0x080005cc                USB_OTG_CoreInit
 .text.USB_OTG_EnableGlobalInt
                0x080007c4       0x40 ..\obj\usb_core.o
                0x080007c4                USB_OTG_EnableGlobalInt
 .text.USB_OTG_DisableGlobalInt
                0x08000804       0x44 ..\obj\usb_core.o
                0x08000804                USB_OTG_DisableGlobalInt
 .text.USB_OTG_FlushTxFifo
                0x08000848       0x80 ..\obj\usb_core.o
                0x08000848                USB_OTG_FlushTxFifo
 .text.USB_OTG_FlushRxFifo
                0x080008c8       0x6c ..\obj\usb_core.o
                0x080008c8                USB_OTG_FlushRxFifo
 .text.USB_OTG_SetCurrentMode
                0x08000934       0x64 ..\obj\usb_core.o
                0x08000934                USB_OTG_SetCurrentMode
 .text.USB_OTG_GetMode
                0x08000998       0x20 ..\obj\usb_core.o
                0x08000998                USB_OTG_GetMode
 .text.USB_OTG_IsDeviceMode
                0x080009b8       0x24 ..\obj\usb_core.o
                0x080009b8                USB_OTG_IsDeviceMode
 .text.USB_OTG_ReadCoreItr
                0x080009dc       0x34 ..\obj\usb_core.o
                0x080009dc                USB_OTG_ReadCoreItr
 .text.USB_OTG_InitDevSpeed
                0x08000a10       0x38 ..\obj\usb_core.o
                0x08000a10                USB_OTG_InitDevSpeed
 .text.USB_OTG_CoreInitDev
                0x08000a48      0x2d0 ..\obj\usb_core.o
                0x08000a48                USB_OTG_CoreInitDev
 .text.USB_OTG_EnableDevInt
                0x08000d18       0xa8 ..\obj\usb_core.o
                0x08000d18                USB_OTG_EnableDevInt
 .text.USB_OTG_GetDeviceSpeed
                0x08000dc0       0x50 ..\obj\usb_core.o
                0x08000dc0                USB_OTG_GetDeviceSpeed
 .text.USB_OTG_EP0Activate
                0x08000e10       0x84 ..\obj\usb_core.o
                0x08000e10                USB_OTG_EP0Activate
 .text.USB_OTG_EPActivate
                0x08000e94       0xf8 ..\obj\usb_core.o
                0x08000e94                USB_OTG_EPActivate
 .text.USB_OTG_EPDeactivate
                0x08000f8c       0xa4 ..\obj\usb_core.o
                0x08000f8c                USB_OTG_EPDeactivate
 .text.USB_OTG_EPStartXfer
                0x08001030      0x2d4 ..\obj\usb_core.o
                0x08001030                USB_OTG_EPStartXfer
 .text.USB_OTG_EP0StartXfer
                0x08001304      0x208 ..\obj\usb_core.o
                0x08001304                USB_OTG_EP0StartXfer
 .text.USB_OTG_EPSetStall
                0x0800150c       0x94 ..\obj\usb_core.o
                0x0800150c                USB_OTG_EPSetStall
 .text.USB_OTG_EPClearStall
                0x080015a0       0x84 ..\obj\usb_core.o
                0x080015a0                USB_OTG_EPClearStall
 .text.USB_OTG_ReadDevAllOutEp_itr
                0x08001624       0x30 ..\obj\usb_core.o
                0x08001624                USB_OTG_ReadDevAllOutEp_itr
 .text.USB_OTG_ReadDevOutEP_itr
                0x08001654       0x3c ..\obj\usb_core.o
                0x08001654                USB_OTG_ReadDevOutEP_itr
 .text.USB_OTG_ReadDevAllInEPItr
                0x08001690       0x34 ..\obj\usb_core.o
                0x08001690                USB_OTG_ReadDevAllInEPItr
 .text.USB_OTG_EP0_OutStart
                0x080016c4       0x7c ..\obj\usb_core.o
                0x080016c4                USB_OTG_EP0_OutStart
 .text.USB_OTG_UngateClock
                0x08001740       0x54 ..\obj\usb_core.o
                0x08001740                USB_OTG_UngateClock
 .text.TIM2_IRQHandler
                0x08001794       0x50 ..\obj\delay.o
                0x08001794                TIM2_IRQHandler
 .text.DELAY_Init
                0x080017e4       0x2c ..\obj\delay.o
                0x080017e4                DELAY_Init
 .text.DELAY_INT_InitTIM
                0x08001810       0xa8 ..\obj\delay.o
                0x08001810                DELAY_INT_InitTIM
 .text.ENTER_CRITICAL_SECTION
                0x080018b8        0xc ..\obj\mbport.o
                0x080018b8                ENTER_CRITICAL_SECTION
 .text.EXIT_CRITICAL_SECTION
                0x080018c4        0xc ..\obj\mbport.o
                0x080018c4                EXIT_CRITICAL_SECTION
 .text.eMBRegInputCB
                0x080018d0      0x150 ..\obj\mbport.o
                0x080018d0                eMBRegInputCB
 .text.eMBRegHoldingCB
                0x08001a20      0xc50 ..\obj\mbport.o
                0x08001a20                eMBRegHoldingCB
 .text.eMBRegCoilsCB
                0x08002670       0x20 ..\obj\mbport.o
                0x08002670                eMBRegCoilsCB
 .text.eMBRegDiscreteCB
                0x08002690       0x20 ..\obj\mbport.o
                0x08002690                eMBRegDiscreteCB
 .text.eMBInit  0x080026b0      0x134 ..\obj\mb.o
                0x080026b0                eMBInit
 .text.eMBEnable
                0x080027e4       0x48 ..\obj\mb.o
                0x080027e4                eMBEnable
 .text.eMBPoll  0x0800282c      0x23c ..\obj\mb.o
                0x0800282c                eMBPoll
 .text.PID_Heater_Init
                0x08002a68       0x50 ..\obj\pid_regulator.o
                0x08002a68                PID_Heater_Init
 .text.pid_Init
                0x08002ab8      0x108 ..\obj\pid_regulator.o
                0x08002ab8                pid_Init
 .text.pid_Controller
                0x08002bc0      0x1d8 ..\obj\pid_regulator.o
                0x08002bc0                pid_Controller
 .text.PID_Regulator_Task
                0x08002d98      0x218 ..\obj\pid_regulator.o
 .text.Protocol_Init
                0x08002fb0       0x64 ..\obj\protocol.o
                0x08002fb0                Protocol_Init
 .text.Modbus_Task
                0x08003014       0x40 ..\obj\protocol.o
 .text.eMBFuncReadDiscreteInputs
                0x08003054      0x130 ..\obj\mbfuncdisc.o
                0x08003054                eMBFuncReadDiscreteInputs
 .text.USBD_USR_Init
                0x08003184        0xc ..\obj\usbd_usr.o
                0x08003184                USBD_USR_Init
 .text.USBD_USR_DeviceReset
                0x08003190       0x14 ..\obj\usbd_usr.o
                0x08003190                USBD_USR_DeviceReset
 .text.USBD_USR_DeviceConfigured
                0x080031a4        0xc ..\obj\usbd_usr.o
                0x080031a4                USBD_USR_DeviceConfigured
 .text.USBD_USR_DeviceSuspended
                0x080031b0        0xc ..\obj\usbd_usr.o
                0x080031b0                USBD_USR_DeviceSuspended
 .text.USBD_USR_DeviceResumed
                0x080031bc        0xc ..\obj\usbd_usr.o
                0x080031bc                USBD_USR_DeviceResumed
 .text.xMBPortEventInit
                0x080031c8       0x20 ..\obj\portevent.o
                0x080031c8                xMBPortEventInit
 .text.xMBPortEventPost
                0x080031e8       0x34 ..\obj\portevent.o
                0x080031e8                xMBPortEventPost
 .text.xMBPortEventGet
                0x0800321c       0x4c ..\obj\portevent.o
                0x0800321c                xMBPortEventGet
 .text.Buzzer_Init
                0x08003268       0xa4 ..\obj\buzzer.o
                0x08003268                Buzzer_Init
 .text.Buzzer_Task
                0x0800330c      0x244 ..\obj\buzzer.o
                0x0800330c                Buzzer_Task
 .text.Buzzer_Set_Buzz
                0x08003550       0xc0 ..\obj\buzzer.o
                0x08003550                Buzzer_Set_Buzz
 .text.eMBFuncReportSlaveID
                0x08003610       0x4c ..\obj\mbfuncother.o
                0x08003610                eMBFuncReportSlaveID
 .text.PWR_BackupAccessCmd
                0x0800365c       0x20 ..\obj\stm32f4xx_pwr.o
                0x0800365c                PWR_BackupAccessCmd
 .text.PWR_PVDLevelConfig
                0x0800367c       0x44 ..\obj\stm32f4xx_pwr.o
                0x0800367c                PWR_PVDLevelConfig
 .text.PWR_PVDCmd
                0x080036c0       0x20 ..\obj\stm32f4xx_pwr.o
                0x080036c0                PWR_PVDCmd
 .text.PWR_BackupRegulatorCmd
                0x080036e0       0x20 ..\obj\stm32f4xx_pwr.o
                0x080036e0                PWR_BackupRegulatorCmd
 .text.prveMBError2Exception
                0x08003700       0x48 ..\obj\mbutils.o
                0x08003700                prveMBError2Exception
 .text.Default_Reset_Handler
                0x08003748       0x68 ..\obj\startup_stm32f4xx.o
                0x08003748                Default_Reset_Handler
                0x08003748                Reset_Handler
 .text.Default_Handler
                0x080037b0        0x8 ..\obj\startup_stm32f4xx.o
                0x080037b0                RTC_Alarm_IRQHandler
                0x080037b0                HASH_RNG_IRQHandler
                0x080037b0                EXTI2_IRQHandler
                0x080037b0                TIM8_CC_IRQHandler
                0x080037b0                DebugMon_Handler
                0x080037b0                TIM1_CC_IRQHandler
                0x080037b0                DMA2_Stream5_IRQHandler
                0x080037b0                HardFault_Handler
                0x080037b0                DMA1_Stream5_IRQHandler
                0x080037b0                SDIO_IRQHandler
                0x080037b0                TAMP_STAMP_IRQHandler
                0x080037b0                NMI_Handler
                0x080037b0                CAN2_RX1_IRQHandler
                0x080037b0                EXTI3_IRQHandler
                0x080037b0                TIM8_TRG_COM_TIM14_IRQHandler
                0x080037b0                TIM1_UP_TIM10_IRQHandler
                0x080037b0                TIM8_UP_TIM13_IRQHandler
                0x080037b0                I2C3_ER_IRQHandler
                0x080037b0                I2C2_EV_IRQHandler
                0x080037b0                DMA1_Stream2_IRQHandler
                0x080037b0                CAN1_RX0_IRQHandler
                0x080037b0                FPU_IRQHandler
                0x080037b0                OTG_HS_WKUP_IRQHandler
                0x080037b0                UsageFault_Handler
                0x080037b0                CAN2_SCE_IRQHandler
                0x080037b0                DMA2_Stream2_IRQHandler
                0x080037b0                SPI1_IRQHandler
                0x080037b0                TIM6_DAC_IRQHandler
                0x080037b0                TIM1_BRK_TIM9_IRQHandler
                0x080037b0                DCMI_IRQHandler
                0x080037b0                CAN2_RX0_IRQHandler
                0x080037b0                DMA2_Stream3_IRQHandler
                0x080037b0                USART6_IRQHandler
                0x080037b0                USART3_IRQHandler
                0x080037b0                CRYP_IRQHandler
                0x080037b0                CAN1_RX1_IRQHandler
                0x080037b0                UART5_IRQHandler
                0x080037b0                DMA2_Stream0_IRQHandler
                0x080037b0                I2C1_EV_IRQHandler
                0x080037b0                DMA1_Stream6_IRQHandler
                0x080037b0                DMA1_Stream1_IRQHandler
                0x080037b0                UART4_IRQHandler
                0x080037b0                TIM3_IRQHandler
                0x080037b0                RCC_IRQHandler
                0x080037b0                TIM8_BRK_TIM12_IRQHandler
                0x080037b0                EXTI15_10_IRQHandler
                0x080037b0                ADC_IRQHandler
                0x080037b0                DMA1_Stream7_IRQHandler
                0x080037b0                TIM7_IRQHandler
                0x080037b0                CAN2_TX_IRQHandler
                0x080037b0                TIM5_IRQHandler
                0x080037b0                DMA2_Stream7_IRQHandler
                0x080037b0                I2C3_EV_IRQHandler
                0x080037b0                EXTI9_5_IRQHandler
                0x080037b0                RTC_WKUP_IRQHandler
                0x080037b0                ETH_WKUP_IRQHandler
                0x080037b0                SPI2_IRQHandler
                0x080037b0                OTG_HS_EP1_IN_IRQHandler
                0x080037b0                MemManage_Handler
                0x080037b0                DMA1_Stream0_IRQHandler
                0x080037b0                CAN1_TX_IRQHandler
                0x080037b0                EXTI4_IRQHandler
                0x080037b0                FSMC_IRQHandler
                0x080037b0                ETH_IRQHandler
                0x080037b0                OTG_HS_EP1_OUT_IRQHandler
                0x080037b0                WWDG_IRQHandler
                0x080037b0                TIM1_TRG_COM_TIM11_IRQHandler
                0x080037b0                OTG_HS_IRQHandler
                0x080037b0                USART2_IRQHandler
                0x080037b0                I2C2_ER_IRQHandler
                0x080037b0                DMA2_Stream1_IRQHandler
                0x080037b0                CAN1_SCE_IRQHandler
                0x080037b0                FLASH_IRQHandler
                0x080037b0                DMA2_Stream4_IRQHandler
                0x080037b0                BusFault_Handler
                0x080037b0                USART1_IRQHandler
                0x080037b0                SPI3_IRQHandler
                0x080037b0                DMA1_Stream4_IRQHandler
                0x080037b0                I2C1_ER_IRQHandler
                0x080037b0                DMA2_Stream6_IRQHandler
                0x080037b0                DMA1_Stream3_IRQHandler
 .text.Backup_SRAM_Init
                0x080037b8       0x20 ..\obj\backup_sram.o
                0x080037b8                Backup_SRAM_Init
 .text.Backup_SRAM_Write_Reg
                0x080037d8       0x84 ..\obj\backup_sram.o
                0x080037d8                Backup_SRAM_Write_Reg
 .text.IWDG_WriteAccessCmd
                0x0800385c       0x20 ..\obj\stm32f4xx_iwdg.o
                0x0800385c                IWDG_WriteAccessCmd
 .text.IWDG_SetPrescaler
                0x0800387c       0x20 ..\obj\stm32f4xx_iwdg.o
                0x0800387c                IWDG_SetPrescaler
 .text.IWDG_SetReload
                0x0800389c       0x20 ..\obj\stm32f4xx_iwdg.o
                0x0800389c                IWDG_SetReload
 .text.IWDG_ReloadCounter
                0x080038bc       0x18 ..\obj\stm32f4xx_iwdg.o
                0x080038bc                IWDG_ReloadCounter
 .text.IWDG_Enable
                0x080038d4       0x18 ..\obj\stm32f4xx_iwdg.o
                0x080038d4                IWDG_Enable
 .text.ADS1120_init
                0x080038ec       0x4c ..\obj\ADS1120.o
                0x080038ec                ADS1120_init
 .text.SPI2_config
                0x08003938      0x170 ..\obj\ADS1120.o
 .text.SPI2_send
                0x08003aa8       0x60 ..\obj\ADS1120.o
                0x08003aa8                SPI2_send
 .text.SPI2_read
                0x08003b08       0x14 ..\obj\ADS1120.o
                0x08003b08                SPI2_read
 .text.ADS1120_task
                0x08003b1c      0x1b4 ..\obj\ADS1120.o
 .text.PT100_Code_To_Temperature
                0x08003cd0       0xa0 ..\obj\ADS1120.o
                0x08003cd0                PT100_Code_To_Temperature
 .text.eMBFuncWriteHoldingRegister
                0x08003d70       0x84 ..\obj\mbfuncholding.o
                0x08003d70                eMBFuncWriteHoldingRegister
 .text.eMBFuncWriteMultipleHoldingRegister
                0x08003df4       0xdc ..\obj\mbfuncholding.o
                0x08003df4                eMBFuncWriteMultipleHoldingRegister
 .text.eMBFuncReadHoldingRegister
                0x08003ed0      0x10c ..\obj\mbfuncholding.o
                0x08003ed0                eMBFuncReadHoldingRegister
 .text.eMBFuncReadWriteMultipleHoldingRegister
                0x08003fdc      0x1a0 ..\obj\mbfuncholding.o
                0x08003fdc                eMBFuncReadWriteMultipleHoldingRegister
 .text.USBD_Init
                0x0800417c       0x58 ..\obj\usbd_core.o
                0x0800417c                USBD_Init
 .text.USBD_DeInit
                0x080041d4       0x18 ..\obj\usbd_core.o
                0x080041d4                USBD_DeInit
 .text.USBD_SetupStage
                0x080041ec       0x70 ..\obj\usbd_core.o
 .text.USBD_DataOutStage
                0x0800425c       0xd4 ..\obj\usbd_core.o
 .text.USBD_DataInStage
                0x08004330      0x114 ..\obj\usbd_core.o
 .text.USBD_Reset
                0x08004444       0x54 ..\obj\usbd_core.o
 .text.USBD_Resume
                0x08004498       0x2c ..\obj\usbd_core.o
 .text.USBD_Suspend
                0x080044c4       0x2c ..\obj\usbd_core.o
 .text.USBD_SOF
                0x080044f0       0x30 ..\obj\usbd_core.o
 .text.USBD_SetCfg
                0x08004520       0x34 ..\obj\usbd_core.o
                0x08004520                USBD_SetCfg
 .text.USBD_ClrCfg
                0x08004554       0x2c ..\obj\usbd_core.o
                0x08004554                USBD_ClrCfg
 .text.USBD_IsoINIncomplete
                0x08004580       0x24 ..\obj\usbd_core.o
 .text.USBD_IsoOUTIncomplete
                0x080045a4       0x24 ..\obj\usbd_core.o
 .text.main     0x080045c8       0x80 ..\obj\main.o
                0x080045c8                main
 .text.vApplicationMallocFailedHook
                0x08004648        0x8 ..\obj\main.o
                0x08004648                vApplicationMallocFailedHook
 .text.vApplicationStackOverflowHook
                0x08004650        0xc ..\obj\main.o
                0x08004650                vApplicationStackOverflowHook
 .text.vApplicationIdleHook
                0x0800465c       0x18 ..\obj\main.o
                0x0800465c                vApplicationIdleHook
 .text.usMBCRC16
                0x08004674       0x90 ..\obj\mbcrc.o
                0x08004674                usMBCRC16
 .text.UKS_Drying_Init
                0x08004704      0x158 ..\obj\uks.o
                0x08004704                UKS_Drying_Init
 .text.UKS_Heater_Init_Task
                0x0800485c      0x1ac ..\obj\uks.o
                0x0800485c                UKS_Heater_Init_Task
 .text.UKS_Drying_Task
                0x08004a08       0x88 ..\obj\uks.o
                0x08004a08                UKS_Drying_Task
 .text.UKS_Sort_Channels
                0x08004a90      0x32c ..\obj\uks.o
                0x08004a90                UKS_Sort_Channels
 .text.UKS_Channel_State_Drying
                0x08004dbc      0x260 ..\obj\uks.o
                0x08004dbc                UKS_Channel_State_Drying
 .text.UKS_Restore_Settings
                0x0800501c      0x884 ..\obj\uks.o
                0x0800501c                UKS_Restore_Settings
 .text.CRC_Check
                0x080058a0       0x88 ..\obj\uks.o
                0x080058a0                CRC_Check
 .text.RCC_GetClocksFreq
                0x08005928      0x1d4 ..\obj\stm32f4xx_rcc.o
                0x08005928                RCC_GetClocksFreq
 .text.RCC_AHB1PeriphClockCmd
                0x08005afc       0x5c ..\obj\stm32f4xx_rcc.o
                0x08005afc                RCC_AHB1PeriphClockCmd
 .text.RCC_AHB2PeriphClockCmd
                0x08005b58       0x5c ..\obj\stm32f4xx_rcc.o
                0x08005b58                RCC_AHB2PeriphClockCmd
 .text.RCC_APB1PeriphClockCmd
                0x08005bb4       0x5c ..\obj\stm32f4xx_rcc.o
                0x08005bb4                RCC_APB1PeriphClockCmd
 .text.RCC_APB2PeriphClockCmd
                0x08005c10       0x5c ..\obj\stm32f4xx_rcc.o
                0x08005c10                RCC_APB2PeriphClockCmd
 .text.RCC_APB2PeriphResetCmd
                0x08005c6c       0x5c ..\obj\stm32f4xx_rcc.o
                0x08005c6c                RCC_APB2PeriphResetCmd
 .text.ADC_DeInit
                0x08005cc8       0x20 ..\obj\stm32f4xx_adc.o
                0x08005cc8                ADC_DeInit
 .text.ADC_Init
                0x08005ce8       0xc4 ..\obj\stm32f4xx_adc.o
                0x08005ce8                ADC_Init
 .text.ADC_StructInit
                0x08005dac       0x4c ..\obj\stm32f4xx_adc.o
                0x08005dac                ADC_StructInit
 .text.ADC_CommonInit
                0x08005df8       0x60 ..\obj\stm32f4xx_adc.o
                0x08005df8                ADC_CommonInit
 .text.ADC_CommonStructInit
                0x08005e58       0x34 ..\obj\stm32f4xx_adc.o
                0x08005e58                ADC_CommonStructInit
 .text.ADC_Cmd  0x08005e8c       0x38 ..\obj\stm32f4xx_adc.o
                0x08005e8c                ADC_Cmd
 .text.ADC_RegularChannelConfig
                0x08005ec4      0x1d0 ..\obj\stm32f4xx_adc.o
                0x08005ec4                ADC_RegularChannelConfig
 .text.ADC_GetFlagStatus
                0x08006094       0x40 ..\obj\stm32f4xx_adc.o
                0x08006094                ADC_GetFlagStatus
 .text.eMBFuncReadInputRegister
                0x080060d4      0x110 ..\obj\mbfuncinput.o
                0x080060d4                eMBFuncReadInputRegister
 .text.PutChar  0x080061e4       0x24 ..\obj\printf.o
                0x080061e4                PutChar
 .text.PutString
                0x08006208       0x48 ..\obj\printf.o
                0x08006208                PutString
 .text.PutUnsignedInt
                0x08006250       0xbc ..\obj\printf.o
                0x08006250                PutUnsignedInt
 .text.PutSignedInt
                0x0800630c      0x12c ..\obj\printf.o
                0x0800630c                PutSignedInt
 .text.PutHexa  0x08006438       0xe8 ..\obj\printf.o
                0x08006438                PutHexa
 .text.vsnprintf
                0x08006520      0x2a4 ..\obj\printf.o
                0x08006520                vsnprintf
 .text.vsprintf
                0x080067c4       0x28 ..\obj\printf.o
                0x080067c4                vsprintf
 .text.sprintf  0x080067ec       0x30 ..\obj\printf.o
                0x080067ec                sprintf
 .text.NVIC_EnableIRQ
                0x0800681c       0x38 ..\obj\phaze_detector.o
 .text.Phaze_Detector_Init
                0x08006854      0x1f0 ..\obj\phaze_detector.o
                0x08006854                Phaze_Detector_Init
 .text.Set_Heater_Power
                0x08006a44       0x38 ..\obj\phaze_detector.o
                0x08006a44                Set_Heater_Power
 .text.EXTI0_IRQHandler
                0x08006a7c      0x154 ..\obj\phaze_detector.o
                0x08006a7c                EXTI0_IRQHandler
 .text.EXTI1_IRQHandler
                0x08006bd0       0x34 ..\obj\phaze_detector.o
                0x08006bd0                EXTI1_IRQHandler
 .text.Heater_Power_Down_Block
                0x08006c04       0x6c ..\obj\phaze_detector.o
                0x08006c04                Heater_Power_Down_Block
 .text.Heater_Control_Task
                0x08006c70      0x178 ..\obj\phaze_detector.o
 .text.Watchdog_Init
                0x08006de8       0x90 ..\obj\watchdog.o
                0x08006de8                Watchdog_Init
 .text.Watchdog_Task
                0x08006e78       0x94 ..\obj\watchdog.o
 .text.Display_Init
                0x08006f0c       0x4c ..\obj\display.o
                0x08006f0c                Display_Init
 .text.Display_Task
                0x08006f58      0x924 ..\obj\display.o
                0x08006f58                Display_Task
 .text.Delay    0x0800787c       0x44 ..\obj\hd44780.o
 .text.HD44780_Init
                0x080078c0      0x110 ..\obj\hd44780.o
                0x080078c0                HD44780_Init
 .text.HD44780_Reinit
                0x080079d0       0xd0 ..\obj\hd44780.o
                0x080079d0                HD44780_Reinit
 .text.HD44780_InitPins
                0x08007aa0       0x80 ..\obj\hd44780.o
                0x08007aa0                HD44780_InitPins
 .text.HD44780_Clear
                0x08007b20       0x18 ..\obj\hd44780.o
                0x08007b20                HD44780_Clear
 .text.HD44780_Cmd
                0x08007b38       0x28 ..\obj\hd44780.o
                0x08007b38                HD44780_Cmd
 .text.HD44780_Data
                0x08007b60       0x28 ..\obj\hd44780.o
                0x08007b60                HD44780_Data
 .text.HD44780_Cmd4bit
                0x08007b88       0xb0 ..\obj\hd44780.o
                0x08007b88                HD44780_Cmd4bit
 .text.HD44780_Cmd8bit
                0x08007c38       0xb0 ..\obj\hd44780.o
                0x08007c38                HD44780_Cmd8bit
 .text.HD44780_CursorSet
                0x08007ce8       0x74 ..\obj\hd44780.o
                0x08007ce8                HD44780_CursorSet
 .text.HD44780_Puts
                0x08007d5c      0x114 ..\obj\hd44780.o
                0x08007d5c                HD44780_Puts
 .text.HD44780_DisplayOn
                0x08007e70       0x38 ..\obj\hd44780.o
                0x08007e70                HD44780_DisplayOn
 .text.xTaskGenericCreate
                0x08007ea8      0x1f8 ..\obj\tasks.o
                0x08007ea8                xTaskGenericCreate
 .text.vTaskDelete
                0x080080a0       0xc0 ..\obj\tasks.o
                0x080080a0                vTaskDelete
 .text.vTaskDelay
                0x08008160       0x5c ..\obj\tasks.o
                0x08008160                vTaskDelay
 .text.vTaskSuspend
                0x080081bc       0xc0 ..\obj\tasks.o
                0x080081bc                vTaskSuspend
 .text.xTaskIsTaskSuspended
                0x0800827c       0x60 ..\obj\tasks.o
                0x0800827c                xTaskIsTaskSuspended
 .text.vTaskResume
                0x080082dc       0xbc ..\obj\tasks.o
                0x080082dc                vTaskResume
 .text.vTaskStartScheduler
                0x08008398       0x84 ..\obj\tasks.o
                0x08008398                vTaskStartScheduler
 .text.vTaskSuspendAll
                0x0800841c       0x24 ..\obj\tasks.o
                0x0800841c                vTaskSuspendAll
 .text.xTaskResumeAll
                0x08008440      0x16c ..\obj\tasks.o
                0x08008440                xTaskResumeAll
 .text.vTaskIncrementTick
                0x080085ac      0x1d0 ..\obj\tasks.o
                0x080085ac                vTaskIncrementTick
 .text.vTaskSwitchContext
                0x0800877c      0x168 ..\obj\tasks.o
                0x0800877c                vTaskSwitchContext
 .text.vTaskPlaceOnEventList
                0x080088e4       0x88 ..\obj\tasks.o
                0x080088e4                vTaskPlaceOnEventList
 .text.xTaskRemoveFromEventList
                0x0800896c       0xd4 ..\obj\tasks.o
                0x0800896c                xTaskRemoveFromEventList
 .text.vTaskSetTimeOutState
                0x08008a40       0x40 ..\obj\tasks.o
                0x08008a40                vTaskSetTimeOutState
 .text.xTaskCheckForTimeOut
                0x08008a80       0xc4 ..\obj\tasks.o
                0x08008a80                xTaskCheckForTimeOut
 .text.vTaskMissedYield
                0x08008b44       0x18 ..\obj\tasks.o
                0x08008b44                vTaskMissedYield
 .text.prvIdleTask
                0x08008b5c       0x24 ..\obj\tasks.o
 .text.prvInitialiseTCBVariables
                0x08008b80       0x7c ..\obj\tasks.o
 .text.prvInitialiseTaskLists
                0x08008bfc       0xa4 ..\obj\tasks.o
 .text.prvCheckTasksWaitingTermination
                0x08008ca0       0x98 ..\obj\tasks.o
 .text.prvAddCurrentTaskToDelayedList
                0x08008d38       0x8c ..\obj\tasks.o
 .text.prvAllocateTCBAndStack
                0x08008dc4       0x74 ..\obj\tasks.o
 .text.prvDeleteTCB
                0x08008e38       0x20 ..\obj\tasks.o
 .text.xTaskGetCurrentTaskHandle
                0x08008e58       0x20 ..\obj\tasks.o
                0x08008e58                xTaskGetCurrentTaskHandle
 .text.vTaskPriorityInherit
                0x08008e78       0xe8 ..\obj\tasks.o
                0x08008e78                vTaskPriorityInherit
 .text.vTaskPriorityDisinherit
                0x08008f60       0x90 ..\obj\tasks.o
                0x08008f60                vTaskPriorityDisinherit
 .text.USBD_USR_DeviceDescriptor
                0x08008ff0       0x28 ..\obj\usbd_desc.o
                0x08008ff0                USBD_USR_DeviceDescriptor
 .text.USBD_USR_LangIDStrDescriptor
                0x08009018       0x28 ..\obj\usbd_desc.o
                0x08009018                USBD_USR_LangIDStrDescriptor
 .text.USBD_USR_ProductStrDescriptor
                0x08009040       0x54 ..\obj\usbd_desc.o
                0x08009040                USBD_USR_ProductStrDescriptor
 .text.USBD_USR_ManufacturerStrDescriptor
                0x08009094       0x34 ..\obj\usbd_desc.o
                0x08009094                USBD_USR_ManufacturerStrDescriptor
 .text.USBD_USR_SerialStrDescriptor
                0x080090c8       0x54 ..\obj\usbd_desc.o
                0x080090c8                USBD_USR_SerialStrDescriptor
 .text.USBD_USR_ConfigStrDescriptor
                0x0800911c       0x54 ..\obj\usbd_desc.o
                0x0800911c                USBD_USR_ConfigStrDescriptor
 .text.USBD_USR_InterfaceStrDescriptor
                0x08009170       0x54 ..\obj\usbd_desc.o
                0x08009170                USBD_USR_InterfaceStrDescriptor
 .text.Keyboard_Init
                0x080091c4       0x78 ..\obj\keyboard.o
                0x080091c4                Keyboard_Init
 .text.vKeyboardTask
                0x0800923c      0x28c ..\obj\keyboard.o
 .text.GPIO_Init
                0x080094c8      0x158 ..\obj\stm32f4xx_gpio.o
                0x080094c8                GPIO_Init
 .text.GPIO_StructInit
                0x08009620       0x3c ..\obj\stm32f4xx_gpio.o
                0x08009620                GPIO_StructInit
 .text.GPIO_PinLockConfig
                0x0800965c       0x44 ..\obj\stm32f4xx_gpio.o
                0x0800965c                GPIO_PinLockConfig
 .text.GPIO_ReadInputDataBit
                0x080096a0       0x40 ..\obj\stm32f4xx_gpio.o
                0x080096a0                GPIO_ReadInputDataBit
 .text.GPIO_WriteBit
                0x080096e0       0x30 ..\obj\stm32f4xx_gpio.o
                0x080096e0                GPIO_WriteBit
 .text.GPIO_PinAFConfig
                0x08009710       0xb0 ..\obj\stm32f4xx_gpio.o
                0x08009710                GPIO_PinAFConfig
 .text.xMBPortTimersInit
                0x080097c0       0xe0 ..\obj\porttimer.o
                0x080097c0                xMBPortTimersInit
 .text.vMBPortTimersEnable
                0x080098a0       0x4c ..\obj\porttimer.o
                0x080098a0                vMBPortTimersEnable
 .text.vMBPortTimersDisable
                0x080098ec       0x4c ..\obj\porttimer.o
                0x080098ec                vMBPortTimersDisable
 .text.TIM4_IRQHandler
                0x08009938       0x24 ..\obj\porttimer.o
                0x08009938                TIM4_IRQHandler
 .text.VCP_Init
                0x0800995c       0x10 ..\obj\usbd_cdc_vcp.o
 .text.VCP_DeInit
                0x0800996c       0x10 ..\obj\usbd_cdc_vcp.o
 .text.VCP_Ctrl
                0x0800997c       0xbc ..\obj\usbd_cdc_vcp.o
 .text.VCP_DataTx
                0x08009a38       0x84 ..\obj\usbd_cdc_vcp.o
                0x08009a38                VCP_DataTx
 .text.VCP_DataRx
                0x08009abc       0xa0 ..\obj\usbd_cdc_vcp.o
                0x08009abc                VCP_DataRx
 .text.VCP_get_char
                0x08009b5c       0x84 ..\obj\usbd_cdc_vcp.o
                0x08009b5c                VCP_get_char
 .text.vListInitialise
                0x08009be0       0x48 ..\obj\list.o
                0x08009be0                vListInitialise
 .text.vListInitialiseItem
                0x08009c28       0x1c ..\obj\list.o
                0x08009c28                vListInitialiseItem
 .text.vListInsertEnd
                0x08009c44       0x54 ..\obj\list.o
                0x08009c44                vListInsertEnd
 .text.vListInsert
                0x08009c98       0x78 ..\obj\list.o
                0x08009c98                vListInsert
 .text.vListRemove
                0x08009d10       0x54 ..\obj\list.o
                0x08009d10                vListRemove
 .text.eMBRTUInit
                0x08009d64       0x84 ..\obj\mbrtu.o
                0x08009d64                eMBRTUInit
 .text.eMBRTUStart
                0x08009de8       0x2c ..\obj\mbrtu.o
                0x08009de8                eMBRTUStart
 .text.eMBRTUStop
                0x08009e14       0x20 ..\obj\mbrtu.o
                0x08009e14                eMBRTUStop
 .text.eMBRTUReceive
                0x08009e34       0x9c ..\obj\mbrtu.o
                0x08009e34                eMBRTUReceive
 .text.eMBRTUSend
                0x08009ed0      0x124 ..\obj\mbrtu.o
                0x08009ed0                eMBRTUSend
 .text.xMBRTUReceiveFSM
                0x08009ff4       0xf0 ..\obj\mbrtu.o
                0x08009ff4                xMBRTUReceiveFSM
 .text.xMBRTUTransmitFSM
                0x0800a0e4       0xa4 ..\obj\mbrtu.o
                0x0800a0e4                xMBRTUTransmitFSM
 .text.xMBRTUTimerT35Expired
                0x0800a188       0x60 ..\obj\mbrtu.o
                0x0800a188                xMBRTUTimerT35Expired
 .text.SystemInit
                0x0800a1e8       0x94 ..\obj\system_stm32f4xx.o
                0x0800a1e8                SystemInit
 .text.SetSysClock
                0x0800a27c      0x150 ..\obj\system_stm32f4xx.o
 .text.ADC_Channel_Init
                0x0800a3cc      0x15c ..\obj\adc.o
                0x0800a3cc                ADC_Channel_Init
 .text.bubblesort
                0x0800a528       0xa4 ..\obj\adc.o
                0x0800a528                bubblesort
 *fill*         0x0800a5cc        0x4 00
 .text.ADC_Task
                0x0800a5d0      0x2c8 ..\obj\adc.o
 .text.USB_OTG_BSP_Init
                0x0800a898       0xf4 ..\obj\usb_bsp.o
                0x0800a898                USB_OTG_BSP_Init
 .text.USB_OTG_BSP_EnableInterrupt
                0x0800a98c       0x3c ..\obj\usb_bsp.o
                0x0800a98c                USB_OTG_BSP_EnableInterrupt
 .text.USB_OTG_BSP_uDelay
                0x0800a9c8       0x58 ..\obj\usb_bsp.o
                0x0800a9c8                USB_OTG_BSP_uDelay
 .text.USB_OTG_BSP_mDelay
                0x0800aa20       0x20 ..\obj\usb_bsp.o
                0x0800aa20                USB_OTG_BSP_mDelay
 .text.OTG_FS_WKUP_IRQHandler
                0x0800aa40       0x44 ..\obj\usb_bsp.o
                0x0800aa40                OTG_FS_WKUP_IRQHandler
 .text.OTG_FS_IRQHandler
                0x0800aa84       0x14 ..\obj\usb_bsp.o
                0x0800aa84                OTG_FS_IRQHandler
 .text.USBD_StdDevReq
                0x0800aa98       0xa4 ..\obj\usbd_req.o
                0x0800aa98                USBD_StdDevReq
 .text.USBD_StdItfReq
                0x0800ab3c       0x70 ..\obj\usbd_req.o
                0x0800ab3c                USBD_StdItfReq
 .text.USBD_StdEPReq
                0x0800abac      0x1d8 ..\obj\usbd_req.o
                0x0800abac                USBD_StdEPReq
 .text.USBD_GetDescriptor
                0x0800ad84      0x1c8 ..\obj\usbd_req.o
 .text.USBD_SetAddress
                0x0800af4c       0x80 ..\obj\usbd_req.o
 .text.USBD_SetConfig
                0x0800afcc      0x134 ..\obj\usbd_req.o
 .text.USBD_GetConfig
                0x0800b100       0x68 ..\obj\usbd_req.o
 .text.USBD_GetStatus
                0x0800b168       0x68 ..\obj\usbd_req.o
 .text.USBD_SetFeature
                0x0800b1d0       0xe0 ..\obj\usbd_req.o
 .text.USBD_ClrFeature
                0x0800b2b0       0x58 ..\obj\usbd_req.o
 .text.USBD_ParseSetupRequest
                0x0800b308       0xbc ..\obj\usbd_req.o
                0x0800b308                USBD_ParseSetupRequest
 .text.USBD_CtlError
                0x0800b3c4       0x50 ..\obj\usbd_req.o
                0x0800b3c4                USBD_CtlError
 .text.USBD_GetString
                0x0800b414       0x9c ..\obj\usbd_req.o
                0x0800b414                USBD_GetString
 .text.USBD_GetLen
                0x0800b4b0       0x38 ..\obj\usbd_req.o
 .text.xQueueGenericReset
                0x0800b4e8       0xc0 ..\obj\queue.o
                0x0800b4e8                xQueueGenericReset
 .text.xQueueGenericCreate
                0x0800b5a8       0x90 ..\obj\queue.o
                0x0800b5a8                xQueueGenericCreate
 .text.xQueueGenericSend
                0x0800b638      0x158 ..\obj\queue.o
                0x0800b638                xQueueGenericSend
 .text.xQueueGenericSendFromISR
                0x0800b790       0xcc ..\obj\queue.o
                0x0800b790                xQueueGenericSendFromISR
 .text.xQueueGenericReceive
                0x0800b85c      0x1bc ..\obj\queue.o
                0x0800b85c                xQueueGenericReceive
 .text.prvCopyDataToQueue
                0x0800ba18       0xc4 ..\obj\queue.o
 .text.prvCopyDataFromQueue
                0x0800badc       0x50 ..\obj\queue.o
 .text.prvUnlockQueue
                0x0800bb2c       0xa0 ..\obj\queue.o
 .text.prvIsQueueEmpty
                0x0800bbcc       0x2c ..\obj\queue.o
 .text.prvIsQueueFull
                0x0800bbf8       0x30 ..\obj\queue.o
 .text.pxPortInitialiseStack
                0x0800bc28       0x60 ..\obj\port.o
                0x0800bc28                pxPortInitialiseStack
 .text.SVC_Handler
                0x0800bc88       0x20 ..\obj\port.o
                0x0800bc88                SVC_Handler
 .text.vPortStartFirstTask
                0x0800bca8       0x14 ..\obj\port.o
                0x0800bca8                vPortStartFirstTask
 .text.xPortStartScheduler
                0x0800bcbc       0x54 ..\obj\port.o
                0x0800bcbc                xPortStartScheduler
 .text.vPortYieldFromISR
                0x0800bd10       0x18 ..\obj\port.o
                0x0800bd10                vPortYieldFromISR
 .text.vPortEnterCritical
                0x0800bd28       0x2c ..\obj\port.o
                0x0800bd28                vPortEnterCritical
 .text.vPortExitCritical
                0x0800bd54       0x38 ..\obj\port.o
                0x0800bd54                vPortExitCritical
 .text.PendSV_Handler
                0x0800bd8c       0x3c ..\obj\port.o
                0x0800bd8c                PendSV_Handler
 .text.SysTick_Handler
                0x0800bdc8       0x38 ..\obj\port.o
                0x0800bdc8                SysTick_Handler
 .text.prvSetupTimerInterrupt
                0x0800be00       0x28 ..\obj\port.o
 .text.USBD_OTG_ISR_Handler
                0x0800be28      0x178 ..\obj\usb_dcd_int.o
                0x0800be28                USBD_OTG_ISR_Handler
 .text.DCD_HandleResume_ISR
                0x0800bfa0       0x90 ..\obj\usb_dcd_int.o
 .text.DCD_HandleUSBSuspend_ISR
                0x0800c030       0xb4 ..\obj\usb_dcd_int.o
 .text.DCD_HandleInEP_ISR
                0x0800c0e4      0x234 ..\obj\usb_dcd_int.o
 .text.DCD_HandleOutEP_ISR
                0x0800c318      0x1b4 ..\obj\usb_dcd_int.o
 .text.DCD_HandleSof_ISR
                0x0800c4cc       0x3c ..\obj\usb_dcd_int.o
 .text.DCD_HandleRxStatusQueueLevel_ISR
                0x0800c508      0x120 ..\obj\usb_dcd_int.o
 .text.DCD_WriteEmptyTxFifo
                0x0800c628      0x134 ..\obj\usb_dcd_int.o
 .text.DCD_HandleUsbReset_ISR
                0x0800c75c      0x168 ..\obj\usb_dcd_int.o
 .text.DCD_HandleEnumDone_ISR
                0x0800c8c4       0x88 ..\obj\usb_dcd_int.o
 .text.DCD_IsoINIncomplete_ISR
                0x0800c94c       0x3c ..\obj\usb_dcd_int.o
 .text.DCD_IsoOUTIncomplete_ISR
                0x0800c988       0x3c ..\obj\usb_dcd_int.o
 .text.DCD_ReadDevInEP
                0x0800c9c4       0x60 ..\obj\usb_dcd_int.o
 .text.vMBPortSerialEnable
                0x0800ca24       0x28 ..\obj\portserial.o
                0x0800ca24                vMBPortSerialEnable
 .text.xMBPortSerialInit
                0x0800ca4c       0x54 ..\obj\portserial.o
                0x0800ca4c                xMBPortSerialInit
 .text.xMBPortSerialGetByte
                0x0800caa0       0x28 ..\obj\portserial.o
                0x0800caa0                xMBPortSerialGetByte
 .text.Serial_Task
                0x0800cac8       0x2c ..\obj\portserial.o
 .text.usbd_cdc_Init
                0x0800caf4       0xd0 ..\obj\usbd_cdc_core.o
 .text.usbd_cdc_DeInit
                0x0800cbc4       0x4c ..\obj\usbd_cdc_core.o
 .text.usbd_cdc_Setup
                0x0800cc10      0x168 ..\obj\usbd_cdc_core.o
 .text.usbd_cdc_EP0_RxReady
                0x0800cd78       0x60 ..\obj\usbd_cdc_core.o
 .text.usbd_cdc_DataIn
                0x0800cdd8      0x128 ..\obj\usbd_cdc_core.o
 .text.usbd_cdc_DataOut
                0x0800cf00       0x6c ..\obj\usbd_cdc_core.o
 .text.usbd_cdc_SOF
                0x0800cf6c       0x50 ..\obj\usbd_cdc_core.o
 .text.Handle_USBAsynchXfer
                0x0800cfbc      0x1a8 ..\obj\usbd_cdc_core.o
 .text.USBD_cdc_GetCfgDesc
                0x0800d164       0x28 ..\obj\usbd_cdc_core.o
 .text.TIMER_PROPERTIES_GetTimerProperties
                0x0800d18c      0x124 ..\obj\timer_properties.o
                0x0800d18c                TIMER_PROPERTIES_GetTimerProperties
 .text.TIMER_PROPERTIES_GenerateDataForWorkingFrequency
                0x0800d2b0      0x164 ..\obj\timer_properties.o
                0x0800d2b0                TIMER_PROPERTIES_GenerateDataForWorkingFrequency
 .text.TIMER_PROPERTIES_EnableClock
                0x0800d414      0x198 ..\obj\timer_properties.o
                0x0800d414                TIMER_PROPERTIES_EnableClock
 .text.SPI_Init
                0x0800d5ac       0x98 ..\obj\stm32f4xx_spi.o
                0x0800d5ac                SPI_Init
 .text.SPI_Cmd  0x0800d644       0x40 ..\obj\stm32f4xx_spi.o
                0x0800d644                SPI_Cmd
 .text.SPI_CalculateCRC
                0x0800d684       0x40 ..\obj\stm32f4xx_spi.o
                0x0800d684                SPI_CalculateCRC
 .text.eMBFuncReadCoils
                0x0800d6c4      0x134 ..\obj\mbfunccoils.o
                0x0800d6c4                eMBFuncReadCoils
 .text.eMBFuncWriteCoil
                0x0800d7f8       0xcc ..\obj\mbfunccoils.o
                0x0800d7f8                eMBFuncWriteCoil
 .text.eMBFuncWriteMultipleCoils
                0x0800d8c4       0xfc ..\obj\mbfunccoils.o
                0x0800d8c4                eMBFuncWriteMultipleCoils
 .text.EXTI_Init
                0x0800d9c0      0x158 ..\obj\stm32f4xx_exti.o
                0x0800d9c0                EXTI_Init
 .text.EXTI_GetITStatus
                0x0800db18       0x60 ..\obj\stm32f4xx_exti.o
                0x0800db18                EXTI_GetITStatus
 .text.EXTI_ClearITPendingBit
                0x0800db78       0x20 ..\obj\stm32f4xx_exti.o
                0x0800db78                EXTI_ClearITPendingBit
 .text.NVIC_PriorityGroupConfig
                0x0800db98       0x28 ..\obj\misc.o
                0x0800db98                NVIC_PriorityGroupConfig
 .text.NVIC_Init
                0x0800dbc0       0xe8 ..\obj\misc.o
                0x0800dbc0                NVIC_Init
 .text.DCD_Init
                0x0800dca8      0x12c ..\obj\usb_dcd.o
                0x0800dca8                DCD_Init
 .text.DCD_EP_Open
                0x0800ddd4       0xac ..\obj\usb_dcd.o
                0x0800ddd4                DCD_EP_Open
 .text.DCD_EP_Close
                0x0800de80       0x7c ..\obj\usb_dcd.o
                0x0800de80                DCD_EP_Close
 .text.DCD_EP_PrepareRx
                0x0800defc       0x8c ..\obj\usb_dcd.o
                0x0800defc                DCD_EP_PrepareRx
 .text.DCD_EP_Tx
                0x0800df88       0x84 ..\obj\usb_dcd.o
                0x0800df88                DCD_EP_Tx
 .text.DCD_EP_Stall
                0x0800e00c       0x80 ..\obj\usb_dcd.o
                0x0800e00c                DCD_EP_Stall
 .text.DCD_EP_ClrStall
                0x0800e08c       0x80 ..\obj\usb_dcd.o
                0x0800e08c                DCD_EP_ClrStall
 .text.DCD_EP_SetAddress
                0x0800e10c       0x40 ..\obj\usb_dcd.o
                0x0800e10c                DCD_EP_SetAddress
 .text.pvPortMalloc
                0x0800e14c       0xa4 ..\obj\heap_1.o
                0x0800e14c                pvPortMalloc
 .text.vPortFree
                0x0800e1f0       0x14 ..\obj\heap_1.o
                0x0800e1f0                vPortFree
 .text.xPortGetFreeHeapSize
                0x0800e204       0x1c ..\obj\heap_1.o
                0x0800e204                xPortGetFreeHeapSize
 .text.USBD_CtlSendData
                0x0800e220       0x48 ..\obj\usbd_ioreq.o
                0x0800e220                USBD_CtlSendData
 .text.USBD_CtlContinueSendData
                0x0800e268       0x30 ..\obj\usbd_ioreq.o
                0x0800e268                USBD_CtlContinueSendData
 .text.USBD_CtlPrepareRx
                0x0800e298       0x48 ..\obj\usbd_ioreq.o
                0x0800e298                USBD_CtlPrepareRx
 .text.USBD_CtlContinueRx
                0x0800e2e0       0x30 ..\obj\usbd_ioreq.o
                0x0800e2e0                USBD_CtlContinueRx
 .text.USBD_CtlSendStatus
                0x0800e310       0x3c ..\obj\usbd_ioreq.o
                0x0800e310                USBD_CtlSendStatus
 .text.USBD_CtlReceiveStatus
                0x0800e34c       0x3c ..\obj\usbd_ioreq.o
                0x0800e34c                USBD_CtlReceiveStatus
 .text.TIM_TimeBaseInit
                0x0800e388       0xf8 ..\obj\stm32f4xx_tim.o
                0x0800e388                TIM_TimeBaseInit
 .text.TIM_SetCounter
                0x0800e480       0x1c ..\obj\stm32f4xx_tim.o
                0x0800e480                TIM_SetCounter
 .text.TIM_ARRPreloadConfig
                0x0800e49c       0x40 ..\obj\stm32f4xx_tim.o
                0x0800e49c                TIM_ARRPreloadConfig
 .text.TIM_Cmd  0x0800e4dc       0x40 ..\obj\stm32f4xx_tim.o
                0x0800e4dc                TIM_Cmd
 .text.TIM_ITConfig
                0x0800e51c       0x4c ..\obj\stm32f4xx_tim.o
                0x0800e51c                TIM_ITConfig
 .text.TIM_ClearITPendingBit
                0x0800e568       0x24 ..\obj\stm32f4xx_tim.o
                0x0800e568                TIM_ClearITPendingBit
 .text.NVIC_SystemReset
                0x0800e58c       0x34 ..\obj\power_detector.o
 .text.Power_Detector_Init
                0x0800e5c0       0x80 ..\obj\power_detector.o
                0x0800e5c0                Power_Detector_Init
 .text.PVD_IRQHandler
                0x0800e640       0x20 ..\obj\power_detector.o
                0x0800e640                PVD_IRQHandler
 .text          0x0800e660      0x370 c:/coocox/coide/gcc/sourcery g++ lite/bin/../lib/gcc/arm-none-eabi/4.5.1/thumb2\libgcc.a(_arm_addsubdf3.o)
                0x0800e660                __aeabi_drsub
                0x0800e668                __aeabi_dsub
                0x0800e668                __subdf3
                0x0800e66c                __aeabi_dadd
                0x0800e66c                __adddf3
                0x0800e8e4                __floatunsidf
                0x0800e8e4                __aeabi_ui2d
                0x0800e904                __floatsidf
                0x0800e904                __aeabi_i2d
                0x0800e928                __aeabi_f2d
                0x0800e928                __extendsfdf2
                0x0800e964                __floatundidf
                0x0800e964                __aeabi_ul2d
                0x0800e974                __floatdidf
                0x0800e974                __aeabi_l2d
 .text          0x0800e9d0      0x424 c:/coocox/coide/gcc/sourcery g++ lite/bin/../lib/gcc/arm-none-eabi/4.5.1/thumb2\libgcc.a(_arm_muldivdf3.o)
                0x0800e9d0                __aeabi_dmul
                0x0800e9d0                __muldf3
                0x0800ec24                __divdf3
                0x0800ec24                __aeabi_ddiv
 .text          0x0800edf4      0x110 c:/coocox/coide/gcc/sourcery g++ lite/bin/../lib/gcc/arm-none-eabi/4.5.1/thumb2\libgcc.a(_arm_cmpdf2.o)
                0x0800edf4                __gtdf2
                0x0800edf4                __gedf2
                0x0800edfc                __ltdf2
                0x0800edfc                __ledf2
                0x0800ee04                __nedf2
                0x0800ee04                __eqdf2
                0x0800ee04                __cmpdf2
                0x0800ee80                __aeabi_cdrcmple
                0x0800ee90                __aeabi_cdcmpeq
                0x0800ee90                __aeabi_cdcmple
                0x0800eea0                __aeabi_dcmpeq
                0x0800eeb4                __aeabi_dcmplt
                0x0800eec8                __aeabi_dcmple
                0x0800eedc                __aeabi_dcmpge
                0x0800eef0                __aeabi_dcmpgt
 .text          0x0800ef04       0x40 c:/coocox/coide/gcc/sourcery g++ lite/bin/../lib/gcc/arm-none-eabi/4.5.1/thumb2\libgcc.a(_arm_fixunsdfsi.o)
                0x0800ef04                __aeabi_d2uiz
                0x0800ef04                __fixunsdfsi
 .text          0x0800ef44       0xa0 c:/coocox/coide/gcc/sourcery g++ lite/bin/../lib/gcc/arm-none-eabi/4.5.1/thumb2\libgcc.a(_arm_truncdfsf2.o)
                0x0800ef44                __truncdfsf2
                0x0800ef44                __aeabi_d2f
 .text          0x0800efe4      0x21c c:/coocox/coide/gcc/sourcery g++ lite/bin/../lib/gcc/arm-none-eabi/4.5.1/thumb2\libgcc.a(_arm_addsubsf3.o)
                0x0800efe4                __aeabi_frsub
                0x0800efec                __subsf3
                0x0800efec                __aeabi_fsub
                0x0800eff0                __aeabi_fadd
                0x0800eff0                __addsf3
                0x0800f150                __aeabi_ui2f
                0x0800f150                __floatunsisf
                0x0800f158                __aeabi_i2f
                0x0800f158                __floatsisf
                0x0800f174                __aeabi_ul2f
                0x0800f174                __floatundisf
                0x0800f184                __aeabi_l2f
                0x0800f184                __floatdisf
 .text          0x0800f200      0x2a0 c:/coocox/coide/gcc/sourcery g++ lite/bin/../lib/gcc/arm-none-eabi/4.5.1/thumb2\libgcc.a(_arm_muldivsf3.o)
                0x0800f200                __mulsf3
                0x0800f200                __aeabi_fmul
                0x0800f368                __aeabi_fdiv
                0x0800f368                __divsf3
 .text          0x0800f4a0       0xec c:/coocox/coide/gcc/sourcery g++ lite/bin/../lib/gcc/arm-none-eabi/4.5.1/thumb2\libgcc.a(_arm_cmpsf2.o)
                0x0800f4a0                __gesf2
                0x0800f4a0                __gtsf2
                0x0800f4a8                __lesf2
                0x0800f4a8                __ltsf2
                0x0800f4b0                __nesf2
                0x0800f4b0                __eqsf2
                0x0800f4b0                __cmpsf2
                0x0800f510                __aeabi_cfrcmple
                0x0800f518                __aeabi_cfcmpeq
                0x0800f518                __aeabi_cfcmple
                0x0800f528                __aeabi_fcmpeq
                0x0800f53c                __aeabi_fcmplt
                0x0800f550                __aeabi_fcmple
                0x0800f564                __aeabi_fcmpge
                0x0800f578                __aeabi_fcmpgt
 .text          0x0800f58c       0x4c c:/coocox/coide/gcc/sourcery g++ lite/bin/../lib/gcc/arm-none-eabi/4.5.1/thumb2\libgcc.a(_arm_fixsfsi.o)
                0x0800f58c                __aeabi_f2iz
                0x0800f58c                __fixsfsi
 .text          0x0800f5d8       0x40 c:/coocox/coide/gcc/sourcery g++ lite/bin/../lib/gcc/arm-none-eabi/4.5.1/thumb2\libgcc.a(_arm_fixunssfsi.o)
                0x0800f5d8                __fixunssfsi
                0x0800f5d8                __aeabi_f2uiz
 .text          0x0800f618       0x58 c:/coocox/coide/gcc/sourcery g++ lite/bin/../lib/gcc/arm-none-eabi/4.5.1/../../../../arm-none-eabi/lib/thumb2\libc.a(lib_a-memcmp.o)
                0x0800f618                memcmp
 .text          0x0800f670      0x150 c:/coocox/coide/gcc/sourcery g++ lite/bin/../lib/gcc/arm-none-eabi/4.5.1/../../../../arm-none-eabi/lib/thumb2\libc.a(lib_a-memcpy.o)
                0x0800f670                memcpy
 .text          0x0800f7c0       0xb4 c:/coocox/coide/gcc/sourcery g++ lite/bin/../lib/gcc/arm-none-eabi/4.5.1/../../../../arm-none-eabi/lib/thumb2\libc.a(lib_a-memset.o)
                0x0800f7c0                memset
 .text          0x0800f874       0x7c c:/coocox/coide/gcc/sourcery g++ lite/bin/../lib/gcc/arm-none-eabi/4.5.1/../../../../arm-none-eabi/lib/thumb2\libc.a(lib_a-strncpy.o)
                0x0800f874                strncpy
 *(.glue_7t)
 .glue_7t       0x00000000        0x0 linker stubs
 *(.glue_7)
 .glue_7        0x00000000        0x0 linker stubs
 *(.rodata .rodata* .gnu.linkonce.r.*)
 .rodata        0x0800f8f0        0x4 ..\obj\pid_regulator.o
 .rodata        0x0800f8f4        0x8 ..\obj\protocol.o
 .rodata        0x0800f8fc        0x8 ..\obj\buzzer.o
 .rodata        0x0800f904       0x10 ..\obj\ADS1120.o
 .rodata        0x0800f914      0x200 ..\obj\mbcrc.o
 .rodata        0x0800fb14       0x28 ..\obj\uks.o
 .rodata        0x0800fb3c       0x10 ..\obj\phaze_detector.o
 .rodata        0x0800fb4c        0x8 ..\obj\watchdog.o
 .rodata        0x0800fb54      0x174 ..\obj\display.o
 .rodata        0x0800fcc8        0x4 ..\obj\hd44780.o
 .rodata        0x0800fccc       0x1c ..\obj\tasks.o
 .rodata        0x0800fce8       0x98 ..\obj\usbd_desc.o
 .rodata        0x0800fd80        0xc ..\obj\keyboard.o
 .rodata        0x0800fd8c        0x4 ..\obj\adc.o
 .rodata        0x0800fd90        0x8 ..\obj\portserial.o

.vfp11_veneer   0x0800fd98        0x0
 .vfp11_veneer  0x00000000        0x0 linker stubs

.v4_bx          0x0800fd98        0x0
 .v4_bx         0x00000000        0x0 linker stubs

.ARM.extab
 *(.ARM.extab* .gnu.linkonce.armextab.*)

.ARM.exidx
 *(.ARM.exidx* .gnu.linkonce.armexidx.*)
                0x0800fd98                . = ALIGN (0x4)
                0x0800fd98                _etext = .
                0x0800fd98                _sidata = .

.data           0x20000000      0x200 load address 0x0800fd98
                0x20000000                _sdata = .
 *(.data .data.*)
 .data          0x20000000        0xc ..\obj\mbport.o
                0x20000000                usRegHoldingBuf
                0x20000004                REG_INPUT_START
                0x20000005                REG_HOLDING_START
                0x20000006                REG_INPUT_NREGS
                0x20000007                REG_HOLDING_NREGS
                0x20000008                usRegInputStart
                0x20000009                usRegHoldingStart
 .data          0x2000000c       0x84 ..\obj\mb.o
 .data          0x20000090       0x1c ..\obj\usbd_usr.o
                0x20000090                USR_cb
 .data          0x200000ac       0x30 ..\obj\usbd_core.o
                0x200000ac                USBD_DCD_INT_cb
                0x200000d8                USBD_DCD_INT_fops
 .data          0x200000dc       0x10 ..\obj\stm32f4xx_rcc.o
 .data          0x200000ec       0x30 ..\obj\display.o
                0x200000ec                drying_states
 .data          0x2000011c        0x4 ..\obj\tasks.o
 .data          0x20000120       0x40 ..\obj\usbd_desc.o
                0x20000120                USR_desc
                0x2000013c                USBD_DeviceDesc
                0x20000150                USBD_DeviceQualifierDesc
                0x2000015c                USBD_LangIDDesc
 .data          0x20000160       0x14 ..\obj\usbd_cdc_vcp.o
                0x20000160                VCP_fops
 .data          0x20000174       0x14 ..\obj\system_stm32f4xx.o
                0x20000174                SystemCoreClock
                0x20000178                AHBPrescTable
 .data          0x20000188        0x4 ..\obj\port.o
 .data          0x2000018c       0x74 ..\obj\usbd_cdc_core.o
                0x2000018c                usbd_cdc_CfgDesc
                0x200001d4                USBD_CDC_cb
                0x20000200                . = ALIGN (0x4)
                0x20000200                _edata = .

.bss            0x20000200     0x3550 load address 0x0800ff98
                0x20000200                _sbss = .
 *(.bss .bss.*)
 .bss           0x20000200       0x10 ..\obj\delay.o
                0x20000200                TimingDelay
                0x20000204                Time
                0x20000208                Time2
                0x2000020c                DELAY_Initialized
 .bss           0x20000210      0x100 ..\obj\mbport.o
 .bss           0x20000310       0x24 ..\obj\mb.o
 .bss           0x20000334        0x2 ..\obj\portevent.o
 *fill*         0x20000336        0x2 00
 .bss           0x20000338       0x24 ..\obj\mbfuncother.o
 .bss           0x2000035c        0x8 ..\obj\phaze_detector.o
 .bss           0x20000364       0x24 ..\obj\display.o
 .bss           0x20000388      0x100 ..\obj\tasks.o
                0x20000388                pxCurrentTCB
 .bss           0x20000488        0x2 ..\obj\keyboard.o
 *fill*         0x2000048a        0x2 00
 .bss           0x2000048c        0xc ..\obj\mbrtu.o
 .bss           0x20000498       0x10 ..\obj\usbd_req.o
                0x20000498                USBD_ep_status
                0x2000049c                USBD_default_cfg
                0x200004a0                USBD_cfg_status
 .bss           0x200004a8        0x1 ..\obj\portserial.o
 *fill*         0x200004a9        0x3 00
 .bss           0x200004ac       0x20 ..\obj\usbd_cdc_core.o
                0x200004b0                APP_Rx_ptr_in
                0x200004b4                APP_Rx_ptr_out
                0x200004b8                APP_Rx_length
                0x200004bc                USB_Tx_State
 *fill*         0x200004cc        0x4 00
 .bss           0x200004d0     0x1c08 ..\obj\heap_1.o
 *(COMMON)
 COMMON         0x200020d8       0x14 ..\obj\mb.o
                0x200020d8                pxMBFrameCBTransmitterEmpty
                0x200020dc                pxMBPortCBTimerExpired
                0x200020e0                pxMBFrameCBByteReceived
                0x200020e4                pxMBFrameCBTransmitFSMCur
                0x200020e8                pxMBFrameCBReceiveFSMCur
 COMMON         0x200020ec       0x20 ..\obj\pid_regulator.o
                0x200020ec                pid_heater
                0x20002108                PID_Regulator_Task_Handle
 COMMON         0x2000210c        0x6 ..\obj\buzzer.o
                0x2000210c                xBuzzer_Handle
                0x20002110                buzz
 *fill*         0x20002112        0x2 00
 COMMON         0x20002114       0x10 ..\obj\ADS1120.o
                0x20002114                ADC_result
                0x20002118                adc_reg
                0x2000211c                xSPI_Buf_Mutex
                0x20002120                ADC_result_temp
 COMMON         0x20002124      0x5f0 ..\obj\main.o
                0x20002124                USB_OTG_dev
 COMMON         0x20002714      0x498 ..\obj\uks.o
                0x20002714                uks_channels
 COMMON         0x20002bac       0x10 ..\obj\phaze_detector.o
                0x20002bac                Heater_Control_Task_Handle
                0x20002bb0                xPhazeSemaphore
                0x20002bb4                phaze_detect
 COMMON         0x20002bbc       0x50 ..\obj\watchdog.o
                0x20002bbc                task_watches
 COMMON         0x20002c0c        0x7 ..\obj\hd44780.o
                0x20002c0c                HD44780_Opts
 *fill*         0x20002c13        0x1 00
 COMMON         0x20002c14       0x88 ..\obj\usbd_cdc_vcp.o
                0x20002c14                APP_Tx_Buffer
                0x20002c94                APP_tx_ptr_tail
                0x20002c98                APP_tx_ptr_head
 COMMON         0x20002c9c      0x100 ..\obj\mbrtu.o
                0x20002c9c                ucRTUBuf
 COMMON         0x20002d9c       0xf2 ..\obj\adc.o
                0x20002d9c                xMeasure_LM35_Semaphore
                0x20002da0                adc_lm35_chnl
 *fill*         0x20002e8e        0x2 00
 COMMON         0x20002e90       0x32 ..\obj\usbd_req.o
                0x20002e90                USBD_StrDesc
 *fill*         0x20002ec2        0x2 00
 COMMON         0x20002ec4      0x88c ..\obj\usbd_cdc_core.o
                0x20002ec4                usbd_cdc_OtherCfgDesc
                0x20002f08                USB_Rx_Buffer
                0x20002f48                CmdBuff
                0x20002f50                APP_Rx_Buffer
                0x20003750                . = ALIGN (0x4)
                0x20003750                _ebss = .

.co_stack       0x20003750      0x800 load address 0x080134e8
                0x20003750                . = ALIGN (0x8)
 *(.co_stack .co_stack.*)
 .co_stack      0x20003750      0x800 ..\obj\startup_stm32f4xx.o
                0x20003750                pulStack
                0x20003f50                . = ALIGN (0x4)
                0x20003f50                _end = .
LOAD ..\obj\stm32f4xx_syscfg.o
LOAD ..\obj\usb_core.o
LOAD ..\obj\delay.o
LOAD ..\obj\mbport.o
LOAD ..\obj\mb.o
LOAD ..\obj\pid_regulator.o
LOAD ..\obj\protocol.o
LOAD ..\obj\mbfuncdisc.o
LOAD ..\obj\usbd_usr.o
LOAD ..\obj\portevent.o
LOAD ..\obj\buzzer.o
LOAD ..\obj\mbfuncother.o
LOAD ..\obj\time_forecast.o
LOAD ..\obj\stm32f4xx_usart.o
LOAD ..\obj\stm32f4xx_pwr.o
LOAD ..\obj\mbutils.o
LOAD ..\obj\startup_stm32f4xx.o
LOAD ..\obj\backup_sram.o
LOAD ..\obj\stm32f4xx_iwdg.o
LOAD ..\obj\ADS1120.o
LOAD ..\obj\mbfuncholding.o
LOAD ..\obj\usbd_core.o
LOAD ..\obj\main.o
LOAD ..\obj\mbcrc.o
LOAD ..\obj\uks.o
LOAD ..\obj\stm32f4xx_rcc.o
LOAD ..\obj\timers.o
LOAD ..\obj\stm32f4xx_adc.o
LOAD ..\obj\mbfuncinput.o
LOAD ..\obj\printf.o
LOAD ..\obj\phaze_detector.o
LOAD ..\obj\watchdog.o
LOAD ..\obj\mbfuncdiag.o
LOAD ..\obj\display.o
LOAD ..\obj\hd44780.o
LOAD ..\obj\tasks.o
LOAD ..\obj\usbd_desc.o
LOAD ..\obj\keyboard.o
LOAD ..\obj\stm32f4xx_gpio.o
LOAD ..\obj\porttimer.o
LOAD ..\obj\usbd_cdc_vcp.o
LOAD ..\obj\list.o
LOAD ..\obj\mbrtu.o
LOAD ..\obj\system_stm32f4xx.o
LOAD ..\obj\syscalls.o
LOAD ..\obj\adc.o
LOAD ..\obj\usb_bsp.o
LOAD ..\obj\usbd_req.o
LOAD ..\obj\queue.o
LOAD ..\obj\port.o
LOAD ..\obj\usb_dcd_int.o
LOAD ..\obj\portserial.o
LOAD ..\obj\usbd_cdc_core.o
LOAD ..\obj\croutine.o
LOAD ..\obj\timer_properties.o
LOAD ..\obj\stm32f4xx_spi.o
LOAD ..\obj\mbfunccoils.o
LOAD ..\obj\stm32f4xx_exti.o
LOAD ..\obj\misc.o
LOAD ..\obj\usb_dcd.o
LOAD ..\obj\heap_1.o
LOAD ..\obj\stm32f4xx_rtc.o
LOAD ..\obj\usbd_ioreq.o
LOAD ..\obj\mbascii.o
LOAD ..\obj\stm32f4xx_tim.o
LOAD ..\obj\power_detector.o
LOAD c:/coocox/coide/gcc/sourcery g++ lite/bin/../lib/gcc/arm-none-eabi/4.5.1/../../../../arm-none-eabi/lib/thumb2\libm.a
LOAD c:/coocox/coide/gcc/sourcery g++ lite/bin/../lib/gcc/arm-none-eabi/4.5.1/thumb2\libgcc.a
LOAD c:/coocox/coide/gcc/sourcery g++ lite/bin/../lib/gcc/arm-none-eabi/4.5.1/../../../../arm-none-eabi/lib/thumb2\libc.a
START GROUP
LOAD c:/coocox/coide/gcc/sourcery g++ lite/bin/../lib/gcc/arm-none-eabi/4.5.1/thumb2\libgcc.a
LOAD c:/coocox/coide/gcc/sourcery g++ lite/bin/../lib/gcc/arm-none-eabi/4.5.1/../../../../arm-none-eabi/lib/thumb2\libc.a
END GROUP
OUTPUT(stm32f2_uks.elf elf32-littlearm)

.debug_abbrev   0x00000000     0x555e
 .debug_abbrev  0x00000000      0x12a ..\obj\stm32f4xx_syscfg.o
 .debug_abbrev  0x0000012a      0x277 ..\obj\usb_core.o
 .debug_abbrev  0x000003a1      0x125 ..\obj\delay.o
 .debug_abbrev  0x000004c6      0x182 ..\obj\mbport.o
 .debug_abbrev  0x00000648      0x164 ..\obj\mb.o
 .debug_abbrev  0x000007ac      0x1be ..\obj\pid_regulator.o
 .debug_abbrev  0x0000096a      0x100 ..\obj\protocol.o
 .debug_abbrev  0x00000a6a       0xa5 ..\obj\mbfuncdisc.o
 .debug_abbrev  0x00000b0f       0xd9 ..\obj\usbd_usr.o
 .debug_abbrev  0x00000be8       0xbc ..\obj\portevent.o
 .debug_abbrev  0x00000ca4      0x14a ..\obj\buzzer.o
 .debug_abbrev  0x00000dee       0xbe ..\obj\mbfuncother.o
 .debug_abbrev  0x00000eac       0xa1 ..\obj\time_forecast.o
 .debug_abbrev  0x00000f4d      0x14e ..\obj\stm32f4xx_usart.o
 .debug_abbrev  0x0000109b      0x175 ..\obj\stm32f4xx_pwr.o
 .debug_abbrev  0x00001210       0xd2 ..\obj\mbutils.o
 .debug_abbrev  0x000012e2       0xac ..\obj\startup_stm32f4xx.o
 .debug_abbrev  0x0000138e      0x134 ..\obj\backup_sram.o
 .debug_abbrev  0x000014c2       0xfa ..\obj\stm32f4xx_iwdg.o
 .debug_abbrev  0x000015bc      0x192 ..\obj\ADS1120.o
 .debug_abbrev  0x0000174e       0xa5 ..\obj\mbfuncholding.o
 .debug_abbrev  0x000017f3      0x1f4 ..\obj\usbd_core.o
 .debug_abbrev  0x000019e7      0x1c9 ..\obj\main.o
 .debug_abbrev  0x00001bb0       0xa8 ..\obj\mbcrc.o
 .debug_abbrev  0x00001c58      0x1d0 ..\obj\uks.o
 .debug_abbrev  0x00001e28      0x1b7 ..\obj\stm32f4xx_rcc.o
 .debug_abbrev  0x00001fdf       0x28 ..\obj\timers.o
 .debug_abbrev  0x00002007      0x189 ..\obj\stm32f4xx_adc.o
 .debug_abbrev  0x00002190       0xa5 ..\obj\mbfuncinput.o
 .debug_abbrev  0x00002235      0x238 ..\obj\printf.o
 .debug_abbrev  0x0000246d      0x1d5 ..\obj\phaze_detector.o
 .debug_abbrev  0x00002642      0x120 ..\obj\watchdog.o
 .debug_abbrev  0x00002762        0x1 ..\obj\mbfuncdiag.o
 .debug_abbrev  0x00002763      0x162 ..\obj\display.o
 .debug_abbrev  0x000028c5      0x1d9 ..\obj\hd44780.o
 .debug_abbrev  0x00002a9e      0x193 ..\obj\tasks.o
 .debug_abbrev  0x00002c31      0x10c ..\obj\usbd_desc.o
 .debug_abbrev  0x00002d3d      0x17e ..\obj\keyboard.o
 .debug_abbrev  0x00002ebb      0x182 ..\obj\stm32f4xx_gpio.o
 .debug_abbrev  0x0000303d      0x137 ..\obj\porttimer.o
 .debug_abbrev  0x00003174      0x143 ..\obj\usbd_cdc_vcp.o
 .debug_abbrev  0x000032b7       0xb6 ..\obj\list.o
 .debug_abbrev  0x0000336d      0x1bc ..\obj\mbrtu.o
 .debug_abbrev  0x00003529      0x140 ..\obj\system_stm32f4xx.o
 .debug_abbrev  0x00003669       0xde ..\obj\syscalls.o
 .debug_abbrev  0x00003747      0x1a9 ..\obj\adc.o
 .debug_abbrev  0x000038f0      0x1db ..\obj\usb_bsp.o
 .debug_abbrev  0x00003acb      0x253 ..\obj\usbd_req.o
 .debug_abbrev  0x00003d1e      0x109 ..\obj\queue.o
 .debug_abbrev  0x00003e27      0x120 ..\obj\port.o
 .debug_abbrev  0x00003f47      0x210 ..\obj\usb_dcd_int.o
 .debug_abbrev  0x00004157      0x1c2 ..\obj\portserial.o
 .debug_abbrev  0x00004319      0x1e1 ..\obj\usbd_cdc_core.o
 .debug_abbrev  0x000044fa      0x186 ..\obj\croutine.o
 .debug_abbrev  0x00004680      0x106 ..\obj\timer_properties.o
 .debug_abbrev  0x00004786      0x160 ..\obj\stm32f4xx_spi.o
 .debug_abbrev  0x000048e6       0xb7 ..\obj\mbfunccoils.o
 .debug_abbrev  0x0000499d      0x198 ..\obj\stm32f4xx_exti.o
 .debug_abbrev  0x00004b35      0x126 ..\obj\misc.o
 .debug_abbrev  0x00004c5b      0x208 ..\obj\usb_dcd.o
 .debug_abbrev  0x00004e63      0x116 ..\obj\heap_1.o
 .debug_abbrev  0x00004f79      0x16b ..\obj\stm32f4xx_rtc.o
 .debug_abbrev  0x000050e4      0x165 ..\obj\usbd_ioreq.o
 .debug_abbrev  0x00005249       0x4d ..\obj\mbascii.o
 .debug_abbrev  0x00005296      0x163 ..\obj\stm32f4xx_tim.o
 .debug_abbrev  0x000053f9      0x165 ..\obj\power_detector.o

.debug_info     0x00000000    0x22189
 .debug_info    0x00000000      0x27a ..\obj\stm32f4xx_syscfg.o
 .debug_info    0x0000027a     0x27fc ..\obj\usb_core.o
 .debug_info    0x00002a76      0x777 ..\obj\delay.o
 .debug_info    0x000031ed      0x7ad ..\obj\mbport.o
 .debug_info    0x0000399a      0x62f ..\obj\mb.o
 .debug_info    0x00003fc9      0x7a3 ..\obj\pid_regulator.o
 .debug_info    0x0000476c      0x223 ..\obj\protocol.o
 .debug_info    0x0000498f      0x1ee ..\obj\mbfuncdisc.o
 .debug_info    0x00004b7d      0x1c5 ..\obj\usbd_usr.o
 .debug_info    0x00004d42      0x188 ..\obj\portevent.o
 .debug_info    0x00004eca      0x48f ..\obj\buzzer.o
 .debug_info    0x00005359      0x25c ..\obj\mbfuncother.o
 .debug_info    0x000055b5      0x111 ..\obj\time_forecast.o
 .debug_info    0x000056c6      0xa4f ..\obj\stm32f4xx_usart.o
 .debug_info    0x00006115      0x53e ..\obj\stm32f4xx_pwr.o
 .debug_info    0x00006653      0x2c6 ..\obj\mbutils.o
 .debug_info    0x00006919      0x147 ..\obj\startup_stm32f4xx.o
 .debug_info    0x00006a60      0x3a2 ..\obj\backup_sram.o
 .debug_info    0x00006e02      0x20b ..\obj\stm32f4xx_iwdg.o
 .debug_info    0x0000700d      0x91c ..\obj\ADS1120.o
 .debug_info    0x00007929      0x383 ..\obj\mbfuncholding.o
 .debug_info    0x00007cac      0xff8 ..\obj\usbd_core.o
 .debug_info    0x00008ca4      0xf8d ..\obj\main.o
 .debug_info    0x00009c31      0x166 ..\obj\mbcrc.o
 .debug_info    0x00009d97      0x8ef ..\obj\uks.o
 .debug_info    0x0000a686      0xd24 ..\obj\stm32f4xx_rcc.o
 .debug_info    0x0000b3aa       0x4c ..\obj\timers.o
 .debug_info    0x0000b3f6      0xcf5 ..\obj\stm32f4xx_adc.o
 .debug_info    0x0000c0eb      0x1e0 ..\obj\mbfuncinput.o
 .debug_info    0x0000c2cb      0xed2 ..\obj\printf.o
 .debug_info    0x0000d19d      0xd1f ..\obj\phaze_detector.o
 .debug_info    0x0000debc      0x199 ..\obj\watchdog.o
 .debug_info    0x0000e055        0x0 ..\obj\mbfuncdiag.o
 .debug_info    0x0000e055      0x56d ..\obj\display.o
 .debug_info    0x0000e5c2      0x90c ..\obj\hd44780.o
 .debug_info    0x0000eece      0xd75 ..\obj\tasks.o
 .debug_info    0x0000fc43      0x3a7 ..\obj\usbd_desc.o
 .debug_info    0x0000ffea      0x6ac ..\obj\keyboard.o
 .debug_info    0x00010696      0x639 ..\obj\stm32f4xx_gpio.o
 .debug_info    0x00010ccf      0x6e8 ..\obj\porttimer.o
 .debug_info    0x000113b7      0x3a6 ..\obj\usbd_cdc_vcp.o
 .debug_info    0x0001175d      0x2a6 ..\obj\list.o
 .debug_info    0x00011a03      0xf98 ..\obj\mbrtu.o
 .debug_info    0x0001299b      0x5ea ..\obj\system_stm32f4xx.o
 .debug_info    0x00012f85      0x440 ..\obj\syscalls.o
 .debug_info    0x000133c5      0x965 ..\obj\adc.o
 .debug_info    0x00013d2a     0x113d ..\obj\usb_bsp.o
 .debug_info    0x00014e67     0x111b ..\obj\usbd_req.o
 .debug_info    0x00015f82      0x7c1 ..\obj\queue.o
 .debug_info    0x00016743      0x1d7 ..\obj\port.o
 .debug_info    0x0001691a     0x2027 ..\obj\usb_dcd_int.o
 .debug_info    0x00018941      0xdae ..\obj\portserial.o
 .debug_info    0x000196ef     0x1109 ..\obj\usbd_cdc_core.o
 .debug_info    0x0001a7f8      0x4af ..\obj\croutine.o
 .debug_info    0x0001aca7      0x4d1 ..\obj\timer_properties.o
 .debug_info    0x0001b178      0xbcc ..\obj\stm32f4xx_spi.o
 .debug_info    0x0001bd44      0x313 ..\obj\mbfunccoils.o
 .debug_info    0x0001c057      0x372 ..\obj\stm32f4xx_exti.o
 .debug_info    0x0001c3c9      0x594 ..\obj\misc.o
 .debug_info    0x0001c95d     0x1184 ..\obj\usb_dcd.o
 .debug_info    0x0001dae1      0x186 ..\obj\heap_1.o
 .debug_info    0x0001dc67     0x1223 ..\obj\stm32f4xx_rtc.o
 .debug_info    0x0001ee8a      0xde4 ..\obj\usbd_ioreq.o
 .debug_info    0x0001fc6e       0x9b ..\obj\mbascii.o
 .debug_info    0x0001fd09     0x1e28 ..\obj\stm32f4xx_tim.o
 .debug_info    0x00021b31      0x658 ..\obj\power_detector.o

.debug_line     0x00000000     0xc348
 .debug_line    0x00000000      0x1e7 ..\obj\stm32f4xx_syscfg.o
 .debug_line    0x000001e7      0x6b4 ..\obj\usb_core.o
 .debug_line    0x0000089b      0x2a5 ..\obj\delay.o
 .debug_line    0x00000b40      0x419 ..\obj\mbport.o
 .debug_line    0x00000f59      0x2df ..\obj\mb.o
 .debug_line    0x00001238      0x3c8 ..\obj\pid_regulator.o
 .debug_line    0x00001600      0x239 ..\obj\protocol.o
 .debug_line    0x00001839      0x1f0 ..\obj\mbfuncdisc.o
 .debug_line    0x00001a29      0x1b1 ..\obj\usbd_usr.o
 .debug_line    0x00001bda      0x1e5 ..\obj\portevent.o
 .debug_line    0x00001dbf      0x2c9 ..\obj\buzzer.o
 .debug_line    0x00002088      0x25c ..\obj\mbfuncother.o
 .debug_line    0x000022e4      0x134 ..\obj\time_forecast.o
 .debug_line    0x00002418      0x478 ..\obj\stm32f4xx_usart.o
 .debug_line    0x00002890      0x284 ..\obj\stm32f4xx_pwr.o
 .debug_line    0x00002b14      0x264 ..\obj\mbutils.o
 .debug_line    0x00002d78       0xa6 ..\obj\startup_stm32f4xx.o
 .debug_line    0x00002e1e      0x1db ..\obj\backup_sram.o
 .debug_line    0x00002ff9      0x1de ..\obj\stm32f4xx_iwdg.o
 .debug_line    0x000031d7      0x38a ..\obj\ADS1120.o
 .debug_line    0x00003561      0x27e ..\obj\mbfuncholding.o
 .debug_line    0x000037df      0x305 ..\obj\usbd_core.o
 .debug_line    0x00003ae4      0x302 ..\obj\main.o
 .debug_line    0x00003de6      0x17a ..\obj\mbcrc.o
 .debug_line    0x00003f60      0x4fc ..\obj\uks.o
 .debug_line    0x0000445c      0x574 ..\obj\stm32f4xx_rcc.o
 .debug_line    0x000049d0       0x1d ..\obj\timers.o
 .debug_line    0x000049ed      0x528 ..\obj\stm32f4xx_adc.o
 .debug_line    0x00004f15      0x1e6 ..\obj\mbfuncinput.o
 .debug_line    0x000050fb      0x3c6 ..\obj\printf.o
 .debug_line    0x000054c1      0x405 ..\obj\phaze_detector.o
 .debug_line    0x000058c6      0x1bf ..\obj\watchdog.o
 .debug_line    0x00005a85        0x0 ..\obj\mbfuncdiag.o
 .debug_line    0x00005a85      0x27b ..\obj\display.o
 .debug_line    0x00005d00      0x439 ..\obj\hd44780.o
 .debug_line    0x00006139      0x792 ..\obj\tasks.o
 .debug_line    0x000068cb      0x1f7 ..\obj\usbd_desc.o
 .debug_line    0x00006ac2      0x283 ..\obj\keyboard.o
 .debug_line    0x00006d45      0x313 ..\obj\stm32f4xx_gpio.o
 .debug_line    0x00007058      0x2c4 ..\obj\porttimer.o
 .debug_line    0x0000731c      0x20d ..\obj\usbd_cdc_vcp.o
 .debug_line    0x00007529      0x1a6 ..\obj\list.o
 .debug_line    0x000076cf      0x2eb ..\obj\mbrtu.o
 .debug_line    0x000079ba      0x200 ..\obj\system_stm32f4xx.o
 .debug_line    0x00007bba      0x194 ..\obj\syscalls.o
 .debug_line    0x00007d4e      0x3e8 ..\obj\adc.o
 .debug_line    0x00008136      0x29d ..\obj\usb_bsp.o
 .debug_line    0x000083d3      0x3c1 ..\obj\usbd_req.o
 .debug_line    0x00008794      0x4ff ..\obj\queue.o
 .debug_line    0x00008c93      0x1bd ..\obj\port.o
 .debug_line    0x00008e50      0x3b0 ..\obj\usb_dcd_int.o
 .debug_line    0x00009200      0x282 ..\obj\portserial.o
 .debug_line    0x00009482      0x2b5 ..\obj\usbd_cdc_core.o
 .debug_line    0x00009737      0x274 ..\obj\croutine.o
 .debug_line    0x000099ab      0x2e1 ..\obj\timer_properties.o
 .debug_line    0x00009c8c      0x428 ..\obj\stm32f4xx_spi.o
 .debug_line    0x0000a0b4      0x256 ..\obj\mbfunccoils.o
 .debug_line    0x0000a30a      0x27d ..\obj\stm32f4xx_exti.o
 .debug_line    0x0000a587      0x219 ..\obj\misc.o
 .debug_line    0x0000a7a0      0x323 ..\obj\usb_dcd.o
 .debug_line    0x0000aac3      0x135 ..\obj\heap_1.o
 .debug_line    0x0000abf8      0x7eb ..\obj\stm32f4xx_rtc.o
 .debug_line    0x0000b3e3      0x20d ..\obj\usbd_ioreq.o
 .debug_line    0x0000b5f0       0xd5 ..\obj\mbascii.o
 .debug_line    0x0000b6c5      0xa4d ..\obj\stm32f4xx_tim.o
 .debug_line    0x0000c112      0x236 ..\obj\power_detector.o

.debug_loc      0x00000000     0x9601
 .debug_loc     0x00000000      0x144 ..\obj\stm32f4xx_syscfg.o
 .debug_loc     0x00000144      0x7e0 ..\obj\usb_core.o
 .debug_loc     0x00000924       0xe8 ..\obj\delay.o
 .debug_loc     0x00000a0c      0x13a ..\obj\mbport.o
 .debug_loc     0x00000b46      0x150 ..\obj\mb.o
 .debug_loc     0x00000c96      0x10c ..\obj\pid_regulator.o
 .debug_loc     0x00000da2       0x70 ..\obj\protocol.o
 .debug_loc     0x00000e12       0x38 ..\obj\mbfuncdisc.o
 .debug_loc     0x00000e4a       0xe8 ..\obj\usbd_usr.o
 .debug_loc     0x00000f32       0x9c ..\obj\portevent.o
 .debug_loc     0x00000fce       0xa8 ..\obj\buzzer.o
 .debug_loc     0x00001076       0x70 ..\obj\mbfuncother.o
 .debug_loc     0x000010e6       0x38 ..\obj\time_forecast.o
 .debug_loc     0x0000111e      0x658 ..\obj\stm32f4xx_usart.o
 .debug_loc     0x00001776      0x288 ..\obj\stm32f4xx_pwr.o
 .debug_loc     0x000019fe       0xa8 ..\obj\mbutils.o
 .debug_loc     0x00001aa6       0x64 ..\obj\startup_stm32f4xx.o
 .debug_loc     0x00001b0a       0x64 ..\obj\backup_sram.o
 .debug_loc     0x00001b6e      0x138 ..\obj\stm32f4xx_iwdg.o
 .debug_loc     0x00001ca6      0x144 ..\obj\ADS1120.o
 .debug_loc     0x00001dea       0xe0 ..\obj\mbfuncholding.o
 .debug_loc     0x00001eca      0x2d8 ..\obj\usbd_core.o
 .debug_loc     0x000021a2      0x10c ..\obj\main.o
 .debug_loc     0x000022ae       0x38 ..\obj\mbcrc.o
 .debug_loc     0x000022e6      0x188 ..\obj\uks.o
 .debug_loc     0x0000246e      0x97c ..\obj\stm32f4xx_rcc.o
 .debug_loc     0x00002dea      0x838 ..\obj\stm32f4xx_adc.o
 .debug_loc     0x00003622       0x38 ..\obj\mbfuncinput.o
 .debug_loc     0x0000365a      0x3ea ..\obj\printf.o
 .debug_loc     0x00003a44      0x164 ..\obj\phaze_detector.o
 .debug_loc     0x00003ba8       0x70 ..\obj\watchdog.o
 .debug_loc     0x00003c18       0x70 ..\obj\display.o
 .debug_loc     0x00003c88      0x42c ..\obj\hd44780.o
 .debug_loc     0x000040b4      0x708 ..\obj\tasks.o
 .debug_loc     0x000047bc      0x188 ..\obj\usbd_desc.o
 .debug_loc     0x00004944       0x70 ..\obj\keyboard.o
 .debug_loc     0x000049b4      0x310 ..\obj\stm32f4xx_gpio.o
 .debug_loc     0x00004cc4       0xbc ..\obj\porttimer.o
 .debug_loc     0x00004d80      0x138 ..\obj\usbd_cdc_vcp.o
 .debug_loc     0x00004eb8      0x118 ..\obj\list.o
 .debug_loc     0x00004fd0      0x1a8 ..\obj\mbrtu.o
 .debug_loc     0x00005178       0x9c ..\obj\system_stm32f4xx.o
 .debug_loc     0x00005214      0x1ec ..\obj\syscalls.o
 .debug_loc     0x00005400       0xa9 ..\obj\adc.o
 .debug_loc     0x000054a9      0x138 ..\obj\usb_bsp.o
 .debug_loc     0x000055e1      0x310 ..\obj\usbd_req.o
 .debug_loc     0x000058f1      0x3b8 ..\obj\queue.o
 .debug_loc     0x00005ca9      0x178 ..\obj\port.o
 .debug_loc     0x00005e21      0x2d8 ..\obj\usb_dcd_int.o
 .debug_loc     0x000060f9      0x170 ..\obj\portserial.o
 .debug_loc     0x00006269      0x224 ..\obj\usbd_cdc_core.o
 .debug_loc     0x0000648d      0x188 ..\obj\croutine.o
 .debug_loc     0x00006615       0xe0 ..\obj\timer_properties.o
 .debug_loc     0x000066f5      0x578 ..\obj\stm32f4xx_spi.o
 .debug_loc     0x00006c6d       0xa8 ..\obj\mbfunccoils.o
 .debug_loc     0x00006d15      0x1b4 ..\obj\stm32f4xx_exti.o
 .debug_loc     0x00006ec9      0x118 ..\obj\misc.o
 .debug_loc     0x00006fe1      0x2d8 ..\obj\usb_dcd.o
 .debug_loc     0x000072b9       0xc8 ..\obj\heap_1.o
 .debug_loc     0x00007381      0xc48 ..\obj\stm32f4xx_rtc.o
 .debug_loc     0x00007fc9      0x188 ..\obj\usbd_ioreq.o
 .debug_loc     0x00008151     0x1420 ..\obj\stm32f4xx_tim.o
 .debug_loc     0x00009571       0x90 ..\obj\power_detector.o

.debug_pubnames
                0x00000000     0x40e8
 .debug_pubnames
                0x00000000       0xc3 ..\obj\stm32f4xx_syscfg.o
 .debug_pubnames
                0x000000c3      0x364 ..\obj\usb_core.o
 .debug_pubnames
                0x00000427       0xc4 ..\obj\delay.o
 .debug_pubnames
                0x000004eb      0x126 ..\obj\mbport.o
 .debug_pubnames
                0x00000611       0xf8 ..\obj\mb.o
 .debug_pubnames
                0x00000709       0x8c ..\obj\pid_regulator.o
 .debug_pubnames
                0x00000795       0x24 ..\obj\protocol.o
 .debug_pubnames
                0x000007b9       0x30 ..\obj\mbfuncdisc.o
 .debug_pubnames
                0x000007e9       0x9e ..\obj\usbd_usr.o
 .debug_pubnames
                0x00000887       0x50 ..\obj\portevent.o
 .debug_pubnames
                0x000008d7       0x62 ..\obj\buzzer.o
 .debug_pubnames
                0x00000939       0x3d ..\obj\mbfuncother.o
 .debug_pubnames
                0x00000976       0x44 ..\obj\time_forecast.o
 .debug_pubnames
                0x000009ba      0x294 ..\obj\stm32f4xx_usart.o
 .debug_pubnames
                0x00000c4e      0x120 ..\obj\stm32f4xx_pwr.o
 .debug_pubnames
                0x00000d6e       0x52 ..\obj\mbutils.o
 .debug_pubnames
                0x00000dc0       0x4a ..\obj\startup_stm32f4xx.o
 .debug_pubnames
                0x00000e0a       0x41 ..\obj\backup_sram.o
 .debug_pubnames
                0x00000e4b       0x91 ..\obj\stm32f4xx_iwdg.o
 .debug_pubnames
                0x00000edc       0x9f ..\obj\ADS1120.o
 .debug_pubnames
                0x00000f7b       0xa5 ..\obj\mbfuncholding.o
 .debug_pubnames
                0x00001020       0x7a ..\obj\usbd_core.o
 .debug_pubnames
                0x0000109a       0xa0 ..\obj\main.o
 .debug_pubnames
                0x0000113a       0x20 ..\obj\mbcrc.o
 .debug_pubnames
                0x0000115a       0xbe ..\obj\uks.o
 .debug_pubnames
                0x00001218      0x417 ..\obj\stm32f4xx_rcc.o
 .debug_pubnames
                0x0000162f      0x446 ..\obj\stm32f4xx_adc.o
 .debug_pubnames
                0x00001a75       0x2f ..\obj\mbfuncinput.o
 .debug_pubnames
                0x00001aa4      0x101 ..\obj\printf.o
 .debug_pubnames
                0x00001ba5       0xc9 ..\obj\phaze_detector.o
 .debug_pubnames
                0x00001c6e       0x35 ..\obj\watchdog.o
 .debug_pubnames
                0x00001ca3       0x46 ..\obj\display.o
 .debug_pubnames
                0x00001ce9      0x1bb ..\obj\hd44780.o
 .debug_pubnames
                0x00001ea4      0x275 ..\obj\tasks.o
 .debug_pubnames
                0x00002119      0x152 ..\obj\usbd_desc.o
 .debug_pubnames
                0x0000226b       0x24 ..\obj\keyboard.o
 .debug_pubnames
                0x0000228f      0x12d ..\obj\stm32f4xx_gpio.o
 .debug_pubnames
                0x000023bc       0x6d ..\obj\porttimer.o
 .debug_pubnames
                0x00002429       0xa1 ..\obj\usbd_cdc_vcp.o
 .debug_pubnames
                0x000024ca       0x71 ..\obj\list.o
 .debug_pubnames
                0x0000253b       0xc3 ..\obj\mbrtu.o
 .debug_pubnames
                0x000025fe       0x61 ..\obj\system_stm32f4xx.o
 .debug_pubnames
                0x0000265f       0x71 ..\obj\syscalls.o
 .debug_pubnames
                0x000026d0       0x64 ..\obj\adc.o
 .debug_pubnames
                0x00002734       0xa6 ..\obj\usb_bsp.o
 .debug_pubnames
                0x000027da       0xd7 ..\obj\usbd_req.o
 .debug_pubnames
                0x000028b1      0x145 ..\obj\queue.o
 .debug_pubnames
                0x000029f6      0x101 ..\obj\port.o
 .debug_pubnames
                0x00002af7       0x2b ..\obj\usb_dcd_int.o
 .debug_pubnames
                0x00002b22       0xab ..\obj\portserial.o
 .debug_pubnames
                0x00002bcd       0xe5 ..\obj\usbd_cdc_core.o
 .debug_pubnames
                0x00002cb2       0x96 ..\obj\croutine.o
 .debug_pubnames
                0x00002d48       0xb2 ..\obj\timer_properties.o
 .debug_pubnames
                0x00002dfa      0x221 ..\obj\stm32f4xx_spi.o
 .debug_pubnames
                0x0000301b       0x5a ..\obj\mbfunccoils.o
 .debug_pubnames
                0x00003075       0xbb ..\obj\stm32f4xx_exti.o
 .debug_pubnames
                0x00003130       0x89 ..\obj\misc.o
 .debug_pubnames
                0x000031b9      0x100 ..\obj\usb_dcd.o
 .debug_pubnames
                0x000032b9       0x64 ..\obj\heap_1.o
 .debug_pubnames
                0x0000331d      0x514 ..\obj\stm32f4xx_rtc.o
 .debug_pubnames
                0x00003831       0xb6 ..\obj\usbd_ioreq.o
 .debug_pubnames
                0x000038e7      0x7c4 ..\obj\stm32f4xx_tim.o
 .debug_pubnames
                0x000040ab       0x3d ..\obj\power_detector.o

.debug_pubtypes
                0x00000000     0x4899
 .debug_pubtypes
                0x00000000       0x6d ..\obj\stm32f4xx_syscfg.o
 .debug_pubtypes
                0x0000006d      0x675 ..\obj\usb_core.o
 .debug_pubtypes
                0x000006e2       0xb9 ..\obj\delay.o
 .debug_pubtypes
                0x0000079b       0xbb ..\obj\mbport.o
 .debug_pubtypes
                0x00000856      0x147 ..\obj\mb.o
 .debug_pubtypes
                0x0000099d      0x15c ..\obj\pid_regulator.o
 .debug_pubtypes
                0x00000af9       0x68 ..\obj\protocol.o
 .debug_pubtypes
                0x00000b61       0x62 ..\obj\mbfuncdisc.o
 .debug_pubtypes
                0x00000bc3       0x55 ..\obj\usbd_usr.o
 .debug_pubtypes
                0x00000c18       0x44 ..\obj\portevent.o
 .debug_pubtypes
                0x00000c5c       0xea ..\obj\buzzer.o
 .debug_pubtypes
                0x00000d46       0x82 ..\obj\mbfuncother.o
 .debug_pubtypes
                0x00000dc8       0x2b ..\obj\time_forecast.o
 .debug_pubtypes
                0x00000df3       0xcd ..\obj\stm32f4xx_usart.o
 .debug_pubtypes
                0x00000ec0       0x84 ..\obj\stm32f4xx_pwr.o
 .debug_pubtypes
                0x00000f44       0x6d ..\obj\mbutils.o
 .debug_pubtypes
                0x00000fb1       0x72 ..\obj\backup_sram.o
 .debug_pubtypes
                0x00001023       0x64 ..\obj\stm32f4xx_iwdg.o
 .debug_pubtypes
                0x00001087      0x147 ..\obj\ADS1120.o
 .debug_pubtypes
                0x000011ce       0x62 ..\obj\mbfuncholding.o
 .debug_pubtypes
                0x00001230      0x2df ..\obj\usbd_core.o
 .debug_pubtypes
                0x0000150f      0x2ce ..\obj\main.o
 .debug_pubtypes
                0x000017dd       0x40 ..\obj\mbcrc.o
 .debug_pubtypes
                0x0000181d       0xb8 ..\obj\uks.o
 .debug_pubtypes
                0x000018d5       0xaa ..\obj\stm32f4xx_rcc.o
 .debug_pubtypes
                0x0000197f       0x12 ..\obj\timers.o
 .debug_pubtypes
                0x00001991       0xc9 ..\obj\stm32f4xx_adc.o
 .debug_pubtypes
                0x00001a5a       0x62 ..\obj\mbfuncinput.o
 .debug_pubtypes
                0x00001abc      0x139 ..\obj\printf.o
 .debug_pubtypes
                0x00001bf5      0x204 ..\obj\phaze_detector.o
 .debug_pubtypes
                0x00001df9       0x53 ..\obj\watchdog.o
 .debug_pubtypes
                0x00001e4c       0x81 ..\obj\display.o
 .debug_pubtypes
                0x00001ecd       0xe6 ..\obj\hd44780.o
 .debug_pubtypes
                0x00001fb3      0x10c ..\obj\tasks.o
 .debug_pubtypes
                0x000020bf       0x5b ..\obj\usbd_desc.o
 .debug_pubtypes
                0x0000211a       0xfd ..\obj\keyboard.o
 .debug_pubtypes
                0x00002217       0xce ..\obj\stm32f4xx_gpio.o
 .debug_pubtypes
                0x000022e5       0xb6 ..\obj\porttimer.o
 .debug_pubtypes
                0x0000239b       0x6d ..\obj\usbd_cdc_vcp.o
 .debug_pubtypes
                0x00002408       0x7a ..\obj\list.o
 .debug_pubtypes
                0x00002482      0x2f5 ..\obj\mbrtu.o
 .debug_pubtypes
                0x00002777       0x73 ..\obj\system_stm32f4xx.o
 .debug_pubtypes
                0x000027ea       0xaa ..\obj\syscalls.o
 .debug_pubtypes
                0x00002894      0x19c ..\obj\adc.o
 .debug_pubtypes
                0x00002a30      0x333 ..\obj\usb_bsp.o
 .debug_pubtypes
                0x00002d63      0x2c8 ..\obj\usbd_req.o
 .debug_pubtypes
                0x0000302b       0xd4 ..\obj\queue.o
 .debug_pubtypes
                0x000030ff       0x33 ..\obj\port.o
 .debug_pubtypes
                0x00003132      0x5e1 ..\obj\usb_dcd_int.o
 .debug_pubtypes
                0x00003713      0x2b9 ..\obj\portserial.o
 .debug_pubtypes
                0x000039cc      0x2ae ..\obj\usbd_cdc_core.o
 .debug_pubtypes
                0x00003c7a       0xcd ..\obj\croutine.o
 .debug_pubtypes
                0x00003d47       0x93 ..\obj\timer_properties.o
 .debug_pubtypes
                0x00003dda       0xbc ..\obj\stm32f4xx_spi.o
 .debug_pubtypes
                0x00003e96       0x62 ..\obj\mbfunccoils.o
 .debug_pubtypes
                0x00003ef8       0xae ..\obj\stm32f4xx_exti.o
 .debug_pubtypes
                0x00003fa6       0x8c ..\obj\misc.o
 .debug_pubtypes
                0x00004032      0x307 ..\obj\usb_dcd.o
 .debug_pubtypes
                0x00004339       0x2c ..\obj\heap_1.o
 .debug_pubtypes
                0x00004365       0xd8 ..\obj\stm32f4xx_rtc.o
 .debug_pubtypes
                0x0000443d      0x295 ..\obj\usbd_ioreq.o
 .debug_pubtypes
                0x000046d2       0x1e ..\obj\mbascii.o
 .debug_pubtypes
                0x000046f0       0xe4 ..\obj\stm32f4xx_tim.o
 .debug_pubtypes
                0x000047d4       0xc5 ..\obj\power_detector.o

.debug_aranges  0x00000000     0x1be0
 .debug_aranges
                0x00000000       0x48 ..\obj\stm32f4xx_syscfg.o
 .debug_aranges
                0x00000048      0x138 ..\obj\usb_core.o
 .debug_aranges
                0x00000180       0x40 ..\obj\delay.o
 .debug_aranges
                0x000001c0       0x48 ..\obj\mbport.o
 .debug_aranges
                0x00000208       0x48 ..\obj\mb.o
 .debug_aranges
                0x00000250       0x40 ..\obj\pid_regulator.o
 .debug_aranges
                0x00000290       0x28 ..\obj\protocol.o
 .debug_aranges
                0x000002b8       0x20 ..\obj\mbfuncdisc.o
 .debug_aranges
                0x000002d8       0x40 ..\obj\usbd_usr.o
 .debug_aranges
                0x00000318       0x30 ..\obj\portevent.o
 .debug_aranges
                0x00000348       0x30 ..\obj\buzzer.o
 .debug_aranges
                0x00000378       0x28 ..\obj\mbfuncother.o
 .debug_aranges
                0x000003a0       0x20 ..\obj\time_forecast.o
 .debug_aranges
                0x000003c0      0x100 ..\obj\stm32f4xx_usart.o
 .debug_aranges
                0x000004c0       0x78 ..\obj\stm32f4xx_pwr.o
 .debug_aranges
                0x00000538       0x30 ..\obj\mbutils.o
 .debug_aranges
                0x00000568       0x28 ..\obj\startup_stm32f4xx.o
 .debug_aranges
                0x00000590       0x28 ..\obj\backup_sram.o
 .debug_aranges
                0x000005b8       0x48 ..\obj\stm32f4xx_iwdg.o
 .debug_aranges
                0x00000600       0x48 ..\obj\ADS1120.o
 .debug_aranges
                0x00000648       0x38 ..\obj\mbfuncholding.o
 .debug_aranges
                0x00000680       0x80 ..\obj\usbd_core.o
 .debug_aranges
                0x00000700       0x40 ..\obj\main.o
 .debug_aranges
                0x00000740       0x20 ..\obj\mbcrc.o
 .debug_aranges
                0x00000760       0x50 ..\obj\uks.o
 .debug_aranges
                0x000007b0      0x178 ..\obj\stm32f4xx_rcc.o
 .debug_aranges
                0x00000928      0x148 ..\obj\stm32f4xx_adc.o
 .debug_aranges
                0x00000a70       0x20 ..\obj\mbfuncinput.o
 .debug_aranges
                0x00000a90       0xa0 ..\obj\printf.o
 .debug_aranges
                0x00000b30       0x50 ..\obj\phaze_detector.o
 .debug_aranges
                0x00000b80       0x28 ..\obj\watchdog.o
 .debug_aranges
                0x00000ba8       0x28 ..\obj\display.o
 .debug_aranges
                0x00000bd0       0xc0 ..\obj\hd44780.o
 .debug_aranges
                0x00000c90      0x120 ..\obj\tasks.o
 .debug_aranges
                0x00000db0       0x50 ..\obj\usbd_desc.o
 .debug_aranges
                0x00000e00       0x28 ..\obj\keyboard.o
 .debug_aranges
                0x00000e28       0x88 ..\obj\stm32f4xx_gpio.o
 .debug_aranges
                0x00000eb0       0x38 ..\obj\porttimer.o
 .debug_aranges
                0x00000ee8       0x48 ..\obj\usbd_cdc_vcp.o
 .debug_aranges
                0x00000f30       0x40 ..\obj\list.o
 .debug_aranges
                0x00000f70       0x58 ..\obj\mbrtu.o
 .debug_aranges
                0x00000fc8       0x30 ..\obj\system_stm32f4xx.o
 .debug_aranges
                0x00000ff8       0x60 ..\obj\syscalls.o
 .debug_aranges
                0x00001058       0x30 ..\obj\adc.o
 .debug_aranges
                0x00001088       0x48 ..\obj\usb_bsp.o
 .debug_aranges
                0x000010d0       0x88 ..\obj\usbd_req.o
 .debug_aranges
                0x00001158       0xa0 ..\obj\queue.o
 .debug_aranges
                0x000011f8       0x70 ..\obj\port.o
 .debug_aranges
                0x00001268       0x80 ..\obj\usb_dcd_int.o
 .debug_aranges
                0x000012e8       0x50 ..\obj\portserial.o
 .debug_aranges
                0x00001338       0x68 ..\obj\usbd_cdc_core.o
 .debug_aranges
                0x000013a0       0x50 ..\obj\croutine.o
 .debug_aranges
                0x000013f0       0x38 ..\obj\timer_properties.o
 .debug_aranges
                0x00001428       0xe0 ..\obj\stm32f4xx_spi.o
 .debug_aranges
                0x00001508       0x30 ..\obj\mbfunccoils.o
 .debug_aranges
                0x00001538       0x58 ..\obj\stm32f4xx_exti.o
 .debug_aranges
                0x00001590       0x40 ..\obj\misc.o
 .debug_aranges
                0x000015d0       0x80 ..\obj\usb_dcd.o
 .debug_aranges
                0x00001650       0x38 ..\obj\heap_1.o
 .debug_aranges
                0x00001688      0x1e0 ..\obj\stm32f4xx_rtc.o
 .debug_aranges
                0x00001868       0x50 ..\obj\usbd_ioreq.o
 .debug_aranges
                0x000018b8      0x2f8 ..\obj\stm32f4xx_tim.o
 .debug_aranges
                0x00001bb0       0x30 ..\obj\power_detector.o

.debug_ranges   0x00000000     0x17f0
 .debug_ranges  0x00000000       0x38 ..\obj\stm32f4xx_syscfg.o
 .debug_ranges  0x00000038      0x128 ..\obj\usb_core.o
 .debug_ranges  0x00000160       0x30 ..\obj\delay.o