Archive member included because of file (symbol)

c:/coocox/coide/gcc/sourcery g++ lite/bin/../lib/gcc/arm-none-eabi/4.5.1/thumb2\libgcc.a(_arm_addsubdf3.o)
                              ..\obj\ADS1120.o (__aeabi_dadd)
c:/coocox/coide/gcc/sourcery g++ lite/bin/../lib/gcc/arm-none-eabi/4.5.1/thumb2\libgcc.a(_arm_muldivdf3.o)
                              ..\obj\ADS1120.o (__aeabi_dmul)
c:/coocox/coide/gcc/sourcery g++ lite/bin/../lib/gcc/arm-none-eabi/4.5.1/thumb2\libgcc.a(_arm_cmpdf2.o)
                              ..\obj\timer_properties.o (__aeabi_dcmpeq)
c:/coocox/coide/gcc/sourcery g++ lite/bin/../lib/gcc/arm-none-eabi/4.5.1/thumb2\libgcc.a(_arm_fixunsdfsi.o)
                              ..\obj\timer_properties.o (__aeabi_d2uiz)
c:/coocox/coide/gcc/sourcery g++ lite/bin/../lib/gcc/arm-none-eabi/4.5.1/thumb2\libgcc.a(_arm_truncdfsf2.o)
                              ..\obj\ADS1120.o (__aeabi_d2f)
c:/coocox/coide/gcc/sourcery g++ lite/bin/../lib/gcc/arm-none-eabi/4.5.1/thumb2\libgcc.a(_arm_addsubsf3.o)
                              ..\obj\pid_regulator.o (__aeabi_fsub)
c:/coocox/coide/gcc/sourcery g++ lite/bin/../lib/gcc/arm-none-eabi/4.5.1/thumb2\libgcc.a(_arm_muldivsf3.o)
                              ..\obj\pid_regulator.o (__aeabi_fmul)
c:/coocox/coide/gcc/sourcery g++ lite/bin/../lib/gcc/arm-none-eabi/4.5.1/thumb2\libgcc.a(_arm_cmpsf2.o)
                              ..\obj\pid_regulator.o (__aeabi_fcmplt)
c:/coocox/coide/gcc/sourcery g++ lite/bin/../lib/gcc/arm-none-eabi/4.5.1/thumb2\libgcc.a(_arm_fixsfsi.o)
                              ..\obj\pid_regulator.o (__aeabi_f2iz)
c:/coocox/coide/gcc/sourcery g++ lite/bin/../lib/gcc/arm-none-eabi/4.5.1/thumb2\libgcc.a(_arm_fixunssfsi.o)
                              ..\obj\display.o (__aeabi_f2uiz)
c:/coocox/coide/gcc/sourcery g++ lite/bin/../lib/gcc/arm-none-eabi/4.5.1/../../../../arm-none-eabi/lib/thumb2\libc.a(lib_a-memcmp.o)
                              ..\obj\tasks.o (memcmp)
c:/coocox/coide/gcc/sourcery g++ lite/bin/../lib/gcc/arm-none-eabi/4.5.1/../../../../arm-none-eabi/lib/thumb2\libc.a(lib_a-memcpy.o)
                              ..\obj\display.o (memcpy)
c:/coocox/coide/gcc/sourcery g++ lite/bin/../lib/gcc/arm-none-eabi/4.5.1/../../../../arm-none-eabi/lib/thumb2\libc.a(lib_a-memset.o)
                              ..\obj\tasks.o (memset)
c:/coocox/coide/gcc/sourcery g++ lite/bin/../lib/gcc/arm-none-eabi/4.5.1/../../../../arm-none-eabi/lib/thumb2\libc.a(lib_a-strncpy.o)
                              ..\obj\tasks.o (strncpy)

Allocating common symbols
Common symbol       size              file

pid_heater          0x1c              ..\obj\pid_regulator.o
ADC_result          0x4               ..\obj\ADS1120.o
xBuzzer_Handle      0x4               ..\obj\buzzer.o
adc_reg             0x1               ..\obj\ADS1120.o
HD44780_Opts        0x7               ..\obj\hd44780.o
xPhazeSemaphore     0x4               ..\obj\phaze_detector.o
usbd_cdc_OtherCfgDesc
                    0x43              ..\obj\usbd_cdc_core.o
xSPI_Buf_Mutex      0x4               ..\obj\ADS1120.o
buzz                0x2               ..\obj\buzzer.o
xMeasure_LM35_Semaphore
                    0x4               ..\obj\adc.o
USB_Rx_Buffer       0x40              ..\obj\usbd_cdc_core.o
ADC_result_temp     0x4               ..\obj\ADS1120.o
ADS1120_res         0x28              ..\obj\ADS1120.o
CmdBuff             0x8               ..\obj\usbd_cdc_core.o
USB_OTG_dev         0x5f0             ..\obj\main.o
adc_lm35_chnl       0xee              ..\obj\adc.o
mult                0x4               ..\obj\delay.o
APP_Rx_Buffer       0x800             ..\obj\usbd_cdc_core.o
uks_channels        0x4b8             ..\obj\uks.o
task_watches        0x10              ..\obj\watchdog.o
USBD_StrDesc        0x32              ..\obj\usbd_req.o
phaze_detect        0x6               ..\obj\phaze_detector.o

Discarded input sections

 .text          0x00000000        0x0 ..\obj\stm32f4xx_syscfg.o
 .data          0x00000000        0x0 ..\obj\stm32f4xx_syscfg.o
 .bss           0x00000000        0x0 ..\obj\stm32f4xx_syscfg.o
 .text.SYSCFG_DeInit
                0x00000000       0x20 ..\obj\stm32f4xx_syscfg.o
 .text.SYSCFG_MemoryRemapConfig
                0x00000000       0x20 ..\obj\stm32f4xx_syscfg.o
 .text.SYSCFG_ETH_MediaInterfaceConfig
                0x00000000       0x20 ..\obj\stm32f4xx_syscfg.o
 .text.SYSCFG_CompensationCellCmd
                0x00000000       0x20 ..\obj\stm32f4xx_syscfg.o
 .text.SYSCFG_GetCompensationCellStatus
                0x00000000       0x3c ..\obj\stm32f4xx_syscfg.o
 .text          0x00000000        0x0 ..\obj\usb_core.o
 .data          0x00000000        0x0 ..\obj\usb_core.o
 .bss           0x00000000        0x0 ..\obj\usb_core.o
 .text.USB_OTG_IsHostMode
                0x00000000       0x24 ..\obj\usb_core.o
 .text.USB_OTG_ReadOtgItr
                0x00000000       0x1c ..\obj\usb_core.o
 .text.USB_OTG_ActiveRemoteWakeup
[...]
Memory Configuration

Name             Origin             Length             Attributes
rom              0x08000000         0x00100000         xr
ram              0x20000000         0x00020000         xrw
ram1             0x10000000         0x00010000         xrw
*default*        0x00000000         0xffffffff

Linker script and memory map

                0x20020000                _eram = 0x20020000

.text           0x08000000     0xbd20
 *(.isr_vector .isr_vector.*)
 .isr_vector    0x08000000      0x188 ..\obj\startup_stm32f4xx.o
                0x08000000                g_pfnVectors
 *(.text .text.* .gnu.linkonce.t.*)
 .text.SYSCFG_EXTILineConfig
                0x08000188       0xb4 ..\obj\stm32f4xx_syscfg.o
                0x08000188                SYSCFG_EXTILineConfig
 .text.USB_OTG_EnableCommonInt
                0x0800023c       0x44 ..\obj\usb_core.o
 .text.USB_OTG_CoreReset
                0x08000280       0xa8 ..\obj\usb_core.o
 .text.USB_OTG_WritePacket
                0x08000328       0x88 ..\obj\usb_core.o
                0x08000328                USB_OTG_WritePacket
 .text.USB_OTG_ReadPacket
                0x080003b0       0x68 ..\obj\usb_core.o
                0x080003b0                USB_OTG_ReadPacket
 .text.USB_OTG_SelectCore
                0x08000418      0x1b4 ..\obj\usb_core.o
                0x08000418                USB_OTG_SelectCore
 .text.USB_OTG_CoreInit
                0x080005cc      0x1f8 ..\obj\usb_core.o
                0x080005cc                USB_OTG_CoreInit
 .text.USB_OTG_EnableGlobalInt
                0x080007c4       0x40 ..\obj\usb_core.o
                0x080007c4                USB_OTG_EnableGlobalInt
 .text.USB_OTG_DisableGlobalInt
                0x08000804       0x44 ..\obj\usb_core.o
                0x08000804                USB_OTG_DisableGlobalInt
 .text.USB_OTG_FlushTxFifo
                0x08000848       0x80 ..\obj\usb_core.o
                0x08000848                USB_OTG_FlushTxFifo
 .text.USB_OTG_FlushRxFifo
                0x080008c8       0x6c ..\obj\usb_core.o
                0x080008c8                USB_OTG_FlushRxFifo
 .text.USB_OTG_SetCurrentMode
                0x08000934       0x64 ..\obj\usb_core.o
                0x08000934                USB_OTG_SetCurrentMode
 .text.USB_OTG_GetMode
                0x08000998       0x20 ..\obj\usb_core.o
                0x08000998                USB_OTG_GetMode
 .text.USB_OTG_IsDeviceMode
                0x080009b8       0x24 ..\obj\usb_core.o
                0x080009b8                USB_OTG_IsDeviceMode
 .text.USB_OTG_ReadCoreItr
                0x080009dc       0x34 ..\obj\usb_core.o
                0x080009dc                USB_OTG_ReadCoreItr
 .text.USB_OTG_InitDevSpeed
                0x08000a10       0x38 ..\obj\usb_core.o
                0x08000a10                USB_OTG_InitDevSpeed
 .text.USB_OTG_CoreInitDev
                0x08000a48      0x2d0 ..\obj\usb_core.o
                0x08000a48                USB_OTG_CoreInitDev
 .text.USB_OTG_EnableDevInt
                0x08000d18       0xa8 ..\obj\usb_core.o
                0x08000d18                USB_OTG_EnableDevInt
 .text.USB_OTG_GetDeviceSpeed
                0x08000dc0       0x50 ..\obj\usb_core.o
                0x08000dc0                USB_OTG_GetDeviceSpeed
 .text.USB_OTG_EP0Activate
                0x08000e10       0x84 ..\obj\usb_core.o
                0x08000e10                USB_OTG_EP0Activate
 .text.USB_OTG_EPActivate
                0x08000e94       0xf8 ..\obj\usb_core.o
                0x08000e94                USB_OTG_EPActivate
 .text.USB_OTG_EPDeactivate
                0x08000f8c       0xa4 ..\obj\usb_core.o
                0x08000f8c                USB_OTG_EPDeactivate
 .text.USB_OTG_EPStartXfer
                0x08001030      0x2d4 ..\obj\usb_core.o
                0x08001030                USB_OTG_EPStartXfer
 .text.USB_OTG_EP0StartXfer
                0x08001304      0x208 ..\obj\usb_core.o
                0x08001304                USB_OTG_EP0StartXfer
 .text.USB_OTG_EPSetStall
                0x0800150c       0x94 ..\obj\usb_core.o
                0x0800150c                USB_OTG_EPSetStall
 .text.USB_OTG_EPClearStall
                0x080015a0       0x84 ..\obj\usb_core.o
                0x080015a0                USB_OTG_EPClearStall
 .text.USB_OTG_ReadDevAllOutEp_itr
                0x08001624       0x30 ..\obj\usb_core.o
                0x08001624                USB_OTG_ReadDevAllOutEp_itr
 .text.USB_OTG_ReadDevOutEP_itr
                0x08001654       0x3c ..\obj\usb_core.o
                0x08001654                USB_OTG_ReadDevOutEP_itr
 .text.USB_OTG_ReadDevAllInEPItr
                0x08001690       0x34 ..\obj\usb_core.o
                0x08001690                USB_OTG_ReadDevAllInEPItr
 .text.USB_OTG_EP0_OutStart
                0x080016c4       0x7c ..\obj\usb_core.o
                0x080016c4                USB_OTG_EP0_OutStart
 .text.USB_OTG_UngateClock
                0x08001740       0x54 ..\obj\usb_core.o
                0x08001740                USB_OTG_UngateClock
 .text.TIM2_IRQHandler
                0x08001794       0x50 ..\obj\delay.o
                0x08001794                TIM2_IRQHandler
 .text.DELAY_Init
                0x080017e4       0x2c ..\obj\delay.o
                0x080017e4                DELAY_Init
 .text.DELAY_INT_InitTIM
                0x08001810       0xa8 ..\obj\delay.o
                0x08001810                DELAY_INT_InitTIM
 .text.PID_Heater_Init
                0x080018b8       0x24 ..\obj\pid_regulator.o
                0x080018b8                PID_Heater_Init
 .text.pid_Init
                0x080018dc       0xf4 ..\obj\pid_regulator.o
                0x080018dc                pid_Init
 .text.pid_Controller
                0x080019d0      0x1d8 ..\obj\pid_regulator.o
                0x080019d0                pid_Controller
 .text.PID_Regulator_Task
                0x08001ba8      0x1c8 ..\obj\pid_regulator.o
 .text.USBD_USR_Init
                0x08001d70        0xc ..\obj\usbd_usr.o
                0x08001d70                USBD_USR_Init
 .text.USBD_USR_DeviceReset
                0x08001d7c       0x14 ..\obj\usbd_usr.o
                0x08001d7c                USBD_USR_DeviceReset
 .text.USBD_USR_DeviceConfigured
                0x08001d90        0xc ..\obj\usbd_usr.o
                0x08001d90                USBD_USR_DeviceConfigured
 .text.USBD_USR_DeviceSuspended
                0x08001d9c        0xc ..\obj\usbd_usr.o
                0x08001d9c                USBD_USR_DeviceSuspended
 .text.USBD_USR_DeviceResumed
                0x08001da8        0xc ..\obj\usbd_usr.o
                0x08001da8                USBD_USR_DeviceResumed
 .text.Buzzer_Init
                0x08001db4       0xa4 ..\obj\buzzer.o
                0x08001db4                Buzzer_Init
 .text.Buzzer_Task
                0x08001e58      0x244 ..\obj\buzzer.o
                0x08001e58                Buzzer_Task
 .text.Buzzer_Set_Buzz
                0x0800209c       0xc0 ..\obj\buzzer.o
                0x0800209c                Buzzer_Set_Buzz
 .text.PWR_PVDLevelConfig
                0x0800215c       0x44 ..\obj\stm32f4xx_pwr.o
                0x0800215c                PWR_PVDLevelConfig
 .text.PWR_PVDCmd
                0x080021a0       0x20 ..\obj\stm32f4xx_pwr.o
                0x080021a0                PWR_PVDCmd
 .text.Default_Reset_Handler
                0x080021c0       0x68 ..\obj\startup_stm32f4xx.o
                0x080021c0                Default_Reset_Handler
                0x080021c0                Reset_Handler
 .text.Default_Handler
                0x08002228        0x8 ..\obj\startup_stm32f4xx.o
                0x08002228                RTC_Alarm_IRQHandler
                0x08002228                HASH_RNG_IRQHandler
                0x08002228                EXTI2_IRQHandler
                0x08002228                TIM8_CC_IRQHandler
                0x08002228                DebugMon_Handler
                0x08002228                TIM1_CC_IRQHandler
                0x08002228                DMA2_Stream5_IRQHandler
                0x08002228                HardFault_Handler
                0x08002228                DMA1_Stream5_IRQHandler
                0x08002228                SDIO_IRQHandler
                0x08002228                TAMP_STAMP_IRQHandler
                0x08002228                NMI_Handler
                0x08002228                CAN2_RX1_IRQHandler
                0x08002228                EXTI3_IRQHandler
                0x08002228                TIM8_TRG_COM_TIM14_IRQHandler
                0x08002228                TIM1_UP_TIM10_IRQHandler
                0x08002228                TIM8_UP_TIM13_IRQHandler
                0x08002228                I2C3_ER_IRQHandler
                0x08002228                I2C2_EV_IRQHandler
                0x08002228                DMA1_Stream2_IRQHandler
                0x08002228                CAN1_RX0_IRQHandler
                0x08002228                FPU_IRQHandler
                0x08002228                OTG_HS_WKUP_IRQHandler
                0x08002228                UsageFault_Handler
                0x08002228                CAN2_SCE_IRQHandler
                0x08002228                DMA2_Stream2_IRQHandler
                0x08002228                SPI1_IRQHandler
                0x08002228                TIM6_DAC_IRQHandler
                0x08002228                TIM1_BRK_TIM9_IRQHandler
                0x08002228                DCMI_IRQHandler
                0x08002228                CAN2_RX0_IRQHandler
                0x08002228                DMA2_Stream3_IRQHandler
                0x08002228                USART6_IRQHandler
                0x08002228                USART3_IRQHandler
                0x08002228                CRYP_IRQHandler
                0x08002228                CAN1_RX1_IRQHandler
                0x08002228                UART5_IRQHandler
                0x08002228                DMA2_Stream0_IRQHandler
                0x08002228                TIM4_IRQHandler
                0x08002228                I2C1_EV_IRQHandler
                0x08002228                DMA1_Stream6_IRQHandler
                0x08002228                DMA1_Stream1_IRQHandler
                0x08002228                UART4_IRQHandler
                0x08002228                TIM3_IRQHandler
                0x08002228                RCC_IRQHandler
                0x08002228                TIM8_BRK_TIM12_IRQHandler
                0x08002228                EXTI15_10_IRQHandler
                0x08002228                ADC_IRQHandler
                0x08002228                DMA1_Stream7_IRQHandler
                0x08002228                TIM7_IRQHandler
                0x08002228                CAN2_TX_IRQHandler
                0x08002228                TIM5_IRQHandler
                0x08002228                DMA2_Stream7_IRQHandler
                0x08002228                I2C3_EV_IRQHandler
                0x08002228                EXTI9_5_IRQHandler
                0x08002228                RTC_WKUP_IRQHandler
                0x08002228                ETH_WKUP_IRQHandler
                0x08002228                SPI2_IRQHandler
                0x08002228                OTG_HS_EP1_IN_IRQHandler
                0x08002228                MemManage_Handler
                0x08002228                DMA1_Stream0_IRQHandler
                0x08002228                CAN1_TX_IRQHandler
                0x08002228                EXTI4_IRQHandler
                0x08002228                FSMC_IRQHandler
                0x08002228                ETH_IRQHandler
                0x08002228                OTG_HS_EP1_OUT_IRQHandler
                0x08002228                WWDG_IRQHandler
                0x08002228                TIM1_TRG_COM_TIM11_IRQHandler
                0x08002228                OTG_HS_IRQHandler
                0x08002228                USART2_IRQHandler
                0x08002228                I2C2_ER_IRQHandler
                0x08002228                DMA2_Stream1_IRQHandler
                0x08002228                CAN1_SCE_IRQHandler
                0x08002228                FLASH_IRQHandler
                0x08002228                DMA2_Stream4_IRQHandler
                0x08002228                BusFault_Handler
                0x08002228                USART1_IRQHandler
                0x08002228                SPI3_IRQHandler
                0x08002228                DMA1_Stream4_IRQHandler
                0x08002228                I2C1_ER_IRQHandler
                0x08002228                DMA2_Stream6_IRQHandler
                0x08002228                DMA1_Stream3_IRQHandler
 .text.ADS1120_init
                0x08002230       0x4c ..\obj\ADS1120.o
                0x08002230                ADS1120_init
 .text.SPI2_config
                0x0800227c      0x170 ..\obj\ADS1120.o
 .text.SPI2_send
                0x080023ec       0x60 ..\obj\ADS1120.o
                0x080023ec                SPI2_send
 .text.SPI2_read
                0x0800244c       0x14 ..\obj\ADS1120.o
                0x0800244c                SPI2_read
 .text.ADS1120_task
                0x08002460      0x194 ..\obj\ADS1120.o
 .text.PT100_Code_To_Temperature
                0x080025f4       0xa0 ..\obj\ADS1120.o
                0x080025f4                PT100_Code_To_Temperature
 .text.USBD_Init
                0x08002694       0x58 ..\obj\usbd_core.o
                0x08002694                USBD_Init
 .text.USBD_DeInit
                0x080026ec       0x18 ..\obj\usbd_core.o
                0x080026ec                USBD_DeInit
 .text.USBD_SetupStage
                0x08002704       0x70 ..\obj\usbd_core.o
 .text.USBD_DataOutStage
                0x08002774       0xd4 ..\obj\usbd_core.o
 .text.USBD_DataInStage
                0x08002848      0x114 ..\obj\usbd_core.o
 .text.USBD_Reset
                0x0800295c       0x54 ..\obj\usbd_core.o
 .text.USBD_Resume
                0x080029b0       0x2c ..\obj\usbd_core.o
 .text.USBD_Suspend
                0x080029dc       0x2c ..\obj\usbd_core.o
 .text.USBD_SOF
                0x08002a08       0x30 ..\obj\usbd_core.o
 .text.USBD_SetCfg
                0x08002a38       0x34 ..\obj\usbd_core.o
                0x08002a38                USBD_SetCfg
 .text.USBD_ClrCfg
                0x08002a6c       0x2c ..\obj\usbd_core.o
                0x08002a6c                USBD_ClrCfg
 .text.USBD_IsoINIncomplete
                0x08002a98       0x24 ..\obj\usbd_core.o
 .text.USBD_IsoOUTIncomplete
                0x08002abc       0x24 ..\obj\usbd_core.o
 .text.main     0x08002ae0       0x64 ..\obj\main.o
                0x08002ae0                main
 .text.vApplicationMallocFailedHook
                0x08002b44        0x8 ..\obj\main.o
                0x08002b44                vApplicationMallocFailedHook
 .text.vApplicationStackOverflowHook
                0x08002b4c        0xc ..\obj\main.o
                0x08002b4c                vApplicationStackOverflowHook
 .text.vApplicationIdleHook
                0x08002b58       0x18 ..\obj\main.o
                0x08002b58                vApplicationIdleHook
 .text.UKS_Drying_Init
                0x08002b70      0x148 ..\obj\uks.o
                0x08002b70                UKS_Drying_Init
 .text.UKS_Drying_Task
                0x08002cb8       0x68 ..\obj\uks.o
                0x08002cb8                UKS_Drying_Task
 .text.UKS_Sort_Channels
                0x08002d20      0x32c ..\obj\uks.o
                0x08002d20                UKS_Sort_Channels
 .text.UKS_Channel_State_Drying
                0x0800304c      0x104 ..\obj\uks.o
                0x0800304c                UKS_Channel_State_Drying
 .text.RCC_GetClocksFreq
                0x08003150      0x1d4 ..\obj\stm32f4xx_rcc.o
                0x08003150                RCC_GetClocksFreq
 .text.RCC_AHB1PeriphClockCmd
                0x08003324       0x5c ..\obj\stm32f4xx_rcc.o
                0x08003324                RCC_AHB1PeriphClockCmd
 .text.RCC_AHB2PeriphClockCmd
                0x08003380       0x5c ..\obj\stm32f4xx_rcc.o
                0x08003380                RCC_AHB2PeriphClockCmd
 .text.RCC_APB1PeriphClockCmd
                0x080033dc       0x5c ..\obj\stm32f4xx_rcc.o
                0x080033dc                RCC_APB1PeriphClockCmd
 .text.RCC_APB2PeriphClockCmd
                0x08003438       0x5c ..\obj\stm32f4xx_rcc.o
                0x08003438                RCC_APB2PeriphClockCmd
 .text.RCC_APB1PeriphResetCmd
                0x08003494       0x5c ..\obj\stm32f4xx_rcc.o
                0x08003494                RCC_APB1PeriphResetCmd
 .text.RCC_APB2PeriphResetCmd
                0x080034f0       0x5c ..\obj\stm32f4xx_rcc.o
                0x080034f0                RCC_APB2PeriphResetCmd
 .text.ADC_DeInit
                0x0800354c       0x20 ..\obj\stm32f4xx_adc.o
                0x0800354c                ADC_DeInit
 .text.ADC_Init
                0x0800356c       0xc4 ..\obj\stm32f4xx_adc.o
                0x0800356c                ADC_Init
 .text.ADC_StructInit
                0x08003630       0x4c ..\obj\stm32f4xx_adc.o
                0x08003630                ADC_StructInit
 .text.ADC_CommonInit
                0x0800367c       0x60 ..\obj\stm32f4xx_adc.o
                0x0800367c                ADC_CommonInit
 .text.ADC_CommonStructInit
                0x080036dc       0x34 ..\obj\stm32f4xx_adc.o
                0x080036dc                ADC_CommonStructInit
 .text.ADC_Cmd  0x08003710       0x38 ..\obj\stm32f4xx_adc.o
                0x08003710                ADC_Cmd
 .text.ADC_RegularChannelConfig
                0x08003748      0x1d0 ..\obj\stm32f4xx_adc.o
                0x08003748                ADC_RegularChannelConfig
 .text.ADC_GetFlagStatus
                0x08003918       0x40 ..\obj\stm32f4xx_adc.o
                0x08003918                ADC_GetFlagStatus
 .text.PutChar  0x08003958       0x24 ..\obj\printf.o
                0x08003958                PutChar
 .text.PutString
                0x0800397c       0x48 ..\obj\printf.o
                0x0800397c                PutString
 .text.PutUnsignedInt
                0x080039c4       0xbc ..\obj\printf.o
                0x080039c4                PutUnsignedInt
 .text.PutSignedInt
                0x08003a80      0x12c ..\obj\printf.o
                0x08003a80                PutSignedInt
 .text.PutHexa  0x08003bac       0xe8 ..\obj\printf.o
                0x08003bac                PutHexa
 .text.vsnprintf
                0x08003c94      0x2a4 ..\obj\printf.o
                0x08003c94                vsnprintf
 .text.vsprintf
                0x08003f38       0x28 ..\obj\printf.o
                0x08003f38                vsprintf
 .text.sprintf  0x08003f60       0x30 ..\obj\printf.o
                0x08003f60                sprintf
 .text.NVIC_EnableIRQ
                0x08003f90       0x38 ..\obj\phaze_detector.o
 .text.Phaze_Detector_Init
                0x08003fc8      0x174 ..\obj\phaze_detector.o
                0x08003fc8                Phaze_Detector_Init
 .text.Set_Heater_Power
                0x0800413c       0x58 ..\obj\phaze_detector.o
                0x0800413c                Set_Heater_Power
 .text.EXTI0_IRQHandler
                0x08004194      0x114 ..\obj\phaze_detector.o
                0x08004194                EXTI0_IRQHandler
 .text.EXTI1_IRQHandler
                0x080042a8       0x38 ..\obj\phaze_detector.o
                0x080042a8                EXTI1_IRQHandler
 .text.Display_Init
                0x080042e0       0x4c ..\obj\display.o
                0x080042e0                Display_Init
 .text.Display_Task
                0x0800432c      0x448 ..\obj\display.o
                0x0800432c                Display_Task
 .text.Delay    0x08004774       0x44 ..\obj\hd44780.o
 .text.HD44780_Init
                0x080047b8      0x110 ..\obj\hd44780.o
                0x080047b8                HD44780_Init
 .text.HD44780_Reinit
                0x080048c8      0x100 ..\obj\hd44780.o
                0x080048c8                HD44780_Reinit
 .text.HD44780_InitPins
                0x080049c8       0x80 ..\obj\hd44780.o
                0x080049c8                HD44780_InitPins
 .text.HD44780_Clear
                0x08004a48       0x18 ..\obj\hd44780.o
                0x08004a48                HD44780_Clear
 .text.HD44780_Cmd
                0x08004a60       0x28 ..\obj\hd44780.o
                0x08004a60                HD44780_Cmd
 .text.HD44780_Data
                0x08004a88       0x28 ..\obj\hd44780.o
                0x08004a88                HD44780_Data
 .text.HD44780_Cmd4bit
                0x08004ab0       0xb0 ..\obj\hd44780.o
                0x08004ab0                HD44780_Cmd4bit
 .text.HD44780_Cmd8bit
                0x08004b60       0xb0 ..\obj\hd44780.o
                0x08004b60                HD44780_Cmd8bit
 .text.HD44780_CursorSet
                0x08004c10       0x74 ..\obj\hd44780.o
                0x08004c10                HD44780_CursorSet
 .text.HD44780_Puts
                0x08004c84      0x114 ..\obj\hd44780.o
                0x08004c84                HD44780_Puts
 .text.HD44780_DisplayOn
                0x08004d98       0x38 ..\obj\hd44780.o
                0x08004d98                HD44780_DisplayOn
 .text.xTaskGenericCreate
                0x08004dd0      0x1f8 ..\obj\tasks.o
                0x08004dd0                xTaskGenericCreate
 .text.vTaskDelay
                0x08004fc8       0x5c ..\obj\tasks.o
                0x08004fc8                vTaskDelay
 .text.vTaskSuspend
                0x08005024       0xc0 ..\obj\tasks.o
                0x08005024                vTaskSuspend
 .text.xTaskIsTaskSuspended
                0x080050e4       0x60 ..\obj\tasks.o
                0x080050e4                xTaskIsTaskSuspended
 .text.vTaskResume
                0x08005144       0xbc ..\obj\tasks.o
                0x08005144                vTaskResume
 .text.vTaskStartScheduler
                0x08005200       0x84 ..\obj\tasks.o
                0x08005200                vTaskStartScheduler
 .text.vTaskSuspendAll
                0x08005284       0x24 ..\obj\tasks.o
                0x08005284                vTaskSuspendAll
 .text.xTaskResumeAll
                0x080052a8      0x16c ..\obj\tasks.o
                0x080052a8                xTaskResumeAll
 .text.vTaskIncrementTick
                0x08005414      0x1d0 ..\obj\tasks.o
                0x08005414                vTaskIncrementTick
 .text.vTaskSwitchContext
                0x080055e4      0x168 ..\obj\tasks.o
                0x080055e4                vTaskSwitchContext
 .text.vTaskPlaceOnEventList
                0x0800574c       0x88 ..\obj\tasks.o
                0x0800574c                vTaskPlaceOnEventList
 .text.xTaskRemoveFromEventList
                0x080057d4       0xd4 ..\obj\tasks.o
                0x080057d4                xTaskRemoveFromEventList
 .text.vTaskSetTimeOutState
                0x080058a8       0x40 ..\obj\tasks.o
                0x080058a8                vTaskSetTimeOutState
 .text.xTaskCheckForTimeOut
                0x080058e8       0xc4 ..\obj\tasks.o
                0x080058e8                xTaskCheckForTimeOut
 .text.vTaskMissedYield
                0x080059ac       0x18 ..\obj\tasks.o
                0x080059ac                vTaskMissedYield
 .text.prvIdleTask
                0x080059c4       0x24 ..\obj\tasks.o
 .text.prvInitialiseTCBVariables
                0x080059e8       0x7c ..\obj\tasks.o
 .text.prvInitialiseTaskLists
                0x08005a64       0xa4 ..\obj\tasks.o
 .text.prvCheckTasksWaitingTermination
                0x08005b08       0x98 ..\obj\tasks.o
 .text.prvAddCurrentTaskToDelayedList
                0x08005ba0       0x8c ..\obj\tasks.o
 .text.prvAllocateTCBAndStack
                0x08005c2c       0x74 ..\obj\tasks.o
 .text.prvDeleteTCB
                0x08005ca0       0x20 ..\obj\tasks.o
 .text.xTaskGetCurrentTaskHandle
                0x08005cc0       0x20 ..\obj\tasks.o
                0x08005cc0                xTaskGetCurrentTaskHandle
 .text.vTaskPriorityInherit
                0x08005ce0       0xe8 ..\obj\tasks.o
                0x08005ce0                vTaskPriorityInherit
 .text.vTaskPriorityDisinherit
                0x08005dc8       0x90 ..\obj\tasks.o
                0x08005dc8                vTaskPriorityDisinherit
 .text.USBD_USR_DeviceDescriptor
                0x08005e58       0x28 ..\obj\usbd_desc.o
                0x08005e58                USBD_USR_DeviceDescriptor
 .text.USBD_USR_LangIDStrDescriptor
                0x08005e80       0x28 ..\obj\usbd_desc.o
                0x08005e80                USBD_USR_LangIDStrDescriptor
 .text.USBD_USR_ProductStrDescriptor
                0x08005ea8       0x54 ..\obj\usbd_desc.o
                0x08005ea8                USBD_USR_ProductStrDescriptor
 .text.USBD_USR_ManufacturerStrDescriptor
                0x08005efc       0x34 ..\obj\usbd_desc.o
                0x08005efc                USBD_USR_ManufacturerStrDescriptor
 .text.USBD_USR_SerialStrDescriptor
                0x08005f30       0x54 ..\obj\usbd_desc.o
                0x08005f30                USBD_USR_SerialStrDescriptor
 .text.USBD_USR_ConfigStrDescriptor
                0x08005f84       0x54 ..\obj\usbd_desc.o
                0x08005f84                USBD_USR_ConfigStrDescriptor
 .text.USBD_USR_InterfaceStrDescriptor
                0x08005fd8       0x54 ..\obj\usbd_desc.o
                0x08005fd8                USBD_USR_InterfaceStrDescriptor
 .text.Keyboard_Init
                0x0800602c       0x78 ..\obj\keyboard.o
                0x0800602c                Keyboard_Init
 .text.vKeyboardTask
                0x080060a4      0x1a8 ..\obj\keyboard.o
 .text.GPIO_Init
                0x0800624c      0x158 ..\obj\stm32f4xx_gpio.o
                0x0800624c                GPIO_Init
 .text.GPIO_StructInit
                0x080063a4       0x3c ..\obj\stm32f4xx_gpio.o
                0x080063a4                GPIO_StructInit
 .text.GPIO_ReadInputDataBit
                0x080063e0       0x40 ..\obj\stm32f4xx_gpio.o
                0x080063e0                GPIO_ReadInputDataBit
 .text.GPIO_WriteBit
                0x08006420       0x30 ..\obj\stm32f4xx_gpio.o
                0x08006420                GPIO_WriteBit
 .text.GPIO_PinAFConfig
                0x08006450       0xb0 ..\obj\stm32f4xx_gpio.o
                0x08006450                GPIO_PinAFConfig
 .text.VCP_Init
                0x08006500       0x10 ..\obj\usbd_cdc_vcp.o
 .text.VCP_DeInit
                0x08006510       0x10 ..\obj\usbd_cdc_vcp.o
 .text.VCP_Ctrl
                0x08006520       0xbc ..\obj\usbd_cdc_vcp.o
 .text.VCP_DataTx
                0x080065dc       0x7c ..\obj\usbd_cdc_vcp.o
                0x080065dc                VCP_DataTx
 .text.VCP_DataRx
                0x08006658       0xe0 ..\obj\usbd_cdc_vcp.o
 .text.vListInitialise
                0x08006738       0x48 ..\obj\list.o
                0x08006738                vListInitialise
 .text.vListInitialiseItem
                0x08006780       0x1c ..\obj\list.o
                0x08006780                vListInitialiseItem
 .text.vListInsertEnd
                0x0800679c       0x54 ..\obj\list.o
                0x0800679c                vListInsertEnd
 .text.vListInsert
                0x080067f0       0x78 ..\obj\list.o
                0x080067f0                vListInsert
 .text.vListRemove
                0x08006868       0x54 ..\obj\list.o
                0x08006868                vListRemove
 .text.SystemInit
                0x080068bc       0x94 ..\obj\system_stm32f4xx.o
                0x080068bc                SystemInit
 .text.SetSysClock
                0x08006950      0x150 ..\obj\system_stm32f4xx.o
 .text.ADC_Channel_Init
                0x08006aa0      0x15c ..\obj\adc.o
                0x08006aa0                ADC_Channel_Init
 .text.bubblesort
                0x08006bfc       0xa4 ..\obj\adc.o
                0x08006bfc                bubblesort
 .text.ADC_Task
                0x08006ca0      0x2d8 ..\obj\adc.o
 .text.USB_OTG_BSP_Init
                0x08006f78      0x100 ..\obj\usb_bsp.o
                0x08006f78                USB_OTG_BSP_Init
 .text.USB_OTG_BSP_EnableInterrupt
                0x08007078       0x3c ..\obj\usb_bsp.o
                0x08007078                USB_OTG_BSP_EnableInterrupt
 .text.USB_OTG_BSP_uDelay
                0x080070b4       0x58 ..\obj\usb_bsp.o
                0x080070b4                USB_OTG_BSP_uDelay
 .text.USB_OTG_BSP_mDelay
                0x0800710c       0x20 ..\obj\usb_bsp.o
                0x0800710c                USB_OTG_BSP_mDelay
 .text.OTG_FS_WKUP_IRQHandler
                0x0800712c       0x44 ..\obj\usb_bsp.o
                0x0800712c                OTG_FS_WKUP_IRQHandler
 .text.OTG_FS_IRQHandler
                0x08007170       0x14 ..\obj\usb_bsp.o
                0x08007170                OTG_FS_IRQHandler
 .text.USBD_StdDevReq
                0x08007184       0xa4 ..\obj\usbd_req.o
                0x08007184                USBD_StdDevReq
 .text.USBD_StdItfReq
                0x08007228       0x70 ..\obj\usbd_req.o
                0x08007228                USBD_StdItfReq
 .text.USBD_StdEPReq
                0x08007298      0x1d8 ..\obj\usbd_req.o
                0x08007298                USBD_StdEPReq
 .text.USBD_GetDescriptor
                0x08007470      0x1c8 ..\obj\usbd_req.o
 .text.USBD_SetAddress
                0x08007638       0x80 ..\obj\usbd_req.o
 .text.USBD_SetConfig
                0x080076b8      0x134 ..\obj\usbd_req.o
 .text.USBD_GetConfig
                0x080077ec       0x68 ..\obj\usbd_req.o
 .text.USBD_GetStatus
                0x08007854       0x68 ..\obj\usbd_req.o
 .text.USBD_SetFeature
                0x080078bc       0xe0 ..\obj\usbd_req.o
 .text.USBD_ClrFeature
                0x0800799c       0x58 ..\obj\usbd_req.o
 .text.USBD_ParseSetupRequest
                0x080079f4       0xbc ..\obj\usbd_req.o
                0x080079f4                USBD_ParseSetupRequest
 .text.USBD_CtlError
                0x08007ab0       0x50 ..\obj\usbd_req.o
                0x08007ab0                USBD_CtlError
 .text.USBD_GetString
                0x08007b00       0x9c ..\obj\usbd_req.o
                0x08007b00                USBD_GetString
 .text.USBD_GetLen
                0x08007b9c       0x38 ..\obj\usbd_req.o
 .text.xQueueGenericReset
                0x08007bd4       0xc0 ..\obj\queue.o
                0x08007bd4                xQueueGenericReset
 .text.xQueueGenericCreate
                0x08007c94       0x90 ..\obj\queue.o
                0x08007c94                xQueueGenericCreate
 .text.xQueueGenericSend
                0x08007d24      0x158 ..\obj\queue.o
                0x08007d24                xQueueGenericSend
 .text.xQueueGenericSendFromISR
                0x08007e7c       0xcc ..\obj\queue.o
                0x08007e7c                xQueueGenericSendFromISR
 .text.xQueueGenericReceive
                0x08007f48      0x1bc ..\obj\queue.o
                0x08007f48                xQueueGenericReceive
 .text.prvCopyDataToQueue
                0x08008104       0xc4 ..\obj\queue.o
 .text.prvCopyDataFromQueue
                0x080081c8       0x50 ..\obj\queue.o
 .text.prvUnlockQueue
                0x08008218       0xa0 ..\obj\queue.o
 .text.prvIsQueueEmpty
                0x080082b8       0x2c ..\obj\queue.o
 .text.prvIsQueueFull
                0x080082e4       0x30 ..\obj\queue.o
 .text.pxPortInitialiseStack
                0x08008314       0x60 ..\obj\port.o
                0x08008314                pxPortInitialiseStack
 .text.SVC_Handler
                0x08008374       0x20 ..\obj\port.o
                0x08008374                SVC_Handler
 .text.vPortStartFirstTask
                0x08008394       0x14 ..\obj\port.o
                0x08008394                vPortStartFirstTask
 .text.xPortStartScheduler
                0x080083a8       0x54 ..\obj\port.o
                0x080083a8                xPortStartScheduler
 .text.vPortYieldFromISR
                0x080083fc       0x18 ..\obj\port.o
                0x080083fc                vPortYieldFromISR
 .text.vPortEnterCritical
                0x08008414       0x2c ..\obj\port.o
                0x08008414                vPortEnterCritical
 .text.vPortExitCritical
                0x08008440       0x38 ..\obj\port.o
                0x08008440                vPortExitCritical
 .text.PendSV_Handler
                0x08008478       0x3c ..\obj\port.o
                0x08008478                PendSV_Handler
 .text.SysTick_Handler
                0x080084b4       0x38 ..\obj\port.o
                0x080084b4                SysTick_Handler
 .text.prvSetupTimerInterrupt
                0x080084ec       0x28 ..\obj\port.o
 .text.USBD_OTG_ISR_Handler
                0x08008514      0x178 ..\obj\usb_dcd_int.o
                0x08008514                USBD_OTG_ISR_Handler
 .text.DCD_HandleResume_ISR
                0x0800868c       0x90 ..\obj\usb_dcd_int.o
 .text.DCD_HandleUSBSuspend_ISR
                0x0800871c       0xb4 ..\obj\usb_dcd_int.o
 .text.DCD_HandleInEP_ISR
                0x080087d0      0x234 ..\obj\usb_dcd_int.o
 .text.DCD_HandleOutEP_ISR
                0x08008a04      0x1b4 ..\obj\usb_dcd_int.o
 .text.DCD_HandleSof_ISR
                0x08008bb8       0x3c ..\obj\usb_dcd_int.o
 .text.DCD_HandleRxStatusQueueLevel_ISR
                0x08008bf4      0x120 ..\obj\usb_dcd_int.o
 .text.DCD_WriteEmptyTxFifo
                0x08008d14      0x134 ..\obj\usb_dcd_int.o
 .text.DCD_HandleUsbReset_ISR
                0x08008e48      0x168 ..\obj\usb_dcd_int.o
 .text.DCD_HandleEnumDone_ISR
                0x08008fb0       0x88 ..\obj\usb_dcd_int.o
 .text.DCD_IsoINIncomplete_ISR
                0x08009038       0x3c ..\obj\usb_dcd_int.o
 .text.DCD_IsoOUTIncomplete_ISR
                0x08009074       0x3c ..\obj\usb_dcd_int.o
 .text.DCD_ReadDevInEP
                0x080090b0       0x60 ..\obj\usb_dcd_int.o
 .text.usbd_cdc_Init
                0x08009110       0xd0 ..\obj\usbd_cdc_core.o
 .text.usbd_cdc_DeInit
                0x080091e0       0x4c ..\obj\usbd_cdc_core.o
 .text.usbd_cdc_Setup
                0x0800922c      0x168 ..\obj\usbd_cdc_core.o
 .text.usbd_cdc_EP0_RxReady
                0x08009394       0x60 ..\obj\usbd_cdc_core.o
 .text.usbd_cdc_DataIn
                0x080093f4      0x128 ..\obj\usbd_cdc_core.o
 .text.usbd_cdc_DataOut
                0x0800951c       0x6c ..\obj\usbd_cdc_core.o
 .text.usbd_cdc_SOF
                0x08009588       0x50 ..\obj\usbd_cdc_core.o
 .text.Handle_USBAsynchXfer
                0x080095d8      0x1a8 ..\obj\usbd_cdc_core.o
 .text.USBD_cdc_GetCfgDesc
                0x08009780       0x28 ..\obj\usbd_cdc_core.o
 .text.TIMER_PROPERTIES_GetTimerProperties
                0x080097a8      0x124 ..\obj\timer_properties.o
                0x080097a8                TIMER_PROPERTIES_GetTimerProperties
 .text.TIMER_PROPERTIES_GenerateDataForWorkingFrequency
                0x080098cc      0x164 ..\obj\timer_properties.o
                0x080098cc                TIMER_PROPERTIES_GenerateDataForWorkingFrequency
 .text.TIMER_PROPERTIES_EnableClock
                0x08009a30      0x198 ..\obj\timer_properties.o
                0x08009a30                TIMER_PROPERTIES_EnableClock
 .text.SPI_Init
                0x08009bc8       0x98 ..\obj\stm32f4xx_spi.o
                0x08009bc8                SPI_Init
 .text.SPI_Cmd  0x08009c60       0x40 ..\obj\stm32f4xx_spi.o
                0x08009c60                SPI_Cmd
 .text.SPI_CalculateCRC
                0x08009ca0       0x40 ..\obj\stm32f4xx_spi.o
                0x08009ca0                SPI_CalculateCRC
 .text.EXTI_Init
                0x08009ce0      0x158 ..\obj\stm32f4xx_exti.o
                0x08009ce0                EXTI_Init
 .text.EXTI_GetITStatus
                0x08009e38       0x60 ..\obj\stm32f4xx_exti.o
                0x08009e38                EXTI_GetITStatus
 .text.EXTI_ClearITPendingBit
                0x08009e98       0x20 ..\obj\stm32f4xx_exti.o
                0x08009e98                EXTI_ClearITPendingBit
 .text.NVIC_PriorityGroupConfig
                0x08009eb8       0x28 ..\obj\misc.o
                0x08009eb8                NVIC_PriorityGroupConfig
 .text.NVIC_Init
                0x08009ee0       0xe8 ..\obj\misc.o
                0x08009ee0                NVIC_Init
 .text.DCD_Init
                0x08009fc8      0x12c ..\obj\usb_dcd.o
                0x08009fc8                DCD_Init
 .text.DCD_EP_Open
                0x0800a0f4       0xac ..\obj\usb_dcd.o
                0x0800a0f4                DCD_EP_Open
 .text.DCD_EP_Close
                0x0800a1a0       0x7c ..\obj\usb_dcd.o
                0x0800a1a0                DCD_EP_Close
 .text.DCD_EP_PrepareRx
                0x0800a21c       0x8c ..\obj\usb_dcd.o
                0x0800a21c                DCD_EP_PrepareRx
 .text.DCD_EP_Tx
                0x0800a2a8       0x84 ..\obj\usb_dcd.o
                0x0800a2a8                DCD_EP_Tx
 .text.DCD_EP_Stall
                0x0800a32c       0x80 ..\obj\usb_dcd.o
                0x0800a32c                DCD_EP_Stall
 .text.DCD_EP_ClrStall
                0x0800a3ac       0x80 ..\obj\usb_dcd.o
                0x0800a3ac                DCD_EP_ClrStall
 .text.DCD_EP_SetAddress
                0x0800a42c       0x40 ..\obj\usb_dcd.o
                0x0800a42c                DCD_EP_SetAddress
 .text.pvPortMalloc
                0x0800a46c       0xa4 ..\obj\heap_1.o
                0x0800a46c                pvPortMalloc
 .text.vPortFree
                0x0800a510       0x14 ..\obj\heap_1.o
                0x0800a510                vPortFree
 .text.xPortGetFreeHeapSize
                0x0800a524       0x1c ..\obj\heap_1.o
                0x0800a524                xPortGetFreeHeapSize
 .text.USBD_CtlSendData
                0x0800a540       0x48 ..\obj\usbd_ioreq.o
                0x0800a540                USBD_CtlSendData
 .text.USBD_CtlContinueSendData
                0x0800a588       0x30 ..\obj\usbd_ioreq.o
                0x0800a588                USBD_CtlContinueSendData
 .text.USBD_CtlPrepareRx
                0x0800a5b8       0x48 ..\obj\usbd_ioreq.o
                0x0800a5b8                USBD_CtlPrepareRx
 .text.USBD_CtlContinueRx
                0x0800a600       0x30 ..\obj\usbd_ioreq.o
                0x0800a600                USBD_CtlContinueRx
 .text.USBD_CtlSendStatus
                0x0800a630       0x3c ..\obj\usbd_ioreq.o
                0x0800a630                USBD_CtlSendStatus
 .text.USBD_CtlReceiveStatus
                0x0800a66c       0x3c ..\obj\usbd_ioreq.o
                0x0800a66c                USBD_CtlReceiveStatus
 .text.TIM_TimeBaseInit
                0x0800a6a8       0xf8 ..\obj\stm32f4xx_tim.o
                0x0800a6a8                TIM_TimeBaseInit
 .text.TIM_Cmd  0x0800a7a0       0x40 ..\obj\stm32f4xx_tim.o
                0x0800a7a0                TIM_Cmd
 .text.TIM_ITConfig
                0x0800a7e0       0x4c ..\obj\stm32f4xx_tim.o
                0x0800a7e0                TIM_ITConfig
 .text.TIM_ClearITPendingBit
                0x0800a82c       0x24 ..\obj\stm32f4xx_tim.o
                0x0800a82c                TIM_ClearITPendingBit
 .text.NVIC_SystemReset
                0x0800a850       0x34 ..\obj\power_detector.o
 .text.Power_Detector_Init
                0x0800a884       0x80 ..\obj\power_detector.o
                0x0800a884                Power_Detector_Init
 .text.PVD_IRQHandler
                0x0800a904       0x20 ..\obj\power_detector.o
                0x0800a904                PVD_IRQHandler
 .text          0x0800a924      0x370 c:/coocox/coide/gcc/sourcery g++ lite/bin/../lib/gcc/arm-none-eabi/4.5.1/thumb2\libgcc.a(_arm_addsubdf3.o)
                0x0800a924                __aeabi_drsub
                0x0800a92c                __aeabi_dsub
                0x0800a92c                __subdf3
                0x0800a930                __aeabi_dadd
                0x0800a930                __adddf3
                0x0800aba8                __floatunsidf
                0x0800aba8                __aeabi_ui2d
                0x0800abc8                __floatsidf
                0x0800abc8                __aeabi_i2d
                0x0800abec                __aeabi_f2d
                0x0800abec                __extendsfdf2
                0x0800ac28                __floatundidf
                0x0800ac28                __aeabi_ul2d
                0x0800ac38                __floatdidf
                0x0800ac38                __aeabi_l2d
 .text          0x0800ac94      0x424 c:/coocox/coide/gcc/sourcery g++ lite/bin/../lib/gcc/arm-none-eabi/4.5.1/thumb2\libgcc.a(_arm_muldivdf3.o)
                0x0800ac94                __aeabi_dmul
                0x0800ac94                __muldf3
                0x0800aee8                __divdf3
                0x0800aee8                __aeabi_ddiv
 .text          0x0800b0b8      0x110 c:/coocox/coide/gcc/sourcery g++ lite/bin/../lib/gcc/arm-none-eabi/4.5.1/thumb2\libgcc.a(_arm_cmpdf2.o)
                0x0800b0b8                __gtdf2
                0x0800b0b8                __gedf2
                0x0800b0c0                __ltdf2
                0x0800b0c0                __ledf2
                0x0800b0c8                __nedf2
                0x0800b0c8                __eqdf2
                0x0800b0c8                __cmpdf2
                0x0800b144                __aeabi_cdrcmple
                0x0800b154                __aeabi_cdcmpeq
                0x0800b154                __aeabi_cdcmple
                0x0800b164                __aeabi_dcmpeq
                0x0800b178                __aeabi_dcmplt
                0x0800b18c                __aeabi_dcmple
                0x0800b1a0                __aeabi_dcmpge
                0x0800b1b4                __aeabi_dcmpgt
 .text          0x0800b1c8       0x40 c:/coocox/coide/gcc/sourcery g++ lite/bin/../lib/gcc/arm-none-eabi/4.5.1/thumb2\libgcc.a(_arm_fixunsdfsi.o)
                0x0800b1c8                __aeabi_d2uiz
                0x0800b1c8                __fixunsdfsi
 .text          0x0800b208       0xa0 c:/coocox/coide/gcc/sourcery g++ lite/bin/../lib/gcc/arm-none-eabi/4.5.1/thumb2\libgcc.a(_arm_truncdfsf2.o)
                0x0800b208                __truncdfsf2
                0x0800b208                __aeabi_d2f
 .text          0x0800b2a8      0x21c c:/coocox/coide/gcc/sourcery g++ lite/bin/../lib/gcc/arm-none-eabi/4.5.1/thumb2\libgcc.a(_arm_addsubsf3.o)
                0x0800b2a8                __aeabi_frsub
                0x0800b2b0                __subsf3
                0x0800b2b0                __aeabi_fsub
                0x0800b2b4                __aeabi_fadd
                0x0800b2b4                __addsf3
                0x0800b414                __aeabi_ui2f
                0x0800b414                __floatunsisf
                0x0800b41c                __aeabi_i2f
                0x0800b41c                __floatsisf
                0x0800b438                __aeabi_ul2f
                0x0800b438                __floatundisf
                0x0800b448                __aeabi_l2f
                0x0800b448                __floatdisf
 .text          0x0800b4c4      0x2a0 c:/coocox/coide/gcc/sourcery g++ lite/bin/../lib/gcc/arm-none-eabi/4.5.1/thumb2\libgcc.a(_arm_muldivsf3.o)
                0x0800b4c4                __mulsf3
                0x0800b4c4                __aeabi_fmul
                0x0800b62c                __aeabi_fdiv
                0x0800b62c                __divsf3
 .text          0x0800b764       0xec c:/coocox/coide/gcc/sourcery g++ lite/bin/../lib/gcc/arm-none-eabi/4.5.1/thumb2\libgcc.a(_arm_cmpsf2.o)
                0x0800b764                __gesf2
                0x0800b764                __gtsf2
                0x0800b76c                __lesf2
                0x0800b76c                __ltsf2
                0x0800b774                __nesf2
                0x0800b774                __eqsf2
                0x0800b774                __cmpsf2
                0x0800b7d4                __aeabi_cfrcmple
                0x0800b7dc                __aeabi_cfcmpeq
                0x0800b7dc                __aeabi_cfcmple
                0x0800b7ec                __aeabi_fcmpeq
                0x0800b800                __aeabi_fcmplt
                0x0800b814                __aeabi_fcmple
                0x0800b828                __aeabi_fcmpge
                0x0800b83c                __aeabi_fcmpgt
 .text          0x0800b850       0x4c c:/coocox/coide/gcc/sourcery g++ lite/bin/../lib/gcc/arm-none-eabi/4.5.1/thumb2\libgcc.a(_arm_fixsfsi.o)
                0x0800b850                __aeabi_f2iz
                0x0800b850                __fixsfsi
 .text          0x0800b89c       0x40 c:/coocox/coide/gcc/sourcery g++ lite/bin/../lib/gcc/arm-none-eabi/4.5.1/thumb2\libgcc.a(_arm_fixunssfsi.o)
                0x0800b89c                __fixunssfsi
                0x0800b89c                __aeabi_f2uiz
 .text          0x0800b8dc       0x58 c:/coocox/coide/gcc/sourcery g++ lite/bin/../lib/gcc/arm-none-eabi/4.5.1/../../../../arm-none-eabi/lib/thumb2\libc.a(lib_a-memcmp.o)
                0x0800b8dc                memcmp
 .text          0x0800b934      0x150 c:/coocox/coide/gcc/sourcery g++ lite/bin/../lib/gcc/arm-none-eabi/4.5.1/../../../../arm-none-eabi/lib/thumb2\libc.a(lib_a-memcpy.o)
                0x0800b934                memcpy
 .text          0x0800ba84       0xb4 c:/coocox/coide/gcc/sourcery g++ lite/bin/../lib/gcc/arm-none-eabi/4.5.1/../../../../arm-none-eabi/lib/thumb2\libc.a(lib_a-memset.o)
                0x0800ba84                memset
 .text          0x0800bb38       0x7c c:/coocox/coide/gcc/sourcery g++ lite/bin/../lib/gcc/arm-none-eabi/4.5.1/../../../../arm-none-eabi/lib/thumb2\libc.a(lib_a-strncpy.o)
                0x0800bb38                strncpy
 *(.glue_7t)
 .glue_7t       0x00000000        0x0 linker stubs
 *(.glue_7)
 .glue_7        0x00000000        0x0 linker stubs
 *(.rodata .rodata* .gnu.linkonce.r.*)
 .rodata        0x0800bbb4        0x4 ..\obj\pid_regulator.o
 .rodata        0x0800bbb8        0x8 ..\obj\buzzer.o
 .rodata        0x0800bbc0       0x10 ..\obj\ADS1120.o
 .rodata        0x0800bbd0       0x14 ..\obj\uks.o
 .rodata        0x0800bbe4       0x74 ..\obj\display.o
 .rodata        0x0800bc58        0x4 ..\obj\hd44780.o
 .rodata        0x0800bc5c       0x1c ..\obj\tasks.o
 .rodata        0x0800bc78       0x98 ..\obj\usbd_desc.o
 .rodata        0x0800bd10        0xc ..\obj\keyboard.o
 .rodata        0x0800bd1c        0x4 ..\obj\adc.o

.vfp11_veneer   0x0800bd20        0x0
 .vfp11_veneer  0x00000000        0x0 linker stubs

.v4_bx          0x0800bd20        0x0
 .v4_bx         0x00000000        0x0 linker stubs

.ARM.extab
 *(.ARM.extab* .gnu.linkonce.armextab.*)

.ARM.exidx
 *(.ARM.exidx* .gnu.linkonce.armexidx.*)
                0x0800bd20                . = ALIGN (0x4)
                0x0800bd20                _etext = .
                0x0800bd20                _sidata = .

.data           0x20000000      0x15c load address 0x0800bd20
                0x20000000                _sdata = .
 *(.data .data.*)
 .data          0x20000000       0x1c ..\obj\usbd_usr.o
                0x20000000                USR_cb
 .data          0x2000001c       0x30 ..\obj\usbd_core.o
                0x2000001c                USBD_DCD_INT_cb
                0x20000048                USBD_DCD_INT_fops
 .data          0x2000004c       0x10 ..\obj\stm32f4xx_rcc.o
 .data          0x2000005c       0x30 ..\obj\display.o
                0x2000005c                drying_states
 .data          0x2000008c        0x4 ..\obj\tasks.o
 .data          0x20000090       0x40 ..\obj\usbd_desc.o
                0x20000090                USR_desc
                0x200000ac                USBD_DeviceDesc
                0x200000c0                USBD_DeviceQualifierDesc
                0x200000cc                USBD_LangIDDesc
 .data          0x200000d0       0x14 ..\obj\usbd_cdc_vcp.o
                0x200000d0                VCP_fops
 .data          0x200000e4        0x4 ..\obj\port.o
 .data          0x200000e8       0x74 ..\obj\usbd_cdc_core.o
                0x200000e8                usbd_cdc_CfgDesc
                0x20000130                USBD_CDC_cb
                0x2000015c                . = ALIGN (0x4)
                0x2000015c                _edata = .

.bss            0x20000160     0x3264 load address 0x0800be80
                0x20000160                _sbss = .
 *(.bss .bss.*)
 .bss           0x20000160       0x10 ..\obj\delay.o
                0x20000160                TimingDelay
                0x20000164                Time
                0x20000168                Time2
                0x2000016c                DELAY_Initialized
 .bss           0x20000170        0x4 ..\obj\pid_regulator.o
 .bss           0x20000174        0x8 ..\obj\phaze_detector.o
 .bss           0x2000017c       0x24 ..\obj\display.o
 .bss           0x200001a0      0x100 ..\obj\tasks.o
                0x200001a0                pxCurrentTCB
 .bss           0x200002a0        0x2 ..\obj\keyboard.o
 *fill*         0x200002a2        0x2 00
 .bss           0x200002a4        0x8 ..\obj\usbd_cdc_vcp.o
                0x200002a4                counter
                0x200002a8                counter2
 .bss           0x200002ac       0x10 ..\obj\usbd_req.o
                0x200002ac                USBD_ep_status
                0x200002b0                USBD_default_cfg
                0x200002b4                USBD_cfg_status
 .bss           0x200002bc       0x20 ..\obj\usbd_cdc_core.o
                0x200002c0                APP_Rx_ptr_in
                0x200002c4                APP_Rx_ptr_out
                0x200002c8                APP_Rx_length
                0x200002cc                USB_Tx_State
 *fill*         0x200002dc        0x4 00
 .bss           0x200002e0     0x1c08 ..\obj\heap_1.o
 *(COMMON)
 COMMON         0x20001ee8       0x1c ..\obj\pid_regulator.o
                0x20001ee8                pid_heater
 COMMON         0x20001f04        0x6 ..\obj\buzzer.o
                0x20001f04                xBuzzer_Handle
                0x20001f08                buzz
 *fill*         0x20001f0a        0x2 00
 COMMON         0x20001f0c       0x38 ..\obj\ADS1120.o
                0x20001f0c                ADC_result
                0x20001f10                adc_reg
                0x20001f14                xSPI_Buf_Mutex
                0x20001f18                ADC_result_temp
                0x20001f1c                ADS1120_res
 COMMON         0x20001f44      0x5f0 ..\obj\main.o
                0x20001f44                USB_OTG_dev
 COMMON         0x20002534      0x4b8 ..\obj\uks.o
                0x20002534                uks_channels
 COMMON         0x200029ec        0xa ..\obj\phaze_detector.o
                0x200029ec                xPhazeSemaphore
                0x200029f0                phaze_detect
 *fill*         0x200029f6        0x2 00
 COMMON         0x200029f8       0x10 ..\obj\watchdog.o
                0x200029f8                task_watches
 COMMON         0x20002a08        0x7 ..\obj\hd44780.o
                0x20002a08                HD44780_Opts
 *fill*         0x20002a0f        0x1 00
 COMMON         0x20002a10       0xf2 ..\obj\adc.o
                0x20002a10                xMeasure_LM35_Semaphore
                0x20002a14                adc_lm35_chnl
 *fill*         0x20002b02        0x2 00
 COMMON         0x20002b04       0x32 ..\obj\usbd_req.o
                0x20002b04                USBD_StrDesc
 *fill*         0x20002b36        0x2 00
 COMMON         0x20002b38      0x88c ..\obj\usbd_cdc_core.o
                0x20002b38                usbd_cdc_OtherCfgDesc
                0x20002b7c                USB_Rx_Buffer
                0x20002bbc                CmdBuff
                0x20002bc4                APP_Rx_Buffer
                0x200033c4                . = ALIGN (0x4)
                0x200033c4                _ebss = .

.co_stack       0x200033c4      0x804 load address 0x0800f0e4
                0x200033c8                . = ALIGN (0x8)
 *fill*         0x200033c4        0x4 00
 *(.co_stack .co_stack.*)
 .co_stack      0x200033c8      0x800 ..\obj\startup_stm32f4xx.o
                0x200033c8                pulStack
                0x20003bc8                . = ALIGN (0x4)
                0x20003bc8                _end = .
LOAD ..\obj\stm32f4xx_syscfg.o
LOAD ..\obj\usb_core.o
LOAD ..\obj\delay.o
LOAD ..\obj\pid_regulator.o
LOAD ..\obj\usbd_usr.o
LOAD ..\obj\buzzer.o
LOAD ..\obj\stm32f4xx_usart.o
LOAD ..\obj\stm32f4xx_pwr.o
LOAD ..\obj\rtc.o
LOAD ..\obj\startup_stm32f4xx.o
LOAD ..\obj\backup_sram.o
LOAD ..\obj\stm32f4xx_iwdg.o
LOAD ..\obj\ADS1120.o
LOAD ..\obj\usbd_core.o
LOAD ..\obj\main.o
LOAD ..\obj\uks.o
LOAD ..\obj\stm32f4xx_rcc.o
LOAD ..\obj\timers.o
LOAD ..\obj\stm32f4xx_adc.o
LOAD ..\obj\printf.o
LOAD ..\obj\phaze_detector.o
LOAD ..\obj\watchdog.o
LOAD ..\obj\display.o
LOAD ..\obj\hd44780.o
LOAD ..\obj\tasks.o
LOAD ..\obj\usbd_desc.o
LOAD ..\obj\keyboard.o
LOAD ..\obj\stm32f4xx_gpio.o
LOAD ..\obj\usbd_cdc_vcp.o
LOAD ..\obj\list.o
LOAD ..\obj\system_stm32f4xx.o
LOAD ..\obj\syscalls.o
LOAD ..\obj\adc.o
LOAD ..\obj\usb_bsp.o
LOAD ..\obj\usbd_req.o
LOAD ..\obj\queue.o
LOAD ..\obj\port.o
LOAD ..\obj\usb_dcd_int.o
LOAD ..\obj\usbd_cdc_core.o
LOAD ..\obj\croutine.o
LOAD ..\obj\timer_properties.o
LOAD ..\obj\stm32f4xx_spi.o
LOAD ..\obj\stm32f4xx_exti.o
LOAD ..\obj\misc.o
LOAD ..\obj\usb_dcd.o
LOAD ..\obj\heap_1.o
LOAD ..\obj\stm32f4xx_rtc.o
LOAD ..\obj\usbd_ioreq.o
LOAD ..\obj\stm32f4xx_tim.o
LOAD ..\obj\power_detector.o
START GROUP
LOAD c:/coocox/coide/gcc/sourcery g++ lite/bin/../lib/gcc/arm-none-eabi/4.5.1/thumb2\libgcc.a
LOAD c:/coocox/coide/gcc/sourcery g++ lite/bin/../lib/gcc/arm-none-eabi/4.5.1/../../../../arm-none-eabi/lib/thumb2\libc.a
END GROUP
OUTPUT(stm32f2_uks.elf elf32-littlearm)

.debug_abbrev   0x00000000     0x4620
 .debug_abbrev  0x00000000      0x12a ..\obj\stm32f4xx_syscfg.o
 .debug_abbrev  0x0000012a      0x277 ..\obj\usb_core.o
 .debug_abbrev  0x000003a1      0x125 ..\obj\delay.o
 .debug_abbrev  0x000004c6      0x1af ..\obj\pid_regulator.o
 .debug_abbrev  0x00000675       0xd9 ..\obj\usbd_usr.o
 .debug_abbrev  0x0000074e      0x14a ..\obj\buzzer.o
 .debug_abbrev  0x00000898      0x14e ..\obj\stm32f4xx_usart.o
 .debug_abbrev  0x000009e6      0x175 ..\obj\stm32f4xx_pwr.o
 .debug_abbrev  0x00000b5b      0x125 ..\obj\rtc.o
 .debug_abbrev  0x00000c80       0xac ..\obj\startup_stm32f4xx.o
 .debug_abbrev  0x00000d2c       0xee ..\obj\backup_sram.o
 .debug_abbrev  0x00000e1a       0xfa ..\obj\stm32f4xx_iwdg.o
 .debug_abbrev  0x00000f14      0x175 ..\obj\ADS1120.o
 .debug_abbrev  0x00001089      0x1f4 ..\obj\usbd_core.o
 .debug_abbrev  0x0000127d      0x1cd ..\obj\main.o
 .debug_abbrev  0x0000144a      0x158 ..\obj\uks.o
 .debug_abbrev  0x000015a2      0x1b7 ..\obj\stm32f4xx_rcc.o
 .debug_abbrev  0x00001759       0x28 ..\obj\timers.o
 .debug_abbrev  0x00001781      0x189 ..\obj\stm32f4xx_adc.o
 .debug_abbrev  0x0000190a      0x238 ..\obj\printf.o
 .debug_abbrev  0x00001b42      0x1ac ..\obj\phaze_detector.o
 .debug_abbrev  0x00001cee      0x108 ..\obj\watchdog.o
 .debug_abbrev  0x00001df6      0x15d ..\obj\display.o
 .debug_abbrev  0x00001f53      0x1d9 ..\obj\hd44780.o
 .debug_abbrev  0x0000212c      0x193 ..\obj\tasks.o
 .debug_abbrev  0x000022bf      0x10c ..\obj\usbd_desc.o
 .debug_abbrev  0x000023cb      0x179 ..\obj\keyboard.o
 .debug_abbrev  0x00002544      0x182 ..\obj\stm32f4xx_gpio.o
 .debug_abbrev  0x000026c6      0x13a ..\obj\usbd_cdc_vcp.o
 .debug_abbrev  0x00002800       0xb6 ..\obj\list.o
 .debug_abbrev  0x000028b6      0x140 ..\obj\system_stm32f4xx.o
 .debug_abbrev  0x000029f6       0xde ..\obj\syscalls.o
 .debug_abbrev  0x00002ad4      0x1a4 ..\obj\adc.o
 .debug_abbrev  0x00002c78      0x1db ..\obj\usb_bsp.o
 .debug_abbrev  0x00002e53      0x253 ..\obj\usbd_req.o
 .debug_abbrev  0x000030a6      0x109 ..\obj\queue.o
 .debug_abbrev  0x000031af      0x120 ..\obj\port.o
 .debug_abbrev  0x000032cf      0x210 ..\obj\usb_dcd_int.o
 .debug_abbrev  0x000034df      0x1e1 ..\obj\usbd_cdc_core.o
 .debug_abbrev  0x000036c0      0x186 ..\obj\croutine.o
 .debug_abbrev  0x00003846      0x106 ..\obj\timer_properties.o
 .debug_abbrev  0x0000394c      0x160 ..\obj\stm32f4xx_spi.o
 .debug_abbrev  0x00003aac      0x198 ..\obj\stm32f4xx_exti.o
 .debug_abbrev  0x00003c44      0x126 ..\obj\misc.o
 .debug_abbrev  0x00003d6a      0x208 ..\obj\usb_dcd.o
 .debug_abbrev  0x00003f72      0x116 ..\obj\heap_1.o
 .debug_abbrev  0x00004088      0x16b ..\obj\stm32f4xx_rtc.o
 .debug_abbrev  0x000041f3      0x165 ..\obj\usbd_ioreq.o
 .debug_abbrev  0x00004358      0x163 ..\obj\stm32f4xx_tim.o
 .debug_abbrev  0x000044bb      0x165 ..\obj\power_detector.o

.debug_info     0x00000000    0x1c489
 .debug_info    0x00000000      0x27a ..\obj\stm32f4xx_syscfg.o
 .debug_info    0x0000027a     0x27fc ..\obj\usb_core.o
 .debug_info    0x00002a76      0x777 ..\obj\delay.o
 .debug_info    0x000031ed      0x587 ..\obj\pid_regulator.o
 .debug_info    0x00003774      0x1c5 ..\obj\usbd_usr.o
 .debug_info    0x00003939      0x45f ..\obj\buzzer.o
 .debug_info    0x00003d98      0xa4f ..\obj\stm32f4xx_usart.o
 .debug_info    0x000047e7      0x53e ..\obj\stm32f4xx_pwr.o
 .debug_info    0x00004d25      0x296 ..\obj\rtc.o
 .debug_info    0x00004fbb      0x147 ..\obj\startup_stm32f4xx.o
 .debug_info    0x00005102      0x237 ..\obj\backup_sram.o
 .debug_info    0x00005339      0x20b ..\obj\stm32f4xx_iwdg.o
 .debug_info    0x00005544      0x698 ..\obj\ADS1120.o
 .debug_info    0x00005bdc      0xff8 ..\obj\usbd_core.o
 .debug_info    0x00006bd4      0xd37 ..\obj\main.o
 .debug_info    0x0000790b      0x429 ..\obj\uks.o
 .debug_info    0x00007d34      0xd24 ..\obj\stm32f4xx_rcc.o
 .debug_info    0x00008a58       0x4c ..\obj\timers.o
 .debug_info    0x00008aa4      0xcf5 ..\obj\stm32f4xx_adc.o
 .debug_info    0x00009799      0xed2 ..\obj\printf.o
 .debug_info    0x0000a66b      0x91d ..\obj\phaze_detector.o
 .debug_info    0x0000af88      0x18a ..\obj\watchdog.o
 .debug_info    0x0000b112      0x3ac ..\obj\display.o
 .debug_info    0x0000b4be      0x90c ..\obj\hd44780.o
 .debug_info    0x0000bdca      0xd75 ..\obj\tasks.o
 .debug_info    0x0000cb3f      0x3a7 ..\obj\usbd_desc.o
 .debug_info    0x0000cee6      0x4cd ..\obj\keyboard.o
 .debug_info    0x0000d3b3      0x639 ..\obj\stm32f4xx_gpio.o
 .debug_info    0x0000d9ec      0x31a ..\obj\usbd_cdc_vcp.o
 .debug_info    0x0000dd06      0x2a6 ..\obj\list.o
 .debug_info    0x0000dfac      0x5ea ..\obj\system_stm32f4xx.o
 .debug_info    0x0000e596      0x440 ..\obj\syscalls.o
 .debug_info    0x0000e9d6      0x7b7 ..\obj\adc.o
 .debug_info    0x0000f18d     0x113d ..\obj\usb_bsp.o
 .debug_info    0x000102ca     0x111b ..\obj\usbd_req.o
 .debug_info    0x000113e5      0x7c1 ..\obj\queue.o
 .debug_info    0x00011ba6      0x1d7 ..\obj\port.o
 .debug_info    0x00011d7d     0x2027 ..\obj\usb_dcd_int.o
 .debug_info    0x00013da4     0x1102 ..\obj\usbd_cdc_core.o
 .debug_info    0x00014ea6      0x4af ..\obj\croutine.o
 .debug_info    0x00015355      0x4d1 ..\obj\timer_properties.o
 .debug_info    0x00015826      0xbcc ..\obj\stm32f4xx_spi.o
 .debug_info    0x000163f2      0x372 ..\obj\stm32f4xx_exti.o
 .debug_info    0x00016764      0x594 ..\obj\misc.o
 .debug_info    0x00016cf8     0x1184 ..\obj\usb_dcd.o
 .debug_info    0x00017e7c      0x186 ..\obj\heap_1.o
 .debug_info    0x00018002     0x1223 ..\obj\stm32f4xx_rtc.o
 .debug_info    0x00019225      0xde4 ..\obj\usbd_ioreq.o
 .debug_info    0x0001a009     0x1e28 ..\obj\stm32f4xx_tim.o
 .debug_info    0x0001be31      0x658 ..\obj\power_detector.o

.debug_line     0x00000000     0x9e1b
 .debug_line    0x00000000      0x1e7 ..\obj\stm32f4xx_syscfg.o
 .debug_line    0x000001e7      0x6b4 ..\obj\usb_core.o
 .debug_line    0x0000089b      0x2a5 ..\obj\delay.o
 .debug_line    0x00000b40      0x3b5 ..\obj\pid_regulator.o
 .debug_line    0x00000ef5      0x1b1 ..\obj\usbd_usr.o
 .debug_line    0x000010a6      0x2c9 ..\obj\buzzer.o
 .debug_line    0x0000136f      0x478 ..\obj\stm32f4xx_usart.o
 .debug_line    0x000017e7      0x284 ..\obj\stm32f4xx_pwr.o
 .debug_line    0x00001a6b      0x21a ..\obj\rtc.o
 .debug_line    0x00001c85       0xa6 ..\obj\startup_stm32f4xx.o
 .debug_line    0x00001d2b      0x1e9 ..\obj\backup_sram.o
 .debug_line    0x00001f14      0x1de ..\obj\stm32f4xx_iwdg.o
 .debug_line    0x000020f2      0x383 ..\obj\ADS1120.o
 .debug_line    0x00002475      0x305 ..\obj\usbd_core.o
 .debug_line    0x0000277a      0x2c0 ..\obj\main.o
 .debug_line    0x00002a3a      0x343 ..\obj\uks.o
 .debug_line    0x00002d7d      0x574 ..\obj\stm32f4xx_rcc.o
 .debug_line    0x000032f1       0x1d ..\obj\timers.o
 .debug_line    0x0000330e      0x528 ..\obj\stm32f4xx_adc.o
 .debug_line    0x00003836      0x3c6 ..\obj\printf.o
 .debug_line    0x00003bfc      0x38b ..\obj\phaze_detector.o
 .debug_line    0x00003f87      0x1b0 ..\obj\watchdog.o
 .debug_line    0x00004137      0x240 ..\obj\display.o
 .debug_line    0x00004377      0x43f ..\obj\hd44780.o
 .debug_line    0x000047b6      0x792 ..\obj\tasks.o
 .debug_line    0x00004f48      0x1f7 ..\obj\usbd_desc.o
 .debug_line    0x0000513f      0x259 ..\obj\keyboard.o
 .debug_line    0x00005398      0x313 ..\obj\stm32f4xx_gpio.o
 .debug_line    0x000056ab      0x1f6 ..\obj\usbd_cdc_vcp.o
 .debug_line    0x000058a1      0x1a6 ..\obj\list.o
 .debug_line    0x00005a47      0x200 ..\obj\system_stm32f4xx.o
 .debug_line    0x00005c47      0x194 ..\obj\syscalls.o
 .debug_line    0x00005ddb      0x3d8 ..\obj\adc.o
 .debug_line    0x000061b3      0x2a0 ..\obj\usb_bsp.o
 .debug_line    0x00006453      0x3c1 ..\obj\usbd_req.o
 .debug_line    0x00006814      0x4ff ..\obj\queue.o
 .debug_line    0x00006d13      0x1bd ..\obj\port.o
 .debug_line    0x00006ed0      0x3b0 ..\obj\usb_dcd_int.o
 .debug_line    0x00007280      0x2b5 ..\obj\usbd_cdc_core.o
 .debug_line    0x00007535      0x274 ..\obj\croutine.o
 .debug_line    0x000077a9      0x2e1 ..\obj\timer_properties.o
 .debug_line    0x00007a8a      0x428 ..\obj\stm32f4xx_spi.o
 .debug_line    0x00007eb2      0x27d ..\obj\stm32f4xx_exti.o
 .debug_line    0x0000812f      0x219 ..\obj\misc.o
 .debug_line    0x00008348      0x323 ..\obj\usb_dcd.o
 .debug_line    0x0000866b      0x135 ..\obj\heap_1.o
 .debug_line    0x000087a0      0x7eb ..\obj\stm32f4xx_rtc.o
 .debug_line    0x00008f8b      0x20d ..\obj\usbd_ioreq.o
 .debug_line    0x00009198      0xa4d ..\obj\stm32f4xx_tim.o
 .debug_line    0x00009be5      0x236 ..\obj\power_detector.o

.debug_loc      0x00000000     0x8ab5
 .debug_loc     0x00000000      0x144 ..\obj\stm32f4xx_syscfg.o
 .debug_loc     0x00000144      0x7e0 ..\obj\usb_core.o
 .debug_loc     0x00000924       0xe8 ..\obj\delay.o
 .debug_loc     0x00000a0c      0x10c ..\obj\pid_regulator.o
 .debug_loc     0x00000b18       0xe8 ..\obj\usbd_usr.o
 .debug_loc     0x00000c00       0xa8 ..\obj\buzzer.o
 .debug_loc     0x00000ca8      0x658 ..\obj\stm32f4xx_usart.o
 .debug_loc     0x00001300      0x288 ..\obj\stm32f4xx_pwr.o
 .debug_loc     0x00001588       0x70 ..\obj\rtc.o
 .debug_loc     0x000015f8       0x64 ..\obj\startup_stm32f4xx.o
 .debug_loc     0x0000165c       0xd4 ..\obj\backup_sram.o
 .debug_loc     0x00001730      0x138 ..\obj\stm32f4xx_iwdg.o
 .debug_loc     0x00001868      0x144 ..\obj\ADS1120.o
 .debug_loc     0x000019ac      0x2d8 ..\obj\usbd_core.o
 .debug_loc     0x00001c84      0x10c ..\obj\main.o
 .debug_loc     0x00001d90       0xe0 ..\obj\uks.o
 .debug_loc     0x00001e70      0x97c ..\obj\stm32f4xx_rcc.o
 .debug_loc     0x000027ec      0x838 ..\obj\stm32f4xx_adc.o
 .debug_loc     0x00003024      0x3ea ..\obj\printf.o
 .debug_loc     0x0000340e      0x100 ..\obj\phaze_detector.o
 .debug_loc     0x0000350e       0x70 ..\obj\watchdog.o
 .debug_loc     0x0000357e       0x70 ..\obj\display.o
 .debug_loc     0x000035ee      0x42c ..\obj\hd44780.o
 .debug_loc     0x00003a1a      0x708 ..\obj\tasks.o
 .debug_loc     0x00004122      0x188 ..\obj\usbd_desc.o
 .debug_loc     0x000042aa       0x70 ..\obj\keyboard.o
 .debug_loc     0x0000431a      0x310 ..\obj\stm32f4xx_gpio.o
 .debug_loc     0x0000462a      0x100 ..\obj\usbd_cdc_vcp.o
 .debug_loc     0x0000472a      0x118 ..\obj\list.o
 .debug_loc     0x00004842       0x9c ..\obj\system_stm32f4xx.o
 .debug_loc     0x000048de      0x1ec ..\obj\syscalls.o
 .debug_loc     0x00004aca       0xab ..\obj\adc.o
 .debug_loc     0x00004b75      0x138 ..\obj\usb_bsp.o
 .debug_loc     0x00004cad      0x310 ..\obj\usbd_req.o
 .debug_loc     0x00004fbd      0x3b8 ..\obj\queue.o
 .debug_loc     0x00005375      0x178 ..\obj\port.o
 .debug_loc     0x000054ed      0x2d8 ..\obj\usb_dcd_int.o
 .debug_loc     0x000057c5      0x224 ..\obj\usbd_cdc_core.o
 .debug_loc     0x000059e9      0x188 ..\obj\croutine.o
 .debug_loc     0x00005b71       0xe0 ..\obj\timer_properties.o
 .debug_loc     0x00005c51      0x578 ..\obj\stm32f4xx_spi.o
 .debug_loc     0x000061c9      0x1b4 ..\obj\stm32f4xx_exti.o
 .debug_loc     0x0000637d      0x118 ..\obj\misc.o
 .debug_loc     0x00006495      0x2d8 ..\obj\usb_dcd.o
 .debug_loc     0x0000676d       0xc8 ..\obj\heap_1.o
 .debug_loc     0x00006835      0xc48 ..\obj\stm32f4xx_rtc.o
 .debug_loc     0x0000747d      0x188 ..\obj\usbd_ioreq.o
 .debug_loc     0x00007605     0x1420 ..\obj\stm32f4xx_tim.o
 .debug_loc     0x00008a25       0x90 ..\obj\power_detector.o

.debug_pubnames
                0x00000000     0x39b8
 .debug_pubnames
                0x00000000       0xc3 ..\obj\stm32f4xx_syscfg.o
 .debug_pubnames
                0x000000c3      0x364 ..\obj\usb_core.o
 .debug_pubnames
                0x00000427       0xc4 ..\obj\delay.o
 .debug_pubnames
                0x000004eb       0x6e ..\obj\pid_regulator.o
 .debug_pubnames
                0x00000559       0x9e ..\obj\usbd_usr.o
 .debug_pubnames
                0x000005f7       0x62 ..\obj\buzzer.o
 .debug_pubnames
                0x00000659      0x294 ..\obj\stm32f4xx_usart.o
 .debug_pubnames
                0x000008ed      0x120 ..\obj\stm32f4xx_pwr.o
 .debug_pubnames
                0x00000a0d       0x46 ..\obj\rtc.o
 .debug_pubnames
                0x00000a53       0x4a ..\obj\startup_stm32f4xx.o
 .debug_pubnames
                0x00000a9d       0x6c ..\obj\backup_sram.o
 .debug_pubnames
                0x00000b09       0x91 ..\obj\stm32f4xx_iwdg.o
 .debug_pubnames
                0x00000b9a       0xaf ..\obj\ADS1120.o
 .debug_pubnames
                0x00000c49       0x7a ..\obj\usbd_core.o
 .debug_pubnames
                0x00000cc3       0xa0 ..\obj\main.o
 .debug_pubnames
                0x00000d63       0x7e ..\obj\uks.o
 .debug_pubnames
                0x00000de1      0x417 ..\obj\stm32f4xx_rcc.o
 .debug_pubnames
                0x000011f8      0x446 ..\obj\stm32f4xx_adc.o
 .debug_pubnames
                0x0000163e      0x101 ..\obj\printf.o
 .debug_pubnames
                0x0000173f       0x8e ..\obj\phaze_detector.o
 .debug_pubnames
                0x000017cd       0x35 ..\obj\watchdog.o
 .debug_pubnames
                0x00001802       0x46 ..\obj\display.o
 .debug_pubnames
                0x00001848      0x1bb ..\obj\hd44780.o
 .debug_pubnames
                0x00001a03      0x275 ..\obj\tasks.o
 .debug_pubnames
                0x00001c78      0x152 ..\obj\usbd_desc.o
 .debug_pubnames
                0x00001dca       0x24 ..\obj\keyboard.o
 .debug_pubnames
                0x00001dee      0x12d ..\obj\stm32f4xx_gpio.o
 .debug_pubnames
                0x00001f1b       0x47 ..\obj\usbd_cdc_vcp.o
 .debug_pubnames
                0x00001f62       0x71 ..\obj\list.o
 .debug_pubnames
                0x00001fd3       0x61 ..\obj\system_stm32f4xx.o
 .debug_pubnames
                0x00002034       0x71 ..\obj\syscalls.o
 .debug_pubnames
                0x000020a5       0x64 ..\obj\adc.o
 .debug_pubnames
                0x00002109       0xa6 ..\obj\usb_bsp.o
 .debug_pubnames
                0x000021af       0xd7 ..\obj\usbd_req.o
 .debug_pubnames
                0x00002286      0x145 ..\obj\queue.o
 .debug_pubnames
                0x000023cb      0x101 ..\obj\port.o
 .debug_pubnames
                0x000024cc       0x2b ..\obj\usb_dcd_int.o
 .debug_pubnames
                0x000024f7       0xe5 ..\obj\usbd_cdc_core.o
 .debug_pubnames
                0x000025dc       0x96 ..\obj\croutine.o
 .debug_pubnames
                0x00002672       0xb2 ..\obj\timer_properties.o
 .debug_pubnames
                0x00002724      0x221 ..\obj\stm32f4xx_spi.o
 .debug_pubnames
                0x00002945       0xbb ..\obj\stm32f4xx_exti.o
 .debug_pubnames
                0x00002a00       0x89 ..\obj\misc.o
 .debug_pubnames
                0x00002a89      0x100 ..\obj\usb_dcd.o
 .debug_pubnames
                0x00002b89       0x64 ..\obj\heap_1.o
 .debug_pubnames
                0x00002bed      0x514 ..\obj\stm32f4xx_rtc.o
 .debug_pubnames
                0x00003101       0xb6 ..\obj\usbd_ioreq.o
 .debug_pubnames
                0x000031b7      0x7c4 ..\obj\stm32f4xx_tim.o
 .debug_pubnames
                0x0000397b       0x3d ..\obj\power_detector.o

.debug_pubtypes
                0x00000000     0x3b85
 .debug_pubtypes
                0x00000000       0x6d ..\obj\stm32f4xx_syscfg.o
 .debug_pubtypes
                0x0000006d      0x675 ..\obj\usb_core.o
 .debug_pubtypes
                0x000006e2       0xb9 ..\obj\delay.o
 .debug_pubtypes
                0x0000079b      0x131 ..\obj\pid_regulator.o
 .debug_pubtypes
                0x000008cc       0x55 ..\obj\usbd_usr.o
 .debug_pubtypes
                0x00000921       0xea ..\obj\buzzer.o
 .debug_pubtypes
                0x00000a0b       0xcd ..\obj\stm32f4xx_usart.o
 .debug_pubtypes
                0x00000ad8       0x84 ..\obj\stm32f4xx_pwr.o
 .debug_pubtypes
                0x00000b5c       0x73 ..\obj\rtc.o
 .debug_pubtypes
                0x00000bcf       0x5b ..\obj\backup_sram.o
 .debug_pubtypes
                0x00000c2a       0x64 ..\obj\stm32f4xx_iwdg.o
 .debug_pubtypes
                0x00000c8e      0x11d ..\obj\ADS1120.o
 .debug_pubtypes
                0x00000dab      0x2df ..\obj\usbd_core.o
 .debug_pubtypes
                0x0000108a      0x2a0 ..\obj\main.o
 .debug_pubtypes
                0x0000132a       0x89 ..\obj\uks.o
 .debug_pubtypes
                0x000013b3       0xaa ..\obj\stm32f4xx_rcc.o
 .debug_pubtypes
                0x0000145d       0x12 ..\obj\timers.o
 .debug_pubtypes
                0x0000146f       0xc9 ..\obj\stm32f4xx_adc.o
 .debug_pubtypes
                0x00001538      0x139 ..\obj\printf.o
 .debug_pubtypes
                0x00001671      0x1ab ..\obj\phaze_detector.o
 .debug_pubtypes
                0x0000181c       0x53 ..\obj\watchdog.o
 .debug_pubtypes
                0x0000186f       0x72 ..\obj\display.o
 .debug_pubtypes
                0x000018e1       0xe6 ..\obj\hd44780.o
 .debug_pubtypes
                0x000019c7      0x10c ..\obj\tasks.o
 .debug_pubtypes
                0x00001ad3       0x5b ..\obj\usbd_desc.o
 .debug_pubtypes
                0x00001b2e       0xdb ..\obj\keyboard.o
 .debug_pubtypes
                0x00001c09       0xce ..\obj\stm32f4xx_gpio.o
 .debug_pubtypes
                0x00001cd7       0x6d ..\obj\usbd_cdc_vcp.o
 .debug_pubtypes
                0x00001d44       0x7a ..\obj\list.o
 .debug_pubtypes
                0x00001dbe       0x73 ..\obj\system_stm32f4xx.o
 .debug_pubtypes
                0x00001e31       0xaa ..\obj\syscalls.o
 .debug_pubtypes
                0x00001edb      0x17a ..\obj\adc.o
 .debug_pubtypes
                0x00002055      0x333 ..\obj\usb_bsp.o
 .debug_pubtypes
                0x00002388      0x2c8 ..\obj\usbd_req.o
 .debug_pubtypes
                0x00002650       0xd4 ..\obj\queue.o
 .debug_pubtypes
                0x00002724       0x33 ..\obj\port.o
 .debug_pubtypes
                0x00002757      0x5e1 ..\obj\usb_dcd_int.o
 .debug_pubtypes
                0x00002d38      0x2ae ..\obj\usbd_cdc_core.o
 .debug_pubtypes
                0x00002fe6       0xcd ..\obj\croutine.o
 .debug_pubtypes
                0x000030b3       0x93 ..\obj\timer_properties.o
 .debug_pubtypes
                0x00003146       0xbc ..\obj\stm32f4xx_spi.o
 .debug_pubtypes
                0x00003202       0xae ..\obj\stm32f4xx_exti.o
 .debug_pubtypes
                0x000032b0       0x8c ..\obj\misc.o
 .debug_pubtypes
                0x0000333c      0x307 ..\obj\usb_dcd.o
 .debug_pubtypes
                0x00003643       0x2c ..\obj\heap_1.o
 .debug_pubtypes
                0x0000366f       0xd8 ..\obj\stm32f4xx_rtc.o
 .debug_pubtypes
                0x00003747      0x295 ..\obj\usbd_ioreq.o
 .debug_pubtypes
                0x000039dc       0xe4 ..\obj\stm32f4xx_tim.o
 .debug_pubtypes
                0x00003ac0       0xc5 ..\obj\power_detector.o

.debug_aranges  0x00000000     0x18e0
 .debug_aranges
                0x00000000       0x48 ..\obj\stm32f4xx_syscfg.o
 .debug_aranges
                0x00000048      0x138 ..\obj\usb_core.o
 .debug_aranges
                0x00000180       0x40 ..\obj\delay.o
 .debug_aranges
                0x000001c0       0x40 ..\obj\pid_regulator.o
 .debug_aranges
                0x00000200       0x40 ..\obj\usbd_usr.o
 .debug_aranges
                0x00000240       0x30 ..\obj\buzzer.o
 .debug_aranges
                0x00000270      0x100 ..\obj\stm32f4xx_usart.o
 .debug_aranges
                0x00000370       0x78 ..\obj\stm32f4xx_pwr.o
 .debug_aranges
                0x000003e8       0x28 ..\obj\rtc.o
 .debug_aranges
                0x00000410       0x28 ..\obj\startup_stm32f4xx.o
 .debug_aranges
                0x00000438       0x38 ..\obj\backup_sram.o
 .debug_aranges
                0x00000470       0x48 ..\obj\stm32f4xx_iwdg.o
 .debug_aranges
                0x000004b8       0x48 ..\obj\ADS1120.o
 .debug_aranges
                0x00000500       0x80 ..\obj\usbd_core.o
 .debug_aranges
                0x00000580       0x40 ..\obj\main.o
 .debug_aranges
                0x000005c0       0x38 ..\obj\uks.o
 .debug_aranges
                0x000005f8      0x178 ..\obj\stm32f4xx_rcc.o
 .debug_aranges
                0x00000770      0x148 ..\obj\stm32f4xx_adc.o
 .debug_aranges
                0x000008b8       0xa0 ..\obj\printf.o
 .debug_aranges
                0x00000958       0x40 ..\obj\phaze_detector.o
 .debug_aranges
                0x00000998       0x28 ..\obj\watchdog.o
 .debug_aranges
                0x000009c0       0x28 ..\obj\display.o
 .debug_aranges
                0x000009e8       0xc0 ..\obj\hd44780.o
 .debug_aranges
                0x00000aa8      0x120 ..\obj\tasks.o
 .debug_aranges
                0x00000bc8       0x50 ..\obj\usbd_desc.o
 .debug_aranges
                0x00000c18       0x28 ..\obj\keyboard.o
 .debug_aranges
                0x00000c40       0x88 ..\obj\stm32f4xx_gpio.o
 .debug_aranges
                0x00000cc8       0x40 ..\obj\usbd_cdc_vcp.o
 .debug_aranges
                0x00000d08       0x40 ..\obj\list.o
 .debug_aranges
                0x00000d48       0x30 ..\obj\system_stm32f4xx.o
 .debug_aranges
                0x00000d78       0x60 ..\obj\syscalls.o
 .debug_aranges
                0x00000dd8       0x30 ..\obj\adc.o
 .debug_aranges
                0x00000e08       0x48 ..\obj\usb_bsp.o
 .debug_aranges
                0x00000e50       0x88 ..\obj\usbd_req.o
 .debug_aranges
                0x00000ed8       0xa0 ..\obj\queue.o
 .debug_aranges
                0x00000f78       0x70 ..\obj\port.o
 .debug_aranges
                0x00000fe8       0x80 ..\obj\usb_dcd_int.o
 .debug_aranges
                0x00001068       0x68 ..\obj\usbd_cdc_core.o
 .debug_aranges
                0x000010d0       0x50 ..\obj\croutine.o
 .debug_aranges
                0x00001120       0x38 ..\obj\timer_properties.o
 .debug_aranges
                0x00001158       0xe0 ..\obj\stm32f4xx_spi.o
 .debug_aranges
                0x00001238       0x58 ..\obj\stm32f4xx_exti.o
 .debug_aranges
                0x00001290       0x40 ..\obj\misc.o
 .debug_aranges
                0x000012d0       0x80 ..\obj\usb_dcd.o
 .debug_aranges
                0x00001350       0x38 ..\obj\heap_1.o
 .debug_aranges
                0x00001388      0x1e0 ..\obj\stm32f4xx_rtc.o
 .debug_aranges
                0x00001568       0x50 ..\obj\usbd_ioreq.o
 .debug_aranges
                0x000015b8      0x2f8 ..\obj\stm32f4xx_tim.o
 .debug_aranges
                0x000018b0       0x30 ..\obj\power_detector.o

.debug_ranges   0x00000000     0x15d0
 .debug_ranges  0x00000000       0x38 ..\obj\stm32f4xx_syscfg.o
 .debug_ranges  0x00000038      0x128 ..\obj\usb_core.o
 .debug_ranges  0x00000160       0x30 ..\obj\delay.o
 .debug_ranges  0x00000190       0x30 ..\obj\pid_regulator.o
 .debug_ranges  0x000001c0       0x30 ..\obj\usbd_usr.o
 .debug_ranges  0x000001f0       0x20 ..\obj\buzzer.o
 .debug_ranges  0x00000210       0xf0 ..\obj\stm32f4xx_usart.o
 .debug_ranges  0x00000300       0x68 ..\obj\stm32f4xx_pwr.o
 .debug_ranges  0x00000368       0x18 ..\obj\rtc.o
 .debug_ranges  0x00000380       0x18 ..\obj\startup_stm32f4xx.o
 .debug_ranges  0x00000398       0x28 ..\obj\backup_sram.o
 .debug_ranges  0x000003c0       0x38 ..\obj\stm32f4xx_iwdg.o
 .debug_ranges  0x000003f8       0x38 ..\obj\ADS1120.o
 .debug_ranges  0x00000430       0x70 ..\obj\usbd_core.o
 .debug_ranges  0x000004a0       0x30 ..\obj\main.o
 .debug_ranges  0x000004d0       0x28 ..\obj\uks.o
 .debug_ranges  0x000004f8      0x168 ..\obj\stm32f4xx_rcc.o
 .debug_ranges  0x00000660      0x138 ..\obj\stm32f4xx_adc.o
 .debug_ranges  0x00000798       0x90 ..\obj\printf.o
 .debug_ranges  0x00000828       0x30 ..\obj\phaze_detector.o
 .debug_ranges  0x00000858       0x18 ..\obj\watchdog.o
 .debug_ranges  0x00000870       0x18 ..\obj\display.o
 .debug_ranges  0x00000888       0xb0 ..\obj\hd44780.o
 .debug_ranges  0x00000938      0x110 ..\obj\tasks.o
 .debug_ranges  0x00000a48       0x40 ..\obj\usbd_desc.o
 .debug_ranges  0x00000a88       0x18 ..\obj\keyboard.o
 .debug_ranges  0x00000aa0       0x78 ..\obj\stm32f4xx_gpio.o
 .debug_ranges  0x00000b18       0x30 ..\obj\usbd_cdc_vcp.o
 .debug_ranges  0x00000b48       0x30 ..\obj\list.o
 .debug_ranges  0x00000b78       0x20 ..\obj\system_stm32f4xx.o
 .debug_ranges  0x00000b98       0x50 ..\obj\syscalls.o
 .debug_ranges  0x00000be8       0x20 ..\obj\adc.o
 .debug_ranges  0x00000c08       0x38 ..\obj\usb_bsp.o
 .debug_ranges  0x00000c40       0x78 ..\obj\usbd_req.o
 .debug_ranges  0x00000cb8       0x90 ..\obj\queue.o
 .debug_ranges  0x00000d48       0x60 ..\obj\port.o
 .debug_ranges  0x00000da8       0x70 ..\obj\usb_dcd_int.o
 .debug_ranges  0x00000e18       0x58 ..\obj\usbd_cdc_core.o
 .debug_ranges  0x00000e70       0x40 ..\obj\croutine.o
 .debug_ranges  0x00000eb0       0x28 ..\obj\timer_properties.o
 .debug_ranges  0x00000ed8       0xd0 ..\obj\stm32f4xx_spi.o
 .debug_ranges  0x00000fa8       0x48 ..\obj\stm32f4xx_exti.o
 .debug_ranges  0x00000ff0       0x30 ..\obj\misc.o
 .debug_ranges  0x00001020       0x70 ..\obj\usb_dcd.o
 .debug_ranges  0x00001090       0x28 ..\obj\heap_1.o
 .debug_ranges  0x000010b8      0x1d0 ..\obj\stm32f4xx_rtc.o
 .debug_ranges  0x00001288       0x40 ..\obj\usbd_ioreq.o
 .debug_ranges  0x000012c8      0x2e8 ..\obj\stm32f4xx_tim.o
 .debug_ranges  0x000015b0       0x20 ..\obj\power_detector.o

.debug_str      0x00000000     0x8311
 .debug_str     0x00000000      0x214 ..\obj\stm32f4xx_syscfg.o
                                0x261 (size before relaxing)
 .debug_str     0x00000214     0x1245 ..\obj\usb_core.o
                               0x15e8 (size before relaxing)
 .debug_str     0x00001459      0x7e8 ..\obj\delay.o
                                0x8f0 (size before relaxing)
 .debug_str     0x00001c41      0x3ac ..\obj\pid_regulator.o
                                0x48e (size before relaxing)
 .debug_str     0x00001fed       0xb3 ..\obj\usbd_usr.o
                                0x1ec (size before relaxing)
 .debug_str     0x000020a0      0x1b5 ..\obj\buzzer.o
                                0x431 (size before relaxing)
 .debug_str     0x00002255      0x495 ..\obj\stm32f4xx_usart.o
                                0x5f1 (size before relaxing)
 .debug_str     0x000026ea      0x1e0 ..\obj\stm32f4xx_pwr.o
                                0x2f3 (size before relaxing)
 .debug_str     0x000028ca      0x14c ..\obj\rtc.o
                                0x251 (size before relaxing)
 .debug_str     0x00002a16       0xb5 ..\obj\startup_stm32f4xx.o
                                 0xe0 (size before relaxing)
 .debug_str     0x00002acb       0xc8 ..\obj\backup_sram.o
                                0x1b1 (size before relaxing)
 .debug_str     0x00002b93       0xed ..\obj\stm32f4xx_iwdg.o
                                0x1ce (size before relaxing)
 .debug_str     0x00002c80      0x20e ..\obj\ADS1120.o
                                0x573 (size before relaxing)
 .debug_str     0x00002e8e      0x18d ..\obj\usbd_core.o
                                0xa2d (size before relaxing)
 .debug_str     0x0000301b      0x109 ..\obj\main.o
                                0x977 (size before relaxing)
 .debug_str     0x00003124      0x211 ..\obj\uks.o
                                0x40a (size before relaxing)
 .debug_str     0x00003335      0x5e8 ..\obj\stm32f4xx_rcc.o
                                0x7b2 (size before relaxing)
 .debug_str     0x0000391d       0x4c ..\obj\timers.o
                                 0x9f (size before relaxing)
 .debug_str     0x00003969      0x638 ..\obj\stm32f4xx_adc.o
                                0x766 (size before relaxing)
 .debug_str     0x00003fa1      0x493 ..\obj\printf.o
                                0x5e7 (size before relaxing)
 .debug_str     0x00004434      0x233 ..\obj\phaze_detector.o
                                0xabc (size before relaxing)
 .debug_str     0x00004667       0x5c ..\obj\watchdog.o
                                0x181 (size before relaxing)
 .debug_str     0x000046c3       0x8b ..\obj\display.o
                                0x2fe (size before relaxing)
 .debug_str     0x0000474e      0x228 ..\obj\hd44780.o
                                0x597 (size before relaxing)
 .debug_str     0x00004976      0x769 ..\obj\tasks.o
                                0x8b6 (size before relaxing)
 .debug_str     0x000050df      0x158 ..\obj\usbd_desc.o
                                0x2ef (size before relaxing)
 .debug_str     0x00005237       0x78 ..\obj\keyboard.o
                                0x4c4 (size before relaxing)
 .debug_str     0x000052af      0x17b ..\obj\stm32f4xx_gpio.o
                                0x405 (size before relaxing)
 .debug_str     0x0000542a       0xf8 ..\obj\usbd_cdc_vcp.o
                                0x1db (size before relaxing)
 .debug_str     0x00005522       0xdd ..\obj\list.o
                                0x210 (size before relaxing)
 .debug_str     0x000055ff       0xbd ..\obj\system_stm32f4xx.o
                                0x300 (size before relaxing)
 .debug_str     0x000056bc      0x147 ..\obj\syscalls.o
                                0x267 (size before relaxing)
 .debug_str     0x00005803       0x9e ..\obj\adc.o
                                0x5d7 (size before relaxing)
 .debug_str     0x000058a1       0xca ..\obj\usb_bsp.o
                               0x1034 (size before relaxing)
 .debug_str     0x0000596b      0x173 ..\obj\usbd_req.o
                                0xa58 (size before relaxing)
 .debug_str     0x00005ade      0x302 ..\obj\queue.o
                                0x4be (size before relaxing)
 .debug_str     0x00005de0      0x156 ..\obj\port.o
                                0x1dc (size before relaxing)
 .debug_str     0x00005f36      0x289 ..\obj\usb_dcd_int.o
                               0x11e6 (size before relaxing)
 .debug_str     0x000061bf      0x1a9 ..\obj\usbd_cdc_core.o
                                0xaa3 (size before relaxing)
 .debug_str     0x00006368      0x282 ..\obj\croutine.o
                                0x3df (size before relaxing)
 .debug_str     0x000065ea      0x1e3 ..\obj\timer_properties.o
                                0x42f (size before relaxing)
 .debug_str     0x000067cd      0x2f5 ..\obj\stm32f4xx_spi.o
                                0x5ec (size before relaxing)
 .debug_str     0x00006ac2       0xe8 ..\obj\stm32f4xx_exti.o
                                0x2d0 (size before relaxing)
 .debug_str     0x00006baa      0x11e ..\obj\misc.o
                                0x33b (size before relaxing)
 .debug_str     0x00006cc8      0x10f ..\obj\usb_dcd.o
                                0xa88 (size before relaxing)
 .debug_str     0x00006dd7       0xe1 ..\obj\heap_1.o
                                0x1a1 (size before relaxing)
 .debug_str     0x00006eb8      0x88a ..\obj\stm32f4xx_rtc.o
                                0xab5 (size before relaxing)
 .debug_str     0x00007742       0xc9 ..\obj\usbd_ioreq.o
                                0x917 (size before relaxing)
 .debug_str     0x0000780b      0xa86 ..\obj\stm32f4xx_tim.o
                                0xd32 (size before relaxing)
 .debug_str     0x00008291       0x80 ..\obj\power_detector.o
                                0x828 (size before relaxing)

.comment        0x00000000       0x2a
 .comment       0x00000000       0x2a ..\obj\stm32f4xx_syscfg.o
                                 0x2b (size before relaxing)
 .comment       0x00000000       0x2b ..\obj\usb_core.o
 .comment       0x00000000       0x2b ..\obj\delay.o
 .comment       0x00000000       0x2b ..\obj\pid_regulator.o
 .comment       0x00000000       0x2b ..\obj\usbd_usr.o
 .comment       0x00000000       0x2b ..\obj\buzzer.o
 .comment       0x00000000       0x2b ..\obj\stm32f4xx_usart.o
 .comment       0x00000000       0x2b ..\obj\stm32f4xx_pwr.o
 .comment       0x00000000       0x2b ..\obj\rtc.o
 .comment       0x00000000       0x2b ..\obj\startup_stm32f4xx.o
 .comment       0x00000000       0x2b ..\obj\backup_sram.o
 .comment       0x00000000       0x2b ..\obj\stm32f4xx_iwdg.o
 .comment       0x00000000       0x2b ..\obj\ADS1120.o
 .comment       0x00000000       0x2b ..\obj\usbd_core.o
 .comment       0x00000000       0x2b ..\obj\main.o
 .comment       0x00000000       0x2b ..\obj\uks.o
 .comment       0x00000000       0x2b ..\obj\stm32f4xx_rcc.o
 .comment       0x00000000       0x2b ..\obj\timers.o
 .comment       0x00000000       0x2b ..\obj\stm32f4xx_adc.o
 .comment       0x00000000       0x2b ..\obj\printf.o
 .comment       0x00000000       0x2b ..\obj\phaze_detector.o
 .comment       0x00000000       0x2b ..\obj\watchdog.o
 .comment       0x00000000       0x2b ..\obj\display.o
 .comment       0x00000000       0x2b ..\obj\hd44780.o
 .comment       0x00000000       0x2b ..\obj\tasks.o
 .comment       0x00000000       0x2b ..\obj\usbd_desc.o
 .comment       0x00000000       0x2b ..\obj\keyboard.o
 .comment       0x00000000       0x2b ..\obj\stm32f4xx_gpio.o
 .comment       0x00000000       0x2b ..\obj\usbd_cdc_vcp.o
 .comment       0x00000000       0x2b ..\obj\list.o
 .comment       0x00000000       0x2b ..\obj\system_stm32f4xx.o
 .comment       0x00000000       0x2b ..\obj\syscalls.o
 .comment       0x00000000       0x2b ..\obj\adc.o
 .comment       0x00000000       0x2b ..\obj\usb_bsp.o
 .comment       0x00000000       0x2b ..\obj\usbd_req.o
 .comment       0x00000000       0x2b ..\obj\queue.o
 .comment       0x00000000       0x2b ..\obj\port.o
 .comment       0x00000000       0x2b ..\obj\usb_dcd_int.o
 .comment       0x00000000       0x2b ..\obj\usbd_cdc_core.o
 .comment       0x00000000       0x2b ..\obj\croutine.o
 .comment       0x00000000       0x2b ..\obj\timer_properties.o
 .comment       0x00000000       0x2b ..\obj\stm32f4xx_spi.o
 .comment       0x00000000       0x2b ..\obj\stm32f4xx_exti.o
 .comment       0x00000000       0x2b ..\obj\misc.o
 .comment       0x00000000       0x2b ..\obj\usb_dcd.o
 .comment       0x00000000       0x2b ..\obj\heap_1.o
 .comment       0x00000000       0x2b ..\obj\stm32f4xx_rtc.o
 .comment       0x00000000       0x2b ..\obj\usbd_ioreq.o
 .comment       0x00000000       0x2b ..\obj\stm32f4xx_tim.o
 .comment       0x00000000       0x2b ..\obj\power_detector.o

.ARM.attributes
                0x00000000       0x31
 .ARM.attributes
                0x00000000       0x31 ..\obj\stm32f4xx_syscfg.o
 .ARM.attributes
                0x00000031       0x31 ..\obj\usb_core.o
 .ARM.attributes
                0x00000062       0x31 ..\obj\delay.o
 .ARM.attributes
                0x00000093       0x31 ..\obj\pid_regulator.o
 .ARM.attributes
                0x000000c4       0x31 ..\obj\usbd_usr.o
 .ARM.attributes
                0x000000f5       0x31 ..\obj\buzzer.o
 .ARM.attributes
                0x00000126       0x31 ..\obj\stm32f4xx_usart.o
 .ARM.attributes
                0x00000157       0x31 ..\obj\stm32f4xx_pwr.o
 .ARM.attributes
                0x00000188       0x31 ..\obj\rtc.o
 .ARM.attributes
                0x000001b9       0x31 ..\obj\startup_stm32f4xx.o
 .ARM.attributes
                0x000001ea       0x31 ..\obj\backup_sram.o
 .ARM.attributes
                0x0000021b       0x31 ..\obj\stm32f4xx_iwdg.o
 .ARM.attributes
                0x0000024c       0x31 ..\obj\ADS1120.o
 .ARM.attributes
                0x0000027d       0x31 ..\obj\usbd_core.o
 .ARM.attributes
                0x000002ae       0x31 ..\obj\main.o
 .ARM.attributes
                0x000002df       0x31 ..\obj\uks.o
 .ARM.attributes
                0x00000310       0x31 ..\obj\stm32f4xx_rcc.o
 .ARM.attributes
                0x00000341       0x31 ..\obj\timers.o
 .ARM.attributes
                0x00000372       0x31 ..\obj\stm32f4xx_adc.o
 .ARM.attributes
                0x000003a3       0x31 ..\obj\printf.o
 .ARM.attributes
                0x000003d4       0x31 ..\obj\phaze_detector.o
 .ARM.attributes
                0x00000405       0x31 ..\obj\watchdog.o
 .ARM.attributes
                0x00000436       0x31 ..\obj\display.o
 .ARM.attributes
                0x00000467       0x31 ..\obj\hd44780.o
 .ARM.attributes
                0x00000498       0x31 ..\obj\tasks.o
 .ARM.attributes
                0x000004c9       0x31 ..\obj\usbd_desc.o
 .ARM.attributes
                0x000004fa       0x31 ..\obj\keyboard.o
 .ARM.attributes
                0x0000052b       0x31 ..\obj\stm32f4xx_gpio.o
 .ARM.attributes
                0x0000055c       0x31 ..\obj\usbd_cdc_vcp.o
 .ARM.attributes
                0x0000058d       0x31 ..\obj\list.o
 .ARM.attributes
                0x000005be       0x31 ..\obj\system_stm32f4xx.o
 .ARM.attributes
                0x000005ef       0x31 ..\obj\syscalls.o
 .ARM.attributes
                0x00000620       0x31 ..\obj\adc.o
 .ARM.attributes
                0x00000651       0x31 ..\obj\usb_bsp.o
 .ARM.attributes
                0x00000682       0x31 ..\obj\usbd_req.o
 .ARM.attributes
                0x000006b3       0x31 ..\obj\queue.o
 .ARM.attributes
                0x000006e4       0x31 ..\obj\port.o
 .ARM.attributes
                0x00000715       0x31 ..\obj\usb_dcd_int.o
 .ARM.attributes
                0x00000746       0x31 ..\obj\usbd_cdc_core.o
 .ARM.attributes
                0x00000777       0x31 ..\obj\croutine.o
 .ARM.attributes
                0x000007a8       0x31 ..\obj\timer_properties.o
 .ARM.attributes
                0x000007d9       0x31 ..\obj\stm32f4xx_spi.o
 .ARM.attributes
                0x0000080a       0x31 ..\obj\stm32f4xx_exti.o
 .ARM.attributes
                0x0000083b       0x31 ..\obj\misc.o
 .ARM.attributes
                0x0000086c       0x31 ..\obj\usb_dcd.o
 .ARM.attributes
                0x0000089d       0x31 ..\obj\heap_1.o
 .ARM.attributes
                0x000008ce       0x31 ..\obj\stm32f4xx_rtc.o
 .ARM.attributes
                0x000008ff       0x31 ..\obj\usbd_ioreq.o
 .ARM.attributes
                0x00000930       0x31 ..\obj\stm32f4xx_tim.o
 .ARM.attributes
                0x00000961       0x31 ..\obj\power_detector.o
 .ARM.attributes
                0x00000992       0x1b c:/coocox/coide/gcc/sourcery g++ lite/bin/../lib/gcc/arm-none-eabi/4.5.1/thumb2\libgcc.a(_arm_addsubdf3.o)
 .ARM.attributes
                0x000009ad       0x1b c:/coocox/coide/gcc/sourcery g++ lite/bin/../lib/gcc/arm-none-eabi/4.5.1/thumb2\libgcc.a(_arm_muldivdf3.o)
 .ARM.attributes
                0x000009c8       0x1b c:/coocox/coide/gcc/sourcery g++ lite/bin/../lib/gcc/arm-none-eabi/4.5.1/thumb2\libgcc.a(_arm_cmpdf2.o)
 .ARM.attributes
                0x000009e3       0x1b c:/coocox/coide/gcc/sourcery g++ lite/bin/../lib/gcc/arm-none-eabi/4.5.1/thumb2\libgcc.a(_arm_fixunsdfsi.o)
 .ARM.attributes
                0x000009fe       0x1b c:/coocox/coide/gcc/sourcery g++ lite/bin/../lib/gcc/arm-none-eabi/4.5.1/thumb2\libgcc.a(_arm_truncdfsf2.o)
 .ARM.attributes
                0x00000a19       0x1b c:/coocox/coide/gcc/sourcery g++ lite/bin/../lib/gcc/arm-none-eabi/4.5.1/thumb2\libgcc.a(_arm_addsubsf3.o)
 .ARM.attributes
                0x00000a34       0x1b c:/coocox/coide/gcc/sourcery g++ lite/bin/../lib/gcc/arm-none-eabi/4.5.1/thumb2\libgcc.a(_arm_muldivsf3.o)
 .ARM.attributes
                0x00000a4f       0x1b c:/coocox/coide/gcc/sourcery g++ lite/bin/../lib/gcc/arm-none-eabi/4.5.1/thumb2\libgcc.a(_arm_cmpsf2.o)
 .ARM.attributes
                0x00000a6a       0x1b c:/coocox/coide/gcc/sourcery g++ lite/bin/../lib/gcc/arm-none-eabi/4.5.1/thumb2\libgcc.a(_arm_fixsfsi.o)
 .ARM.attributes
                0x00000a85       0x1b c:/coocox/coide/gcc/sourcery g++ lite/bin/../lib/gcc/arm-none-eabi/4.5.1/thumb2\libgcc.a(_arm_fixunssfsi.o)
 .ARM.attributes
                0x00000aa0       0x29 c:/coocox/coide/gcc/sourcery g++ lite/bin/../lib/gcc/arm-none-eabi/4.5.1/../../../../arm-none-eabi/lib/thumb2\libc.a(lib_a-memcmp.o)
 .ARM.attributes
                0x00000ac9       0x29 c:/coocox/coide/gcc/sourcery g++ lite/bin/../lib/gcc/arm-none-eabi/4.5.1/../../../../arm-none-eabi/lib/thumb2\libc.a(lib_a-memcpy.o)
 .ARM.attributes
                0x00000af2       0x29 c:/coocox/coide/gcc/sourcery g++ lite/bin/../lib/gcc/arm-none-eabi/4.5.1/../../../../arm-none-eabi/lib/thumb2\libc.a(lib_a-memset.o)
 .ARM.attributes
                0x00000b1b       0x29 c:/coocox/coide/gcc/sourcery g++ lite/bin/../lib/gcc/arm-none-eabi/4.5.1/../../../../arm-none-eabi/lib/thumb2\libc.a(lib_a-strncpy.o)

.debug_frame    0x00000000     0x4dac
 .debug_frame   0x00000000       0xbc ..\obj\stm32f4xx_syscfg.o
 .debug_frame   0x000000bc      0x434 ..\obj\usb_core.o