Archive member included because of file (symbol)

c:/coocox/coide/gcc/sourcery g++ lite/bin/../lib/gcc/arm-none-eabi/4.5.1/thumb2\libgcc.a(_arm_addsubdf3.o)
                              ..\obj\ADS1120.o (__aeabi_dadd)
c:/coocox/coide/gcc/sourcery g++ lite/bin/../lib/gcc/arm-none-eabi/4.5.1/thumb2\libgcc.a(_arm_muldivdf3.o)
                              ..\obj\ADS1120.o (__aeabi_dmul)
c:/coocox/coide/gcc/sourcery g++ lite/bin/../lib/gcc/arm-none-eabi/4.5.1/thumb2\libgcc.a(_arm_cmpdf2.o)
                              ..\obj\timer_properties.o (__aeabi_dcmpeq)
c:/coocox/coide/gcc/sourcery g++ lite/bin/../lib/gcc/arm-none-eabi/4.5.1/thumb2\libgcc.a(_arm_fixunsdfsi.o)
                              ..\obj\timer_properties.o (__aeabi_d2uiz)
c:/coocox/coide/gcc/sourcery g++ lite/bin/../lib/gcc/arm-none-eabi/4.5.1/thumb2\libgcc.a(_arm_truncdfsf2.o)
                              ..\obj\ADS1120.o (__aeabi_d2f)
c:/coocox/coide/gcc/sourcery g++ lite/bin/../lib/gcc/arm-none-eabi/4.5.1/thumb2\libgcc.a(_arm_addsubsf3.o)
                              ..\obj\pid_regulator.o (__aeabi_fsub)
c:/coocox/coide/gcc/sourcery g++ lite/bin/../lib/gcc/arm-none-eabi/4.5.1/thumb2\libgcc.a(_arm_muldivsf3.o)
                              ..\obj\pid_regulator.o (__aeabi_fmul)
c:/coocox/coide/gcc/sourcery g++ lite/bin/../lib/gcc/arm-none-eabi/4.5.1/thumb2\libgcc.a(_arm_cmpsf2.o)
                              ..\obj\pid_regulator.o (__aeabi_fcmplt)
c:/coocox/coide/gcc/sourcery g++ lite/bin/../lib/gcc/arm-none-eabi/4.5.1/thumb2\libgcc.a(_arm_fixsfsi.o)
                              ..\obj\pid_regulator.o (__aeabi_f2iz)
c:/coocox/coide/gcc/sourcery g++ lite/bin/../lib/gcc/arm-none-eabi/4.5.1/thumb2\libgcc.a(_arm_fixunssfsi.o)
                              ..\obj\display.o (__aeabi_f2uiz)
c:/coocox/coide/gcc/sourcery g++ lite/bin/../lib/gcc/arm-none-eabi/4.5.1/../../../../arm-none-eabi/lib/thumb2\libc.a(lib_a-memcmp.o)
                              ..\obj\tasks.o (memcmp)
c:/coocox/coide/gcc/sourcery g++ lite/bin/../lib/gcc/arm-none-eabi/4.5.1/../../../../arm-none-eabi/lib/thumb2\libc.a(lib_a-memcpy.o)
                              ..\obj\mbfuncother.o (memcpy)
c:/coocox/coide/gcc/sourcery g++ lite/bin/../lib/gcc/arm-none-eabi/4.5.1/../../../../arm-none-eabi/lib/thumb2\libc.a(lib_a-memset.o)
                              ..\obj\tasks.o (memset)
c:/coocox/coide/gcc/sourcery g++ lite/bin/../lib/gcc/arm-none-eabi/4.5.1/../../../../arm-none-eabi/lib/thumb2\libc.a(lib_a-strncpy.o)
                              ..\obj\tasks.o (strncpy)

Allocating common symbols
Common symbol       size              file

pxMBFrameCBTransmitterEmpty
                    0x4               ..\obj\mb.o
APP_Tx_Buffer       0x80              ..\obj\usbd_cdc_vcp.o
pid_heater          0x1c              ..\obj\pid_regulator.o
pxMBPortCBTimerExpired
                    0x4               ..\obj\mb.o
ADC_result          0x4               ..\obj\ADS1120.o
xBuzzer_Handle      0x4               ..\obj\buzzer.o
adc_reg             0x1               ..\obj\ADS1120.o
ucRTUBuf            0x100             ..\obj\mbrtu.o
HD44780_Opts        0x7               ..\obj\hd44780.o
xPhazeSemaphore     0x4               ..\obj\phaze_detector.o
usbd_cdc_OtherCfgDesc
                    0x43              ..\obj\usbd_cdc_core.o
xSPI_Buf_Mutex      0x4               ..\obj\ADS1120.o
pxMBFrameCBByteReceived
                    0x4               ..\obj\mb.o
buzz                0x2               ..\obj\buzzer.o
APP_tx_ptr_tail     0x4               ..\obj\usbd_cdc_vcp.o
pxMBFrameCBTransmitFSMCur
                    0x4               ..\obj\mb.o
xMeasure_LM35_Semaphore
                    0x4               ..\obj\adc.o
USB_Rx_Buffer       0x40              ..\obj\usbd_cdc_core.o
ADC_result_temp     0x4               ..\obj\ADS1120.o
pxMBFrameCBReceiveFSMCur
                    0x4               ..\obj\mb.o
CmdBuff             0x8               ..\obj\usbd_cdc_core.o
USB_OTG_dev         0x5f0             ..\obj\main.o
adc_lm35_chnl       0xee              ..\obj\adc.o
mult                0x4               ..\obj\delay.o
APP_Rx_Buffer       0x800             ..\obj\usbd_cdc_core.o
uks_channels        0x4bc             ..\obj\uks.o
task_watches        0x10              ..\obj\watchdog.o
USBD_StrDesc        0x32              ..\obj\usbd_req.o
APP_tx_ptr_head     0x4               ..\obj\usbd_cdc_vcp.o
phaze_detect        0x6               ..\obj\phaze_detector.o

Discarded input sections

 .text          0x00000000        0x0 ..\obj\stm32f4xx_syscfg.o
 .data          0x00000000        0x0 ..\obj\stm32f4xx_syscfg.o
 .bss           0x00000000        0x0 ..\obj\stm32f4xx_syscfg.o
 .text.SYSCFG_DeInit
                0x00000000       0x20 ..\obj\stm32f4xx_syscfg.o
 .text.SYSCFG_MemoryRemapConfig
                0x00000000       0x20 ..\obj\stm32f4xx_syscfg.o
 .text.SYSCFG_ETH_MediaInterfaceConfig
                0x00000000       0x20 ..\obj\stm32f4xx_syscfg.o
 .text.SYSCFG_CompensationCellCmd
[...]
Memory Configuration

Name             Origin             Length             Attributes
rom              0x08000000         0x00100000         xr
ram              0x20000000         0x00020000         xrw
ram1             0x10000000         0x00010000         xrw
*default*        0x00000000         0xffffffff

Linker script and memory map

                0x20020000                _eram = 0x20020000

.text           0x08000000     0xd8f0
 *(.isr_vector .isr_vector.*)
 .isr_vector    0x08000000      0x188 ..\obj\startup_stm32f4xx.o
                0x08000000                g_pfnVectors
 *(.text .text.* .gnu.linkonce.t.*)
 .text.SYSCFG_EXTILineConfig
                0x08000188       0xb4 ..\obj\stm32f4xx_syscfg.o
                0x08000188                SYSCFG_EXTILineConfig
 .text.USB_OTG_EnableCommonInt
                0x0800023c       0x44 ..\obj\usb_core.o
 .text.USB_OTG_CoreReset
                0x08000280       0xa8 ..\obj\usb_core.o
 .text.USB_OTG_WritePacket
                0x08000328       0x88 ..\obj\usb_core.o
                0x08000328                USB_OTG_WritePacket
 .text.USB_OTG_ReadPacket
                0x080003b0       0x68 ..\obj\usb_core.o
                0x080003b0                USB_OTG_ReadPacket
 .text.USB_OTG_SelectCore
                0x08000418      0x1b4 ..\obj\usb_core.o
                0x08000418                USB_OTG_SelectCore
 .text.USB_OTG_CoreInit
                0x080005cc      0x1f8 ..\obj\usb_core.o
                0x080005cc                USB_OTG_CoreInit
 .text.USB_OTG_EnableGlobalInt
                0x080007c4       0x40 ..\obj\usb_core.o
                0x080007c4                USB_OTG_EnableGlobalInt
 .text.USB_OTG_DisableGlobalInt
                0x08000804       0x44 ..\obj\usb_core.o
                0x08000804                USB_OTG_DisableGlobalInt
 .text.USB_OTG_FlushTxFifo
                0x08000848       0x80 ..\obj\usb_core.o
                0x08000848                USB_OTG_FlushTxFifo
 .text.USB_OTG_FlushRxFifo
                0x080008c8       0x6c ..\obj\usb_core.o
                0x080008c8                USB_OTG_FlushRxFifo
 .text.USB_OTG_SetCurrentMode
                0x08000934       0x64 ..\obj\usb_core.o
                0x08000934                USB_OTG_SetCurrentMode
 .text.USB_OTG_GetMode
                0x08000998       0x20 ..\obj\usb_core.o
                0x08000998                USB_OTG_GetMode
 .text.USB_OTG_IsDeviceMode
                0x080009b8       0x24 ..\obj\usb_core.o
                0x080009b8                USB_OTG_IsDeviceMode
 .text.USB_OTG_ReadCoreItr
                0x080009dc       0x34 ..\obj\usb_core.o
                0x080009dc                USB_OTG_ReadCoreItr
 .text.USB_OTG_InitDevSpeed
                0x08000a10       0x38 ..\obj\usb_core.o
                0x08000a10                USB_OTG_InitDevSpeed
 .text.USB_OTG_CoreInitDev
                0x08000a48      0x2d0 ..\obj\usb_core.o
                0x08000a48                USB_OTG_CoreInitDev
 .text.USB_OTG_EnableDevInt
                0x08000d18       0xa8 ..\obj\usb_core.o
                0x08000d18                USB_OTG_EnableDevInt
 .text.USB_OTG_GetDeviceSpeed
                0x08000dc0       0x50 ..\obj\usb_core.o
                0x08000dc0                USB_OTG_GetDeviceSpeed
 .text.USB_OTG_EP0Activate
                0x08000e10       0x84 ..\obj\usb_core.o
                0x08000e10                USB_OTG_EP0Activate
 .text.USB_OTG_EPActivate
                0x08000e94       0xf8 ..\obj\usb_core.o
                0x08000e94                USB_OTG_EPActivate
 .text.USB_OTG_EPDeactivate
                0x08000f8c       0xa4 ..\obj\usb_core.o
                0x08000f8c                USB_OTG_EPDeactivate
 .text.USB_OTG_EPStartXfer
                0x08001030      0x2d4 ..\obj\usb_core.o
                0x08001030                USB_OTG_EPStartXfer
 .text.USB_OTG_EP0StartXfer
                0x08001304      0x208 ..\obj\usb_core.o
                0x08001304                USB_OTG_EP0StartXfer
 .text.USB_OTG_EPSetStall
                0x0800150c       0x94 ..\obj\usb_core.o
                0x0800150c                USB_OTG_EPSetStall
 .text.USB_OTG_EPClearStall
                0x080015a0       0x84 ..\obj\usb_core.o
                0x080015a0                USB_OTG_EPClearStall
 .text.USB_OTG_ReadDevAllOutEp_itr
                0x08001624       0x30 ..\obj\usb_core.o
                0x08001624                USB_OTG_ReadDevAllOutEp_itr
 .text.USB_OTG_ReadDevOutEP_itr
                0x08001654       0x3c ..\obj\usb_core.o
                0x08001654                USB_OTG_ReadDevOutEP_itr
 .text.USB_OTG_ReadDevAllInEPItr
                0x08001690       0x34 ..\obj\usb_core.o
                0x08001690                USB_OTG_ReadDevAllInEPItr
 .text.USB_OTG_EP0_OutStart
                0x080016c4       0x7c ..\obj\usb_core.o
                0x080016c4                USB_OTG_EP0_OutStart
 .text.USB_OTG_UngateClock
                0x08001740       0x54 ..\obj\usb_core.o
                0x08001740                USB_OTG_UngateClock
 .text.TIM2_IRQHandler
                0x08001794       0x50 ..\obj\delay.o
                0x08001794                TIM2_IRQHandler
 .text.DELAY_Init
                0x080017e4       0x2c ..\obj\delay.o
                0x080017e4                DELAY_Init
 .text.DELAY_INT_InitTIM
                0x08001810       0xa8 ..\obj\delay.o
                0x08001810                DELAY_INT_InitTIM
 .text.ENTER_CRITICAL_SECTION
                0x080018b8        0xc ..\obj\mbport.o
                0x080018b8                ENTER_CRITICAL_SECTION
 .text.EXIT_CRITICAL_SECTION
                0x080018c4        0xc ..\obj\mbport.o
                0x080018c4                EXIT_CRITICAL_SECTION
 .text.eMBRegInputCB
                0x080018d0      0x138 ..\obj\mbport.o
                0x080018d0                eMBRegInputCB
 .text.eMBRegHoldingCB
                0x08001a08      0x10c ..\obj\mbport.o
                0x08001a08                eMBRegHoldingCB
 .text.eMBRegCoilsCB
                0x08001b14       0x20 ..\obj\mbport.o
                0x08001b14                eMBRegCoilsCB
 .text.eMBRegDiscreteCB
                0x08001b34       0x20 ..\obj\mbport.o
                0x08001b34                eMBRegDiscreteCB
 .text.eMBInit  0x08001b54      0x134 ..\obj\mb.o
                0x08001b54                eMBInit
 .text.eMBEnable
                0x08001c88       0x48 ..\obj\mb.o
                0x08001c88                eMBEnable
 .text.eMBPoll  0x08001cd0      0x23c ..\obj\mb.o
                0x08001cd0                eMBPoll
 .text.PID_Heater_Init
                0x08001f0c       0x24 ..\obj\pid_regulator.o
                0x08001f0c                PID_Heater_Init
 .text.pid_Init
                0x08001f30       0xf4 ..\obj\pid_regulator.o
                0x08001f30                pid_Init
 .text.pid_Controller
                0x08002024      0x1d8 ..\obj\pid_regulator.o
                0x08002024                pid_Controller
 .text.PID_Regulator_Task
                0x080021fc      0x1bc ..\obj\pid_regulator.o
 .text.Protocol_Init
                0x080023b8       0x64 ..\obj\protocol.o
                0x080023b8                Protocol_Init
 .text.Modbus_Task
                0x0800241c       0x1c ..\obj\protocol.o
 .text.eMBFuncReadDiscreteInputs
                0x08002438      0x130 ..\obj\mbfuncdisc.o
                0x08002438                eMBFuncReadDiscreteInputs
 .text.USBD_USR_Init
                0x08002568        0xc ..\obj\usbd_usr.o
                0x08002568                USBD_USR_Init
 .text.USBD_USR_DeviceReset
                0x08002574       0x14 ..\obj\usbd_usr.o
                0x08002574                USBD_USR_DeviceReset
 .text.USBD_USR_DeviceConfigured
                0x08002588        0xc ..\obj\usbd_usr.o
                0x08002588                USBD_USR_DeviceConfigured
 .text.USBD_USR_DeviceSuspended
                0x08002594        0xc ..\obj\usbd_usr.o
                0x08002594                USBD_USR_DeviceSuspended
 .text.USBD_USR_DeviceResumed
                0x080025a0        0xc ..\obj\usbd_usr.o
                0x080025a0                USBD_USR_DeviceResumed
 .text.xMBPortEventInit
                0x080025ac       0x20 ..\obj\portevent.o
                0x080025ac                xMBPortEventInit
 .text.xMBPortEventPost
                0x080025cc       0x34 ..\obj\portevent.o
                0x080025cc                xMBPortEventPost
 .text.xMBPortEventGet
                0x08002600       0x4c ..\obj\portevent.o
                0x08002600                xMBPortEventGet
 .text.Buzzer_Init
                0x0800264c       0xa4 ..\obj\buzzer.o
                0x0800264c                Buzzer_Init
 .text.Buzzer_Task
                0x080026f0      0x244 ..\obj\buzzer.o
                0x080026f0                Buzzer_Task
 .text.Buzzer_Set_Buzz
                0x08002934       0xc0 ..\obj\buzzer.o
                0x08002934                Buzzer_Set_Buzz
 .text.eMBFuncReportSlaveID
                0x080029f4       0x4c ..\obj\mbfuncother.o
                0x080029f4                eMBFuncReportSlaveID
 .text.PWR_PVDLevelConfig
                0x08002a40       0x44 ..\obj\stm32f4xx_pwr.o
                0x08002a40                PWR_PVDLevelConfig
 .text.PWR_PVDCmd
                0x08002a84       0x20 ..\obj\stm32f4xx_pwr.o
                0x08002a84                PWR_PVDCmd
 .text.prveMBError2Exception
                0x08002aa4       0x48 ..\obj\mbutils.o
                0x08002aa4                prveMBError2Exception
 .text.Default_Reset_Handler
                0x08002aec       0x68 ..\obj\startup_stm32f4xx.o
                0x08002aec                Default_Reset_Handler
                0x08002aec                Reset_Handler
 .text.Default_Handler
                0x08002b54        0x8 ..\obj\startup_stm32f4xx.o
                0x08002b54                RTC_Alarm_IRQHandler
                0x08002b54                HASH_RNG_IRQHandler
                0x08002b54                EXTI2_IRQHandler
                0x08002b54                TIM8_CC_IRQHandler
                0x08002b54                DebugMon_Handler
                0x08002b54                TIM1_CC_IRQHandler
                0x08002b54                DMA2_Stream5_IRQHandler
                0x08002b54                HardFault_Handler
                0x08002b54                DMA1_Stream5_IRQHandler
                0x08002b54                SDIO_IRQHandler
                0x08002b54                TAMP_STAMP_IRQHandler
                0x08002b54                NMI_Handler
                0x08002b54                CAN2_RX1_IRQHandler
                0x08002b54                EXTI3_IRQHandler
                0x08002b54                TIM8_TRG_COM_TIM14_IRQHandler
                0x08002b54                TIM1_UP_TIM10_IRQHandler
                0x08002b54                TIM8_UP_TIM13_IRQHandler
                0x08002b54                I2C3_ER_IRQHandler
                0x08002b54                I2C2_EV_IRQHandler
                0x08002b54                DMA1_Stream2_IRQHandler
                0x08002b54                CAN1_RX0_IRQHandler
                0x08002b54                FPU_IRQHandler
                0x08002b54                OTG_HS_WKUP_IRQHandler
                0x08002b54                UsageFault_Handler
                0x08002b54                CAN2_SCE_IRQHandler
                0x08002b54                DMA2_Stream2_IRQHandler
                0x08002b54                SPI1_IRQHandler
                0x08002b54                TIM6_DAC_IRQHandler
                0x08002b54                TIM1_BRK_TIM9_IRQHandler
                0x08002b54                DCMI_IRQHandler
                0x08002b54                CAN2_RX0_IRQHandler
                0x08002b54                DMA2_Stream3_IRQHandler
                0x08002b54                USART6_IRQHandler
                0x08002b54                USART3_IRQHandler
                0x08002b54                CRYP_IRQHandler
                0x08002b54                CAN1_RX1_IRQHandler
                0x08002b54                UART5_IRQHandler
                0x08002b54                DMA2_Stream0_IRQHandler
                0x08002b54                I2C1_EV_IRQHandler
                0x08002b54                DMA1_Stream6_IRQHandler
                0x08002b54                DMA1_Stream1_IRQHandler
                0x08002b54                UART4_IRQHandler
                0x08002b54                TIM3_IRQHandler
                0x08002b54                RCC_IRQHandler
                0x08002b54                TIM8_BRK_TIM12_IRQHandler
                0x08002b54                EXTI15_10_IRQHandler
                0x08002b54                ADC_IRQHandler
                0x08002b54                DMA1_Stream7_IRQHandler
                0x08002b54                TIM7_IRQHandler
                0x08002b54                CAN2_TX_IRQHandler
                0x08002b54                TIM5_IRQHandler
                0x08002b54                DMA2_Stream7_IRQHandler
                0x08002b54                I2C3_EV_IRQHandler
                0x08002b54                EXTI9_5_IRQHandler
                0x08002b54                RTC_WKUP_IRQHandler
                0x08002b54                ETH_WKUP_IRQHandler
                0x08002b54                SPI2_IRQHandler
                0x08002b54                OTG_HS_EP1_IN_IRQHandler
                0x08002b54                MemManage_Handler
                0x08002b54                DMA1_Stream0_IRQHandler
                0x08002b54                CAN1_TX_IRQHandler
                0x08002b54                EXTI4_IRQHandler
                0x08002b54                FSMC_IRQHandler
                0x08002b54                ETH_IRQHandler
                0x08002b54                OTG_HS_EP1_OUT_IRQHandler
                0x08002b54                WWDG_IRQHandler
                0x08002b54                TIM1_TRG_COM_TIM11_IRQHandler
                0x08002b54                OTG_HS_IRQHandler
                0x08002b54                USART2_IRQHandler
                0x08002b54                I2C2_ER_IRQHandler
                0x08002b54                DMA2_Stream1_IRQHandler
                0x08002b54                CAN1_SCE_IRQHandler
                0x08002b54                FLASH_IRQHandler
                0x08002b54                DMA2_Stream4_IRQHandler
                0x08002b54                BusFault_Handler
                0x08002b54                USART1_IRQHandler
                0x08002b54                SPI3_IRQHandler
                0x08002b54                DMA1_Stream4_IRQHandler
                0x08002b54                I2C1_ER_IRQHandler
                0x08002b54                DMA2_Stream6_IRQHandler
                0x08002b54                DMA1_Stream3_IRQHandler
 .text.ADS1120_init
                0x08002b5c       0x4c ..\obj\ADS1120.o
                0x08002b5c                ADS1120_init
 .text.SPI2_config
                0x08002ba8      0x170 ..\obj\ADS1120.o
 .text.SPI2_send
                0x08002d18       0x60 ..\obj\ADS1120.o
                0x08002d18                SPI2_send
 .text.SPI2_read
                0x08002d78       0x14 ..\obj\ADS1120.o
                0x08002d78                SPI2_read
 .text.ADS1120_task
                0x08002d8c      0x18c ..\obj\ADS1120.o
 .text.PT100_Code_To_Temperature
                0x08002f18       0xa0 ..\obj\ADS1120.o
                0x08002f18                PT100_Code_To_Temperature
 .text.eMBFuncWriteHoldingRegister
                0x08002fb8       0x84 ..\obj\mbfuncholding.o
                0x08002fb8                eMBFuncWriteHoldingRegister
 .text.eMBFuncWriteMultipleHoldingRegister
                0x0800303c       0xdc ..\obj\mbfuncholding.o
                0x0800303c                eMBFuncWriteMultipleHoldingRegister
 .text.eMBFuncReadHoldingRegister
                0x08003118      0x10c ..\obj\mbfuncholding.o
                0x08003118                eMBFuncReadHoldingRegister
 .text.eMBFuncReadWriteMultipleHoldingRegister
                0x08003224      0x1a0 ..\obj\mbfuncholding.o
                0x08003224                eMBFuncReadWriteMultipleHoldingRegister
 .text.USBD_Init
                0x080033c4       0x58 ..\obj\usbd_core.o
                0x080033c4                USBD_Init
 .text.USBD_DeInit
                0x0800341c       0x18 ..\obj\usbd_core.o
                0x0800341c                USBD_DeInit
 .text.USBD_SetupStage
                0x08003434       0x70 ..\obj\usbd_core.o
 .text.USBD_DataOutStage
                0x080034a4       0xd4 ..\obj\usbd_core.o
 .text.USBD_DataInStage
                0x08003578      0x114 ..\obj\usbd_core.o
 .text.USBD_Reset
                0x0800368c       0x54 ..\obj\usbd_core.o
 .text.USBD_Resume
                0x080036e0       0x2c ..\obj\usbd_core.o
 .text.USBD_Suspend
                0x0800370c       0x2c ..\obj\usbd_core.o
 .text.USBD_SOF
                0x08003738       0x30 ..\obj\usbd_core.o
 .text.USBD_SetCfg
                0x08003768       0x34 ..\obj\usbd_core.o
                0x08003768                USBD_SetCfg
 .text.USBD_ClrCfg
                0x0800379c       0x2c ..\obj\usbd_core.o
                0x0800379c                USBD_ClrCfg
 .text.USBD_IsoINIncomplete
                0x080037c8       0x24 ..\obj\usbd_core.o
 .text.USBD_IsoOUTIncomplete
                0x080037ec       0x24 ..\obj\usbd_core.o
 .text.main     0x08003810       0x68 ..\obj\main.o
                0x08003810                main
 .text.vApplicationMallocFailedHook
                0x08003878        0x8 ..\obj\main.o
                0x08003878                vApplicationMallocFailedHook
 .text.vApplicationStackOverflowHook
                0x08003880        0xc ..\obj\main.o
                0x08003880                vApplicationStackOverflowHook
 .text.vApplicationIdleHook
                0x0800388c       0x18 ..\obj\main.o
                0x0800388c                vApplicationIdleHook
 .text.usMBCRC16
                0x080038a4       0x90 ..\obj\mbcrc.o
                0x080038a4                usMBCRC16
 .text.UKS_Drying_Init
                0x08003934      0x148 ..\obj\uks.o
                0x08003934                UKS_Drying_Init
 .text.UKS_Drying_Task
                0x08003a7c       0x68 ..\obj\uks.o
                0x08003a7c                UKS_Drying_Task
 .text.UKS_Sort_Channels
                0x08003ae4      0x32c ..\obj\uks.o
                0x08003ae4                UKS_Sort_Channels
 .text.UKS_Channel_State_Drying
                0x08003e10      0x164 ..\obj\uks.o
                0x08003e10                UKS_Channel_State_Drying
 .text.RCC_GetClocksFreq
                0x08003f74      0x1d4 ..\obj\stm32f4xx_rcc.o
                0x08003f74                RCC_GetClocksFreq
 .text.RCC_AHB1PeriphClockCmd
                0x08004148       0x5c ..\obj\stm32f4xx_rcc.o
                0x08004148                RCC_AHB1PeriphClockCmd
 .text.RCC_AHB2PeriphClockCmd
                0x080041a4       0x5c ..\obj\stm32f4xx_rcc.o
                0x080041a4                RCC_AHB2PeriphClockCmd
 .text.RCC_APB1PeriphClockCmd
                0x08004200       0x5c ..\obj\stm32f4xx_rcc.o
                0x08004200                RCC_APB1PeriphClockCmd
 .text.RCC_APB2PeriphClockCmd
                0x0800425c       0x5c ..\obj\stm32f4xx_rcc.o
                0x0800425c                RCC_APB2PeriphClockCmd
 .text.RCC_APB1PeriphResetCmd
                0x080042b8       0x5c ..\obj\stm32f4xx_rcc.o
                0x080042b8                RCC_APB1PeriphResetCmd
 .text.RCC_APB2PeriphResetCmd
                0x08004314       0x5c ..\obj\stm32f4xx_rcc.o
                0x08004314                RCC_APB2PeriphResetCmd
 .text.ADC_DeInit
                0x08004370       0x20 ..\obj\stm32f4xx_adc.o
                0x08004370                ADC_DeInit
 .text.ADC_Init
                0x08004390       0xc4 ..\obj\stm32f4xx_adc.o
                0x08004390                ADC_Init
 .text.ADC_StructInit
                0x08004454       0x4c ..\obj\stm32f4xx_adc.o
                0x08004454                ADC_StructInit
 .text.ADC_CommonInit
                0x080044a0       0x60 ..\obj\stm32f4xx_adc.o
                0x080044a0                ADC_CommonInit
 .text.ADC_CommonStructInit
                0x08004500       0x34 ..\obj\stm32f4xx_adc.o
                0x08004500                ADC_CommonStructInit
 .text.ADC_Cmd  0x08004534       0x38 ..\obj\stm32f4xx_adc.o
                0x08004534                ADC_Cmd
 .text.ADC_RegularChannelConfig
                0x0800456c      0x1d0 ..\obj\stm32f4xx_adc.o
                0x0800456c                ADC_RegularChannelConfig
 .text.ADC_GetFlagStatus
                0x0800473c       0x40 ..\obj\stm32f4xx_adc.o
                0x0800473c                ADC_GetFlagStatus
 .text.eMBFuncReadInputRegister
                0x0800477c      0x110 ..\obj\mbfuncinput.o
                0x0800477c                eMBFuncReadInputRegister
 .text.PutChar  0x0800488c       0x24 ..\obj\printf.o
                0x0800488c                PutChar
 .text.PutString
                0x080048b0       0x48 ..\obj\printf.o
                0x080048b0                PutString
 .text.PutUnsignedInt
                0x080048f8       0xbc ..\obj\printf.o
                0x080048f8                PutUnsignedInt
 .text.PutSignedInt
                0x080049b4      0x12c ..\obj\printf.o
                0x080049b4                PutSignedInt
 .text.PutHexa  0x08004ae0       0xe8 ..\obj\printf.o
                0x08004ae0                PutHexa
 .text.vsnprintf
                0x08004bc8      0x2a4 ..\obj\printf.o
                0x08004bc8                vsnprintf
 .text.vsprintf
                0x08004e6c       0x28 ..\obj\printf.o
                0x08004e6c                vsprintf
 .text.sprintf  0x08004e94       0x30 ..\obj\printf.o
                0x08004e94                sprintf
 .text.NVIC_EnableIRQ
                0x08004ec4       0x38 ..\obj\phaze_detector.o
 .text.Phaze_Detector_Init
                0x08004efc      0x174 ..\obj\phaze_detector.o
                0x08004efc                Phaze_Detector_Init
 .text.Set_Heater_Power
                0x08005070       0x58 ..\obj\phaze_detector.o
                0x08005070                Set_Heater_Power
 .text.EXTI0_IRQHandler
                0x080050c8      0x114 ..\obj\phaze_detector.o
                0x080050c8                EXTI0_IRQHandler
 .text.EXTI1_IRQHandler
                0x080051dc       0x38 ..\obj\phaze_detector.o
                0x080051dc                EXTI1_IRQHandler
 .text.Display_Init
                0x08005214       0x4c ..\obj\display.o
                0x08005214                Display_Init
 .text.Display_Task
                0x08005260      0x450 ..\obj\display.o
                0x08005260                Display_Task
 .text.Delay    0x080056b0       0x44 ..\obj\hd44780.o
 .text.HD44780_Init
                0x080056f4      0x110 ..\obj\hd44780.o
                0x080056f4                HD44780_Init
 .text.HD44780_Reinit
                0x08005804      0x100 ..\obj\hd44780.o
                0x08005804                HD44780_Reinit
 .text.HD44780_InitPins
                0x08005904       0x80 ..\obj\hd44780.o
                0x08005904                HD44780_InitPins
 .text.HD44780_Clear
                0x08005984       0x18 ..\obj\hd44780.o
                0x08005984                HD44780_Clear
 .text.HD44780_Cmd
                0x0800599c       0x28 ..\obj\hd44780.o
                0x0800599c                HD44780_Cmd
 .text.HD44780_Data
                0x080059c4       0x28 ..\obj\hd44780.o
                0x080059c4                HD44780_Data
 .text.HD44780_Cmd4bit
                0x080059ec       0xb0 ..\obj\hd44780.o
                0x080059ec                HD44780_Cmd4bit
 .text.HD44780_Cmd8bit
                0x08005a9c       0xb0 ..\obj\hd44780.o
                0x08005a9c                HD44780_Cmd8bit
 .text.HD44780_CursorSet
                0x08005b4c       0x74 ..\obj\hd44780.o
                0x08005b4c                HD44780_CursorSet
 .text.HD44780_Puts
                0x08005bc0      0x114 ..\obj\hd44780.o
                0x08005bc0                HD44780_Puts
 .text.HD44780_DisplayOn
                0x08005cd4       0x38 ..\obj\hd44780.o
                0x08005cd4                HD44780_DisplayOn
 .text.xTaskGenericCreate
                0x08005d0c      0x1f8 ..\obj\tasks.o
                0x08005d0c                xTaskGenericCreate
 .text.vTaskDelay
                0x08005f04       0x5c ..\obj\tasks.o
                0x08005f04                vTaskDelay
 .text.vTaskSuspend
                0x08005f60       0xc0 ..\obj\tasks.o
                0x08005f60                vTaskSuspend
 .text.xTaskIsTaskSuspended
                0x08006020       0x60 ..\obj\tasks.o
                0x08006020                xTaskIsTaskSuspended
 .text.vTaskResume
                0x08006080       0xbc ..\obj\tasks.o
                0x08006080                vTaskResume
 .text.vTaskStartScheduler
                0x0800613c       0x84 ..\obj\tasks.o
                0x0800613c                vTaskStartScheduler
 .text.vTaskSuspendAll
                0x080061c0       0x24 ..\obj\tasks.o
                0x080061c0                vTaskSuspendAll
 .text.xTaskResumeAll
                0x080061e4      0x16c ..\obj\tasks.o
                0x080061e4                xTaskResumeAll
 .text.vTaskIncrementTick
                0x08006350      0x1d0 ..\obj\tasks.o
                0x08006350                vTaskIncrementTick
 .text.vTaskSwitchContext
                0x08006520      0x168 ..\obj\tasks.o
                0x08006520                vTaskSwitchContext
 .text.vTaskPlaceOnEventList
                0x08006688       0x88 ..\obj\tasks.o
                0x08006688                vTaskPlaceOnEventList
 .text.xTaskRemoveFromEventList
                0x08006710       0xd4 ..\obj\tasks.o
                0x08006710                xTaskRemoveFromEventList
 .text.vTaskSetTimeOutState
                0x080067e4       0x40 ..\obj\tasks.o
                0x080067e4                vTaskSetTimeOutState
 .text.xTaskCheckForTimeOut
                0x08006824       0xc4 ..\obj\tasks.o
                0x08006824                xTaskCheckForTimeOut
 .text.vTaskMissedYield
                0x080068e8       0x18 ..\obj\tasks.o
                0x080068e8                vTaskMissedYield
 .text.prvIdleTask
                0x08006900       0x24 ..\obj\tasks.o
 .text.prvInitialiseTCBVariables
                0x08006924       0x7c ..\obj\tasks.o
 .text.prvInitialiseTaskLists
                0x080069a0       0xa4 ..\obj\tasks.o
 .text.prvCheckTasksWaitingTermination
                0x08006a44       0x98 ..\obj\tasks.o
 .text.prvAddCurrentTaskToDelayedList
                0x08006adc       0x8c ..\obj\tasks.o
 .text.prvAllocateTCBAndStack
                0x08006b68       0x74 ..\obj\tasks.o
 .text.prvDeleteTCB
                0x08006bdc       0x20 ..\obj\tasks.o
 .text.xTaskGetCurrentTaskHandle
                0x08006bfc       0x20 ..\obj\tasks.o
                0x08006bfc                xTaskGetCurrentTaskHandle
 .text.vTaskPriorityInherit
                0x08006c1c       0xe8 ..\obj\tasks.o
                0x08006c1c                vTaskPriorityInherit
 .text.vTaskPriorityDisinherit
                0x08006d04       0x90 ..\obj\tasks.o
                0x08006d04                vTaskPriorityDisinherit
 .text.USBD_USR_DeviceDescriptor
                0x08006d94       0x28 ..\obj\usbd_desc.o
                0x08006d94                USBD_USR_DeviceDescriptor
 .text.USBD_USR_LangIDStrDescriptor
                0x08006dbc       0x28 ..\obj\usbd_desc.o
                0x08006dbc                USBD_USR_LangIDStrDescriptor
 .text.USBD_USR_ProductStrDescriptor
                0x08006de4       0x54 ..\obj\usbd_desc.o
                0x08006de4                USBD_USR_ProductStrDescriptor
 .text.USBD_USR_ManufacturerStrDescriptor
                0x08006e38       0x34 ..\obj\usbd_desc.o
                0x08006e38                USBD_USR_ManufacturerStrDescriptor
 .text.USBD_USR_SerialStrDescriptor
                0x08006e6c       0x54 ..\obj\usbd_desc.o
                0x08006e6c                USBD_USR_SerialStrDescriptor
 .text.USBD_USR_ConfigStrDescriptor
                0x08006ec0       0x54 ..\obj\usbd_desc.o
                0x08006ec0                USBD_USR_ConfigStrDescriptor
 .text.USBD_USR_InterfaceStrDescriptor
                0x08006f14       0x54 ..\obj\usbd_desc.o
                0x08006f14                USBD_USR_InterfaceStrDescriptor
 .text.Keyboard_Init
                0x08006f68       0x78 ..\obj\keyboard.o
                0x08006f68                Keyboard_Init
 .text.vKeyboardTask
                0x08006fe0      0x1d0 ..\obj\keyboard.o
 .text.GPIO_Init
                0x080071b0      0x158 ..\obj\stm32f4xx_gpio.o
                0x080071b0                GPIO_Init
 .text.GPIO_StructInit
                0x08007308       0x3c ..\obj\stm32f4xx_gpio.o
                0x08007308                GPIO_StructInit
 .text.GPIO_ReadInputDataBit
                0x08007344       0x40 ..\obj\stm32f4xx_gpio.o
                0x08007344                GPIO_ReadInputDataBit
 .text.GPIO_WriteBit
                0x08007384       0x30 ..\obj\stm32f4xx_gpio.o
                0x08007384                GPIO_WriteBit
 .text.GPIO_PinAFConfig
                0x080073b4       0xb0 ..\obj\stm32f4xx_gpio.o
                0x080073b4                GPIO_PinAFConfig
 .text.xMBPortTimersInit
                0x08007464       0xe0 ..\obj\porttimer.o
                0x08007464                xMBPortTimersInit
 .text.vMBPortTimersEnable
                0x08007544       0x4c ..\obj\porttimer.o
                0x08007544                vMBPortTimersEnable
 .text.vMBPortTimersDisable
                0x08007590       0x4c ..\obj\porttimer.o
                0x08007590                vMBPortTimersDisable
 .text.TIM4_IRQHandler
                0x080075dc       0x24 ..\obj\porttimer.o
                0x080075dc                TIM4_IRQHandler
 .text.VCP_Init
                0x08007600       0x10 ..\obj\usbd_cdc_vcp.o
 .text.VCP_DeInit
                0x08007610       0x10 ..\obj\usbd_cdc_vcp.o
 .text.VCP_Ctrl
                0x08007620       0xbc ..\obj\usbd_cdc_vcp.o
 .text.VCP_DataTx
                0x080076dc       0x84 ..\obj\usbd_cdc_vcp.o
                0x080076dc                VCP_DataTx
 .text.VCP_DataRx
                0x08007760       0xa0 ..\obj\usbd_cdc_vcp.o
                0x08007760                VCP_DataRx
 .text.VCP_get_char
                0x08007800       0x84 ..\obj\usbd_cdc_vcp.o
                0x08007800                VCP_get_char
 .text.vListInitialise
                0x08007884       0x48 ..\obj\list.o
                0x08007884                vListInitialise
 .text.vListInitialiseItem
                0x080078cc       0x1c ..\obj\list.o
                0x080078cc                vListInitialiseItem
 .text.vListInsertEnd
                0x080078e8       0x54 ..\obj\list.o
                0x080078e8                vListInsertEnd
 .text.vListInsert
                0x0800793c       0x78 ..\obj\list.o
                0x0800793c                vListInsert
 .text.vListRemove
                0x080079b4       0x54 ..\obj\list.o
                0x080079b4                vListRemove
 .text.eMBRTUInit
                0x08007a08       0x84 ..\obj\mbrtu.o
                0x08007a08                eMBRTUInit
 .text.eMBRTUStart
                0x08007a8c       0x2c ..\obj\mbrtu.o
                0x08007a8c                eMBRTUStart
 .text.eMBRTUStop
                0x08007ab8       0x20 ..\obj\mbrtu.o
                0x08007ab8                eMBRTUStop
 .text.eMBRTUReceive
                0x08007ad8       0x9c ..\obj\mbrtu.o
                0x08007ad8                eMBRTUReceive
 .text.eMBRTUSend
                0x08007b74      0x124 ..\obj\mbrtu.o
                0x08007b74                eMBRTUSend
 .text.xMBRTUReceiveFSM
                0x08007c98       0xf0 ..\obj\mbrtu.o
                0x08007c98                xMBRTUReceiveFSM
 .text.xMBRTUTransmitFSM
                0x08007d88       0xa4 ..\obj\mbrtu.o
                0x08007d88                xMBRTUTransmitFSM
 .text.xMBRTUTimerT35Expired
                0x08007e2c       0x60 ..\obj\mbrtu.o
                0x08007e2c                xMBRTUTimerT35Expired
 .text.SystemInit
                0x08007e8c       0x94 ..\obj\system_stm32f4xx.o
                0x08007e8c                SystemInit
 .text.SetSysClock
                0x08007f20      0x150 ..\obj\system_stm32f4xx.o
 .text.ADC_Channel_Init
                0x08008070      0x15c ..\obj\adc.o
                0x08008070                ADC_Channel_Init
 .text.bubblesort
                0x080081cc       0xa4 ..\obj\adc.o
                0x080081cc                bubblesort
 .text.ADC_Task
                0x08008270      0x2a0 ..\obj\adc.o
 .text.USB_OTG_BSP_Init
                0x08008510      0x100 ..\obj\usb_bsp.o
                0x08008510                USB_OTG_BSP_Init
 .text.USB_OTG_BSP_EnableInterrupt
                0x08008610       0x3c ..\obj\usb_bsp.o
                0x08008610                USB_OTG_BSP_EnableInterrupt
 .text.USB_OTG_BSP_uDelay
                0x0800864c       0x58 ..\obj\usb_bsp.o
                0x0800864c                USB_OTG_BSP_uDelay
 .text.USB_OTG_BSP_mDelay
                0x080086a4       0x20 ..\obj\usb_bsp.o
                0x080086a4                USB_OTG_BSP_mDelay
 .text.OTG_FS_WKUP_IRQHandler
                0x080086c4       0x44 ..\obj\usb_bsp.o
                0x080086c4                OTG_FS_WKUP_IRQHandler
 .text.OTG_FS_IRQHandler
                0x08008708       0x14 ..\obj\usb_bsp.o
                0x08008708                OTG_FS_IRQHandler
 .text.USBD_StdDevReq
                0x0800871c       0xa4 ..\obj\usbd_req.o
                0x0800871c                USBD_StdDevReq
 .text.USBD_StdItfReq
                0x080087c0       0x70 ..\obj\usbd_req.o
                0x080087c0                USBD_StdItfReq
 .text.USBD_StdEPReq
                0x08008830      0x1d8 ..\obj\usbd_req.o
                0x08008830                USBD_StdEPReq
 .text.USBD_GetDescriptor
                0x08008a08      0x1c8 ..\obj\usbd_req.o
 .text.USBD_SetAddress
                0x08008bd0       0x80 ..\obj\usbd_req.o
 .text.USBD_SetConfig
                0x08008c50      0x134 ..\obj\usbd_req.o
 .text.USBD_GetConfig
                0x08008d84       0x68 ..\obj\usbd_req.o
 .text.USBD_GetStatus
                0x08008dec       0x68 ..\obj\usbd_req.o
 .text.USBD_SetFeature
                0x08008e54       0xe0 ..\obj\usbd_req.o
 .text.USBD_ClrFeature
                0x08008f34       0x58 ..\obj\usbd_req.o
 .text.USBD_ParseSetupRequest
                0x08008f8c       0xbc ..\obj\usbd_req.o
                0x08008f8c                USBD_ParseSetupRequest
 .text.USBD_CtlError
                0x08009048       0x50 ..\obj\usbd_req.o
                0x08009048                USBD_CtlError
 .text.USBD_GetString
                0x08009098       0x9c ..\obj\usbd_req.o
                0x08009098                USBD_GetString
 .text.USBD_GetLen
                0x08009134       0x38 ..\obj\usbd_req.o
 .text.xQueueGenericReset
                0x0800916c       0xc0 ..\obj\queue.o
                0x0800916c                xQueueGenericReset
 .text.xQueueGenericCreate
                0x0800922c       0x90 ..\obj\queue.o
                0x0800922c                xQueueGenericCreate
 .text.xQueueGenericSend
                0x080092bc      0x158 ..\obj\queue.o
                0x080092bc                xQueueGenericSend
 .text.xQueueGenericSendFromISR
                0x08009414       0xcc ..\obj\queue.o
                0x08009414                xQueueGenericSendFromISR
 .text.xQueueGenericReceive
                0x080094e0      0x1bc ..\obj\queue.o
                0x080094e0                xQueueGenericReceive
 .text.prvCopyDataToQueue
                0x0800969c       0xc4 ..\obj\queue.o
 .text.prvCopyDataFromQueue
                0x08009760       0x50 ..\obj\queue.o
 .text.prvUnlockQueue
                0x080097b0       0xa0 ..\obj\queue.o
 .text.prvIsQueueEmpty
                0x08009850       0x2c ..\obj\queue.o
 .text.prvIsQueueFull
                0x0800987c       0x30 ..\obj\queue.o
 .text.pxPortInitialiseStack
                0x080098ac       0x60 ..\obj\port.o
                0x080098ac                pxPortInitialiseStack
 .text.SVC_Handler
                0x0800990c       0x20 ..\obj\port.o
                0x0800990c                SVC_Handler
 .text.vPortStartFirstTask
                0x0800992c       0x14 ..\obj\port.o
                0x0800992c                vPortStartFirstTask
 .text.xPortStartScheduler
                0x08009940       0x54 ..\obj\port.o
                0x08009940                xPortStartScheduler
 .text.vPortYieldFromISR
                0x08009994       0x18 ..\obj\port.o
                0x08009994                vPortYieldFromISR
 .text.vPortEnterCritical
                0x080099ac       0x2c ..\obj\port.o
                0x080099ac                vPortEnterCritical
 .text.vPortExitCritical
                0x080099d8       0x38 ..\obj\port.o
                0x080099d8                vPortExitCritical
 .text.PendSV_Handler
                0x08009a10       0x3c ..\obj\port.o
                0x08009a10                PendSV_Handler
 .text.SysTick_Handler
                0x08009a4c       0x38 ..\obj\port.o
                0x08009a4c                SysTick_Handler
 .text.prvSetupTimerInterrupt
                0x08009a84       0x28 ..\obj\port.o
 .text.USBD_OTG_ISR_Handler
                0x08009aac      0x178 ..\obj\usb_dcd_int.o
                0x08009aac                USBD_OTG_ISR_Handler
 .text.DCD_HandleResume_ISR
                0x08009c24       0x90 ..\obj\usb_dcd_int.o
 .text.DCD_HandleUSBSuspend_ISR
                0x08009cb4       0xb4 ..\obj\usb_dcd_int.o
 .text.DCD_HandleInEP_ISR
                0x08009d68      0x234 ..\obj\usb_dcd_int.o
 .text.DCD_HandleOutEP_ISR
                0x08009f9c      0x1b4 ..\obj\usb_dcd_int.o
 .text.DCD_HandleSof_ISR
                0x0800a150       0x3c ..\obj\usb_dcd_int.o
 .text.DCD_HandleRxStatusQueueLevel_ISR
                0x0800a18c      0x120 ..\obj\usb_dcd_int.o
 .text.DCD_WriteEmptyTxFifo
                0x0800a2ac      0x134 ..\obj\usb_dcd_int.o
 .text.DCD_HandleUsbReset_ISR
                0x0800a3e0      0x168 ..\obj\usb_dcd_int.o
 .text.DCD_HandleEnumDone_ISR
                0x0800a548       0x88 ..\obj\usb_dcd_int.o
 .text.DCD_IsoINIncomplete_ISR
                0x0800a5d0       0x3c ..\obj\usb_dcd_int.o
 .text.DCD_IsoOUTIncomplete_ISR
                0x0800a60c       0x3c ..\obj\usb_dcd_int.o
 .text.DCD_ReadDevInEP
                0x0800a648       0x60 ..\obj\usb_dcd_int.o
 .text.vMBPortSerialEnable
                0x0800a6a8       0x28 ..\obj\portserial.o
                0x0800a6a8                vMBPortSerialEnable
 .text.xMBPortSerialInit
                0x0800a6d0       0x54 ..\obj\portserial.o
                0x0800a6d0                xMBPortSerialInit
 .text.xMBPortSerialGetByte
                0x0800a724       0x28 ..\obj\portserial.o
                0x0800a724                xMBPortSerialGetByte
 .text.Serial_Task
                0x0800a74c       0x2c ..\obj\portserial.o
 .text.usbd_cdc_Init
                0x0800a778       0xd0 ..\obj\usbd_cdc_core.o
 .text.usbd_cdc_DeInit
                0x0800a848       0x4c ..\obj\usbd_cdc_core.o
 .text.usbd_cdc_Setup
                0x0800a894      0x168 ..\obj\usbd_cdc_core.o
 .text.usbd_cdc_EP0_RxReady
                0x0800a9fc       0x60 ..\obj\usbd_cdc_core.o
 .text.usbd_cdc_DataIn
                0x0800aa5c      0x128 ..\obj\usbd_cdc_core.o
 .text.usbd_cdc_DataOut
                0x0800ab84       0x6c ..\obj\usbd_cdc_core.o
 .text.usbd_cdc_SOF
                0x0800abf0       0x50 ..\obj\usbd_cdc_core.o
 .text.Handle_USBAsynchXfer
                0x0800ac40      0x1a8 ..\obj\usbd_cdc_core.o
 .text.USBD_cdc_GetCfgDesc
                0x0800ade8       0x28 ..\obj\usbd_cdc_core.o
 .text.TIMER_PROPERTIES_GetTimerProperties
                0x0800ae10      0x124 ..\obj\timer_properties.o
                0x0800ae10                TIMER_PROPERTIES_GetTimerProperties
 .text.TIMER_PROPERTIES_GenerateDataForWorkingFrequency
                0x0800af34      0x164 ..\obj\timer_properties.o
                0x0800af34                TIMER_PROPERTIES_GenerateDataForWorkingFrequency
 .text.TIMER_PROPERTIES_EnableClock
                0x0800b098      0x198 ..\obj\timer_properties.o
                0x0800b098                TIMER_PROPERTIES_EnableClock
 .text.SPI_Init
                0x0800b230       0x98 ..\obj\stm32f4xx_spi.o
                0x0800b230                SPI_Init
 .text.SPI_Cmd  0x0800b2c8       0x40 ..\obj\stm32f4xx_spi.o
                0x0800b2c8                SPI_Cmd
 .text.SPI_CalculateCRC
                0x0800b308       0x40 ..\obj\stm32f4xx_spi.o
                0x0800b308                SPI_CalculateCRC
 .text.eMBFuncReadCoils
                0x0800b348      0x134 ..\obj\mbfunccoils.o
                0x0800b348                eMBFuncReadCoils
 .text.eMBFuncWriteCoil
                0x0800b47c       0xcc ..\obj\mbfunccoils.o
                0x0800b47c                eMBFuncWriteCoil
 .text.eMBFuncWriteMultipleCoils
                0x0800b548       0xfc ..\obj\mbfunccoils.o
                0x0800b548                eMBFuncWriteMultipleCoils
 .text.EXTI_Init
                0x0800b644      0x158 ..\obj\stm32f4xx_exti.o
                0x0800b644                EXTI_Init
 .text.EXTI_GetITStatus
                0x0800b79c       0x60 ..\obj\stm32f4xx_exti.o
                0x0800b79c                EXTI_GetITStatus
 .text.EXTI_ClearITPendingBit
                0x0800b7fc       0x20 ..\obj\stm32f4xx_exti.o
                0x0800b7fc                EXTI_ClearITPendingBit
 .text.NVIC_PriorityGroupConfig
                0x0800b81c       0x28 ..\obj\misc.o
                0x0800b81c                NVIC_PriorityGroupConfig
 .text.NVIC_Init
                0x0800b844       0xe8 ..\obj\misc.o
                0x0800b844                NVIC_Init
 .text.DCD_Init
                0x0800b92c      0x12c ..\obj\usb_dcd.o
                0x0800b92c                DCD_Init
 .text.DCD_EP_Open
                0x0800ba58       0xac ..\obj\usb_dcd.o
                0x0800ba58                DCD_EP_Open
 .text.DCD_EP_Close
                0x0800bb04       0x7c ..\obj\usb_dcd.o
                0x0800bb04                DCD_EP_Close
 .text.DCD_EP_PrepareRx
                0x0800bb80       0x8c ..\obj\usb_dcd.o
                0x0800bb80                DCD_EP_PrepareRx
 .text.DCD_EP_Tx
                0x0800bc0c       0x84 ..\obj\usb_dcd.o
                0x0800bc0c                DCD_EP_Tx
 .text.DCD_EP_Stall
                0x0800bc90       0x80 ..\obj\usb_dcd.o
                0x0800bc90                DCD_EP_Stall
 .text.DCD_EP_ClrStall
                0x0800bd10       0x80 ..\obj\usb_dcd.o
                0x0800bd10                DCD_EP_ClrStall
 .text.DCD_EP_SetAddress
                0x0800bd90       0x40 ..\obj\usb_dcd.o
                0x0800bd90                DCD_EP_SetAddress
 .text.pvPortMalloc
                0x0800bdd0       0xa4 ..\obj\heap_1.o
                0x0800bdd0                pvPortMalloc
 .text.vPortFree
                0x0800be74       0x14 ..\obj\heap_1.o
                0x0800be74                vPortFree
 .text.xPortGetFreeHeapSize
                0x0800be88       0x1c ..\obj\heap_1.o
                0x0800be88                xPortGetFreeHeapSize
 .text.USBD_CtlSendData
                0x0800bea4       0x48 ..\obj\usbd_ioreq.o
                0x0800bea4                USBD_CtlSendData
 .text.USBD_CtlContinueSendData
                0x0800beec       0x30 ..\obj\usbd_ioreq.o
                0x0800beec                USBD_CtlContinueSendData
 .text.USBD_CtlPrepareRx
                0x0800bf1c       0x48 ..\obj\usbd_ioreq.o
                0x0800bf1c                USBD_CtlPrepareRx
 .text.USBD_CtlContinueRx
                0x0800bf64       0x30 ..\obj\usbd_ioreq.o
                0x0800bf64                USBD_CtlContinueRx
 .text.USBD_CtlSendStatus
                0x0800bf94       0x3c ..\obj\usbd_ioreq.o
                0x0800bf94                USBD_CtlSendStatus
 .text.USBD_CtlReceiveStatus
                0x0800bfd0       0x3c ..\obj\usbd_ioreq.o
                0x0800bfd0                USBD_CtlReceiveStatus
 .text.TIM_TimeBaseInit
                0x0800c00c       0xf8 ..\obj\stm32f4xx_tim.o
                0x0800c00c                TIM_TimeBaseInit
 .text.TIM_SetCounter
                0x0800c104       0x1c ..\obj\stm32f4xx_tim.o
                0x0800c104                TIM_SetCounter
 .text.TIM_ARRPreloadConfig
                0x0800c120       0x40 ..\obj\stm32f4xx_tim.o
                0x0800c120                TIM_ARRPreloadConfig
 .text.TIM_Cmd  0x0800c160       0x40 ..\obj\stm32f4xx_tim.o
                0x0800c160                TIM_Cmd
 .text.TIM_ITConfig
                0x0800c1a0       0x4c ..\obj\stm32f4xx_tim.o
                0x0800c1a0                TIM_ITConfig
 .text.TIM_ClearITPendingBit
                0x0800c1ec       0x24 ..\obj\stm32f4xx_tim.o
                0x0800c1ec                TIM_ClearITPendingBit
 .text.NVIC_SystemReset
                0x0800c210       0x34 ..\obj\power_detector.o
 .text.Power_Detector_Init
                0x0800c244       0x80 ..\obj\power_detector.o
                0x0800c244                Power_Detector_Init
 .text.PVD_IRQHandler
                0x0800c2c4       0x20 ..\obj\power_detector.o
                0x0800c2c4                PVD_IRQHandler
 .text          0x0800c2e4      0x370 c:/coocox/coide/gcc/sourcery g++ lite/bin/../lib/gcc/arm-none-eabi/4.5.1/thumb2\libgcc.a(_arm_addsubdf3.o)
                0x0800c2e4                __aeabi_drsub
                0x0800c2ec                __aeabi_dsub
                0x0800c2ec                __subdf3
                0x0800c2f0                __aeabi_dadd
                0x0800c2f0                __adddf3
                0x0800c568                __floatunsidf
                0x0800c568                __aeabi_ui2d
                0x0800c588                __floatsidf
                0x0800c588                __aeabi_i2d
                0x0800c5ac                __aeabi_f2d
                0x0800c5ac                __extendsfdf2
                0x0800c5e8                __floatundidf
                0x0800c5e8                __aeabi_ul2d
                0x0800c5f8                __floatdidf
                0x0800c5f8                __aeabi_l2d
 .text          0x0800c654      0x424 c:/coocox/coide/gcc/sourcery g++ lite/bin/../lib/gcc/arm-none-eabi/4.5.1/thumb2\libgcc.a(_arm_muldivdf3.o)
                0x0800c654                __aeabi_dmul
                0x0800c654                __muldf3
                0x0800c8a8                __divdf3
                0x0800c8a8                __aeabi_ddiv
 .text          0x0800ca78      0x110 c:/coocox/coide/gcc/sourcery g++ lite/bin/../lib/gcc/arm-none-eabi/4.5.1/thumb2\libgcc.a(_arm_cmpdf2.o)
                0x0800ca78                __gtdf2
                0x0800ca78                __gedf2
                0x0800ca80                __ltdf2
                0x0800ca80                __ledf2
                0x0800ca88                __nedf2
                0x0800ca88                __eqdf2
                0x0800ca88                __cmpdf2
                0x0800cb04                __aeabi_cdrcmple
                0x0800cb14                __aeabi_cdcmpeq
                0x0800cb14                __aeabi_cdcmple
                0x0800cb24                __aeabi_dcmpeq
                0x0800cb38                __aeabi_dcmplt
                0x0800cb4c                __aeabi_dcmple
                0x0800cb60                __aeabi_dcmpge
                0x0800cb74                __aeabi_dcmpgt
 .text          0x0800cb88       0x40 c:/coocox/coide/gcc/sourcery g++ lite/bin/../lib/gcc/arm-none-eabi/4.5.1/thumb2\libgcc.a(_arm_fixunsdfsi.o)
                0x0800cb88                __aeabi_d2uiz
                0x0800cb88                __fixunsdfsi
 .text          0x0800cbc8       0xa0 c:/coocox/coide/gcc/sourcery g++ lite/bin/../lib/gcc/arm-none-eabi/4.5.1/thumb2\libgcc.a(_arm_truncdfsf2.o)
                0x0800cbc8                __truncdfsf2
                0x0800cbc8                __aeabi_d2f
 .text          0x0800cc68      0x21c c:/coocox/coide/gcc/sourcery g++ lite/bin/../lib/gcc/arm-none-eabi/4.5.1/thumb2\libgcc.a(_arm_addsubsf3.o)
                0x0800cc68                __aeabi_frsub
                0x0800cc70                __subsf3
                0x0800cc70                __aeabi_fsub
                0x0800cc74                __aeabi_fadd
                0x0800cc74                __addsf3
                0x0800cdd4                __aeabi_ui2f
                0x0800cdd4                __floatunsisf
                0x0800cddc                __aeabi_i2f
                0x0800cddc                __floatsisf
                0x0800cdf8                __aeabi_ul2f
                0x0800cdf8                __floatundisf
                0x0800ce08                __aeabi_l2f
                0x0800ce08                __floatdisf
 .text          0x0800ce84      0x2a0 c:/coocox/coide/gcc/sourcery g++ lite/bin/../lib/gcc/arm-none-eabi/4.5.1/thumb2\libgcc.a(_arm_muldivsf3.o)
                0x0800ce84                __mulsf3
                0x0800ce84                __aeabi_fmul
                0x0800cfec                __aeabi_fdiv
                0x0800cfec                __divsf3
 .text          0x0800d124       0xec c:/coocox/coide/gcc/sourcery g++ lite/bin/../lib/gcc/arm-none-eabi/4.5.1/thumb2\libgcc.a(_arm_cmpsf2.o)
                0x0800d124                __gesf2
                0x0800d124                __gtsf2
                0x0800d12c                __lesf2
                0x0800d12c                __ltsf2
                0x0800d134                __nesf2
                0x0800d134                __eqsf2
                0x0800d134                __cmpsf2
                0x0800d194                __aeabi_cfrcmple
                0x0800d19c                __aeabi_cfcmpeq
                0x0800d19c                __aeabi_cfcmple
                0x0800d1ac                __aeabi_fcmpeq
                0x0800d1c0                __aeabi_fcmplt
                0x0800d1d4                __aeabi_fcmple
                0x0800d1e8                __aeabi_fcmpge
                0x0800d1fc                __aeabi_fcmpgt
 .text          0x0800d210       0x4c c:/coocox/coide/gcc/sourcery g++ lite/bin/../lib/gcc/arm-none-eabi/4.5.1/thumb2\libgcc.a(_arm_fixsfsi.o)
                0x0800d210                __aeabi_f2iz
                0x0800d210                __fixsfsi
 .text          0x0800d25c       0x40 c:/coocox/coide/gcc/sourcery g++ lite/bin/../lib/gcc/arm-none-eabi/4.5.1/thumb2\libgcc.a(_arm_fixunssfsi.o)
                0x0800d25c                __fixunssfsi
                0x0800d25c                __aeabi_f2uiz
 .text          0x0800d29c       0x58 c:/coocox/coide/gcc/sourcery g++ lite/bin/../lib/gcc/arm-none-eabi/4.5.1/../../../../arm-none-eabi/lib/thumb2\libc.a(lib_a-memcmp.o)
                0x0800d29c                memcmp
 .text          0x0800d2f4      0x150 c:/coocox/coide/gcc/sourcery g++ lite/bin/../lib/gcc/arm-none-eabi/4.5.1/../../../../arm-none-eabi/lib/thumb2\libc.a(lib_a-memcpy.o)
                0x0800d2f4                memcpy
 .text          0x0800d444       0xb4 c:/coocox/coide/gcc/sourcery g++ lite/bin/../lib/gcc/arm-none-eabi/4.5.1/../../../../arm-none-eabi/lib/thumb2\libc.a(lib_a-memset.o)
                0x0800d444                memset
 .text          0x0800d4f8       0x7c c:/coocox/coide/gcc/sourcery g++ lite/bin/../lib/gcc/arm-none-eabi/4.5.1/../../../../arm-none-eabi/lib/thumb2\libc.a(lib_a-strncpy.o)
                0x0800d4f8                strncpy
 *(.glue_7t)
 .glue_7t       0x00000000        0x0 linker stubs
 *(.glue_7)
 .glue_7        0x00000000        0x0 linker stubs
 *(.rodata .rodata* .gnu.linkonce.r.*)
 .rodata        0x0800d574        0x4 ..\obj\pid_regulator.o
 .rodata        0x0800d578        0x8 ..\obj\protocol.o
 .rodata        0x0800d580        0x8 ..\obj\buzzer.o
 .rodata        0x0800d588       0x10 ..\obj\ADS1120.o
 .rodata        0x0800d598      0x200 ..\obj\mbcrc.o
 .rodata        0x0800d798       0x14 ..\obj\uks.o
 .rodata        0x0800d7ac       0x74 ..\obj\display.o
 .rodata        0x0800d820        0x4 ..\obj\hd44780.o
 .rodata        0x0800d824       0x1c ..\obj\tasks.o
 .rodata        0x0800d840       0x98 ..\obj\usbd_desc.o
 .rodata        0x0800d8d8        0xc ..\obj\keyboard.o
 .rodata        0x0800d8e4        0x4 ..\obj\adc.o
 .rodata        0x0800d8e8        0x8 ..\obj\portserial.o

.vfp11_veneer   0x0800d8f0        0x0
 .vfp11_veneer  0x00000000        0x0 linker stubs

.v4_bx          0x0800d8f0        0x0
 .v4_bx         0x00000000        0x0 linker stubs

.ARM.extab
 *(.ARM.extab* .gnu.linkonce.armextab.*)

.ARM.exidx
 *(.ARM.exidx* .gnu.linkonce.armexidx.*)
                0x0800d8f0                . = ALIGN (0x4)
                0x0800d8f0                _etext = .
                0x0800d8f0                _sidata = .

.data           0x20000000      0x200 load address 0x0800d8f0
                0x20000000                _sdata = .
 *(.data .data.*)
 .data          0x20000000        0xc ..\obj\mbport.o
                0x20000000                usRegHoldingBuf
                0x20000004                REG_INPUT_START
                0x20000005                REG_HOLDING_START
                0x20000006                REG_INPUT_NREGS
                0x20000007                REG_HOLDING_NREGS
                0x20000008                usRegInputStart
                0x20000009                usRegHoldingStart
 .data          0x2000000c       0x84 ..\obj\mb.o
 .data          0x20000090       0x1c ..\obj\usbd_usr.o
                0x20000090                USR_cb
 .data          0x200000ac       0x30 ..\obj\usbd_core.o
                0x200000ac                USBD_DCD_INT_cb
                0x200000d8                USBD_DCD_INT_fops
 .data          0x200000dc       0x10 ..\obj\stm32f4xx_rcc.o
 .data          0x200000ec       0x30 ..\obj\display.o
                0x200000ec                drying_states
 .data          0x2000011c        0x4 ..\obj\tasks.o
 .data          0x20000120       0x40 ..\obj\usbd_desc.o
                0x20000120                USR_desc
                0x2000013c                USBD_DeviceDesc
                0x20000150                USBD_DeviceQualifierDesc
                0x2000015c                USBD_LangIDDesc
 .data          0x20000160       0x14 ..\obj\usbd_cdc_vcp.o
                0x20000160                VCP_fops
 .data          0x20000174       0x14 ..\obj\system_stm32f4xx.o
                0x20000174                SystemCoreClock
                0x20000178                AHBPrescTable
 .data          0x20000188        0x4 ..\obj\port.o
 .data          0x2000018c       0x74 ..\obj\usbd_cdc_core.o
                0x2000018c                usbd_cdc_CfgDesc
                0x200001d4                USBD_CDC_cb
                0x20000200                . = ALIGN (0x4)
                0x20000200                _edata = .

.bss            0x20000200     0x34ac load address 0x0800daf0
                0x20000200                _sbss = .
 *(.bss .bss.*)
 .bss           0x20000200       0x10 ..\obj\delay.o
                0x20000200                TimingDelay
                0x20000204                Time
                0x20000208                Time2
                0x2000020c                DELAY_Initialized
 .bss           0x20000210       0x80 ..\obj\mbport.o
 .bss           0x20000290       0x24 ..\obj\mb.o
 .bss           0x200002b4        0x4 ..\obj\pid_regulator.o
 .bss           0x200002b8        0x2 ..\obj\portevent.o
 *fill*         0x200002ba        0x2 00
 .bss           0x200002bc       0x24 ..\obj\mbfuncother.o
 .bss           0x200002e0        0x8 ..\obj\phaze_detector.o
 .bss           0x200002e8       0x24 ..\obj\display.o
 .bss           0x2000030c      0x100 ..\obj\tasks.o
                0x2000030c                pxCurrentTCB
 .bss           0x2000040c        0x2 ..\obj\keyboard.o
 *fill*         0x2000040e        0x2 00
 .bss           0x20000410        0xc ..\obj\mbrtu.o
 .bss           0x2000041c       0x10 ..\obj\usbd_req.o
                0x2000041c                USBD_ep_status
                0x20000420                USBD_default_cfg
                0x20000424                USBD_cfg_status
 .bss           0x2000042c        0x1 ..\obj\portserial.o
 *fill*         0x2000042d        0x3 00
 .bss           0x20000430       0x20 ..\obj\usbd_cdc_core.o
                0x20000434                APP_Rx_ptr_in
                0x20000438                APP_Rx_ptr_out
                0x2000043c                APP_Rx_length
                0x20000440                USB_Tx_State
 .bss           0x20000450     0x1c08 ..\obj\heap_1.o
 *(COMMON)
 COMMON         0x20002058       0x14 ..\obj\mb.o
                0x20002058                pxMBFrameCBTransmitterEmpty
                0x2000205c                pxMBPortCBTimerExpired
                0x20002060                pxMBFrameCBByteReceived
                0x20002064                pxMBFrameCBTransmitFSMCur
                0x20002068                pxMBFrameCBReceiveFSMCur
 COMMON         0x2000206c       0x1c ..\obj\pid_regulator.o
                0x2000206c                pid_heater
 COMMON         0x20002088        0x6 ..\obj\buzzer.o
                0x20002088                xBuzzer_Handle
                0x2000208c                buzz
 *fill*         0x2000208e        0x2 00
 COMMON         0x20002090       0x10 ..\obj\ADS1120.o
                0x20002090                ADC_result
                0x20002094                adc_reg
                0x20002098                xSPI_Buf_Mutex
                0x2000209c                ADC_result_temp
 COMMON         0x200020a0      0x5f0 ..\obj\main.o
                0x200020a0                USB_OTG_dev
 COMMON         0x20002690      0x4bc ..\obj\uks.o
                0x20002690                uks_channels
 COMMON         0x20002b4c        0xa ..\obj\phaze_detector.o
                0x20002b4c                xPhazeSemaphore
                0x20002b50                phaze_detect
 *fill*         0x20002b56        0x2 00
 COMMON         0x20002b58       0x10 ..\obj\watchdog.o
                0x20002b58                task_watches
 COMMON         0x20002b68        0x7 ..\obj\hd44780.o
                0x20002b68                HD44780_Opts
 *fill*         0x20002b6f        0x1 00
 COMMON         0x20002b70       0x88 ..\obj\usbd_cdc_vcp.o
                0x20002b70                APP_Tx_Buffer
                0x20002bf0                APP_tx_ptr_tail
                0x20002bf4                APP_tx_ptr_head
 COMMON         0x20002bf8      0x100 ..\obj\mbrtu.o
                0x20002bf8                ucRTUBuf
 COMMON         0x20002cf8       0xf2 ..\obj\adc.o
                0x20002cf8                xMeasure_LM35_Semaphore
                0x20002cfc                adc_lm35_chnl
 *fill*         0x20002dea        0x2 00
 COMMON         0x20002dec       0x32 ..\obj\usbd_req.o
                0x20002dec                USBD_StrDesc
 *fill*         0x20002e1e        0x2 00
 COMMON         0x20002e20      0x88c ..\obj\usbd_cdc_core.o
                0x20002e20                usbd_cdc_OtherCfgDesc
                0x20002e64                USB_Rx_Buffer
                0x20002ea4                CmdBuff
                0x20002eac                APP_Rx_Buffer
                0x200036ac                . = ALIGN (0x4)
                0x200036ac                _ebss = .

.co_stack       0x200036ac      0x804 load address 0x08010f9c
                0x200036b0                . = ALIGN (0x8)
 *fill*         0x200036ac        0x4 00
 *(.co_stack .co_stack.*)
 .co_stack      0x200036b0      0x800 ..\obj\startup_stm32f4xx.o
                0x200036b0                pulStack
                0x20003eb0                . = ALIGN (0x4)
                0x20003eb0                _end = .
LOAD ..\obj\stm32f4xx_syscfg.o
LOAD ..\obj\usb_core.o
LOAD ..\obj\delay.o
LOAD ..\obj\mbport.o
LOAD ..\obj\mb.o
LOAD ..\obj\pid_regulator.o
LOAD ..\obj\protocol.o
LOAD ..\obj\mbfuncdisc.o
LOAD ..\obj\usbd_usr.o
LOAD ..\obj\portevent.o
LOAD ..\obj\buzzer.o
LOAD ..\obj\mbfuncother.o
LOAD ..\obj\stm32f4xx_usart.o
LOAD ..\obj\stm32f4xx_pwr.o
LOAD ..\obj\rtc.o
LOAD ..\obj\mbutils.o
LOAD ..\obj\startup_stm32f4xx.o
LOAD ..\obj\backup_sram.o
LOAD ..\obj\stm32f4xx_iwdg.o
LOAD ..\obj\ADS1120.o
LOAD ..\obj\mbfuncholding.o
LOAD ..\obj\usbd_core.o
LOAD ..\obj\main.o
LOAD ..\obj\mbcrc.o
LOAD ..\obj\uks.o
LOAD ..\obj\stm32f4xx_rcc.o
LOAD ..\obj\timers.o
LOAD ..\obj\stm32f4xx_adc.o
LOAD ..\obj\mbfuncinput.o
LOAD ..\obj\printf.o
LOAD ..\obj\phaze_detector.o
LOAD ..\obj\watchdog.o
LOAD ..\obj\mbfuncdiag.o
LOAD ..\obj\display.o
LOAD ..\obj\hd44780.o
LOAD ..\obj\tasks.o
LOAD ..\obj\usbd_desc.o
LOAD ..\obj\keyboard.o
LOAD ..\obj\stm32f4xx_gpio.o
LOAD ..\obj\porttimer.o
LOAD ..\obj\usbd_cdc_vcp.o
LOAD ..\obj\list.o
LOAD ..\obj\mbrtu.o
LOAD ..\obj\system_stm32f4xx.o
LOAD ..\obj\syscalls.o
LOAD ..\obj\adc.o
LOAD ..\obj\usb_bsp.o
LOAD ..\obj\usbd_req.o
LOAD ..\obj\queue.o
LOAD ..\obj\port.o
LOAD ..\obj\usb_dcd_int.o
LOAD ..\obj\portserial.o
LOAD ..\obj\usbd_cdc_core.o
LOAD ..\obj\croutine.o
LOAD ..\obj\timer_properties.o
LOAD ..\obj\stm32f4xx_spi.o
LOAD ..\obj\mbfunccoils.o
LOAD ..\obj\stm32f4xx_exti.o
LOAD ..\obj\misc.o
LOAD ..\obj\usb_dcd.o
LOAD ..\obj\heap_1.o
LOAD ..\obj\stm32f4xx_rtc.o
LOAD ..\obj\usbd_ioreq.o
LOAD ..\obj\mbascii.o
LOAD ..\obj\stm32f4xx_tim.o
LOAD ..\obj\power_detector.o
LOAD c:/coocox/coide/gcc/sourcery g++ lite/bin/../lib/gcc/arm-none-eabi/4.5.1/../../../../arm-none-eabi/lib/thumb2\libm.a
LOAD c:/coocox/coide/gcc/sourcery g++ lite/bin/../lib/gcc/arm-none-eabi/4.5.1/thumb2\libgcc.a
LOAD c:/coocox/coide/gcc/sourcery g++ lite/bin/../lib/gcc/arm-none-eabi/4.5.1/../../../../arm-none-eabi/lib/thumb2\libc.a
START GROUP
LOAD c:/coocox/coide/gcc/sourcery g++ lite/bin/../lib/gcc/arm-none-eabi/4.5.1/thumb2\libgcc.a
LOAD c:/coocox/coide/gcc/sourcery g++ lite/bin/../lib/gcc/arm-none-eabi/4.5.1/../../../../arm-none-eabi/lib/thumb2\libc.a
END GROUP
OUTPUT(stm32f2_uks.elf elf32-littlearm)

.debug_abbrev   0x00000000     0x54b3
 .debug_abbrev  0x00000000      0x12a ..\obj\stm32f4xx_syscfg.o
 .debug_abbrev  0x0000012a      0x277 ..\obj\usb_core.o
 .debug_abbrev  0x000003a1      0x125 ..\obj\delay.o
 .debug_abbrev  0x000004c6      0x19f ..\obj\mbport.o
 .debug_abbrev  0x00000665      0x164 ..\obj\mb.o
 .debug_abbrev  0x000007c9      0x1be ..\obj\pid_regulator.o
 .debug_abbrev  0x00000987       0xc3 ..\obj\protocol.o
 .debug_abbrev  0x00000a4a       0xa5 ..\obj\mbfuncdisc.o
 .debug_abbrev  0x00000aef       0xd9 ..\obj\usbd_usr.o
 .debug_abbrev  0x00000bc8       0xbc ..\obj\portevent.o
 .debug_abbrev  0x00000c84      0x14a ..\obj\buzzer.o
 .debug_abbrev  0x00000dce       0xbe ..\obj\mbfuncother.o
 .debug_abbrev  0x00000e8c      0x14e ..\obj\stm32f4xx_usart.o
 .debug_abbrev  0x00000fda      0x175 ..\obj\stm32f4xx_pwr.o
 .debug_abbrev  0x0000114f      0x125 ..\obj\rtc.o
 .debug_abbrev  0x00001274       0xd2 ..\obj\mbutils.o
 .debug_abbrev  0x00001346       0xac ..\obj\startup_stm32f4xx.o
 .debug_abbrev  0x000013f2       0xee ..\obj\backup_sram.o
 .debug_abbrev  0x000014e0       0xfa ..\obj\stm32f4xx_iwdg.o
 .debug_abbrev  0x000015da      0x18d ..\obj\ADS1120.o
 .debug_abbrev  0x00001767       0xa5 ..\obj\mbfuncholding.o
 .debug_abbrev  0x0000180c      0x1f4 ..\obj\usbd_core.o
 .debug_abbrev  0x00001a00      0x1cd ..\obj\main.o
 .debug_abbrev  0x00001bcd       0xa8 ..\obj\mbcrc.o
 .debug_abbrev  0x00001c75      0x158 ..\obj\uks.o
 .debug_abbrev  0x00001dcd      0x1b7 ..\obj\stm32f4xx_rcc.o
 .debug_abbrev  0x00001f84       0x28 ..\obj\timers.o
 .debug_abbrev  0x00001fac      0x189 ..\obj\stm32f4xx_adc.o
 .debug_abbrev  0x00002135       0xa5 ..\obj\mbfuncinput.o
 .debug_abbrev  0x000021da      0x238 ..\obj\printf.o
 .debug_abbrev  0x00002412      0x1ac ..\obj\phaze_detector.o
 .debug_abbrev  0x000025be      0x108 ..\obj\watchdog.o
 .debug_abbrev  0x000026c6        0x1 ..\obj\mbfuncdiag.o
 .debug_abbrev  0x000026c7      0x15d ..\obj\display.o
 .debug_abbrev  0x00002824      0x1d9 ..\obj\hd44780.o
 .debug_abbrev  0x000029fd      0x193 ..\obj\tasks.o
 .debug_abbrev  0x00002b90      0x10c ..\obj\usbd_desc.o
 .debug_abbrev  0x00002c9c      0x179 ..\obj\keyboard.o
 .debug_abbrev  0x00002e15      0x182 ..\obj\stm32f4xx_gpio.o
 .debug_abbrev  0x00002f97      0x137 ..\obj\porttimer.o
 .debug_abbrev  0x000030ce      0x143 ..\obj\usbd_cdc_vcp.o
 .debug_abbrev  0x00003211       0xb6 ..\obj\list.o
 .debug_abbrev  0x000032c7      0x1bc ..\obj\mbrtu.o
 .debug_abbrev  0x00003483      0x140 ..\obj\system_stm32f4xx.o
 .debug_abbrev  0x000035c3       0xde ..\obj\syscalls.o
 .debug_abbrev  0x000036a1      0x1a4 ..\obj\adc.o
 .debug_abbrev  0x00003845      0x1db ..\obj\usb_bsp.o
 .debug_abbrev  0x00003a20      0x253 ..\obj\usbd_req.o
 .debug_abbrev  0x00003c73      0x109 ..\obj\queue.o
 .debug_abbrev  0x00003d7c      0x120 ..\obj\port.o
 .debug_abbrev  0x00003e9c      0x210 ..\obj\usb_dcd_int.o
 .debug_abbrev  0x000040ac      0x1c2 ..\obj\portserial.o
 .debug_abbrev  0x0000426e      0x1e1 ..\obj\usbd_cdc_core.o
 .debug_abbrev  0x0000444f      0x186 ..\obj\croutine.o
 .debug_abbrev  0x000045d5      0x106 ..\obj\timer_properties.o
 .debug_abbrev  0x000046db      0x160 ..\obj\stm32f4xx_spi.o
 .debug_abbrev  0x0000483b       0xb7 ..\obj\mbfunccoils.o
 .debug_abbrev  0x000048f2      0x198 ..\obj\stm32f4xx_exti.o
 .debug_abbrev  0x00004a8a      0x126 ..\obj\misc.o
 .debug_abbrev  0x00004bb0      0x208 ..\obj\usb_dcd.o
 .debug_abbrev  0x00004db8      0x116 ..\obj\heap_1.o
 .debug_abbrev  0x00004ece      0x16b ..\obj\stm32f4xx_rtc.o
 .debug_abbrev  0x00005039      0x165 ..\obj\usbd_ioreq.o
 .debug_abbrev  0x0000519e       0x4d ..\obj\mbascii.o
 .debug_abbrev  0x000051eb      0x163 ..\obj\stm32f4xx_tim.o
 .debug_abbrev  0x0000534e      0x165 ..\obj\power_detector.o

.debug_info     0x00000000    0x20b5a
 .debug_info    0x00000000      0x27a ..\obj\stm32f4xx_syscfg.o
 .debug_info    0x0000027a     0x27fc ..\obj\usb_core.o
 .debug_info    0x00002a76      0x777 ..\obj\delay.o
 .debug_info    0x000031ed      0x5ca ..\obj\mbport.o
 .debug_info    0x000037b7      0x62f ..\obj\mb.o
 .debug_info    0x00003de6      0x652 ..\obj\pid_regulator.o
 .debug_info    0x00004438      0x165 ..\obj\protocol.o
 .debug_info    0x0000459d      0x1ee ..\obj\mbfuncdisc.o
 .debug_info    0x0000478b      0x1c5 ..\obj\usbd_usr.o
 .debug_info    0x00004950      0x188 ..\obj\portevent.o
 .debug_info    0x00004ad8      0x45f ..\obj\buzzer.o
 .debug_info    0x00004f37      0x25c ..\obj\mbfuncother.o
 .debug_info    0x00005193      0xa4f ..\obj\stm32f4xx_usart.o
 .debug_info    0x00005be2      0x53e ..\obj\stm32f4xx_pwr.o
 .debug_info    0x00006120      0x296 ..\obj\rtc.o
 .debug_info    0x000063b6      0x2c6 ..\obj\mbutils.o
 .debug_info    0x0000667c      0x147 ..\obj\startup_stm32f4xx.o
 .debug_info    0x000067c3      0x237 ..\obj\backup_sram.o
 .debug_info    0x000069fa      0x20b ..\obj\stm32f4xx_iwdg.o
 .debug_info    0x00006c05      0x75e ..\obj\ADS1120.o
 .debug_info    0x00007363      0x383 ..\obj\mbfuncholding.o
 .debug_info    0x000076e6      0xff8 ..\obj\usbd_core.o
 .debug_info    0x000086de      0xd37 ..\obj\main.o
 .debug_info    0x00009415      0x166 ..\obj\mbcrc.o
 .debug_info    0x0000957b      0x482 ..\obj\uks.o
 .debug_info    0x000099fd      0xd24 ..\obj\stm32f4xx_rcc.o
 .debug_info    0x0000a721       0x4c ..\obj\timers.o
 .debug_info    0x0000a76d      0xcf5 ..\obj\stm32f4xx_adc.o
 .debug_info    0x0000b462      0x1e0 ..\obj\mbfuncinput.o
 .debug_info    0x0000b642      0xed2 ..\obj\printf.o
 .debug_info    0x0000c514      0x91d ..\obj\phaze_detector.o
 .debug_info    0x0000ce31      0x18a ..\obj\watchdog.o
 .debug_info    0x0000cfbb        0x0 ..\obj\mbfuncdiag.o
 .debug_info    0x0000cfbb      0x360 ..\obj\display.o
 .debug_info    0x0000d31b      0x90c ..\obj\hd44780.o
 .debug_info    0x0000dc27      0xd75 ..\obj\tasks.o
 .debug_info    0x0000e99c      0x3a7 ..\obj\usbd_desc.o
 .debug_info    0x0000ed43      0x4e2 ..\obj\keyboard.o
 .debug_info    0x0000f225      0x639 ..\obj\stm32f4xx_gpio.o
 .debug_info    0x0000f85e      0x6e8 ..\obj\porttimer.o
 .debug_info    0x0000ff46      0x3a6 ..\obj\usbd_cdc_vcp.o
 .debug_info    0x000102ec      0x2a6 ..\obj\list.o
 .debug_info    0x00010592      0xf98 ..\obj\mbrtu.o
 .debug_info    0x0001152a      0x5ea ..\obj\system_stm32f4xx.o
 .debug_info    0x00011b14      0x440 ..\obj\syscalls.o
 .debug_info    0x00011f54      0x7a7 ..\obj\adc.o
 .debug_info    0x000126fb     0x113d ..\obj\usb_bsp.o
 .debug_info    0x00013838     0x111b ..\obj\usbd_req.o
 .debug_info    0x00014953      0x7c1 ..\obj\queue.o
 .debug_info    0x00015114      0x1d7 ..\obj\port.o
 .debug_info    0x000152eb     0x2027 ..\obj\usb_dcd_int.o
 .debug_info    0x00017312      0xdae ..\obj\portserial.o
 .debug_info    0x000180c0     0x1109 ..\obj\usbd_cdc_core.o
 .debug_info    0x000191c9      0x4af ..\obj\croutine.o
 .debug_info    0x00019678      0x4d1 ..\obj\timer_properties.o
 .debug_info    0x00019b49      0xbcc ..\obj\stm32f4xx_spi.o
 .debug_info    0x0001a715      0x313 ..\obj\mbfunccoils.o
 .debug_info    0x0001aa28      0x372 ..\obj\stm32f4xx_exti.o
 .debug_info    0x0001ad9a      0x594 ..\obj\misc.o
 .debug_info    0x0001b32e     0x1184 ..\obj\usb_dcd.o
 .debug_info    0x0001c4b2      0x186 ..\obj\heap_1.o
 .debug_info    0x0001c638     0x1223 ..\obj\stm32f4xx_rtc.o
 .debug_info    0x0001d85b      0xde4 ..\obj\usbd_ioreq.o
 .debug_info    0x0001e63f       0x9b ..\obj\mbascii.o
 .debug_info    0x0001e6da     0x1e28 ..\obj\stm32f4xx_tim.o
 .debug_info    0x00020502      0x658 ..\obj\power_detector.o

.debug_line     0x00000000     0xbfe3
 .debug_line    0x00000000      0x1e7 ..\obj\stm32f4xx_syscfg.o
 .debug_line    0x000001e7      0x6b4 ..\obj\usb_core.o
 .debug_line    0x0000089b      0x2a5 ..\obj\delay.o
 .debug_line    0x00000b40      0x31c ..\obj\mbport.o
 .debug_line    0x00000e5c      0x2df ..\obj\mb.o
 .debug_line    0x0000113b      0x3b1 ..\obj\pid_regulator.o
 .debug_line    0x000014ec      0x1f0 ..\obj\protocol.o
 .debug_line    0x000016dc      0x1f0 ..\obj\mbfuncdisc.o
 .debug_line    0x000018cc      0x1b1 ..\obj\usbd_usr.o
 .debug_line    0x00001a7d      0x1e5 ..\obj\portevent.o
 .debug_line    0x00001c62      0x2c9 ..\obj\buzzer.o
 .debug_line    0x00001f2b      0x25c ..\obj\mbfuncother.o
 .debug_line    0x00002187      0x478 ..\obj\stm32f4xx_usart.o
 .debug_line    0x000025ff      0x284 ..\obj\stm32f4xx_pwr.o
 .debug_line    0x00002883      0x21a ..\obj\rtc.o
 .debug_line    0x00002a9d      0x264 ..\obj\mbutils.o
 .debug_line    0x00002d01       0xa6 ..\obj\startup_stm32f4xx.o
 .debug_line    0x00002da7      0x1e9 ..\obj\backup_sram.o
 .debug_line    0x00002f90      0x1de ..\obj\stm32f4xx_iwdg.o
 .debug_line    0x0000316e      0x37a ..\obj\ADS1120.o
 .debug_line    0x000034e8      0x27e ..\obj\mbfuncholding.o
 .debug_line    0x00003766      0x305 ..\obj\usbd_core.o
 .debug_line    0x00003a6b      0x2c1 ..\obj\main.o
 .debug_line    0x00003d2c      0x17a ..\obj\mbcrc.o
 .debug_line    0x00003ea6      0x34d ..\obj\uks.o
 .debug_line    0x000041f3      0x574 ..\obj\stm32f4xx_rcc.o
 .debug_line    0x00004767       0x1d ..\obj\timers.o
 .debug_line    0x00004784      0x528 ..\obj\stm32f4xx_adc.o
 .debug_line    0x00004cac      0x1e6 ..\obj\mbfuncinput.o
 .debug_line    0x00004e92      0x3c6 ..\obj\printf.o
 .debug_line    0x00005258      0x38b ..\obj\phaze_detector.o
 .debug_line    0x000055e3      0x1b0 ..\obj\watchdog.o
 .debug_line    0x00005793        0x0 ..\obj\mbfuncdiag.o
 .debug_line    0x00005793      0x233 ..\obj\display.o
 .debug_line    0x000059c6      0x43f ..\obj\hd44780.o
 .debug_line    0x00005e05      0x792 ..\obj\tasks.o
 .debug_line    0x00006597      0x1f7 ..\obj\usbd_desc.o
 .debug_line    0x0000678e      0x25f ..\obj\keyboard.o
 .debug_line    0x000069ed      0x313 ..\obj\stm32f4xx_gpio.o
 .debug_line    0x00006d00      0x2c4 ..\obj\porttimer.o
 .debug_line    0x00006fc4      0x20d ..\obj\usbd_cdc_vcp.o
 .debug_line    0x000071d1      0x1a6 ..\obj\list.o
 .debug_line    0x00007377      0x2eb ..\obj\mbrtu.o
 .debug_line    0x00007662      0x200 ..\obj\system_stm32f4xx.o
 .debug_line    0x00007862      0x194 ..\obj\syscalls.o
 .debug_line    0x000079f6      0x3d8 ..\obj\adc.o
 .debug_line    0x00007dce      0x2a0 ..\obj\usb_bsp.o
 .debug_line    0x0000806e      0x3c1 ..\obj\usbd_req.o
 .debug_line    0x0000842f      0x4ff ..\obj\queue.o
 .debug_line    0x0000892e      0x1bd ..\obj\port.o
 .debug_line    0x00008aeb      0x3b0 ..\obj\usb_dcd_int.o
 .debug_line    0x00008e9b      0x282 ..\obj\portserial.o
 .debug_line    0x0000911d      0x2b5 ..\obj\usbd_cdc_core.o
 .debug_line    0x000093d2      0x274 ..\obj\croutine.o
 .debug_line    0x00009646      0x2e1 ..\obj\timer_properties.o
 .debug_line    0x00009927      0x428 ..\obj\stm32f4xx_spi.o
 .debug_line    0x00009d4f      0x256 ..\obj\mbfunccoils.o
 .debug_line    0x00009fa5      0x27d ..\obj\stm32f4xx_exti.o
 .debug_line    0x0000a222      0x219 ..\obj\misc.o
 .debug_line    0x0000a43b      0x323 ..\obj\usb_dcd.o
 .debug_line    0x0000a75e      0x135 ..\obj\heap_1.o
 .debug_line    0x0000a893      0x7eb ..\obj\stm32f4xx_rtc.o
 .debug_line    0x0000b07e      0x20d ..\obj\usbd_ioreq.o
 .debug_line    0x0000b28b       0xd5 ..\obj\mbascii.o
 .debug_line    0x0000b360      0xa4d ..\obj\stm32f4xx_tim.o
 .debug_line    0x0000bdad      0x236 ..\obj\power_detector.o

.debug_loc      0x00000000     0x959b
 .debug_loc     0x00000000      0x144 ..\obj\stm32f4xx_syscfg.o
 .debug_loc     0x00000144      0x7e0 ..\obj\usb_core.o
 .debug_loc     0x00000924       0xe8 ..\obj\delay.o
 .debug_loc     0x00000a0c      0x138 ..\obj\mbport.o
 .debug_loc     0x00000b44      0x150 ..\obj\mb.o
 .debug_loc     0x00000c94      0x10c ..\obj\pid_regulator.o
 .debug_loc     0x00000da0       0x70 ..\obj\protocol.o
 .debug_loc     0x00000e10       0x38 ..\obj\mbfuncdisc.o
 .debug_loc     0x00000e48       0xe8 ..\obj\usbd_usr.o
 .debug_loc     0x00000f30       0x9c ..\obj\portevent.o
 .debug_loc     0x00000fcc       0xa8 ..\obj\buzzer.o
 .debug_loc     0x00001074       0x70 ..\obj\mbfuncother.o
 .debug_loc     0x000010e4      0x658 ..\obj\stm32f4xx_usart.o
 .debug_loc     0x0000173c      0x288 ..\obj\stm32f4xx_pwr.o
 .debug_loc     0x000019c4       0x70 ..\obj\rtc.o
 .debug_loc     0x00001a34       0xa8 ..\obj\mbutils.o
 .debug_loc     0x00001adc       0x64 ..\obj\startup_stm32f4xx.o
 .debug_loc     0x00001b40       0xd4 ..\obj\backup_sram.o
 .debug_loc     0x00001c14      0x138 ..\obj\stm32f4xx_iwdg.o
 .debug_loc     0x00001d4c      0x144 ..\obj\ADS1120.o
 .debug_loc     0x00001e90       0xe0 ..\obj\mbfuncholding.o
 .debug_loc     0x00001f70      0x2d8 ..\obj\usbd_core.o
 .debug_loc     0x00002248      0x10c ..\obj\main.o
 .debug_loc     0x00002354       0x38 ..\obj\mbcrc.o
 .debug_loc     0x0000238c       0xe0 ..\obj\uks.o
 .debug_loc     0x0000246c      0x97c ..\obj\stm32f4xx_rcc.o
 .debug_loc     0x00002de8      0x838 ..\obj\stm32f4xx_adc.o
 .debug_loc     0x00003620       0x38 ..\obj\mbfuncinput.o
 .debug_loc     0x00003658      0x3ea ..\obj\printf.o
 .debug_loc     0x00003a42      0x100 ..\obj\phaze_detector.o
 .debug_loc     0x00003b42       0x70 ..\obj\watchdog.o
 .debug_loc     0x00003bb2       0x70 ..\obj\display.o
 .debug_loc     0x00003c22      0x42c ..\obj\hd44780.o
 .debug_loc     0x0000404e      0x708 ..\obj\tasks.o
 .debug_loc     0x00004756      0x188 ..\obj\usbd_desc.o
 .debug_loc     0x000048de       0x70 ..\obj\keyboard.o
 .debug_loc     0x0000494e      0x310 ..\obj\stm32f4xx_gpio.o
 .debug_loc     0x00004c5e       0xbc ..\obj\porttimer.o
 .debug_loc     0x00004d1a      0x138 ..\obj\usbd_cdc_vcp.o
 .debug_loc     0x00004e52      0x118 ..\obj\list.o
 .debug_loc     0x00004f6a      0x1a8 ..\obj\mbrtu.o
 .debug_loc     0x00005112       0x9c ..\obj\system_stm32f4xx.o
 .debug_loc     0x000051ae      0x1ec ..\obj\syscalls.o
 .debug_loc     0x0000539a       0xa9 ..\obj\adc.o
 .debug_loc     0x00005443      0x138 ..\obj\usb_bsp.o
 .debug_loc     0x0000557b      0x310 ..\obj\usbd_req.o
 .debug_loc     0x0000588b      0x3b8 ..\obj\queue.o
 .debug_loc     0x00005c43      0x178 ..\obj\port.o
 .debug_loc     0x00005dbb      0x2d8 ..\obj\usb_dcd_int.o
 .debug_loc     0x00006093      0x170 ..\obj\portserial.o
 .debug_loc     0x00006203      0x224 ..\obj\usbd_cdc_core.o
 .debug_loc     0x00006427      0x188 ..\obj\croutine.o
 .debug_loc     0x000065af       0xe0 ..\obj\timer_properties.o
 .debug_loc     0x0000668f      0x578 ..\obj\stm32f4xx_spi.o
 .debug_loc     0x00006c07       0xa8 ..\obj\mbfunccoils.o
 .debug_loc     0x00006caf      0x1b4 ..\obj\stm32f4xx_exti.o
 .debug_loc     0x00006e63      0x118 ..\obj\misc.o
 .debug_loc     0x00006f7b      0x2d8 ..\obj\usb_dcd.o
 .debug_loc     0x00007253       0xc8 ..\obj\heap_1.o
 .debug_loc     0x0000731b      0xc48 ..\obj\stm32f4xx_rtc.o
 .debug_loc     0x00007f63      0x188 ..\obj\usbd_ioreq.o
 .debug_loc     0x000080eb     0x1420 ..\obj\stm32f4xx_tim.o
 .debug_loc     0x0000950b       0x90 ..\obj\power_detector.o

.debug_pubnames
                0x00000000     0x407c
 .debug_pubnames
                0x00000000       0xc3 ..\obj\stm32f4xx_syscfg.o
 .debug_pubnames
                0x000000c3      0x364 ..\obj\usb_core.o
 .debug_pubnames
                0x00000427       0xc4 ..\obj\delay.o
 .debug_pubnames
                0x000004eb      0x126 ..\obj\mbport.o
 .debug_pubnames
                0x00000611       0xf8 ..\obj\mb.o
 .debug_pubnames
                0x00000709       0x6e ..\obj\pid_regulator.o
 .debug_pubnames
                0x00000777       0x24 ..\obj\protocol.o
 .debug_pubnames
                0x0000079b       0x30 ..\obj\mbfuncdisc.o
 .debug_pubnames
                0x000007cb       0x9e ..\obj\usbd_usr.o
 .debug_pubnames
                0x00000869       0x50 ..\obj\portevent.o
 .debug_pubnames
                0x000008b9       0x62 ..\obj\buzzer.o
 .debug_pubnames
                0x0000091b       0x3d ..\obj\mbfuncother.o
 .debug_pubnames
                0x00000958      0x294 ..\obj\stm32f4xx_usart.o
 .debug_pubnames
                0x00000bec      0x120 ..\obj\stm32f4xx_pwr.o
 .debug_pubnames
                0x00000d0c       0x46 ..\obj\rtc.o
 .debug_pubnames
                0x00000d52       0x52 ..\obj\mbutils.o
 .debug_pubnames
                0x00000da4       0x4a ..\obj\startup_stm32f4xx.o
 .debug_pubnames
                0x00000dee       0x6c ..\obj\backup_sram.o
 .debug_pubnames
                0x00000e5a       0x91 ..\obj\stm32f4xx_iwdg.o
 .debug_pubnames
                0x00000eeb       0x9f ..\obj\ADS1120.o
 .debug_pubnames
                0x00000f8a       0xa5 ..\obj\mbfuncholding.o
 .debug_pubnames
                0x0000102f       0x7a ..\obj\usbd_core.o
 .debug_pubnames
                0x000010a9       0xa0 ..\obj\main.o
 .debug_pubnames
                0x00001149       0x20 ..\obj\mbcrc.o
 .debug_pubnames
                0x00001169       0x7e ..\obj\uks.o
 .debug_pubnames
                0x000011e7      0x417 ..\obj\stm32f4xx_rcc.o
 .debug_pubnames
                0x000015fe      0x446 ..\obj\stm32f4xx_adc.o
 .debug_pubnames
                0x00001a44       0x2f ..\obj\mbfuncinput.o
 .debug_pubnames
                0x00001a73      0x101 ..\obj\printf.o
 .debug_pubnames
                0x00001b74       0x8e ..\obj\phaze_detector.o
 .debug_pubnames
                0x00001c02       0x35 ..\obj\watchdog.o
 .debug_pubnames
                0x00001c37       0x46 ..\obj\display.o
 .debug_pubnames
                0x00001c7d      0x1bb ..\obj\hd44780.o
 .debug_pubnames
                0x00001e38      0x275 ..\obj\tasks.o
 .debug_pubnames
                0x000020ad      0x152 ..\obj\usbd_desc.o
 .debug_pubnames
                0x000021ff       0x24 ..\obj\keyboard.o
 .debug_pubnames
                0x00002223      0x12d ..\obj\stm32f4xx_gpio.o
 .debug_pubnames
                0x00002350       0x6d ..\obj\porttimer.o
 .debug_pubnames
                0x000023bd       0xa1 ..\obj\usbd_cdc_vcp.o
 .debug_pubnames
                0x0000245e       0x71 ..\obj\list.o
 .debug_pubnames
                0x000024cf       0xc3 ..\obj\mbrtu.o
 .debug_pubnames
                0x00002592       0x61 ..\obj\system_stm32f4xx.o
 .debug_pubnames
                0x000025f3       0x71 ..\obj\syscalls.o
 .debug_pubnames
                0x00002664       0x64 ..\obj\adc.o
 .debug_pubnames
                0x000026c8       0xa6 ..\obj\usb_bsp.o
 .debug_pubnames
                0x0000276e       0xd7 ..\obj\usbd_req.o
 .debug_pubnames
                0x00002845      0x145 ..\obj\queue.o
 .debug_pubnames
                0x0000298a      0x101 ..\obj\port.o
 .debug_pubnames
                0x00002a8b       0x2b ..\obj\usb_dcd_int.o
 .debug_pubnames
                0x00002ab6       0xab ..\obj\portserial.o
 .debug_pubnames
                0x00002b61       0xe5 ..\obj\usbd_cdc_core.o
 .debug_pubnames
                0x00002c46       0x96 ..\obj\croutine.o
 .debug_pubnames
                0x00002cdc       0xb2 ..\obj\timer_properties.o
 .debug_pubnames
                0x00002d8e      0x221 ..\obj\stm32f4xx_spi.o
 .debug_pubnames
                0x00002faf       0x5a ..\obj\mbfunccoils.o
 .debug_pubnames
                0x00003009       0xbb ..\obj\stm32f4xx_exti.o
 .debug_pubnames
                0x000030c4       0x89 ..\obj\misc.o
 .debug_pubnames
                0x0000314d      0x100 ..\obj\usb_dcd.o
 .debug_pubnames
                0x0000324d       0x64 ..\obj\heap_1.o
 .debug_pubnames
                0x000032b1      0x514 ..\obj\stm32f4xx_rtc.o
 .debug_pubnames
                0x000037c5       0xb6 ..\obj\usbd_ioreq.o
 .debug_pubnames
                0x0000387b      0x7c4 ..\obj\stm32f4xx_tim.o
 .debug_pubnames
                0x0000403f       0x3d ..\obj\power_detector.o

.debug_pubtypes
                0x00000000     0x472e
 .debug_pubtypes
                0x00000000       0x6d ..\obj\stm32f4xx_syscfg.o
 .debug_pubtypes
                0x0000006d      0x675 ..\obj\usb_core.o
 .debug_pubtypes
                0x000006e2       0xb9 ..\obj\delay.o
 .debug_pubtypes
                0x0000079b       0xa8 ..\obj\mbport.o
 .debug_pubtypes
                0x00000843      0x147 ..\obj\mb.o
 .debug_pubtypes
                0x0000098a      0x139 ..\obj\pid_regulator.o
 .debug_pubtypes
                0x00000ac3       0x40 ..\obj\protocol.o
 .debug_pubtypes
                0x00000b03       0x62 ..\obj\mbfuncdisc.o
 .debug_pubtypes
                0x00000b65       0x55 ..\obj\usbd_usr.o
 .debug_pubtypes
                0x00000bba       0x44 ..\obj\portevent.o
 .debug_pubtypes
                0x00000bfe       0xea ..\obj\buzzer.o
 .debug_pubtypes
                0x00000ce8       0x82 ..\obj\mbfuncother.o
 .debug_pubtypes
                0x00000d6a       0xcd ..\obj\stm32f4xx_usart.o
 .debug_pubtypes
                0x00000e37       0x84 ..\obj\stm32f4xx_pwr.o
 .debug_pubtypes
                0x00000ebb       0x73 ..\obj\rtc.o
 .debug_pubtypes
                0x00000f2e       0x6d ..\obj\mbutils.o
 .debug_pubtypes
                0x00000f9b       0x5b ..\obj\backup_sram.o
 .debug_pubtypes
                0x00000ff6       0x64 ..\obj\stm32f4xx_iwdg.o
 .debug_pubtypes
                0x0000105a      0x125 ..\obj\ADS1120.o
 .debug_pubtypes
                0x0000117f       0x62 ..\obj\mbfuncholding.o
 .debug_pubtypes
                0x000011e1      0x2df ..\obj\usbd_core.o
 .debug_pubtypes
                0x000014c0      0x2a0 ..\obj\main.o
 .debug_pubtypes
                0x00001760       0x40 ..\obj\mbcrc.o
 .debug_pubtypes
                0x000017a0       0x89 ..\obj\uks.o
 .debug_pubtypes
                0x00001829       0xaa ..\obj\stm32f4xx_rcc.o
 .debug_pubtypes
                0x000018d3       0x12 ..\obj\timers.o
 .debug_pubtypes
                0x000018e5       0xc9 ..\obj\stm32f4xx_adc.o
 .debug_pubtypes
                0x000019ae       0x62 ..\obj\mbfuncinput.o
 .debug_pubtypes
                0x00001a10      0x139 ..\obj\printf.o
 .debug_pubtypes
                0x00001b49      0x1ab ..\obj\phaze_detector.o
 .debug_pubtypes
                0x00001cf4       0x53 ..\obj\watchdog.o
 .debug_pubtypes
                0x00001d47       0x5f ..\obj\display.o
 .debug_pubtypes
                0x00001da6       0xe6 ..\obj\hd44780.o
 .debug_pubtypes
                0x00001e8c      0x10c ..\obj\tasks.o
 .debug_pubtypes
                0x00001f98       0x5b ..\obj\usbd_desc.o
 .debug_pubtypes
                0x00001ff3       0xdb ..\obj\keyboard.o
 .debug_pubtypes
                0x000020ce       0xce ..\obj\stm32f4xx_gpio.o
 .debug_pubtypes
                0x0000219c       0xb6 ..\obj\porttimer.o
 .debug_pubtypes
                0x00002252       0x6d ..\obj\usbd_cdc_vcp.o
 .debug_pubtypes
                0x000022bf       0x7a ..\obj\list.o
 .debug_pubtypes
                0x00002339      0x2f5 ..\obj\mbrtu.o
 .debug_pubtypes
                0x0000262e       0x73 ..\obj\system_stm32f4xx.o
 .debug_pubtypes
                0x000026a1       0xaa ..\obj\syscalls.o
 .debug_pubtypes
                0x0000274b      0x17a ..\obj\adc.o
 .debug_pubtypes
                0x000028c5      0x333 ..\obj\usb_bsp.o
 .debug_pubtypes
                0x00002bf8      0x2c8 ..\obj\usbd_req.o
 .debug_pubtypes
                0x00002ec0       0xd4 ..\obj\queue.o
 .debug_pubtypes
                0x00002f94       0x33 ..\obj\port.o
 .debug_pubtypes
                0x00002fc7      0x5e1 ..\obj\usb_dcd_int.o
 .debug_pubtypes
                0x000035a8      0x2b9 ..\obj\portserial.o
 .debug_pubtypes
                0x00003861      0x2ae ..\obj\usbd_cdc_core.o
 .debug_pubtypes
                0x00003b0f       0xcd ..\obj\croutine.o
 .debug_pubtypes
                0x00003bdc       0x93 ..\obj\timer_properties.o
 .debug_pubtypes
                0x00003c6f       0xbc ..\obj\stm32f4xx_spi.o
 .debug_pubtypes
                0x00003d2b       0x62 ..\obj\mbfunccoils.o
 .debug_pubtypes
                0x00003d8d       0xae ..\obj\stm32f4xx_exti.o
 .debug_pubtypes
                0x00003e3b       0x8c ..\obj\misc.o
 .debug_pubtypes
                0x00003ec7      0x307 ..\obj\usb_dcd.o
 .debug_pubtypes
                0x000041ce       0x2c ..\obj\heap_1.o
 .debug_pubtypes
                0x000041fa       0xd8 ..\obj\stm32f4xx_rtc.o
 .debug_pubtypes
                0x000042d2      0x295 ..\obj\usbd_ioreq.o
 .debug_pubtypes
                0x00004567       0x1e ..\obj\mbascii.o
 .debug_pubtypes
                0x00004585       0xe4 ..\obj\stm32f4xx_tim.o
 .debug_pubtypes
                0x00004669       0xc5 ..\obj\power_detector.o

.debug_aranges  0x00000000     0x1bd0
 .debug_aranges
                0x00000000       0x48 ..\obj\stm32f4xx_syscfg.o
 .debug_aranges
                0x00000048      0x138 ..\obj\usb_core.o
 .debug_aranges
                0x00000180       0x40 ..\obj\delay.o
 .debug_aranges
                0x000001c0       0x48 ..\obj\mbport.o
 .debug_aranges
                0x00000208       0x48 ..\obj\mb.o
 .debug_aranges
                0x00000250       0x40 ..\obj\pid_regulator.o
 .debug_aranges
                0x00000290       0x28 ..\obj\protocol.o
 .debug_aranges
                0x000002b8       0x20 ..\obj\mbfuncdisc.o
 .debug_aranges
                0x000002d8       0x40 ..\obj\usbd_usr.o
 .debug_aranges
                0x00000318       0x30 ..\obj\portevent.o
 .debug_aranges
                0x00000348       0x30 ..\obj\buzzer.o
 .debug_aranges
                0x00000378       0x28 ..\obj\mbfuncother.o
 .debug_aranges
                0x000003a0      0x100 ..\obj\stm32f4xx_usart.o
 .debug_aranges
                0x000004a0       0x78 ..\obj\stm32f4xx_pwr.o
 .debug_aranges
                0x00000518       0x28 ..\obj\rtc.o
 .debug_aranges
                0x00000540       0x30 ..\obj\mbutils.o
 .debug_aranges
                0x00000570       0x28 ..\obj\startup_stm32f4xx.o
 .debug_aranges
                0x00000598       0x38 ..\obj\backup_sram.o
 .debug_aranges
                0x000005d0       0x48 ..\obj\stm32f4xx_iwdg.o
 .debug_aranges
                0x00000618       0x48 ..\obj\ADS1120.o
 .debug_aranges
                0x00000660       0x38 ..\obj\mbfuncholding.o
 .debug_aranges
                0x00000698       0x80 ..\obj\usbd_core.o
 .debug_aranges
                0x00000718       0x40 ..\obj\main.o
 .debug_aranges
                0x00000758       0x20 ..\obj\mbcrc.o
 .debug_aranges
                0x00000778       0x38 ..\obj\uks.o
 .debug_aranges
                0x000007b0      0x178 ..\obj\stm32f4xx_rcc.o
 .debug_aranges
                0x00000928      0x148 ..\obj\stm32f4xx_adc.o
 .debug_aranges
                0x00000a70       0x20 ..\obj\mbfuncinput.o
 .debug_aranges
                0x00000a90       0xa0 ..\obj\printf.o
 .debug_aranges
                0x00000b30       0x40 ..\obj\phaze_detector.o
 .debug_aranges
                0x00000b70       0x28 ..\obj\watchdog.o
 .debug_aranges
                0x00000b98       0x28 ..\obj\display.o
 .debug_aranges
                0x00000bc0       0xc0 ..\obj\hd44780.o
 .debug_aranges
                0x00000c80      0x120 ..\obj\tasks.o
 .debug_aranges
                0x00000da0       0x50 ..\obj\usbd_desc.o
 .debug_aranges
                0x00000df0       0x28 ..\obj\keyboard.o
 .debug_aranges
                0x00000e18       0x88 ..\obj\stm32f4xx_gpio.o
 .debug_aranges
                0x00000ea0       0x38 ..\obj\porttimer.o
 .debug_aranges
                0x00000ed8       0x48 ..\obj\usbd_cdc_vcp.o
 .debug_aranges
                0x00000f20       0x40 ..\obj\list.o
 .debug_aranges
                0x00000f60       0x58 ..\obj\mbrtu.o
 .debug_aranges
                0x00000fb8       0x30 ..\obj\system_stm32f4xx.o
 .debug_aranges
                0x00000fe8       0x60 ..\obj\syscalls.o
 .debug_aranges
                0x00001048       0x30 ..\obj\adc.o
 .debug_aranges
                0x00001078       0x48 ..\obj\usb_bsp.o
 .debug_aranges
                0x000010c0       0x88 ..\obj\usbd_req.o
 .debug_aranges
                0x00001148       0xa0 ..\obj\queue.o
 .debug_aranges
                0x000011e8       0x70 ..\obj\port.o
 .debug_aranges
                0x00001258       0x80 ..\obj\usb_dcd_int.o
 .debug_aranges
                0x000012d8       0x50 ..\obj\portserial.o
 .debug_aranges
                0x00001328       0x68 ..\obj\usbd_cdc_core.o
 .debug_aranges
                0x00001390       0x50 ..\obj\croutine.o
 .debug_aranges
                0x000013e0       0x38 ..\obj\timer_properties.o
 .debug_aranges
                0x00001418       0xe0 ..\obj\stm32f4xx_spi.o
 .debug_aranges
                0x000014f8       0x30 ..\obj\mbfunccoils.o
 .debug_aranges
                0x00001528       0x58 ..\obj\stm32f4xx_exti.o
 .debug_aranges
                0x00001580       0x40 ..\obj\misc.o
 .debug_aranges
                0x000015c0       0x80 ..\obj\usb_dcd.o
 .debug_aranges
                0x00001640       0x38 ..\obj\heap_1.o
 .debug_aranges
                0x00001678      0x1e0 ..\obj\stm32f4xx_rtc.o
 .debug_aranges
                0x00001858       0x50 ..\obj\usbd_ioreq.o
 .debug_aranges
                0x000018a8      0x2f8 ..\obj\stm32f4xx_tim.o
 .debug_aranges
                0x00001ba0       0x30 ..\obj\power_detector.o

.debug_ranges   0x00000000     0x17e0
 .debug_ranges  0x00000000       0x38 ..\obj\stm32f4xx_syscfg.o
 .debug_ranges  0x00000038      0x128 ..\obj\usb_core.o
 .debug_ranges  0x00000160       0x30 ..\obj\delay.o
 .debug_ranges  0x00000190       0x38 ..\obj\mbport.o
 .debug_ranges  0x000001c8       0x38 ..\obj\mb.o
 .debug_ranges  0x00000200       0x30 ..\obj\pid_regulator.o
 .debug_ranges  0x00000230       0x18 ..\obj\protocol.o
 .debug_ranges  0x00000248       0x10 ..\obj\mbfuncdisc.o
 .debug_ranges  0x00000258       0x30 ..\obj\usbd_usr.o
 .debug_ranges  0x00000288       0x20 ..\obj\portevent.o
 .debug_ranges  0x000002a8       0x20 ..\obj\buzzer.o
 .debug_ranges  0x000002c8       0x18 ..\obj\mbfuncother.o
 .debug_ranges  0x000002e0       0xf0 ..\obj\stm32f4xx_usart.o
 .debug_ranges  0x000003d0       0x68 ..\obj\stm32f4xx_pwr.o
 .debug_ranges  0x00000438       0x18 ..\obj\rtc.o
 .debug_ranges  0x00000450       0x20 ..\obj\mbutils.o
 .debug_ranges  0x00000470       0x18 ..\obj\startup_stm32f4xx.o
 .debug_ranges  0x00000488       0x28 ..\obj\backup_sram.o
 .debug_ranges  0x000004b0       0x38 ..\obj\stm32f4xx_iwdg.o
 .debug_ranges  0x000004e8       0x38 ..\obj\ADS1120.o
 .debug_ranges  0x00000520       0x28 ..\obj\mbfuncholding.o
 .debug_ranges  0x00000548       0x70 ..\obj\usbd_core.o
 .debug_ranges  0x000005b8       0x30 ..\obj\main.o
 .debug_ranges  0x000005e8       0x10 ..\obj\mbcrc.o
 .debug_ranges  0x000005f8       0x28 ..\obj\uks.o
 .debug_ranges  0x00000620      0x168 ..\obj\stm32f4xx_rcc.o
 .debug_ranges  0x00000788      0x138 ..\obj\stm32f4xx_adc.o
 .debug_ranges  0x000008c0       0x10 ..\obj\mbfuncinput.o
 .debug_ranges  0x000008d0       0x90 ..\obj\printf.o
 .debug_ranges  0x00000960       0x30 ..\obj\phaze_detector.o
 .debug_ranges  0x00000990       0x18 ..\obj\watchdog.o
 .debug_ranges  0x000009a8       0x18 ..\obj\display.o
 .debug_ranges  0x000009c0       0xb0 ..\obj\hd44780.o
 .debug_ranges  0x00000a70      0x110 ..\obj\tasks.o
 .debug_ranges  0x00000b80       0x40 ..\obj\usbd_desc.o
 .debug_ranges  0x00000bc0       0x18 ..\obj\keyboard.o
 .debug_ranges  0x00000bd8       0x78 ..\obj\stm32f4xx_gpio.o
 .debug_ranges  0x00000c50       0x28 ..\obj\porttimer.o
 .debug_ranges  0x00000c78       0x38 ..\obj\usbd_cdc_vcp.o
 .debug_ranges  0x00000cb0       0x30 ..\obj\list.o
 .debug_ranges  0x00000ce0       0x48 ..\obj\mbrtu.o
 .debug_ranges  0x00000d28       0x20 ..\obj\system_stm32f4xx.o
 .debug_ranges  0x00000d48       0x50 ..\obj\syscalls.o
 .debug_ranges  0x00000d98       0x20 ..\obj\adc.o
 .debug_ranges  0x00000db8       0x38 ..\obj\usb_bsp.o
 .debug_ranges  0x00000df0       0x78 ..\obj\usbd_req.o
 .debug_ranges  0x00000e68       0x90 ..\obj\queue.o
 .debug_ranges  0x00000ef8       0x60 ..\obj\port.o