Archive member included because of file (symbol)

c:/coocox/coide/gcc/sourcery g++ lite/bin/../lib/gcc/arm-none-eabi/4.5.1/thumb2\libgcc.a(_arm_addsubdf3.o)
                              ..\obj\ADS1120.o (__aeabi_dadd)
c:/coocox/coide/gcc/sourcery g++ lite/bin/../lib/gcc/arm-none-eabi/4.5.1/thumb2\libgcc.a(_arm_muldivdf3.o)
                              ..\obj\ADS1120.o (__aeabi_dmul)
c:/coocox/coide/gcc/sourcery g++ lite/bin/../lib/gcc/arm-none-eabi/4.5.1/thumb2\libgcc.a(_arm_cmpdf2.o)
                              ..\obj\timer_properties.o (__aeabi_dcmpeq)
c:/coocox/coide/gcc/sourcery g++ lite/bin/../lib/gcc/arm-none-eabi/4.5.1/thumb2\libgcc.a(_arm_fixunsdfsi.o)
                              ..\obj\timer_properties.o (__aeabi_d2uiz)
c:/coocox/coide/gcc/sourcery g++ lite/bin/../lib/gcc/arm-none-eabi/4.5.1/thumb2\libgcc.a(_arm_truncdfsf2.o)
                              ..\obj\ADS1120.o (__aeabi_d2f)
c:/coocox/coide/gcc/sourcery g++ lite/bin/../lib/gcc/arm-none-eabi/4.5.1/thumb2\libgcc.a(_arm_addsubsf3.o)
                              ..\obj\pid_regulator.o (__aeabi_fsub)
c:/coocox/coide/gcc/sourcery g++ lite/bin/../lib/gcc/arm-none-eabi/4.5.1/thumb2\libgcc.a(_arm_muldivsf3.o)
                              ..\obj\pid_regulator.o (__aeabi_fmul)
c:/coocox/coide/gcc/sourcery g++ lite/bin/../lib/gcc/arm-none-eabi/4.5.1/thumb2\libgcc.a(_arm_cmpsf2.o)
                              ..\obj\pid_regulator.o (__aeabi_fcmplt)
c:/coocox/coide/gcc/sourcery g++ lite/bin/../lib/gcc/arm-none-eabi/4.5.1/thumb2\libgcc.a(_arm_fixsfsi.o)
                              ..\obj\pid_regulator.o (__aeabi_f2iz)
c:/coocox/coide/gcc/sourcery g++ lite/bin/../lib/gcc/arm-none-eabi/4.5.1/thumb2\libgcc.a(_arm_fixunssfsi.o)
                              ..\obj\display.o (__aeabi_f2uiz)
c:/coocox/coide/gcc/sourcery g++ lite/bin/../lib/gcc/arm-none-eabi/4.5.1/../../../../arm-none-eabi/lib/thumb2\libc.a(lib_a-memcmp.o)
                              ..\obj\tasks.o (memcmp)
c:/coocox/coide/gcc/sourcery g++ lite/bin/../lib/gcc/arm-none-eabi/4.5.1/../../../../arm-none-eabi/lib/thumb2\libc.a(lib_a-memcpy.o)
                              ..\obj\mbfuncother.o (memcpy)
c:/coocox/coide/gcc/sourcery g++ lite/bin/../lib/gcc/arm-none-eabi/4.5.1/../../../../arm-none-eabi/lib/thumb2\libc.a(lib_a-memset.o)
                              ..\obj\tasks.o (memset)
c:/coocox/coide/gcc/sourcery g++ lite/bin/../lib/gcc/arm-none-eabi/4.5.1/../../../../arm-none-eabi/lib/thumb2\libc.a(lib_a-strncpy.o)
                              ..\obj\tasks.o (strncpy)

Allocating common symbols
Common symbol       size              file

pxMBFrameCBTransmitterEmpty
                    0x4               ..\obj\mb.o
APP_Tx_Buffer       0x80              ..\obj\usbd_cdc_vcp.o
pid_heater          0x1c              ..\obj\pid_regulator.o
pxMBPortCBTimerExpired
                    0x4               ..\obj\mb.o
ADC_result          0x4               ..\obj\ADS1120.o
xBuzzer_Handle      0x4               ..\obj\buzzer.o
adc_reg             0x1               ..\obj\ADS1120.o
ucRTUBuf            0x100             ..\obj\mbrtu.o
HD44780_Opts        0x7               ..\obj\hd44780.o
xPhazeSemaphore     0x4               ..\obj\phaze_detector.o
usbd_cdc_OtherCfgDesc
                    0x43              ..\obj\usbd_cdc_core.o
xSPI_Buf_Mutex      0x4               ..\obj\ADS1120.o
pxMBFrameCBByteReceived
                    0x4               ..\obj\mb.o
buzz                0x2               ..\obj\buzzer.o
APP_tx_ptr_tail     0x4               ..\obj\usbd_cdc_vcp.o
pxMBFrameCBTransmitFSMCur
                    0x4               ..\obj\mb.o
xMeasure_LM35_Semaphore
                    0x4               ..\obj\adc.o
USB_Rx_Buffer       0x40              ..\obj\usbd_cdc_core.o
ADC_result_temp     0x4               ..\obj\ADS1120.o
pxMBFrameCBReceiveFSMCur
                    0x4               ..\obj\mb.o
CmdBuff             0x8               ..\obj\usbd_cdc_core.o
USB_OTG_dev         0x5f0             ..\obj\main.o
adc_lm35_chnl       0xee              ..\obj\adc.o
mult                0x4               ..\obj\delay.o
APP_Rx_Buffer       0x800             ..\obj\usbd_cdc_core.o
uks_channels        0x480             ..\obj\uks.o
task_watches        0x10              ..\obj\watchdog.o
USBD_StrDesc        0x32              ..\obj\usbd_req.o
APP_tx_ptr_head     0x4               ..\obj\usbd_cdc_vcp.o
phaze_detect        0x8               ..\obj\phaze_detector.o

Discarded input sections

 .text          0x00000000        0x0 ..\obj\stm32f4xx_syscfg.o
 .data          0x00000000        0x0 ..\obj\stm32f4xx_syscfg.o
 .bss           0x00000000        0x0 ..\obj\stm32f4xx_syscfg.o
 .text.SYSCFG_DeInit
                0x00000000       0x20 ..\obj\stm32f4xx_syscfg.o
 .text.SYSCFG_MemoryRemapConfig
                0x00000000       0x20 ..\obj\stm32f4xx_syscfg.o
 .text.SYSCFG_ETH_MediaInterfaceConfig
                0x00000000       0x20 ..\obj\stm32f4xx_syscfg.o
 .text.SYSCFG_CompensationCellCmd
[...]
Memory Configuration

Name             Origin             Length             Attributes
rom              0x08000000         0x00100000         xr
ram              0x20000000         0x00020000         xrw
ram1             0x10000000         0x00010000         xrw
*default*        0x00000000         0xffffffff

Linker script and memory map

                0x20020000                _eram = 0x20020000

.text           0x08000000     0xe44c
 *(.isr_vector .isr_vector.*)
 .isr_vector    0x08000000      0x188 ..\obj\startup_stm32f4xx.o
                0x08000000                g_pfnVectors
 *(.text .text.* .gnu.linkonce.t.*)
 .text.SYSCFG_EXTILineConfig
                0x08000188       0xb4 ..\obj\stm32f4xx_syscfg.o
                0x08000188                SYSCFG_EXTILineConfig
 .text.USB_OTG_EnableCommonInt
                0x0800023c       0x44 ..\obj\usb_core.o
 .text.USB_OTG_CoreReset
                0x08000280       0xa8 ..\obj\usb_core.o
 .text.USB_OTG_WritePacket
                0x08000328       0x88 ..\obj\usb_core.o
                0x08000328                USB_OTG_WritePacket
 .text.USB_OTG_ReadPacket
                0x080003b0       0x68 ..\obj\usb_core.o
                0x080003b0                USB_OTG_ReadPacket
 .text.USB_OTG_SelectCore
                0x08000418      0x1b4 ..\obj\usb_core.o
                0x08000418                USB_OTG_SelectCore
 .text.USB_OTG_CoreInit
                0x080005cc      0x1f8 ..\obj\usb_core.o
                0x080005cc                USB_OTG_CoreInit
 .text.USB_OTG_EnableGlobalInt
                0x080007c4       0x40 ..\obj\usb_core.o
                0x080007c4                USB_OTG_EnableGlobalInt
 .text.USB_OTG_DisableGlobalInt
                0x08000804       0x44 ..\obj\usb_core.o
                0x08000804                USB_OTG_DisableGlobalInt
 .text.USB_OTG_FlushTxFifo
                0x08000848       0x80 ..\obj\usb_core.o
                0x08000848                USB_OTG_FlushTxFifo
 .text.USB_OTG_FlushRxFifo
                0x080008c8       0x6c ..\obj\usb_core.o
                0x080008c8                USB_OTG_FlushRxFifo
 .text.USB_OTG_SetCurrentMode
                0x08000934       0x64 ..\obj\usb_core.o
                0x08000934                USB_OTG_SetCurrentMode
 .text.USB_OTG_GetMode
                0x08000998       0x20 ..\obj\usb_core.o
                0x08000998                USB_OTG_GetMode
 .text.USB_OTG_IsDeviceMode
                0x080009b8       0x24 ..\obj\usb_core.o
                0x080009b8                USB_OTG_IsDeviceMode
 .text.USB_OTG_ReadCoreItr
                0x080009dc       0x34 ..\obj\usb_core.o
                0x080009dc                USB_OTG_ReadCoreItr
 .text.USB_OTG_InitDevSpeed
                0x08000a10       0x38 ..\obj\usb_core.o
                0x08000a10                USB_OTG_InitDevSpeed
 .text.USB_OTG_CoreInitDev
                0x08000a48      0x2d0 ..\obj\usb_core.o
                0x08000a48                USB_OTG_CoreInitDev
 .text.USB_OTG_EnableDevInt
                0x08000d18       0xa8 ..\obj\usb_core.o
                0x08000d18                USB_OTG_EnableDevInt
 .text.USB_OTG_GetDeviceSpeed
                0x08000dc0       0x50 ..\obj\usb_core.o
                0x08000dc0                USB_OTG_GetDeviceSpeed
 .text.USB_OTG_EP0Activate
                0x08000e10       0x84 ..\obj\usb_core.o
                0x08000e10                USB_OTG_EP0Activate
 .text.USB_OTG_EPActivate
                0x08000e94       0xf8 ..\obj\usb_core.o
                0x08000e94                USB_OTG_EPActivate
 .text.USB_OTG_EPDeactivate
                0x08000f8c       0xa4 ..\obj\usb_core.o
                0x08000f8c                USB_OTG_EPDeactivate
 .text.USB_OTG_EPStartXfer
                0x08001030      0x2d4 ..\obj\usb_core.o
                0x08001030                USB_OTG_EPStartXfer
 .text.USB_OTG_EP0StartXfer
                0x08001304      0x208 ..\obj\usb_core.o
                0x08001304                USB_OTG_EP0StartXfer
 .text.USB_OTG_EPSetStall
                0x0800150c       0x94 ..\obj\usb_core.o
                0x0800150c                USB_OTG_EPSetStall
 .text.USB_OTG_EPClearStall
                0x080015a0       0x84 ..\obj\usb_core.o
                0x080015a0                USB_OTG_EPClearStall
 .text.USB_OTG_ReadDevAllOutEp_itr
                0x08001624       0x30 ..\obj\usb_core.o
                0x08001624                USB_OTG_ReadDevAllOutEp_itr
 .text.USB_OTG_ReadDevOutEP_itr
                0x08001654       0x3c ..\obj\usb_core.o
                0x08001654                USB_OTG_ReadDevOutEP_itr
 .text.USB_OTG_ReadDevAllInEPItr
                0x08001690       0x34 ..\obj\usb_core.o
                0x08001690                USB_OTG_ReadDevAllInEPItr
 .text.USB_OTG_EP0_OutStart
                0x080016c4       0x7c ..\obj\usb_core.o
                0x080016c4                USB_OTG_EP0_OutStart
 .text.USB_OTG_UngateClock
                0x08001740       0x54 ..\obj\usb_core.o
                0x08001740                USB_OTG_UngateClock
 .text.TIM2_IRQHandler
                0x08001794       0x50 ..\obj\delay.o
                0x08001794                TIM2_IRQHandler
 .text.DELAY_Init
                0x080017e4       0x2c ..\obj\delay.o
                0x080017e4                DELAY_Init
 .text.DELAY_INT_InitTIM
                0x08001810       0xa8 ..\obj\delay.o
                0x08001810                DELAY_INT_InitTIM
 .text.ENTER_CRITICAL_SECTION
                0x080018b8        0xc ..\obj\mbport.o
                0x080018b8                ENTER_CRITICAL_SECTION
 .text.EXIT_CRITICAL_SECTION
                0x080018c4        0xc ..\obj\mbport.o
                0x080018c4                EXIT_CRITICAL_SECTION
 .text.eMBRegInputCB
                0x080018d0      0x138 ..\obj\mbport.o
                0x080018d0                eMBRegInputCB
 .text.eMBRegHoldingCB
                0x08001a08      0x10c ..\obj\mbport.o
                0x08001a08                eMBRegHoldingCB
 .text.eMBRegCoilsCB
                0x08001b14       0x20 ..\obj\mbport.o
                0x08001b14                eMBRegCoilsCB
 .text.eMBRegDiscreteCB
                0x08001b34       0x20 ..\obj\mbport.o
                0x08001b34                eMBRegDiscreteCB
 .text.eMBInit  0x08001b54      0x134 ..\obj\mb.o
                0x08001b54                eMBInit
 .text.eMBEnable
                0x08001c88       0x48 ..\obj\mb.o
                0x08001c88                eMBEnable
 .text.eMBPoll  0x08001cd0      0x23c ..\obj\mb.o
                0x08001cd0                eMBPoll
 .text.PID_Heater_Init
                0x08001f0c       0x98 ..\obj\pid_regulator.o
                0x08001f0c                PID_Heater_Init
 .text.pid_Init
                0x08001fa4      0x104 ..\obj\pid_regulator.o
                0x08001fa4                pid_Init
 .text.pid_Controller
                0x080020a8      0x1d8 ..\obj\pid_regulator.o
                0x080020a8                pid_Controller
 .text.PID_Regulator_Task
                0x08002280      0x1d4 ..\obj\pid_regulator.o
 .text.Protocol_Init
                0x08002454       0x64 ..\obj\protocol.o
                0x08002454                Protocol_Init
 .text.Modbus_Task
                0x080024b8       0x1c ..\obj\protocol.o
 .text.eMBFuncReadDiscreteInputs
                0x080024d4      0x130 ..\obj\mbfuncdisc.o
                0x080024d4                eMBFuncReadDiscreteInputs
 .text.USBD_USR_Init
                0x08002604        0xc ..\obj\usbd_usr.o
                0x08002604                USBD_USR_Init
 .text.USBD_USR_DeviceReset
                0x08002610       0x14 ..\obj\usbd_usr.o
                0x08002610                USBD_USR_DeviceReset
 .text.USBD_USR_DeviceConfigured
                0x08002624        0xc ..\obj\usbd_usr.o
                0x08002624                USBD_USR_DeviceConfigured
 .text.USBD_USR_DeviceSuspended
                0x08002630        0xc ..\obj\usbd_usr.o
                0x08002630                USBD_USR_DeviceSuspended
 .text.USBD_USR_DeviceResumed
                0x0800263c        0xc ..\obj\usbd_usr.o
                0x0800263c                USBD_USR_DeviceResumed
 .text.xMBPortEventInit
                0x08002648       0x20 ..\obj\portevent.o
                0x08002648                xMBPortEventInit
 .text.xMBPortEventPost
                0x08002668       0x34 ..\obj\portevent.o
                0x08002668                xMBPortEventPost
 .text.xMBPortEventGet
                0x0800269c       0x4c ..\obj\portevent.o
                0x0800269c                xMBPortEventGet
 .text.Buzzer_Init
                0x080026e8       0xa4 ..\obj\buzzer.o
                0x080026e8                Buzzer_Init
 .text.Buzzer_Task
                0x0800278c      0x244 ..\obj\buzzer.o
                0x0800278c                Buzzer_Task
 .text.Buzzer_Set_Buzz
                0x080029d0       0xc0 ..\obj\buzzer.o
                0x080029d0                Buzzer_Set_Buzz
 .text.eMBFuncReportSlaveID
                0x08002a90       0x4c ..\obj\mbfuncother.o
                0x08002a90                eMBFuncReportSlaveID
 .text.PWR_PVDLevelConfig
                0x08002adc       0x44 ..\obj\stm32f4xx_pwr.o
                0x08002adc                PWR_PVDLevelConfig
 .text.PWR_PVDCmd
                0x08002b20       0x20 ..\obj\stm32f4xx_pwr.o
                0x08002b20                PWR_PVDCmd
 .text.prveMBError2Exception
                0x08002b40       0x48 ..\obj\mbutils.o
                0x08002b40                prveMBError2Exception
 .text.Default_Reset_Handler
                0x08002b88       0x68 ..\obj\startup_stm32f4xx.o
                0x08002b88                Default_Reset_Handler
                0x08002b88                Reset_Handler
 .text.Default_Handler
                0x08002bf0        0x8 ..\obj\startup_stm32f4xx.o
                0x08002bf0                RTC_Alarm_IRQHandler
                0x08002bf0                HASH_RNG_IRQHandler
                0x08002bf0                EXTI2_IRQHandler
                0x08002bf0                TIM8_CC_IRQHandler
                0x08002bf0                DebugMon_Handler
                0x08002bf0                TIM1_CC_IRQHandler
                0x08002bf0                DMA2_Stream5_IRQHandler
                0x08002bf0                HardFault_Handler
                0x08002bf0                DMA1_Stream5_IRQHandler
                0x08002bf0                SDIO_IRQHandler
                0x08002bf0                TAMP_STAMP_IRQHandler
                0x08002bf0                NMI_Handler
                0x08002bf0                CAN2_RX1_IRQHandler
                0x08002bf0                EXTI3_IRQHandler
                0x08002bf0                TIM8_TRG_COM_TIM14_IRQHandler
                0x08002bf0                TIM1_UP_TIM10_IRQHandler
                0x08002bf0                TIM8_UP_TIM13_IRQHandler
                0x08002bf0                I2C3_ER_IRQHandler
                0x08002bf0                I2C2_EV_IRQHandler
                0x08002bf0                DMA1_Stream2_IRQHandler
                0x08002bf0                CAN1_RX0_IRQHandler
                0x08002bf0                FPU_IRQHandler
                0x08002bf0                OTG_HS_WKUP_IRQHandler
                0x08002bf0                UsageFault_Handler
                0x08002bf0                CAN2_SCE_IRQHandler
                0x08002bf0                DMA2_Stream2_IRQHandler
                0x08002bf0                SPI1_IRQHandler
                0x08002bf0                TIM6_DAC_IRQHandler
                0x08002bf0                TIM1_BRK_TIM9_IRQHandler
                0x08002bf0                DCMI_IRQHandler
                0x08002bf0                CAN2_RX0_IRQHandler
                0x08002bf0                DMA2_Stream3_IRQHandler
                0x08002bf0                USART6_IRQHandler
                0x08002bf0                USART3_IRQHandler
                0x08002bf0                CRYP_IRQHandler
                0x08002bf0                CAN1_RX1_IRQHandler
                0x08002bf0                UART5_IRQHandler
                0x08002bf0                DMA2_Stream0_IRQHandler
                0x08002bf0                I2C1_EV_IRQHandler
                0x08002bf0                DMA1_Stream6_IRQHandler
                0x08002bf0                DMA1_Stream1_IRQHandler
                0x08002bf0                UART4_IRQHandler
                0x08002bf0                TIM3_IRQHandler
                0x08002bf0                RCC_IRQHandler
                0x08002bf0                TIM8_BRK_TIM12_IRQHandler
                0x08002bf0                EXTI15_10_IRQHandler
                0x08002bf0                ADC_IRQHandler
                0x08002bf0                DMA1_Stream7_IRQHandler
                0x08002bf0                TIM7_IRQHandler
                0x08002bf0                CAN2_TX_IRQHandler
                0x08002bf0                TIM5_IRQHandler
                0x08002bf0                DMA2_Stream7_IRQHandler
                0x08002bf0                I2C3_EV_IRQHandler
                0x08002bf0                EXTI9_5_IRQHandler
                0x08002bf0                RTC_WKUP_IRQHandler
                0x08002bf0                ETH_WKUP_IRQHandler
                0x08002bf0                SPI2_IRQHandler
                0x08002bf0                OTG_HS_EP1_IN_IRQHandler
                0x08002bf0                MemManage_Handler
                0x08002bf0                DMA1_Stream0_IRQHandler
                0x08002bf0                CAN1_TX_IRQHandler
                0x08002bf0                EXTI4_IRQHandler
                0x08002bf0                FSMC_IRQHandler
                0x08002bf0                ETH_IRQHandler
                0x08002bf0                OTG_HS_EP1_OUT_IRQHandler
                0x08002bf0                WWDG_IRQHandler
                0x08002bf0                TIM1_TRG_COM_TIM11_IRQHandler
                0x08002bf0                OTG_HS_IRQHandler
                0x08002bf0                USART2_IRQHandler
                0x08002bf0                I2C2_ER_IRQHandler
                0x08002bf0                DMA2_Stream1_IRQHandler
                0x08002bf0                CAN1_SCE_IRQHandler
                0x08002bf0                FLASH_IRQHandler
                0x08002bf0                DMA2_Stream4_IRQHandler
                0x08002bf0                BusFault_Handler
                0x08002bf0                USART1_IRQHandler
                0x08002bf0                SPI3_IRQHandler
                0x08002bf0                DMA1_Stream4_IRQHandler
                0x08002bf0                I2C1_ER_IRQHandler
                0x08002bf0                DMA2_Stream6_IRQHandler
                0x08002bf0                DMA1_Stream3_IRQHandler
 .text.ADS1120_init
                0x08002bf8       0x4c ..\obj\ADS1120.o
                0x08002bf8                ADS1120_init
 .text.SPI2_config
                0x08002c44      0x170 ..\obj\ADS1120.o
 .text.SPI2_send
                0x08002db4       0x60 ..\obj\ADS1120.o
                0x08002db4                SPI2_send
 .text.SPI2_read
                0x08002e14       0x14 ..\obj\ADS1120.o
                0x08002e14                SPI2_read
 .text.ADS1120_task
                0x08002e28      0x18c ..\obj\ADS1120.o
 .text.PT100_Code_To_Temperature
                0x08002fb4       0xa0 ..\obj\ADS1120.o
                0x08002fb4                PT100_Code_To_Temperature
 .text.eMBFuncWriteHoldingRegister
                0x08003054       0x84 ..\obj\mbfuncholding.o
                0x08003054                eMBFuncWriteHoldingRegister
 .text.eMBFuncWriteMultipleHoldingRegister
                0x080030d8       0xdc ..\obj\mbfuncholding.o
                0x080030d8                eMBFuncWriteMultipleHoldingRegister
 .text.eMBFuncReadHoldingRegister
                0x080031b4      0x10c ..\obj\mbfuncholding.o
                0x080031b4                eMBFuncReadHoldingRegister
 .text.eMBFuncReadWriteMultipleHoldingRegister
                0x080032c0      0x1a0 ..\obj\mbfuncholding.o
                0x080032c0                eMBFuncReadWriteMultipleHoldingRegister
 .text.USBD_Init
                0x08003460       0x58 ..\obj\usbd_core.o
                0x08003460                USBD_Init
 .text.USBD_DeInit
                0x080034b8       0x18 ..\obj\usbd_core.o
                0x080034b8                USBD_DeInit
 .text.USBD_SetupStage
                0x080034d0       0x70 ..\obj\usbd_core.o
 .text.USBD_DataOutStage
                0x08003540       0xd4 ..\obj\usbd_core.o
 .text.USBD_DataInStage
                0x08003614      0x114 ..\obj\usbd_core.o
 .text.USBD_Reset
                0x08003728       0x54 ..\obj\usbd_core.o
 .text.USBD_Resume
                0x0800377c       0x2c ..\obj\usbd_core.o
 .text.USBD_Suspend
                0x080037a8       0x2c ..\obj\usbd_core.o
 .text.USBD_SOF
                0x080037d4       0x30 ..\obj\usbd_core.o
 .text.USBD_SetCfg
                0x08003804       0x34 ..\obj\usbd_core.o
                0x08003804                USBD_SetCfg
 .text.USBD_ClrCfg
                0x08003838       0x2c ..\obj\usbd_core.o
                0x08003838                USBD_ClrCfg
 .text.USBD_IsoINIncomplete
                0x08003864       0x24 ..\obj\usbd_core.o
 .text.USBD_IsoOUTIncomplete
                0x08003888       0x24 ..\obj\usbd_core.o
 .text.main     0x080038ac       0x68 ..\obj\main.o
                0x080038ac                main
 .text.vApplicationMallocFailedHook
                0x08003914        0x8 ..\obj\main.o
                0x08003914                vApplicationMallocFailedHook
 .text.vApplicationStackOverflowHook
                0x0800391c        0xc ..\obj\main.o
                0x0800391c                vApplicationStackOverflowHook
 .text.vApplicationIdleHook
                0x08003928       0x18 ..\obj\main.o
                0x08003928                vApplicationIdleHook
 .text.usMBCRC16
                0x08003940       0x90 ..\obj\mbcrc.o
                0x08003940                usMBCRC16
 .text.UKS_Drying_Init
                0x080039d0      0x16c ..\obj\uks.o
                0x080039d0                UKS_Drying_Init
 .text.UKS_Heater_Init_Task
                0x08003b3c      0x188 ..\obj\uks.o
                0x08003b3c                UKS_Heater_Init_Task
 .text.UKS_Drying_Task
                0x08003cc4       0x68 ..\obj\uks.o
                0x08003cc4                UKS_Drying_Task
 .text.UKS_Sort_Channels
                0x08003d2c      0x32c ..\obj\uks.o
                0x08003d2c                UKS_Sort_Channels
 .text.UKS_Channel_State_Drying
                0x08004058      0x1ec ..\obj\uks.o
                0x08004058                UKS_Channel_State_Drying
 .text.RCC_GetClocksFreq
                0x08004244      0x1d4 ..\obj\stm32f4xx_rcc.o
                0x08004244                RCC_GetClocksFreq
 .text.RCC_AHB1PeriphClockCmd
                0x08004418       0x5c ..\obj\stm32f4xx_rcc.o
                0x08004418                RCC_AHB1PeriphClockCmd
 .text.RCC_AHB2PeriphClockCmd
                0x08004474       0x5c ..\obj\stm32f4xx_rcc.o
                0x08004474                RCC_AHB2PeriphClockCmd
 .text.RCC_APB1PeriphClockCmd
                0x080044d0       0x5c ..\obj\stm32f4xx_rcc.o
                0x080044d0                RCC_APB1PeriphClockCmd
 .text.RCC_APB2PeriphClockCmd
                0x0800452c       0x5c ..\obj\stm32f4xx_rcc.o
                0x0800452c                RCC_APB2PeriphClockCmd
 .text.RCC_APB1PeriphResetCmd
                0x08004588       0x5c ..\obj\stm32f4xx_rcc.o
                0x08004588                RCC_APB1PeriphResetCmd
 .text.RCC_APB2PeriphResetCmd
                0x080045e4       0x5c ..\obj\stm32f4xx_rcc.o
                0x080045e4                RCC_APB2PeriphResetCmd
 .text.ADC_DeInit
                0x08004640       0x20 ..\obj\stm32f4xx_adc.o
                0x08004640                ADC_DeInit
 .text.ADC_Init
                0x08004660       0xc4 ..\obj\stm32f4xx_adc.o
                0x08004660                ADC_Init
 .text.ADC_StructInit
                0x08004724       0x4c ..\obj\stm32f4xx_adc.o
                0x08004724                ADC_StructInit
 .text.ADC_CommonInit
                0x08004770       0x60 ..\obj\stm32f4xx_adc.o
                0x08004770                ADC_CommonInit
 .text.ADC_CommonStructInit
                0x080047d0       0x34 ..\obj\stm32f4xx_adc.o
                0x080047d0                ADC_CommonStructInit
 .text.ADC_Cmd  0x08004804       0x38 ..\obj\stm32f4xx_adc.o
                0x08004804                ADC_Cmd
 .text.ADC_RegularChannelConfig
                0x0800483c      0x1d0 ..\obj\stm32f4xx_adc.o
                0x0800483c                ADC_RegularChannelConfig
 .text.ADC_GetFlagStatus
                0x08004a0c       0x40 ..\obj\stm32f4xx_adc.o
                0x08004a0c                ADC_GetFlagStatus
 .text.eMBFuncReadInputRegister
                0x08004a4c      0x110 ..\obj\mbfuncinput.o
                0x08004a4c                eMBFuncReadInputRegister
 .text.PutChar  0x08004b5c       0x24 ..\obj\printf.o
                0x08004b5c                PutChar
 .text.PutString
                0x08004b80       0x48 ..\obj\printf.o
                0x08004b80                PutString
 .text.PutUnsignedInt
                0x08004bc8       0xbc ..\obj\printf.o
                0x08004bc8                PutUnsignedInt
 .text.PutSignedInt
                0x08004c84      0x12c ..\obj\printf.o
                0x08004c84                PutSignedInt
 .text.PutHexa  0x08004db0       0xe8 ..\obj\printf.o
                0x08004db0                PutHexa
 .text.vsnprintf
                0x08004e98      0x2a4 ..\obj\printf.o
                0x08004e98                vsnprintf
 .text.vsprintf
                0x0800513c       0x28 ..\obj\printf.o
                0x0800513c                vsprintf
 .text.sprintf  0x08005164       0x30 ..\obj\printf.o
                0x08005164                sprintf
 .text.NVIC_EnableIRQ
                0x08005194       0x38 ..\obj\phaze_detector.o
 .text.Phaze_Detector_Init
                0x080051cc      0x1d4 ..\obj\phaze_detector.o
                0x080051cc                Phaze_Detector_Init
 .text.Set_Heater_Power
                0x080053a0       0x58 ..\obj\phaze_detector.o
                0x080053a0                Set_Heater_Power
 .text.EXTI0_IRQHandler
                0x080053f8      0x154 ..\obj\phaze_detector.o
                0x080053f8                EXTI0_IRQHandler
 .text.EXTI1_IRQHandler
                0x0800554c       0x34 ..\obj\phaze_detector.o
                0x0800554c                EXTI1_IRQHandler
 .text.Heater_Control_Task
                0x08005580      0x144 ..\obj\phaze_detector.o
 .text.Display_Init
                0x080056c4       0x4c ..\obj\display.o
                0x080056c4                Display_Init
 .text.Display_Task
                0x08005710      0x8d4 ..\obj\display.o
                0x08005710                Display_Task
 .text.Delay    0x08005fe4       0x44 ..\obj\hd44780.o
 .text.HD44780_Init
                0x08006028      0x110 ..\obj\hd44780.o
                0x08006028                HD44780_Init
 .text.HD44780_Reinit
                0x08006138      0x100 ..\obj\hd44780.o
                0x08006138                HD44780_Reinit
 .text.HD44780_InitPins
                0x08006238       0x80 ..\obj\hd44780.o
                0x08006238                HD44780_InitPins
 .text.HD44780_Clear
                0x080062b8       0x18 ..\obj\hd44780.o
                0x080062b8                HD44780_Clear
 .text.HD44780_Cmd
                0x080062d0       0x28 ..\obj\hd44780.o
                0x080062d0                HD44780_Cmd
 .text.HD44780_Data
                0x080062f8       0x28 ..\obj\hd44780.o
                0x080062f8                HD44780_Data
 .text.HD44780_Cmd4bit
                0x08006320       0xb0 ..\obj\hd44780.o
                0x08006320                HD44780_Cmd4bit
 .text.HD44780_Cmd8bit
                0x080063d0       0xb0 ..\obj\hd44780.o
                0x080063d0                HD44780_Cmd8bit
 .text.HD44780_CursorSet
                0x08006480       0x74 ..\obj\hd44780.o
                0x08006480                HD44780_CursorSet
 .text.HD44780_Puts
                0x080064f4      0x114 ..\obj\hd44780.o
                0x080064f4                HD44780_Puts
 .text.HD44780_DisplayOn
                0x08006608       0x38 ..\obj\hd44780.o
                0x08006608                HD44780_DisplayOn
 .text.xTaskGenericCreate
                0x08006640      0x1f8 ..\obj\tasks.o
                0x08006640                xTaskGenericCreate
 .text.vTaskDelete
                0x08006838       0xc0 ..\obj\tasks.o
                0x08006838                vTaskDelete
 .text.vTaskDelay
                0x080068f8       0x5c ..\obj\tasks.o
                0x080068f8                vTaskDelay
 .text.vTaskSuspend
                0x08006954       0xc0 ..\obj\tasks.o
                0x08006954                vTaskSuspend
 .text.xTaskIsTaskSuspended
                0x08006a14       0x60 ..\obj\tasks.o
                0x08006a14                xTaskIsTaskSuspended
 .text.vTaskResume
                0x08006a74       0xbc ..\obj\tasks.o
                0x08006a74                vTaskResume
 .text.vTaskStartScheduler
                0x08006b30       0x84 ..\obj\tasks.o
                0x08006b30                vTaskStartScheduler
 .text.vTaskSuspendAll
                0x08006bb4       0x24 ..\obj\tasks.o
                0x08006bb4                vTaskSuspendAll
 .text.xTaskResumeAll
                0x08006bd8      0x16c ..\obj\tasks.o
                0x08006bd8                xTaskResumeAll
 .text.vTaskIncrementTick
                0x08006d44      0x1d0 ..\obj\tasks.o
                0x08006d44                vTaskIncrementTick
 .text.vTaskSwitchContext
                0x08006f14      0x168 ..\obj\tasks.o
                0x08006f14                vTaskSwitchContext
 .text.vTaskPlaceOnEventList
                0x0800707c       0x88 ..\obj\tasks.o
                0x0800707c                vTaskPlaceOnEventList
 .text.xTaskRemoveFromEventList
                0x08007104       0xd4 ..\obj\tasks.o
                0x08007104                xTaskRemoveFromEventList
 .text.vTaskSetTimeOutState
                0x080071d8       0x40 ..\obj\tasks.o
                0x080071d8                vTaskSetTimeOutState
 .text.xTaskCheckForTimeOut
                0x08007218       0xc4 ..\obj\tasks.o
                0x08007218                xTaskCheckForTimeOut
 .text.vTaskMissedYield
                0x080072dc       0x18 ..\obj\tasks.o
                0x080072dc                vTaskMissedYield
 .text.prvIdleTask
                0x080072f4       0x24 ..\obj\tasks.o
 .text.prvInitialiseTCBVariables
                0x08007318       0x7c ..\obj\tasks.o
 .text.prvInitialiseTaskLists
                0x08007394       0xa4 ..\obj\tasks.o
 .text.prvCheckTasksWaitingTermination
                0x08007438       0x98 ..\obj\tasks.o
 .text.prvAddCurrentTaskToDelayedList
                0x080074d0       0x8c ..\obj\tasks.o
 .text.prvAllocateTCBAndStack
                0x0800755c       0x74 ..\obj\tasks.o
 .text.prvDeleteTCB
                0x080075d0       0x20 ..\obj\tasks.o
 .text.xTaskGetCurrentTaskHandle
                0x080075f0       0x20 ..\obj\tasks.o
                0x080075f0                xTaskGetCurrentTaskHandle
 .text.vTaskPriorityInherit
                0x08007610       0xe8 ..\obj\tasks.o
                0x08007610                vTaskPriorityInherit
 .text.vTaskPriorityDisinherit
                0x080076f8       0x90 ..\obj\tasks.o
                0x080076f8                vTaskPriorityDisinherit
 .text.USBD_USR_DeviceDescriptor
                0x08007788       0x28 ..\obj\usbd_desc.o
                0x08007788                USBD_USR_DeviceDescriptor
 .text.USBD_USR_LangIDStrDescriptor
                0x080077b0       0x28 ..\obj\usbd_desc.o
                0x080077b0                USBD_USR_LangIDStrDescriptor
 .text.USBD_USR_ProductStrDescriptor
                0x080077d8       0x54 ..\obj\usbd_desc.o
                0x080077d8                USBD_USR_ProductStrDescriptor
 .text.USBD_USR_ManufacturerStrDescriptor
                0x0800782c       0x34 ..\obj\usbd_desc.o
                0x0800782c                USBD_USR_ManufacturerStrDescriptor
 .text.USBD_USR_SerialStrDescriptor
                0x08007860       0x54 ..\obj\usbd_desc.o
                0x08007860                USBD_USR_SerialStrDescriptor
 .text.USBD_USR_ConfigStrDescriptor
                0x080078b4       0x54 ..\obj\usbd_desc.o
                0x080078b4                USBD_USR_ConfigStrDescriptor
 .text.USBD_USR_InterfaceStrDescriptor
                0x08007908       0x54 ..\obj\usbd_desc.o
                0x08007908                USBD_USR_InterfaceStrDescriptor
 .text.Keyboard_Init
                0x0800795c       0x78 ..\obj\keyboard.o
                0x0800795c                Keyboard_Init
 .text.vKeyboardTask
                0x080079d4      0x26c ..\obj\keyboard.o
 .text.GPIO_Init
                0x08007c40      0x158 ..\obj\stm32f4xx_gpio.o
                0x08007c40                GPIO_Init
 .text.GPIO_StructInit
                0x08007d98       0x3c ..\obj\stm32f4xx_gpio.o
                0x08007d98                GPIO_StructInit
 .text.GPIO_ReadInputDataBit
                0x08007dd4       0x40 ..\obj\stm32f4xx_gpio.o
                0x08007dd4                GPIO_ReadInputDataBit
 .text.GPIO_WriteBit
                0x08007e14       0x30 ..\obj\stm32f4xx_gpio.o
                0x08007e14                GPIO_WriteBit
 .text.GPIO_PinAFConfig
                0x08007e44       0xb0 ..\obj\stm32f4xx_gpio.o
                0x08007e44                GPIO_PinAFConfig
 .text.xMBPortTimersInit
                0x08007ef4       0xe0 ..\obj\porttimer.o
                0x08007ef4                xMBPortTimersInit
 .text.vMBPortTimersEnable
                0x08007fd4       0x4c ..\obj\porttimer.o
                0x08007fd4                vMBPortTimersEnable
 .text.vMBPortTimersDisable
                0x08008020       0x4c ..\obj\porttimer.o
                0x08008020                vMBPortTimersDisable
 .text.TIM4_IRQHandler
                0x0800806c       0x24 ..\obj\porttimer.o
                0x0800806c                TIM4_IRQHandler
 .text.VCP_Init
                0x08008090       0x10 ..\obj\usbd_cdc_vcp.o
 .text.VCP_DeInit
                0x080080a0       0x10 ..\obj\usbd_cdc_vcp.o
 .text.VCP_Ctrl
                0x080080b0       0xbc ..\obj\usbd_cdc_vcp.o
 .text.VCP_DataTx
                0x0800816c       0x84 ..\obj\usbd_cdc_vcp.o
                0x0800816c                VCP_DataTx
 .text.VCP_DataRx
                0x080081f0       0xa0 ..\obj\usbd_cdc_vcp.o
                0x080081f0                VCP_DataRx
 .text.VCP_get_char
                0x08008290       0x84 ..\obj\usbd_cdc_vcp.o
                0x08008290                VCP_get_char
 .text.vListInitialise
                0x08008314       0x48 ..\obj\list.o
                0x08008314                vListInitialise
 .text.vListInitialiseItem
                0x0800835c       0x1c ..\obj\list.o
                0x0800835c                vListInitialiseItem
 .text.vListInsertEnd
                0x08008378       0x54 ..\obj\list.o
                0x08008378                vListInsertEnd
 .text.vListInsert
                0x080083cc       0x78 ..\obj\list.o
                0x080083cc                vListInsert
 .text.vListRemove
                0x08008444       0x54 ..\obj\list.o
                0x08008444                vListRemove
 .text.eMBRTUInit
                0x08008498       0x84 ..\obj\mbrtu.o
                0x08008498                eMBRTUInit
 .text.eMBRTUStart
                0x0800851c       0x2c ..\obj\mbrtu.o
                0x0800851c                eMBRTUStart
 .text.eMBRTUStop
                0x08008548       0x20 ..\obj\mbrtu.o
                0x08008548                eMBRTUStop
 .text.eMBRTUReceive
                0x08008568       0x9c ..\obj\mbrtu.o
                0x08008568                eMBRTUReceive
 .text.eMBRTUSend
                0x08008604      0x124 ..\obj\mbrtu.o
                0x08008604                eMBRTUSend
 .text.xMBRTUReceiveFSM
                0x08008728       0xf0 ..\obj\mbrtu.o
                0x08008728                xMBRTUReceiveFSM
 .text.xMBRTUTransmitFSM
                0x08008818       0xa4 ..\obj\mbrtu.o
                0x08008818                xMBRTUTransmitFSM
 .text.xMBRTUTimerT35Expired
                0x080088bc       0x60 ..\obj\mbrtu.o
                0x080088bc                xMBRTUTimerT35Expired
 .text.SystemInit
                0x0800891c       0x94 ..\obj\system_stm32f4xx.o
                0x0800891c                SystemInit
 .text.SetSysClock
                0x080089b0      0x150 ..\obj\system_stm32f4xx.o
 .text.ADC_Channel_Init
                0x08008b00      0x15c ..\obj\adc.o
                0x08008b00                ADC_Channel_Init
 .text.bubblesort
                0x08008c5c       0xa4 ..\obj\adc.o
                0x08008c5c                bubblesort
 .text.ADC_Task
                0x08008d00      0x2a0 ..\obj\adc.o
 .text.USB_OTG_BSP_Init
                0x08008fa0      0x100 ..\obj\usb_bsp.o
                0x08008fa0                USB_OTG_BSP_Init
 .text.USB_OTG_BSP_EnableInterrupt
                0x080090a0       0x3c ..\obj\usb_bsp.o
                0x080090a0                USB_OTG_BSP_EnableInterrupt
 .text.USB_OTG_BSP_uDelay
                0x080090dc       0x58 ..\obj\usb_bsp.o
                0x080090dc                USB_OTG_BSP_uDelay
 .text.USB_OTG_BSP_mDelay
                0x08009134       0x20 ..\obj\usb_bsp.o
                0x08009134                USB_OTG_BSP_mDelay
 .text.OTG_FS_WKUP_IRQHandler
                0x08009154       0x44 ..\obj\usb_bsp.o
                0x08009154                OTG_FS_WKUP_IRQHandler
 .text.OTG_FS_IRQHandler
                0x08009198       0x14 ..\obj\usb_bsp.o
                0x08009198                OTG_FS_IRQHandler
 .text.USBD_StdDevReq
                0x080091ac       0xa4 ..\obj\usbd_req.o
                0x080091ac                USBD_StdDevReq
 .text.USBD_StdItfReq
                0x08009250       0x70 ..\obj\usbd_req.o
                0x08009250                USBD_StdItfReq
 .text.USBD_StdEPReq
                0x080092c0      0x1d8 ..\obj\usbd_req.o
                0x080092c0                USBD_StdEPReq
 .text.USBD_GetDescriptor
                0x08009498      0x1c8 ..\obj\usbd_req.o
 .text.USBD_SetAddress
                0x08009660       0x80 ..\obj\usbd_req.o
 .text.USBD_SetConfig
                0x080096e0      0x134 ..\obj\usbd_req.o
 .text.USBD_GetConfig
                0x08009814       0x68 ..\obj\usbd_req.o
 .text.USBD_GetStatus
                0x0800987c       0x68 ..\obj\usbd_req.o
 .text.USBD_SetFeature
                0x080098e4       0xe0 ..\obj\usbd_req.o
 .text.USBD_ClrFeature
                0x080099c4       0x58 ..\obj\usbd_req.o
 .text.USBD_ParseSetupRequest
                0x08009a1c       0xbc ..\obj\usbd_req.o
                0x08009a1c                USBD_ParseSetupRequest
 .text.USBD_CtlError
                0x08009ad8       0x50 ..\obj\usbd_req.o
                0x08009ad8                USBD_CtlError
 .text.USBD_GetString
                0x08009b28       0x9c ..\obj\usbd_req.o
                0x08009b28                USBD_GetString
 .text.USBD_GetLen
                0x08009bc4       0x38 ..\obj\usbd_req.o
 .text.xQueueGenericReset
                0x08009bfc       0xc0 ..\obj\queue.o
                0x08009bfc                xQueueGenericReset
 .text.xQueueGenericCreate
                0x08009cbc       0x90 ..\obj\queue.o
                0x08009cbc                xQueueGenericCreate
 .text.xQueueGenericSend
                0x08009d4c      0x158 ..\obj\queue.o
                0x08009d4c                xQueueGenericSend
 .text.xQueueGenericSendFromISR
                0x08009ea4       0xcc ..\obj\queue.o
                0x08009ea4                xQueueGenericSendFromISR
 .text.xQueueGenericReceive
                0x08009f70      0x1bc ..\obj\queue.o
                0x08009f70                xQueueGenericReceive
 .text.prvCopyDataToQueue
                0x0800a12c       0xc4 ..\obj\queue.o
 .text.prvCopyDataFromQueue
                0x0800a1f0       0x50 ..\obj\queue.o
 .text.prvUnlockQueue
                0x0800a240       0xa0 ..\obj\queue.o
 .text.prvIsQueueEmpty
                0x0800a2e0       0x2c ..\obj\queue.o
 .text.prvIsQueueFull
                0x0800a30c       0x30 ..\obj\queue.o
 .text.pxPortInitialiseStack
                0x0800a33c       0x60 ..\obj\port.o
                0x0800a33c                pxPortInitialiseStack
 .text.SVC_Handler
                0x0800a39c       0x20 ..\obj\port.o
                0x0800a39c                SVC_Handler
 .text.vPortStartFirstTask
                0x0800a3bc       0x14 ..\obj\port.o
                0x0800a3bc                vPortStartFirstTask
 .text.xPortStartScheduler
                0x0800a3d0       0x54 ..\obj\port.o
                0x0800a3d0                xPortStartScheduler
 .text.vPortYieldFromISR
                0x0800a424       0x18 ..\obj\port.o
                0x0800a424                vPortYieldFromISR
 .text.vPortEnterCritical
                0x0800a43c       0x2c ..\obj\port.o
                0x0800a43c                vPortEnterCritical
 .text.vPortExitCritical
                0x0800a468       0x38 ..\obj\port.o
                0x0800a468                vPortExitCritical
 .text.PendSV_Handler
                0x0800a4a0       0x3c ..\obj\port.o
                0x0800a4a0                PendSV_Handler
 .text.SysTick_Handler
                0x0800a4dc       0x38 ..\obj\port.o
                0x0800a4dc                SysTick_Handler
 .text.prvSetupTimerInterrupt
                0x0800a514       0x28 ..\obj\port.o
 .text.USBD_OTG_ISR_Handler
                0x0800a53c      0x178 ..\obj\usb_dcd_int.o
                0x0800a53c                USBD_OTG_ISR_Handler
 .text.DCD_HandleResume_ISR
                0x0800a6b4       0x90 ..\obj\usb_dcd_int.o
 .text.DCD_HandleUSBSuspend_ISR
                0x0800a744       0xb4 ..\obj\usb_dcd_int.o
 .text.DCD_HandleInEP_ISR
                0x0800a7f8      0x234 ..\obj\usb_dcd_int.o
 .text.DCD_HandleOutEP_ISR
                0x0800aa2c      0x1b4 ..\obj\usb_dcd_int.o
 .text.DCD_HandleSof_ISR
                0x0800abe0       0x3c ..\obj\usb_dcd_int.o
 .text.DCD_HandleRxStatusQueueLevel_ISR
                0x0800ac1c      0x120 ..\obj\usb_dcd_int.o
 .text.DCD_WriteEmptyTxFifo
                0x0800ad3c      0x134 ..\obj\usb_dcd_int.o
 .text.DCD_HandleUsbReset_ISR
                0x0800ae70      0x168 ..\obj\usb_dcd_int.o
 .text.DCD_HandleEnumDone_ISR
                0x0800afd8       0x88 ..\obj\usb_dcd_int.o
 .text.DCD_IsoINIncomplete_ISR
                0x0800b060       0x3c ..\obj\usb_dcd_int.o
 .text.DCD_IsoOUTIncomplete_ISR
                0x0800b09c       0x3c ..\obj\usb_dcd_int.o
 .text.DCD_ReadDevInEP
                0x0800b0d8       0x60 ..\obj\usb_dcd_int.o
 .text.vMBPortSerialEnable
                0x0800b138       0x28 ..\obj\portserial.o
                0x0800b138                vMBPortSerialEnable
 .text.xMBPortSerialInit
                0x0800b160       0x54 ..\obj\portserial.o
                0x0800b160                xMBPortSerialInit
 .text.xMBPortSerialGetByte
                0x0800b1b4       0x28 ..\obj\portserial.o
                0x0800b1b4                xMBPortSerialGetByte
 .text.Serial_Task
                0x0800b1dc       0x2c ..\obj\portserial.o
 .text.usbd_cdc_Init
                0x0800b208       0xd0 ..\obj\usbd_cdc_core.o
 .text.usbd_cdc_DeInit
                0x0800b2d8       0x4c ..\obj\usbd_cdc_core.o
 .text.usbd_cdc_Setup
                0x0800b324      0x168 ..\obj\usbd_cdc_core.o
 .text.usbd_cdc_EP0_RxReady
                0x0800b48c       0x60 ..\obj\usbd_cdc_core.o
 .text.usbd_cdc_DataIn
                0x0800b4ec      0x128 ..\obj\usbd_cdc_core.o
 .text.usbd_cdc_DataOut
                0x0800b614       0x6c ..\obj\usbd_cdc_core.o
 .text.usbd_cdc_SOF
                0x0800b680       0x50 ..\obj\usbd_cdc_core.o
 .text.Handle_USBAsynchXfer
                0x0800b6d0      0x1a8 ..\obj\usbd_cdc_core.o
 .text.USBD_cdc_GetCfgDesc
                0x0800b878       0x28 ..\obj\usbd_cdc_core.o
 .text.TIMER_PROPERTIES_GetTimerProperties
                0x0800b8a0      0x124 ..\obj\timer_properties.o
                0x0800b8a0                TIMER_PROPERTIES_GetTimerProperties
 .text.TIMER_PROPERTIES_GenerateDataForWorkingFrequency
                0x0800b9c4      0x164 ..\obj\timer_properties.o
                0x0800b9c4                TIMER_PROPERTIES_GenerateDataForWorkingFrequency
 .text.TIMER_PROPERTIES_EnableClock
                0x0800bb28      0x198 ..\obj\timer_properties.o
                0x0800bb28                TIMER_PROPERTIES_EnableClock
 .text.SPI_Init
                0x0800bcc0       0x98 ..\obj\stm32f4xx_spi.o
                0x0800bcc0                SPI_Init
 .text.SPI_Cmd  0x0800bd58       0x40 ..\obj\stm32f4xx_spi.o
                0x0800bd58                SPI_Cmd
 .text.SPI_CalculateCRC
                0x0800bd98       0x40 ..\obj\stm32f4xx_spi.o
                0x0800bd98                SPI_CalculateCRC
 .text.eMBFuncReadCoils
                0x0800bdd8      0x134 ..\obj\mbfunccoils.o
                0x0800bdd8                eMBFuncReadCoils
 .text.eMBFuncWriteCoil
                0x0800bf0c       0xcc ..\obj\mbfunccoils.o
                0x0800bf0c                eMBFuncWriteCoil
 .text.eMBFuncWriteMultipleCoils
                0x0800bfd8       0xfc ..\obj\mbfunccoils.o
                0x0800bfd8                eMBFuncWriteMultipleCoils
 .text.EXTI_Init
                0x0800c0d4      0x158 ..\obj\stm32f4xx_exti.o
                0x0800c0d4                EXTI_Init
 .text.EXTI_GetITStatus
                0x0800c22c       0x60 ..\obj\stm32f4xx_exti.o
                0x0800c22c                EXTI_GetITStatus
 .text.EXTI_ClearITPendingBit
                0x0800c28c       0x20 ..\obj\stm32f4xx_exti.o
                0x0800c28c                EXTI_ClearITPendingBit
 .text.NVIC_PriorityGroupConfig
                0x0800c2ac       0x28 ..\obj\misc.o
                0x0800c2ac                NVIC_PriorityGroupConfig
 .text.NVIC_Init
                0x0800c2d4       0xe8 ..\obj\misc.o
                0x0800c2d4                NVIC_Init
 .text.DCD_Init
                0x0800c3bc      0x12c ..\obj\usb_dcd.o
                0x0800c3bc                DCD_Init
 .text.DCD_EP_Open
                0x0800c4e8       0xac ..\obj\usb_dcd.o
                0x0800c4e8                DCD_EP_Open
 .text.DCD_EP_Close
                0x0800c594       0x7c ..\obj\usb_dcd.o
                0x0800c594                DCD_EP_Close
 .text.DCD_EP_PrepareRx
                0x0800c610       0x8c ..\obj\usb_dcd.o
                0x0800c610                DCD_EP_PrepareRx
 .text.DCD_EP_Tx
                0x0800c69c       0x84 ..\obj\usb_dcd.o
                0x0800c69c                DCD_EP_Tx
 .text.DCD_EP_Stall
                0x0800c720       0x80 ..\obj\usb_dcd.o
                0x0800c720                DCD_EP_Stall
 .text.DCD_EP_ClrStall
                0x0800c7a0       0x80 ..\obj\usb_dcd.o
                0x0800c7a0                DCD_EP_ClrStall
 .text.DCD_EP_SetAddress
                0x0800c820       0x40 ..\obj\usb_dcd.o
                0x0800c820                DCD_EP_SetAddress
 .text.pvPortMalloc
                0x0800c860       0xa4 ..\obj\heap_1.o
                0x0800c860                pvPortMalloc
 .text.vPortFree
                0x0800c904       0x14 ..\obj\heap_1.o
                0x0800c904                vPortFree
 .text.xPortGetFreeHeapSize
                0x0800c918       0x1c ..\obj\heap_1.o
                0x0800c918                xPortGetFreeHeapSize
 .text.USBD_CtlSendData
                0x0800c934       0x48 ..\obj\usbd_ioreq.o
                0x0800c934                USBD_CtlSendData
 .text.USBD_CtlContinueSendData
                0x0800c97c       0x30 ..\obj\usbd_ioreq.o
                0x0800c97c                USBD_CtlContinueSendData
 .text.USBD_CtlPrepareRx
                0x0800c9ac       0x48 ..\obj\usbd_ioreq.o
                0x0800c9ac                USBD_CtlPrepareRx
 .text.USBD_CtlContinueRx
                0x0800c9f4       0x30 ..\obj\usbd_ioreq.o
                0x0800c9f4                USBD_CtlContinueRx
 .text.USBD_CtlSendStatus
                0x0800ca24       0x3c ..\obj\usbd_ioreq.o
                0x0800ca24                USBD_CtlSendStatus
 .text.USBD_CtlReceiveStatus
                0x0800ca60       0x3c ..\obj\usbd_ioreq.o
                0x0800ca60                USBD_CtlReceiveStatus
 .text.TIM_TimeBaseInit
                0x0800ca9c       0xf8 ..\obj\stm32f4xx_tim.o
                0x0800ca9c                TIM_TimeBaseInit
 .text.TIM_SetCounter
                0x0800cb94       0x1c ..\obj\stm32f4xx_tim.o
                0x0800cb94                TIM_SetCounter
 .text.TIM_ARRPreloadConfig
                0x0800cbb0       0x40 ..\obj\stm32f4xx_tim.o
                0x0800cbb0                TIM_ARRPreloadConfig
 .text.TIM_Cmd  0x0800cbf0       0x40 ..\obj\stm32f4xx_tim.o
                0x0800cbf0                TIM_Cmd
 .text.TIM_ITConfig
                0x0800cc30       0x4c ..\obj\stm32f4xx_tim.o
                0x0800cc30                TIM_ITConfig
 .text.TIM_ClearITPendingBit
                0x0800cc7c       0x24 ..\obj\stm32f4xx_tim.o
                0x0800cc7c                TIM_ClearITPendingBit
 .text.NVIC_SystemReset
                0x0800cca0       0x34 ..\obj\power_detector.o
 .text.Power_Detector_Init
                0x0800ccd4       0x80 ..\obj\power_detector.o
                0x0800ccd4                Power_Detector_Init
 .text.PVD_IRQHandler
                0x0800cd54       0x20 ..\obj\power_detector.o
                0x0800cd54                PVD_IRQHandler
 .text          0x0800cd74      0x370 c:/coocox/coide/gcc/sourcery g++ lite/bin/../lib/gcc/arm-none-eabi/4.5.1/thumb2\libgcc.a(_arm_addsubdf3.o)
                0x0800cd74                __aeabi_drsub
                0x0800cd7c                __aeabi_dsub
                0x0800cd7c                __subdf3
                0x0800cd80                __aeabi_dadd
                0x0800cd80                __adddf3
                0x0800cff8                __floatunsidf
                0x0800cff8                __aeabi_ui2d
                0x0800d018                __floatsidf
                0x0800d018                __aeabi_i2d
                0x0800d03c                __aeabi_f2d
                0x0800d03c                __extendsfdf2
                0x0800d078                __floatundidf
                0x0800d078                __aeabi_ul2d
                0x0800d088                __floatdidf
                0x0800d088                __aeabi_l2d
 .text          0x0800d0e4      0x424 c:/coocox/coide/gcc/sourcery g++ lite/bin/../lib/gcc/arm-none-eabi/4.5.1/thumb2\libgcc.a(_arm_muldivdf3.o)
                0x0800d0e4                __aeabi_dmul
                0x0800d0e4                __muldf3
                0x0800d338                __divdf3
                0x0800d338                __aeabi_ddiv
 .text          0x0800d508      0x110 c:/coocox/coide/gcc/sourcery g++ lite/bin/../lib/gcc/arm-none-eabi/4.5.1/thumb2\libgcc.a(_arm_cmpdf2.o)
                0x0800d508                __gtdf2
                0x0800d508                __gedf2
                0x0800d510                __ltdf2
                0x0800d510                __ledf2
                0x0800d518                __nedf2
                0x0800d518                __eqdf2
                0x0800d518                __cmpdf2
                0x0800d594                __aeabi_cdrcmple
                0x0800d5a4                __aeabi_cdcmpeq
                0x0800d5a4                __aeabi_cdcmple
                0x0800d5b4                __aeabi_dcmpeq
                0x0800d5c8                __aeabi_dcmplt
                0x0800d5dc                __aeabi_dcmple
                0x0800d5f0                __aeabi_dcmpge
                0x0800d604                __aeabi_dcmpgt
 .text          0x0800d618       0x40 c:/coocox/coide/gcc/sourcery g++ lite/bin/../lib/gcc/arm-none-eabi/4.5.1/thumb2\libgcc.a(_arm_fixunsdfsi.o)
                0x0800d618                __aeabi_d2uiz
                0x0800d618                __fixunsdfsi
 .text          0x0800d658       0xa0 c:/coocox/coide/gcc/sourcery g++ lite/bin/../lib/gcc/arm-none-eabi/4.5.1/thumb2\libgcc.a(_arm_truncdfsf2.o)
                0x0800d658                __truncdfsf2
                0x0800d658                __aeabi_d2f
 .text          0x0800d6f8      0x21c c:/coocox/coide/gcc/sourcery g++ lite/bin/../lib/gcc/arm-none-eabi/4.5.1/thumb2\libgcc.a(_arm_addsubsf3.o)
                0x0800d6f8                __aeabi_frsub
                0x0800d700                __subsf3
                0x0800d700                __aeabi_fsub
                0x0800d704                __aeabi_fadd
                0x0800d704                __addsf3
                0x0800d864                __aeabi_ui2f
                0x0800d864                __floatunsisf
                0x0800d86c                __aeabi_i2f
                0x0800d86c                __floatsisf
                0x0800d888                __aeabi_ul2f
                0x0800d888                __floatundisf
                0x0800d898                __aeabi_l2f
                0x0800d898                __floatdisf
 .text          0x0800d914      0x2a0 c:/coocox/coide/gcc/sourcery g++ lite/bin/../lib/gcc/arm-none-eabi/4.5.1/thumb2\libgcc.a(_arm_muldivsf3.o)
                0x0800d914                __mulsf3
                0x0800d914                __aeabi_fmul
                0x0800da7c                __aeabi_fdiv
                0x0800da7c                __divsf3
 .text          0x0800dbb4       0xec c:/coocox/coide/gcc/sourcery g++ lite/bin/../lib/gcc/arm-none-eabi/4.5.1/thumb2\libgcc.a(_arm_cmpsf2.o)
                0x0800dbb4                __gesf2
                0x0800dbb4                __gtsf2
                0x0800dbbc                __lesf2
                0x0800dbbc                __ltsf2
                0x0800dbc4                __nesf2
                0x0800dbc4                __eqsf2
                0x0800dbc4                __cmpsf2
                0x0800dc24                __aeabi_cfrcmple
                0x0800dc2c                __aeabi_cfcmpeq
                0x0800dc2c                __aeabi_cfcmple
                0x0800dc3c                __aeabi_fcmpeq
                0x0800dc50                __aeabi_fcmplt
                0x0800dc64                __aeabi_fcmple
                0x0800dc78                __aeabi_fcmpge
                0x0800dc8c                __aeabi_fcmpgt
 .text          0x0800dca0       0x4c c:/coocox/coide/gcc/sourcery g++ lite/bin/../lib/gcc/arm-none-eabi/4.5.1/thumb2\libgcc.a(_arm_fixsfsi.o)
                0x0800dca0                __aeabi_f2iz
                0x0800dca0                __fixsfsi
 .text          0x0800dcec       0x40 c:/coocox/coide/gcc/sourcery g++ lite/bin/../lib/gcc/arm-none-eabi/4.5.1/thumb2\libgcc.a(_arm_fixunssfsi.o)
                0x0800dcec                __fixunssfsi
                0x0800dcec                __aeabi_f2uiz
 .text          0x0800dd2c       0x58 c:/coocox/coide/gcc/sourcery g++ lite/bin/../lib/gcc/arm-none-eabi/4.5.1/../../../../arm-none-eabi/lib/thumb2\libc.a(lib_a-memcmp.o)
                0x0800dd2c                memcmp
 .text          0x0800dd84      0x150 c:/coocox/coide/gcc/sourcery g++ lite/bin/../lib/gcc/arm-none-eabi/4.5.1/../../../../arm-none-eabi/lib/thumb2\libc.a(lib_a-memcpy.o)
                0x0800dd84                memcpy
 .text          0x0800ded4       0xb4 c:/coocox/coide/gcc/sourcery g++ lite/bin/../lib/gcc/arm-none-eabi/4.5.1/../../../../arm-none-eabi/lib/thumb2\libc.a(lib_a-memset.o)
                0x0800ded4                memset
 .text          0x0800df88       0x7c c:/coocox/coide/gcc/sourcery g++ lite/bin/../lib/gcc/arm-none-eabi/4.5.1/../../../../arm-none-eabi/lib/thumb2\libc.a(lib_a-strncpy.o)
                0x0800df88                strncpy
 *(.glue_7t)
 .glue_7t       0x00000000        0x0 linker stubs
 *(.glue_7)
 .glue_7        0x00000000        0x0 linker stubs
 *(.rodata .rodata* .gnu.linkonce.r.*)
 .rodata        0x0800e004        0x4 ..\obj\pid_regulator.o
 .rodata        0x0800e008        0x8 ..\obj\protocol.o
 .rodata        0x0800e010        0x8 ..\obj\buzzer.o
 .rodata        0x0800e018       0x10 ..\obj\ADS1120.o
 .rodata        0x0800e028      0x200 ..\obj\mbcrc.o
 .rodata        0x0800e228       0x28 ..\obj\uks.o
 .rodata        0x0800e250       0x10 ..\obj\phaze_detector.o
 .rodata        0x0800e260      0x11c ..\obj\display.o
 .rodata        0x0800e37c        0x4 ..\obj\hd44780.o
 .rodata        0x0800e380       0x1c ..\obj\tasks.o
 .rodata        0x0800e39c       0x98 ..\obj\usbd_desc.o
 .rodata        0x0800e434        0xc ..\obj\keyboard.o
 .rodata        0x0800e440        0x4 ..\obj\adc.o
 .rodata        0x0800e444        0x8 ..\obj\portserial.o

.vfp11_veneer   0x0800e44c        0x0
 .vfp11_veneer  0x00000000        0x0 linker stubs

.v4_bx          0x0800e44c        0x0
 .v4_bx         0x00000000        0x0 linker stubs

.ARM.extab
 *(.ARM.extab* .gnu.linkonce.armextab.*)

.ARM.exidx
 *(.ARM.exidx* .gnu.linkonce.armexidx.*)
                0x0800e44c                . = ALIGN (0x4)
                0x0800e44c                _etext = .
                0x0800e44c                _sidata = .

.data           0x20000000      0x200 load address 0x0800e44c
                0x20000000                _sdata = .
 *(.data .data.*)
 .data          0x20000000        0xc ..\obj\mbport.o
                0x20000000                usRegHoldingBuf
                0x20000004                REG_INPUT_START
                0x20000005                REG_HOLDING_START
                0x20000006                REG_INPUT_NREGS
                0x20000007                REG_HOLDING_NREGS
                0x20000008                usRegInputStart
                0x20000009                usRegHoldingStart
 .data          0x2000000c       0x84 ..\obj\mb.o
 .data          0x20000090       0x1c ..\obj\usbd_usr.o
                0x20000090                USR_cb
 .data          0x200000ac       0x30 ..\obj\usbd_core.o
                0x200000ac                USBD_DCD_INT_cb
                0x200000d8                USBD_DCD_INT_fops
 .data          0x200000dc       0x10 ..\obj\stm32f4xx_rcc.o
 .data          0x200000ec       0x30 ..\obj\display.o
                0x200000ec                drying_states
 .data          0x2000011c        0x4 ..\obj\tasks.o
 .data          0x20000120       0x40 ..\obj\usbd_desc.o
                0x20000120                USR_desc
                0x2000013c                USBD_DeviceDesc
                0x20000150                USBD_DeviceQualifierDesc
                0x2000015c                USBD_LangIDDesc
 .data          0x20000160       0x14 ..\obj\usbd_cdc_vcp.o
                0x20000160                VCP_fops
 .data          0x20000174       0x14 ..\obj\system_stm32f4xx.o
                0x20000174                SystemCoreClock
                0x20000178                AHBPrescTable
 .data          0x20000188        0x4 ..\obj\port.o
 .data          0x2000018c       0x74 ..\obj\usbd_cdc_core.o
                0x2000018c                usbd_cdc_CfgDesc
                0x200001d4                USBD_CDC_cb
                0x20000200                . = ALIGN (0x4)
                0x20000200                _edata = .

.bss            0x20000200     0x3470 load address 0x0800e64c
                0x20000200                _sbss = .
 *(.bss .bss.*)
 .bss           0x20000200       0x10 ..\obj\delay.o
                0x20000200                TimingDelay
                0x20000204                Time
                0x20000208                Time2
                0x2000020c                DELAY_Initialized
 .bss           0x20000210       0x80 ..\obj\mbport.o
 .bss           0x20000290       0x24 ..\obj\mb.o
 .bss           0x200002b4        0x2 ..\obj\portevent.o
 *fill*         0x200002b6        0x2 00
 .bss           0x200002b8       0x24 ..\obj\mbfuncother.o
 .bss           0x200002dc        0x8 ..\obj\phaze_detector.o
 .bss           0x200002e4       0x24 ..\obj\display.o
 .bss           0x20000308      0x100 ..\obj\tasks.o
                0x20000308                pxCurrentTCB
 .bss           0x20000408        0x2 ..\obj\keyboard.o
 *fill*         0x2000040a        0x2 00
 .bss           0x2000040c        0xc ..\obj\mbrtu.o
 .bss           0x20000418       0x10 ..\obj\usbd_req.o
                0x20000418                USBD_ep_status
                0x2000041c                USBD_default_cfg
                0x20000420                USBD_cfg_status
 .bss           0x20000428        0x1 ..\obj\portserial.o
 *fill*         0x20000429        0x3 00
 .bss           0x2000042c       0x20 ..\obj\usbd_cdc_core.o
                0x20000430                APP_Rx_ptr_in
                0x20000434                APP_Rx_ptr_out
                0x20000438                APP_Rx_length
                0x2000043c                USB_Tx_State
 *fill*         0x2000044c        0x4 00
 .bss           0x20000450     0x1c08 ..\obj\heap_1.o
 *(COMMON)
 COMMON         0x20002058       0x14 ..\obj\mb.o
                0x20002058                pxMBFrameCBTransmitterEmpty
                0x2000205c                pxMBPortCBTimerExpired
                0x20002060                pxMBFrameCBByteReceived
                0x20002064                pxMBFrameCBTransmitFSMCur
                0x20002068                pxMBFrameCBReceiveFSMCur
 COMMON         0x2000206c       0x1c ..\obj\pid_regulator.o
                0x2000206c                pid_heater
 COMMON         0x20002088        0x6 ..\obj\buzzer.o
                0x20002088                xBuzzer_Handle
                0x2000208c                buzz
 *fill*         0x2000208e        0x2 00
 COMMON         0x20002090       0x10 ..\obj\ADS1120.o
                0x20002090                ADC_result
                0x20002094                adc_reg
                0x20002098                xSPI_Buf_Mutex
                0x2000209c                ADC_result_temp
 COMMON         0x200020a0      0x5f0 ..\obj\main.o
                0x200020a0                USB_OTG_dev
 COMMON         0x20002690      0x480 ..\obj\uks.o
                0x20002690                uks_channels
 COMMON         0x20002b10        0xc ..\obj\phaze_detector.o
                0x20002b10                xPhazeSemaphore
                0x20002b14                phaze_detect
 COMMON         0x20002b1c       0x10 ..\obj\watchdog.o
                0x20002b1c                task_watches
 COMMON         0x20002b2c        0x7 ..\obj\hd44780.o
                0x20002b2c                HD44780_Opts
 *fill*         0x20002b33        0x1 00
 COMMON         0x20002b34       0x88 ..\obj\usbd_cdc_vcp.o
                0x20002b34                APP_Tx_Buffer
                0x20002bb4                APP_tx_ptr_tail
                0x20002bb8                APP_tx_ptr_head
 COMMON         0x20002bbc      0x100 ..\obj\mbrtu.o
                0x20002bbc                ucRTUBuf
 COMMON         0x20002cbc       0xf2 ..\obj\adc.o
                0x20002cbc                xMeasure_LM35_Semaphore
                0x20002cc0                adc_lm35_chnl
 *fill*         0x20002dae        0x2 00
 COMMON         0x20002db0       0x32 ..\obj\usbd_req.o
                0x20002db0                USBD_StrDesc
 *fill*         0x20002de2        0x2 00
 COMMON         0x20002de4      0x88c ..\obj\usbd_cdc_core.o
                0x20002de4                usbd_cdc_OtherCfgDesc
                0x20002e28                USB_Rx_Buffer
                0x20002e68                CmdBuff
                0x20002e70                APP_Rx_Buffer
                0x20003670                . = ALIGN (0x4)
                0x20003670                _ebss = .

.co_stack       0x20003670      0x800 load address 0x08011abc
                0x20003670                . = ALIGN (0x8)
 *(.co_stack .co_stack.*)
 .co_stack      0x20003670      0x800 ..\obj\startup_stm32f4xx.o
                0x20003670                pulStack
                0x20003e70                . = ALIGN (0x4)
                0x20003e70                _end = .
LOAD ..\obj\stm32f4xx_syscfg.o
LOAD ..\obj\usb_core.o
LOAD ..\obj\delay.o
LOAD ..\obj\mbport.o
LOAD ..\obj\mb.o
LOAD ..\obj\pid_regulator.o
LOAD ..\obj\protocol.o
LOAD ..\obj\mbfuncdisc.o
LOAD ..\obj\usbd_usr.o
LOAD ..\obj\portevent.o
LOAD ..\obj\buzzer.o
LOAD ..\obj\mbfuncother.o
LOAD ..\obj\stm32f4xx_usart.o
LOAD ..\obj\stm32f4xx_pwr.o
LOAD ..\obj\rtc.o
LOAD ..\obj\mbutils.o
LOAD ..\obj\startup_stm32f4xx.o
LOAD ..\obj\backup_sram.o
LOAD ..\obj\stm32f4xx_iwdg.o
LOAD ..\obj\ADS1120.o
LOAD ..\obj\mbfuncholding.o
LOAD ..\obj\usbd_core.o
LOAD ..\obj\main.o
LOAD ..\obj\mbcrc.o
LOAD ..\obj\uks.o
LOAD ..\obj\stm32f4xx_rcc.o
LOAD ..\obj\timers.o
LOAD ..\obj\stm32f4xx_adc.o
LOAD ..\obj\mbfuncinput.o
LOAD ..\obj\printf.o
LOAD ..\obj\phaze_detector.o
LOAD ..\obj\watchdog.o
LOAD ..\obj\mbfuncdiag.o
LOAD ..\obj\display.o
LOAD ..\obj\hd44780.o
LOAD ..\obj\tasks.o
LOAD ..\obj\usbd_desc.o
LOAD ..\obj\keyboard.o
LOAD ..\obj\stm32f4xx_gpio.o
LOAD ..\obj\porttimer.o
LOAD ..\obj\usbd_cdc_vcp.o
LOAD ..\obj\list.o
LOAD ..\obj\mbrtu.o
LOAD ..\obj\system_stm32f4xx.o
LOAD ..\obj\syscalls.o
LOAD ..\obj\adc.o
LOAD ..\obj\usb_bsp.o
LOAD ..\obj\usbd_req.o
LOAD ..\obj\queue.o
LOAD ..\obj\port.o
LOAD ..\obj\usb_dcd_int.o
LOAD ..\obj\portserial.o
LOAD ..\obj\usbd_cdc_core.o
LOAD ..\obj\croutine.o
LOAD ..\obj\timer_properties.o
LOAD ..\obj\stm32f4xx_spi.o
LOAD ..\obj\mbfunccoils.o
LOAD ..\obj\stm32f4xx_exti.o
LOAD ..\obj\misc.o
LOAD ..\obj\usb_dcd.o
LOAD ..\obj\heap_1.o
LOAD ..\obj\stm32f4xx_rtc.o
LOAD ..\obj\usbd_ioreq.o
LOAD ..\obj\mbascii.o
LOAD ..\obj\stm32f4xx_tim.o
LOAD ..\obj\power_detector.o
LOAD c:/coocox/coide/gcc/sourcery g++ lite/bin/../lib/gcc/arm-none-eabi/4.5.1/../../../../arm-none-eabi/lib/thumb2\libm.a
LOAD c:/coocox/coide/gcc/sourcery g++ lite/bin/../lib/gcc/arm-none-eabi/4.5.1/thumb2\libgcc.a
LOAD c:/coocox/coide/gcc/sourcery g++ lite/bin/../lib/gcc/arm-none-eabi/4.5.1/../../../../arm-none-eabi/lib/thumb2\libc.a
START GROUP
LOAD c:/coocox/coide/gcc/sourcery g++ lite/bin/../lib/gcc/arm-none-eabi/4.5.1/thumb2\libgcc.a
LOAD c:/coocox/coide/gcc/sourcery g++ lite/bin/../lib/gcc/arm-none-eabi/4.5.1/../../../../arm-none-eabi/lib/thumb2\libc.a
END GROUP
OUTPUT(stm32f2_uks.elf elf32-littlearm)

.debug_abbrev   0x00000000     0x54d7
 .debug_abbrev  0x00000000      0x12a ..\obj\stm32f4xx_syscfg.o
 .debug_abbrev  0x0000012a      0x277 ..\obj\usb_core.o
 .debug_abbrev  0x000003a1      0x125 ..\obj\delay.o
 .debug_abbrev  0x000004c6      0x19f ..\obj\mbport.o
 .debug_abbrev  0x00000665      0x164 ..\obj\mb.o
 .debug_abbrev  0x000007c9      0x1be ..\obj\pid_regulator.o
 .debug_abbrev  0x00000987       0xc3 ..\obj\protocol.o
 .debug_abbrev  0x00000a4a       0xa5 ..\obj\mbfuncdisc.o
 .debug_abbrev  0x00000aef       0xd9 ..\obj\usbd_usr.o
 .debug_abbrev  0x00000bc8       0xbc ..\obj\portevent.o
 .debug_abbrev  0x00000c84      0x14a ..\obj\buzzer.o
 .debug_abbrev  0x00000dce       0xbe ..\obj\mbfuncother.o
 .debug_abbrev  0x00000e8c      0x14e ..\obj\stm32f4xx_usart.o
 .debug_abbrev  0x00000fda      0x175 ..\obj\stm32f4xx_pwr.o
 .debug_abbrev  0x0000114f      0x125 ..\obj\rtc.o
 .debug_abbrev  0x00001274       0xd2 ..\obj\mbutils.o
 .debug_abbrev  0x00001346       0xac ..\obj\startup_stm32f4xx.o
 .debug_abbrev  0x000013f2       0xee ..\obj\backup_sram.o
 .debug_abbrev  0x000014e0       0xfa ..\obj\stm32f4xx_iwdg.o
 .debug_abbrev  0x000015da      0x18d ..\obj\ADS1120.o
 .debug_abbrev  0x00001767       0xa5 ..\obj\mbfuncholding.o
 .debug_abbrev  0x0000180c      0x1f4 ..\obj\usbd_core.o
 .debug_abbrev  0x00001a00      0x1cd ..\obj\main.o
 .debug_abbrev  0x00001bcd       0xa8 ..\obj\mbcrc.o
 .debug_abbrev  0x00001c75      0x158 ..\obj\uks.o
 .debug_abbrev  0x00001dcd      0x1b7 ..\obj\stm32f4xx_rcc.o
 .debug_abbrev  0x00001f84       0x28 ..\obj\timers.o
 .debug_abbrev  0x00001fac      0x189 ..\obj\stm32f4xx_adc.o
 .debug_abbrev  0x00002135       0xa5 ..\obj\mbfuncinput.o
 .debug_abbrev  0x000021da      0x238 ..\obj\printf.o
 .debug_abbrev  0x00002412      0x1d0 ..\obj\phaze_detector.o
 .debug_abbrev  0x000025e2      0x108 ..\obj\watchdog.o
 .debug_abbrev  0x000026ea        0x1 ..\obj\mbfuncdiag.o
 .debug_abbrev  0x000026eb      0x15d ..\obj\display.o
 .debug_abbrev  0x00002848      0x1d9 ..\obj\hd44780.o
 .debug_abbrev  0x00002a21      0x193 ..\obj\tasks.o
 .debug_abbrev  0x00002bb4      0x10c ..\obj\usbd_desc.o
 .debug_abbrev  0x00002cc0      0x179 ..\obj\keyboard.o
 .debug_abbrev  0x00002e39      0x182 ..\obj\stm32f4xx_gpio.o
 .debug_abbrev  0x00002fbb      0x137 ..\obj\porttimer.o
 .debug_abbrev  0x000030f2      0x143 ..\obj\usbd_cdc_vcp.o
 .debug_abbrev  0x00003235       0xb6 ..\obj\list.o
 .debug_abbrev  0x000032eb      0x1bc ..\obj\mbrtu.o
 .debug_abbrev  0x000034a7      0x140 ..\obj\system_stm32f4xx.o
 .debug_abbrev  0x000035e7       0xde ..\obj\syscalls.o
 .debug_abbrev  0x000036c5      0x1a4 ..\obj\adc.o
 .debug_abbrev  0x00003869      0x1db ..\obj\usb_bsp.o
 .debug_abbrev  0x00003a44      0x253 ..\obj\usbd_req.o
 .debug_abbrev  0x00003c97      0x109 ..\obj\queue.o
 .debug_abbrev  0x00003da0      0x120 ..\obj\port.o
 .debug_abbrev  0x00003ec0      0x210 ..\obj\usb_dcd_int.o
 .debug_abbrev  0x000040d0      0x1c2 ..\obj\portserial.o
 .debug_abbrev  0x00004292      0x1e1 ..\obj\usbd_cdc_core.o
 .debug_abbrev  0x00004473      0x186 ..\obj\croutine.o
 .debug_abbrev  0x000045f9      0x106 ..\obj\timer_properties.o
 .debug_abbrev  0x000046ff      0x160 ..\obj\stm32f4xx_spi.o
 .debug_abbrev  0x0000485f       0xb7 ..\obj\mbfunccoils.o
 .debug_abbrev  0x00004916      0x198 ..\obj\stm32f4xx_exti.o
 .debug_abbrev  0x00004aae      0x126 ..\obj\misc.o
 .debug_abbrev  0x00004bd4      0x208 ..\obj\usb_dcd.o
 .debug_abbrev  0x00004ddc      0x116 ..\obj\heap_1.o
 .debug_abbrev  0x00004ef2      0x16b ..\obj\stm32f4xx_rtc.o
 .debug_abbrev  0x0000505d      0x165 ..\obj\usbd_ioreq.o
 .debug_abbrev  0x000051c2       0x4d ..\obj\mbascii.o
 .debug_abbrev  0x0000520f      0x163 ..\obj\stm32f4xx_tim.o
 .debug_abbrev  0x00005372      0x165 ..\obj\power_detector.o

.debug_info     0x00000000    0x213a5
 .debug_info    0x00000000      0x27a ..\obj\stm32f4xx_syscfg.o
 .debug_info    0x0000027a     0x27fc ..\obj\usb_core.o
 .debug_info    0x00002a76      0x777 ..\obj\delay.o
 .debug_info    0x000031ed      0x676 ..\obj\mbport.o
 .debug_info    0x00003863      0x62f ..\obj\mb.o
 .debug_info    0x00003e92      0x6e8 ..\obj\pid_regulator.o
 .debug_info    0x0000457a      0x165 ..\obj\protocol.o
 .debug_info    0x000046df      0x1ee ..\obj\mbfuncdisc.o
 .debug_info    0x000048cd      0x1c5 ..\obj\usbd_usr.o
 .debug_info    0x00004a92      0x188 ..\obj\portevent.o
 .debug_info    0x00004c1a      0x45f ..\obj\buzzer.o
 .debug_info    0x00005079      0x25c ..\obj\mbfuncother.o
 .debug_info    0x000052d5      0xa4f ..\obj\stm32f4xx_usart.o
 .debug_info    0x00005d24      0x53e ..\obj\stm32f4xx_pwr.o
 .debug_info    0x00006262      0x296 ..\obj\rtc.o
 .debug_info    0x000064f8      0x2c6 ..\obj\mbutils.o
 .debug_info    0x000067be      0x147 ..\obj\startup_stm32f4xx.o
 .debug_info    0x00006905      0x237 ..\obj\backup_sram.o
 .debug_info    0x00006b3c      0x20b ..\obj\stm32f4xx_iwdg.o
 .debug_info    0x00006d47      0x80a ..\obj\ADS1120.o
 .debug_info    0x00007551      0x383 ..\obj\mbfuncholding.o
 .debug_info    0x000078d4      0xff8 ..\obj\usbd_core.o
 .debug_info    0x000088cc      0xd37 ..\obj\main.o
 .debug_info    0x00009603      0x166 ..\obj\mbcrc.o
 .debug_info    0x00009769      0x5db ..\obj\uks.o
 .debug_info    0x00009d44      0xd24 ..\obj\stm32f4xx_rcc.o
 .debug_info    0x0000aa68       0x4c ..\obj\timers.o
 .debug_info    0x0000aab4      0xcf5 ..\obj\stm32f4xx_adc.o
 .debug_info    0x0000b7a9      0x1e0 ..\obj\mbfuncinput.o
 .debug_info    0x0000b989      0xed2 ..\obj\printf.o
 .debug_info    0x0000c85b      0xbc8 ..\obj\phaze_detector.o
 .debug_info    0x0000d423      0x18a ..\obj\watchdog.o
 .debug_info    0x0000d5ad        0x0 ..\obj\mbfuncdiag.o
 .debug_info    0x0000d5ad      0x455 ..\obj\display.o
 .debug_info    0x0000da02      0x90c ..\obj\hd44780.o
 .debug_info    0x0000e30e      0xd75 ..\obj\tasks.o
 .debug_info    0x0000f083      0x3a7 ..\obj\usbd_desc.o
 .debug_info    0x0000f42a      0x59a ..\obj\keyboard.o
 .debug_info    0x0000f9c4      0x639 ..\obj\stm32f4xx_gpio.o
 .debug_info    0x0000fffd      0x6e8 ..\obj\porttimer.o
 .debug_info    0x000106e5      0x3a6 ..\obj\usbd_cdc_vcp.o
 .debug_info    0x00010a8b      0x2a6 ..\obj\list.o
 .debug_info    0x00010d31      0xf98 ..\obj\mbrtu.o
 .debug_info    0x00011cc9      0x5ea ..\obj\system_stm32f4xx.o
 .debug_info    0x000122b3      0x440 ..\obj\syscalls.o
 .debug_info    0x000126f3      0x853 ..\obj\adc.o
 .debug_info    0x00012f46     0x113d ..\obj\usb_bsp.o
 .debug_info    0x00014083     0x111b ..\obj\usbd_req.o
 .debug_info    0x0001519e      0x7c1 ..\obj\queue.o
 .debug_info    0x0001595f      0x1d7 ..\obj\port.o
 .debug_info    0x00015b36     0x2027 ..\obj\usb_dcd_int.o
 .debug_info    0x00017b5d      0xdae ..\obj\portserial.o
 .debug_info    0x0001890b     0x1109 ..\obj\usbd_cdc_core.o
 .debug_info    0x00019a14      0x4af ..\obj\croutine.o
 .debug_info    0x00019ec3      0x4d1 ..\obj\timer_properties.o
 .debug_info    0x0001a394      0xbcc ..\obj\stm32f4xx_spi.o
 .debug_info    0x0001af60      0x313 ..\obj\mbfunccoils.o
 .debug_info    0x0001b273      0x372 ..\obj\stm32f4xx_exti.o
 .debug_info    0x0001b5e5      0x594 ..\obj\misc.o
 .debug_info    0x0001bb79     0x1184 ..\obj\usb_dcd.o
 .debug_info    0x0001ccfd      0x186 ..\obj\heap_1.o
 .debug_info    0x0001ce83     0x1223 ..\obj\stm32f4xx_rtc.o
 .debug_info    0x0001e0a6      0xde4 ..\obj\usbd_ioreq.o
 .debug_info    0x0001ee8a       0x9b ..\obj\mbascii.o
 .debug_info    0x0001ef25     0x1e28 ..\obj\stm32f4xx_tim.o
 .debug_info    0x00020d4d      0x658 ..\obj\power_detector.o

.debug_line     0x00000000     0xc101
 .debug_line    0x00000000      0x1e7 ..\obj\stm32f4xx_syscfg.o
 .debug_line    0x000001e7      0x6b4 ..\obj\usb_core.o
 .debug_line    0x0000089b      0x2a5 ..\obj\delay.o
 .debug_line    0x00000b40      0x31c ..\obj\mbport.o
 .debug_line    0x00000e5c      0x2df ..\obj\mb.o
 .debug_line    0x0000113b      0x3b8 ..\obj\pid_regulator.o
 .debug_line    0x000014f3      0x1f0 ..\obj\protocol.o
 .debug_line    0x000016e3      0x1f0 ..\obj\mbfuncdisc.o
 .debug_line    0x000018d3      0x1b1 ..\obj\usbd_usr.o
 .debug_line    0x00001a84      0x1e5 ..\obj\portevent.o
 .debug_line    0x00001c69      0x2c9 ..\obj\buzzer.o
 .debug_line    0x00001f32      0x25c ..\obj\mbfuncother.o
 .debug_line    0x0000218e      0x478 ..\obj\stm32f4xx_usart.o
 .debug_line    0x00002606      0x284 ..\obj\stm32f4xx_pwr.o
 .debug_line    0x0000288a      0x21a ..\obj\rtc.o
 .debug_line    0x00002aa4      0x264 ..\obj\mbutils.o
 .debug_line    0x00002d08       0xa6 ..\obj\startup_stm32f4xx.o
 .debug_line    0x00002dae      0x1e9 ..\obj\backup_sram.o
 .debug_line    0x00002f97      0x1de ..\obj\stm32f4xx_iwdg.o
 .debug_line    0x00003175      0x37a ..\obj\ADS1120.o
 .debug_line    0x000034ef      0x27e ..\obj\mbfuncholding.o
 .debug_line    0x0000376d      0x305 ..\obj\usbd_core.o
 .debug_line    0x00003a72      0x2c1 ..\obj\main.o
 .debug_line    0x00003d33      0x17a ..\obj\mbcrc.o
 .debug_line    0x00003ead      0x3d7 ..\obj\uks.o
 .debug_line    0x00004284      0x574 ..\obj\stm32f4xx_rcc.o
 .debug_line    0x000047f8       0x1d ..\obj\timers.o
 .debug_line    0x00004815      0x528 ..\obj\stm32f4xx_adc.o
 .debug_line    0x00004d3d      0x1e6 ..\obj\mbfuncinput.o
 .debug_line    0x00004f23      0x3c6 ..\obj\printf.o
 .debug_line    0x000052e9      0x3cb ..\obj\phaze_detector.o
 .debug_line    0x000056b4      0x1b0 ..\obj\watchdog.o
 .debug_line    0x00005864        0x0 ..\obj\mbfuncdiag.o
 .debug_line    0x00005864      0x269 ..\obj\display.o
 .debug_line    0x00005acd      0x43f ..\obj\hd44780.o
 .debug_line    0x00005f0c      0x792 ..\obj\tasks.o
 .debug_line    0x0000669e      0x1f7 ..\obj\usbd_desc.o
 .debug_line    0x00006895      0x276 ..\obj\keyboard.o
 .debug_line    0x00006b0b      0x313 ..\obj\stm32f4xx_gpio.o
 .debug_line    0x00006e1e      0x2c4 ..\obj\porttimer.o
 .debug_line    0x000070e2      0x20d ..\obj\usbd_cdc_vcp.o
 .debug_line    0x000072ef      0x1a6 ..\obj\list.o
 .debug_line    0x00007495      0x2eb ..\obj\mbrtu.o
 .debug_line    0x00007780      0x200 ..\obj\system_stm32f4xx.o
 .debug_line    0x00007980      0x194 ..\obj\syscalls.o
 .debug_line    0x00007b14      0x3d8 ..\obj\adc.o
 .debug_line    0x00007eec      0x2a0 ..\obj\usb_bsp.o
 .debug_line    0x0000818c      0x3c1 ..\obj\usbd_req.o
 .debug_line    0x0000854d      0x4ff ..\obj\queue.o
 .debug_line    0x00008a4c      0x1bd ..\obj\port.o
 .debug_line    0x00008c09      0x3b0 ..\obj\usb_dcd_int.o
 .debug_line    0x00008fb9      0x282 ..\obj\portserial.o
 .debug_line    0x0000923b      0x2b5 ..\obj\usbd_cdc_core.o
 .debug_line    0x000094f0      0x274 ..\obj\croutine.o
 .debug_line    0x00009764      0x2e1 ..\obj\timer_properties.o
 .debug_line    0x00009a45      0x428 ..\obj\stm32f4xx_spi.o
 .debug_line    0x00009e6d      0x256 ..\obj\mbfunccoils.o
 .debug_line    0x0000a0c3      0x27d ..\obj\stm32f4xx_exti.o
 .debug_line    0x0000a340      0x219 ..\obj\misc.o
 .debug_line    0x0000a559      0x323 ..\obj\usb_dcd.o
 .debug_line    0x0000a87c      0x135 ..\obj\heap_1.o
 .debug_line    0x0000a9b1      0x7eb ..\obj\stm32f4xx_rtc.o
 .debug_line    0x0000b19c      0x20d ..\obj\usbd_ioreq.o
 .debug_line    0x0000b3a9       0xd5 ..\obj\mbascii.o
 .debug_line    0x0000b47e      0xa4d ..\obj\stm32f4xx_tim.o
 .debug_line    0x0000becb      0x236 ..\obj\power_detector.o

.debug_loc      0x00000000     0x960b
 .debug_loc     0x00000000      0x144 ..\obj\stm32f4xx_syscfg.o
 .debug_loc     0x00000144      0x7e0 ..\obj\usb_core.o
 .debug_loc     0x00000924       0xe8 ..\obj\delay.o
 .debug_loc     0x00000a0c      0x138 ..\obj\mbport.o
 .debug_loc     0x00000b44      0x150 ..\obj\mb.o
 .debug_loc     0x00000c94      0x10c ..\obj\pid_regulator.o
 .debug_loc     0x00000da0       0x70 ..\obj\protocol.o
 .debug_loc     0x00000e10       0x38 ..\obj\mbfuncdisc.o
 .debug_loc     0x00000e48       0xe8 ..\obj\usbd_usr.o
 .debug_loc     0x00000f30       0x9c ..\obj\portevent.o
 .debug_loc     0x00000fcc       0xa8 ..\obj\buzzer.o
 .debug_loc     0x00001074       0x70 ..\obj\mbfuncother.o
 .debug_loc     0x000010e4      0x658 ..\obj\stm32f4xx_usart.o
 .debug_loc     0x0000173c      0x288 ..\obj\stm32f4xx_pwr.o
 .debug_loc     0x000019c4       0x70 ..\obj\rtc.o
 .debug_loc     0x00001a34       0xa8 ..\obj\mbutils.o
 .debug_loc     0x00001adc       0x64 ..\obj\startup_stm32f4xx.o
 .debug_loc     0x00001b40       0xd4 ..\obj\backup_sram.o
 .debug_loc     0x00001c14      0x138 ..\obj\stm32f4xx_iwdg.o
 .debug_loc     0x00001d4c      0x144 ..\obj\ADS1120.o
 .debug_loc     0x00001e90       0xe0 ..\obj\mbfuncholding.o
 .debug_loc     0x00001f70      0x2d8 ..\obj\usbd_core.o
 .debug_loc     0x00002248      0x10c ..\obj\main.o
 .debug_loc     0x00002354       0x38 ..\obj\mbcrc.o
 .debug_loc     0x0000238c      0x118 ..\obj\uks.o
 .debug_loc     0x000024a4      0x97c ..\obj\stm32f4xx_rcc.o
 .debug_loc     0x00002e20      0x838 ..\obj\stm32f4xx_adc.o
 .debug_loc     0x00003658       0x38 ..\obj\mbfuncinput.o
 .debug_loc     0x00003690      0x3ea ..\obj\printf.o
 .debug_loc     0x00003a7a      0x138 ..\obj\phaze_detector.o
 .debug_loc     0x00003bb2       0x70 ..\obj\watchdog.o
 .debug_loc     0x00003c22       0x70 ..\obj\display.o
 .debug_loc     0x00003c92      0x42c ..\obj\hd44780.o
 .debug_loc     0x000040be      0x708 ..\obj\tasks.o
 .debug_loc     0x000047c6      0x188 ..\obj\usbd_desc.o
 .debug_loc     0x0000494e       0x70 ..\obj\keyboard.o
 .debug_loc     0x000049be      0x310 ..\obj\stm32f4xx_gpio.o
 .debug_loc     0x00004cce       0xbc ..\obj\porttimer.o
 .debug_loc     0x00004d8a      0x138 ..\obj\usbd_cdc_vcp.o
 .debug_loc     0x00004ec2      0x118 ..\obj\list.o
 .debug_loc     0x00004fda      0x1a8 ..\obj\mbrtu.o
 .debug_loc     0x00005182       0x9c ..\obj\system_stm32f4xx.o
 .debug_loc     0x0000521e      0x1ec ..\obj\syscalls.o
 .debug_loc     0x0000540a       0xa9 ..\obj\adc.o
 .debug_loc     0x000054b3      0x138 ..\obj\usb_bsp.o
 .debug_loc     0x000055eb      0x310 ..\obj\usbd_req.o
 .debug_loc     0x000058fb      0x3b8 ..\obj\queue.o
 .debug_loc     0x00005cb3      0x178 ..\obj\port.o
 .debug_loc     0x00005e2b      0x2d8 ..\obj\usb_dcd_int.o
 .debug_loc     0x00006103      0x170 ..\obj\portserial.o
 .debug_loc     0x00006273      0x224 ..\obj\usbd_cdc_core.o
 .debug_loc     0x00006497      0x188 ..\obj\croutine.o
 .debug_loc     0x0000661f       0xe0 ..\obj\timer_properties.o
 .debug_loc     0x000066ff      0x578 ..\obj\stm32f4xx_spi.o
 .debug_loc     0x00006c77       0xa8 ..\obj\mbfunccoils.o
 .debug_loc     0x00006d1f      0x1b4 ..\obj\stm32f4xx_exti.o
 .debug_loc     0x00006ed3      0x118 ..\obj\misc.o
 .debug_loc     0x00006feb      0x2d8 ..\obj\usb_dcd.o
 .debug_loc     0x000072c3       0xc8 ..\obj\heap_1.o
 .debug_loc     0x0000738b      0xc48 ..\obj\stm32f4xx_rtc.o
 .debug_loc     0x00007fd3      0x188 ..\obj\usbd_ioreq.o
 .debug_loc     0x0000815b     0x1420 ..\obj\stm32f4xx_tim.o
 .debug_loc     0x0000957b       0x90 ..\obj\power_detector.o

.debug_pubnames
                0x00000000     0x4095
 .debug_pubnames
                0x00000000       0xc3 ..\obj\stm32f4xx_syscfg.o
 .debug_pubnames
                0x000000c3      0x364 ..\obj\usb_core.o
 .debug_pubnames
                0x00000427       0xc4 ..\obj\delay.o
 .debug_pubnames
                0x000004eb      0x126 ..\obj\mbport.o
 .debug_pubnames
                0x00000611       0xf8 ..\obj\mb.o
 .debug_pubnames
                0x00000709       0x6e ..\obj\pid_regulator.o
 .debug_pubnames
                0x00000777       0x24 ..\obj\protocol.o
 .debug_pubnames
                0x0000079b       0x30 ..\obj\mbfuncdisc.o
 .debug_pubnames
                0x000007cb       0x9e ..\obj\usbd_usr.o
 .debug_pubnames
                0x00000869       0x50 ..\obj\portevent.o
 .debug_pubnames
                0x000008b9       0x62 ..\obj\buzzer.o
 .debug_pubnames
                0x0000091b       0x3d ..\obj\mbfuncother.o
 .debug_pubnames
                0x00000958      0x294 ..\obj\stm32f4xx_usart.o
 .debug_pubnames
                0x00000bec      0x120 ..\obj\stm32f4xx_pwr.o
 .debug_pubnames
                0x00000d0c       0x46 ..\obj\rtc.o
 .debug_pubnames
                0x00000d52       0x52 ..\obj\mbutils.o
 .debug_pubnames
                0x00000da4       0x4a ..\obj\startup_stm32f4xx.o
 .debug_pubnames
                0x00000dee       0x6c ..\obj\backup_sram.o
 .debug_pubnames
                0x00000e5a       0x91 ..\obj\stm32f4xx_iwdg.o
 .debug_pubnames
                0x00000eeb       0x9f ..\obj\ADS1120.o
 .debug_pubnames
                0x00000f8a       0xa5 ..\obj\mbfuncholding.o
 .debug_pubnames
                0x0000102f       0x7a ..\obj\usbd_core.o
 .debug_pubnames
                0x000010a9       0xa0 ..\obj\main.o
 .debug_pubnames
                0x00001149       0x20 ..\obj\mbcrc.o
 .debug_pubnames
                0x00001169       0x97 ..\obj\uks.o
 .debug_pubnames
                0x00001200      0x417 ..\obj\stm32f4xx_rcc.o
 .debug_pubnames
                0x00001617      0x446 ..\obj\stm32f4xx_adc.o
 .debug_pubnames
                0x00001a5d       0x2f ..\obj\mbfuncinput.o
 .debug_pubnames
                0x00001a8c      0x101 ..\obj\printf.o
 .debug_pubnames
                0x00001b8d       0x8e ..\obj\phaze_detector.o
 .debug_pubnames
                0x00001c1b       0x35 ..\obj\watchdog.o
 .debug_pubnames
                0x00001c50       0x46 ..\obj\display.o
 .debug_pubnames
                0x00001c96      0x1bb ..\obj\hd44780.o
 .debug_pubnames
                0x00001e51      0x275 ..\obj\tasks.o
 .debug_pubnames
                0x000020c6      0x152 ..\obj\usbd_desc.o
 .debug_pubnames
                0x00002218       0x24 ..\obj\keyboard.o
 .debug_pubnames
                0x0000223c      0x12d ..\obj\stm32f4xx_gpio.o
 .debug_pubnames
                0x00002369       0x6d ..\obj\porttimer.o
 .debug_pubnames
                0x000023d6       0xa1 ..\obj\usbd_cdc_vcp.o
 .debug_pubnames
                0x00002477       0x71 ..\obj\list.o
 .debug_pubnames
                0x000024e8       0xc3 ..\obj\mbrtu.o
 .debug_pubnames
                0x000025ab       0x61 ..\obj\system_stm32f4xx.o
 .debug_pubnames
                0x0000260c       0x71 ..\obj\syscalls.o
 .debug_pubnames
                0x0000267d       0x64 ..\obj\adc.o
 .debug_pubnames
                0x000026e1       0xa6 ..\obj\usb_bsp.o
 .debug_pubnames
                0x00002787       0xd7 ..\obj\usbd_req.o
 .debug_pubnames
                0x0000285e      0x145 ..\obj\queue.o
 .debug_pubnames
                0x000029a3      0x101 ..\obj\port.o
 .debug_pubnames
                0x00002aa4       0x2b ..\obj\usb_dcd_int.o
 .debug_pubnames
                0x00002acf       0xab ..\obj\portserial.o
 .debug_pubnames
                0x00002b7a       0xe5 ..\obj\usbd_cdc_core.o
 .debug_pubnames
                0x00002c5f       0x96 ..\obj\croutine.o
 .debug_pubnames
                0x00002cf5       0xb2 ..\obj\timer_properties.o
 .debug_pubnames
                0x00002da7      0x221 ..\obj\stm32f4xx_spi.o
 .debug_pubnames
                0x00002fc8       0x5a ..\obj\mbfunccoils.o
 .debug_pubnames
                0x00003022       0xbb ..\obj\stm32f4xx_exti.o
 .debug_pubnames
                0x000030dd       0x89 ..\obj\misc.o
 .debug_pubnames
                0x00003166      0x100 ..\obj\usb_dcd.o
 .debug_pubnames
                0x00003266       0x64 ..\obj\heap_1.o
 .debug_pubnames
                0x000032ca      0x514 ..\obj\stm32f4xx_rtc.o
 .debug_pubnames
                0x000037de       0xb6 ..\obj\usbd_ioreq.o
 .debug_pubnames
                0x00003894      0x7c4 ..\obj\stm32f4xx_tim.o
 .debug_pubnames
                0x00004058       0x3d ..\obj\power_detector.o

.debug_pubtypes
                0x00000000     0x47fa
 .debug_pubtypes
                0x00000000       0x6d ..\obj\stm32f4xx_syscfg.o
 .debug_pubtypes
                0x0000006d      0x675 ..\obj\usb_core.o
 .debug_pubtypes
                0x000006e2       0xb9 ..\obj\delay.o
 .debug_pubtypes
                0x0000079b       0xbb ..\obj\mbport.o
 .debug_pubtypes
                0x00000856      0x147 ..\obj\mb.o
 .debug_pubtypes
                0x0000099d      0x14c ..\obj\pid_regulator.o
 .debug_pubtypes
                0x00000ae9       0x40 ..\obj\protocol.o
 .debug_pubtypes
                0x00000b29       0x62 ..\obj\mbfuncdisc.o
 .debug_pubtypes
                0x00000b8b       0x55 ..\obj\usbd_usr.o
 .debug_pubtypes
                0x00000be0       0x44 ..\obj\portevent.o
 .debug_pubtypes
                0x00000c24       0xea ..\obj\buzzer.o
 .debug_pubtypes
                0x00000d0e       0x82 ..\obj\mbfuncother.o
 .debug_pubtypes
                0x00000d90       0xcd ..\obj\stm32f4xx_usart.o
 .debug_pubtypes
                0x00000e5d       0x84 ..\obj\stm32f4xx_pwr.o
 .debug_pubtypes
                0x00000ee1       0x73 ..\obj\rtc.o
 .debug_pubtypes
                0x00000f54       0x6d ..\obj\mbutils.o
 .debug_pubtypes
                0x00000fc1       0x5b ..\obj\backup_sram.o
 .debug_pubtypes
                0x0000101c       0x64 ..\obj\stm32f4xx_iwdg.o
 .debug_pubtypes
                0x00001080      0x138 ..\obj\ADS1120.o
 .debug_pubtypes
                0x000011b8       0x62 ..\obj\mbfuncholding.o
 .debug_pubtypes
                0x0000121a      0x2df ..\obj\usbd_core.o
 .debug_pubtypes
                0x000014f9      0x2a0 ..\obj\main.o
 .debug_pubtypes
                0x00001799       0x40 ..\obj\mbcrc.o
 .debug_pubtypes
                0x000017d9       0xa9 ..\obj\uks.o
 .debug_pubtypes
                0x00001882       0xaa ..\obj\stm32f4xx_rcc.o
 .debug_pubtypes
                0x0000192c       0x12 ..\obj\timers.o
 .debug_pubtypes
                0x0000193e       0xc9 ..\obj\stm32f4xx_adc.o
 .debug_pubtypes
                0x00001a07       0x62 ..\obj\mbfuncinput.o
 .debug_pubtypes
                0x00001a69      0x139 ..\obj\printf.o
 .debug_pubtypes
                0x00001ba2      0x1e5 ..\obj\phaze_detector.o
 .debug_pubtypes
                0x00001d87       0x53 ..\obj\watchdog.o
 .debug_pubtypes
                0x00001dda       0x72 ..\obj\display.o
 .debug_pubtypes
                0x00001e4c       0xe6 ..\obj\hd44780.o
 .debug_pubtypes
                0x00001f32      0x10c ..\obj\tasks.o
 .debug_pubtypes
                0x0000203e       0x5b ..\obj\usbd_desc.o
 .debug_pubtypes
                0x00002099       0xee ..\obj\keyboard.o
 .debug_pubtypes
                0x00002187       0xce ..\obj\stm32f4xx_gpio.o
 .debug_pubtypes
                0x00002255       0xb6 ..\obj\porttimer.o
 .debug_pubtypes
                0x0000230b       0x6d ..\obj\usbd_cdc_vcp.o
 .debug_pubtypes
                0x00002378       0x7a ..\obj\list.o
 .debug_pubtypes
                0x000023f2      0x2f5 ..\obj\mbrtu.o
 .debug_pubtypes
                0x000026e7       0x73 ..\obj\system_stm32f4xx.o
 .debug_pubtypes
                0x0000275a       0xaa ..\obj\syscalls.o
 .debug_pubtypes
                0x00002804      0x18d ..\obj\adc.o
 .debug_pubtypes
                0x00002991      0x333 ..\obj\usb_bsp.o
 .debug_pubtypes
                0x00002cc4      0x2c8 ..\obj\usbd_req.o
 .debug_pubtypes
                0x00002f8c       0xd4 ..\obj\queue.o
 .debug_pubtypes
                0x00003060       0x33 ..\obj\port.o
 .debug_pubtypes
                0x00003093      0x5e1 ..\obj\usb_dcd_int.o
 .debug_pubtypes
                0x00003674      0x2b9 ..\obj\portserial.o
 .debug_pubtypes
                0x0000392d      0x2ae ..\obj\usbd_cdc_core.o
 .debug_pubtypes
                0x00003bdb       0xcd ..\obj\croutine.o
 .debug_pubtypes
                0x00003ca8       0x93 ..\obj\timer_properties.o
 .debug_pubtypes
                0x00003d3b       0xbc ..\obj\stm32f4xx_spi.o
 .debug_pubtypes
                0x00003df7       0x62 ..\obj\mbfunccoils.o
 .debug_pubtypes
                0x00003e59       0xae ..\obj\stm32f4xx_exti.o
 .debug_pubtypes
                0x00003f07       0x8c ..\obj\misc.o
 .debug_pubtypes
                0x00003f93      0x307 ..\obj\usb_dcd.o
 .debug_pubtypes
                0x0000429a       0x2c ..\obj\heap_1.o
 .debug_pubtypes
                0x000042c6       0xd8 ..\obj\stm32f4xx_rtc.o
 .debug_pubtypes
                0x0000439e      0x295 ..\obj\usbd_ioreq.o
 .debug_pubtypes
                0x00004633       0x1e ..\obj\mbascii.o
 .debug_pubtypes
                0x00004651       0xe4 ..\obj\stm32f4xx_tim.o
 .debug_pubtypes
                0x00004735       0xc5 ..\obj\power_detector.o

.debug_aranges  0x00000000     0x1be0
 .debug_aranges
                0x00000000       0x48 ..\obj\stm32f4xx_syscfg.o
 .debug_aranges
                0x00000048      0x138 ..\obj\usb_core.o
 .debug_aranges
                0x00000180       0x40 ..\obj\delay.o
 .debug_aranges
                0x000001c0       0x48 ..\obj\mbport.o
 .debug_aranges
                0x00000208       0x48 ..\obj\mb.o
 .debug_aranges
                0x00000250       0x40 ..\obj\pid_regulator.o
 .debug_aranges
                0x00000290       0x28 ..\obj\protocol.o
 .debug_aranges
                0x000002b8       0x20 ..\obj\mbfuncdisc.o
 .debug_aranges
                0x000002d8       0x40 ..\obj\usbd_usr.o
 .debug_aranges
                0x00000318       0x30 ..\obj\portevent.o
 .debug_aranges
                0x00000348       0x30 ..\obj\buzzer.o
 .debug_aranges
                0x00000378       0x28 ..\obj\mbfuncother.o
 .debug_aranges
                0x000003a0      0x100 ..\obj\stm32f4xx_usart.o
 .debug_aranges
                0x000004a0       0x78 ..\obj\stm32f4xx_pwr.o
 .debug_aranges
                0x00000518       0x28 ..\obj\rtc.o
 .debug_aranges
                0x00000540       0x30 ..\obj\mbutils.o
 .debug_aranges
                0x00000570       0x28 ..\obj\startup_stm32f4xx.o
 .debug_aranges
                0x00000598       0x38 ..\obj\backup_sram.o
 .debug_aranges
                0x000005d0       0x48 ..\obj\stm32f4xx_iwdg.o
 .debug_aranges
                0x00000618       0x48 ..\obj\ADS1120.o
 .debug_aranges
                0x00000660       0x38 ..\obj\mbfuncholding.o
 .debug_aranges
                0x00000698       0x80 ..\obj\usbd_core.o
 .debug_aranges
                0x00000718       0x40 ..\obj\main.o
 .debug_aranges
                0x00000758       0x20 ..\obj\mbcrc.o
 .debug_aranges
                0x00000778       0x40 ..\obj\uks.o
 .debug_aranges
                0x000007b8      0x178 ..\obj\stm32f4xx_rcc.o
 .debug_aranges
                0x00000930      0x148 ..\obj\stm32f4xx_adc.o
 .debug_aranges
                0x00000a78       0x20 ..\obj\mbfuncinput.o
 .debug_aranges
                0x00000a98       0xa0 ..\obj\printf.o
 .debug_aranges
                0x00000b38       0x48 ..\obj\phaze_detector.o
 .debug_aranges
                0x00000b80       0x28 ..\obj\watchdog.o
 .debug_aranges
                0x00000ba8       0x28 ..\obj\display.o
 .debug_aranges
                0x00000bd0       0xc0 ..\obj\hd44780.o
 .debug_aranges
                0x00000c90      0x120 ..\obj\tasks.o
 .debug_aranges
                0x00000db0       0x50 ..\obj\usbd_desc.o
 .debug_aranges
                0x00000e00       0x28 ..\obj\keyboard.o
 .debug_aranges
                0x00000e28       0x88 ..\obj\stm32f4xx_gpio.o
 .debug_aranges
                0x00000eb0       0x38 ..\obj\porttimer.o
 .debug_aranges
                0x00000ee8       0x48 ..\obj\usbd_cdc_vcp.o
 .debug_aranges
                0x00000f30       0x40 ..\obj\list.o
 .debug_aranges
                0x00000f70       0x58 ..\obj\mbrtu.o
 .debug_aranges
                0x00000fc8       0x30 ..\obj\system_stm32f4xx.o
 .debug_aranges
                0x00000ff8       0x60 ..\obj\syscalls.o
 .debug_aranges
                0x00001058       0x30 ..\obj\adc.o
 .debug_aranges
                0x00001088       0x48 ..\obj\usb_bsp.o
 .debug_aranges
                0x000010d0       0x88 ..\obj\usbd_req.o
 .debug_aranges
                0x00001158       0xa0 ..\obj\queue.o
 .debug_aranges
                0x000011f8       0x70 ..\obj\port.o
 .debug_aranges
                0x00001268       0x80 ..\obj\usb_dcd_int.o
 .debug_aranges
                0x000012e8       0x50 ..\obj\portserial.o
 .debug_aranges
                0x00001338       0x68 ..\obj\usbd_cdc_core.o
 .debug_aranges
                0x000013a0       0x50 ..\obj\croutine.o
 .debug_aranges
                0x000013f0       0x38 ..\obj\timer_properties.o
 .debug_aranges
                0x00001428       0xe0 ..\obj\stm32f4xx_spi.o
 .debug_aranges
                0x00001508       0x30 ..\obj\mbfunccoils.o
 .debug_aranges
                0x00001538       0x58 ..\obj\stm32f4xx_exti.o
 .debug_aranges
                0x00001590       0x40 ..\obj\misc.o
 .debug_aranges
                0x000015d0       0x80 ..\obj\usb_dcd.o
 .debug_aranges
                0x00001650       0x38 ..\obj\heap_1.o
 .debug_aranges
                0x00001688      0x1e0 ..\obj\stm32f4xx_rtc.o
 .debug_aranges
                0x00001868       0x50 ..\obj\usbd_ioreq.o
 .debug_aranges
                0x000018b8      0x2f8 ..\obj\stm32f4xx_tim.o
 .debug_aranges
                0x00001bb0       0x30 ..\obj\power_detector.o

.debug_ranges   0x00000000     0x17f0
 .debug_ranges  0x00000000       0x38 ..\obj\stm32f4xx_syscfg.o
 .debug_ranges  0x00000038      0x128 ..\obj\usb_core.o
 .debug_ranges  0x00000160       0x30 ..\obj\delay.o
 .debug_ranges  0x00000190       0x38 ..\obj\mbport.o
 .debug_ranges  0x000001c8       0x38 ..\obj\mb.o
 .debug_ranges  0x00000200       0x30 ..\obj\pid_regulator.o
 .debug_ranges  0x00000230       0x18 ..\obj\protocol.o
 .debug_ranges  0x00000248       0x10 ..\obj\mbfuncdisc.o
 .debug_ranges  0x00000258       0x30 ..\obj\usbd_usr.o
 .debug_ranges  0x00000288       0x20 ..\obj\portevent.o
 .debug_ranges  0x000002a8       0x20 ..\obj\buzzer.o
 .debug_ranges  0x000002c8       0x18 ..\obj\mbfuncother.o
 .debug_ranges  0x000002e0       0xf0 ..\obj\stm32f4xx_usart.o
 .debug_ranges  0x000003d0       0x68 ..\obj\stm32f4xx_pwr.o
 .debug_ranges  0x00000438       0x18 ..\obj\rtc.o
 .debug_ranges  0x00000450       0x20 ..\obj\mbutils.o
 .debug_ranges  0x00000470       0x18 ..\obj\startup_stm32f4xx.o
 .debug_ranges  0x00000488       0x28 ..\obj\backup_sram.o
 .debug_ranges  0x000004b0       0x38 ..\obj\stm32f4xx_iwdg.o
 .debug_ranges  0x000004e8       0x38 ..\obj\ADS1120.o
 .debug_ranges  0x00000520       0x28 ..\obj\mbfuncholding.o
 .debug_ranges  0x00000548       0x70 ..\obj\usbd_core.o
 .debug_ranges  0x000005b8       0x30 ..\obj\main.o
 .debug_ranges  0x000005e8       0x10 ..\obj\mbcrc.o
 .debug_ranges  0x000005f8       0x30 ..\obj\uks.o
 .debug_ranges  0x00000628      0x168 ..\obj\stm32f4xx_rcc.o
 .debug_ranges  0x00000790      0x138 ..\obj\stm32f4xx_adc.o
 .debug_ranges  0x000008c8       0x10 ..\obj\mbfuncinput.o
 .debug_ranges  0x000008d8       0x90 ..\obj\printf.o
 .debug_ranges  0x00000968       0x38 ..\obj\phaze_detector.o
 .debug_ranges  0x000009a0       0x18 ..\obj\watchdog.o
 .debug_ranges  0x000009b8       0x18 ..\obj\display.o
 .debug_ranges  0x000009d0       0xb0 ..\obj\hd44780.o
 .debug_ranges  0x00000a80      0x110 ..\obj\tasks.o
 .debug_ranges  0x00000b90       0x40 ..\obj\usbd_desc.o
 .debug_ranges  0x00000bd0       0x18 ..\obj\keyboard.o
 .debug_ranges  0x00000be8       0x78 ..\obj\stm32f4xx_gpio.o
 .debug_ranges  0x00000c60       0x28 ..\obj\porttimer.o
 .debug_ranges  0x00000c88       0x38 ..\obj\usbd_cdc_vcp.o
 .debug_ranges  0x00000cc0       0x30 ..\obj\list.o
 .debug_ranges  0x00000cf0       0x48 ..\obj\mbrtu.o
 .debug_ranges  0x00000d38       0x20 ..\obj\system_stm32f4xx.o
 .debug_ranges  0x00000d58       0x50 ..\obj\syscalls.o