Archive member included because of file (symbol)

c:/coocox/coide/gcc/sourcery g++ lite/bin/../lib/gcc/arm-none-eabi/4.5.1/thumb2\libgcc.a(_arm_addsubdf3.o)
                              ..\obj\ADS1120.o (__aeabi_dadd)
c:/coocox/coide/gcc/sourcery g++ lite/bin/../lib/gcc/arm-none-eabi/4.5.1/thumb2\libgcc.a(_arm_muldivdf3.o)
                              ..\obj\ADS1120.o (__aeabi_dmul)
c:/coocox/coide/gcc/sourcery g++ lite/bin/../lib/gcc/arm-none-eabi/4.5.1/thumb2\libgcc.a(_arm_cmpdf2.o)
                              ..\obj\timer_properties.o (__aeabi_dcmpeq)
c:/coocox/coide/gcc/sourcery g++ lite/bin/../lib/gcc/arm-none-eabi/4.5.1/thumb2\libgcc.a(_arm_fixunsdfsi.o)
                              ..\obj\timer_properties.o (__aeabi_d2uiz)
c:/coocox/coide/gcc/sourcery g++ lite/bin/../lib/gcc/arm-none-eabi/4.5.1/thumb2\libgcc.a(_arm_truncdfsf2.o)
                              ..\obj\ADS1120.o (__aeabi_d2f)
c:/coocox/coide/gcc/sourcery g++ lite/bin/../lib/gcc/arm-none-eabi/4.5.1/thumb2\libgcc.a(_arm_addsubsf3.o)
                              ..\obj\pid_regulator.o (__aeabi_fsub)
c:/coocox/coide/gcc/sourcery g++ lite/bin/../lib/gcc/arm-none-eabi/4.5.1/thumb2\libgcc.a(_arm_muldivsf3.o)
                              ..\obj\pid_regulator.o (__aeabi_fmul)
c:/coocox/coide/gcc/sourcery g++ lite/bin/../lib/gcc/arm-none-eabi/4.5.1/thumb2\libgcc.a(_arm_cmpsf2.o)
                              ..\obj\pid_regulator.o (__aeabi_fcmplt)
c:/coocox/coide/gcc/sourcery g++ lite/bin/../lib/gcc/arm-none-eabi/4.5.1/thumb2\libgcc.a(_arm_fixsfsi.o)
                              ..\obj\pid_regulator.o (__aeabi_f2iz)
c:/coocox/coide/gcc/sourcery g++ lite/bin/../lib/gcc/arm-none-eabi/4.5.1/thumb2\libgcc.a(_arm_fixunssfsi.o)
                              ..\obj\ADS1120.o (__aeabi_f2uiz)
c:/coocox/coide/gcc/sourcery g++ lite/bin/../lib/gcc/arm-none-eabi/4.5.1/../../../../arm-none-eabi/lib/thumb2\libc.a(lib_a-memcmp.o)
                              ..\obj\tasks.o (memcmp)
c:/coocox/coide/gcc/sourcery g++ lite/bin/../lib/gcc/arm-none-eabi/4.5.1/../../../../arm-none-eabi/lib/thumb2\libc.a(lib_a-memcpy.o)
                              ..\obj\queue.o (memcpy)
c:/coocox/coide/gcc/sourcery g++ lite/bin/../lib/gcc/arm-none-eabi/4.5.1/../../../../arm-none-eabi/lib/thumb2\libc.a(lib_a-memset.o)
                              ..\obj\tasks.o (memset)
c:/coocox/coide/gcc/sourcery g++ lite/bin/../lib/gcc/arm-none-eabi/4.5.1/../../../../arm-none-eabi/lib/thumb2\libc.a(lib_a-strncpy.o)
                              ..\obj\tasks.o (strncpy)

Allocating common symbols
Common symbol       size              file

uks_device          0x8               ..\obj\uks.o
pid_heater          0x1c              ..\obj\pid_regulator.o
ADC_result          0x4               ..\obj\ADS1120.o
xBuzzer_Handle      0x4               ..\obj\buzzer.o
adc_reg             0x1               ..\obj\ADS1120.o
HD44780_Opts        0x7               ..\obj\hd44780.o
xPhazeSemaphore     0x4               ..\obj\phaze_detector.o
usbd_cdc_OtherCfgDesc
                    0x43              ..\obj\usbd_cdc_core.o
xSPI_Buf_Mutex      0x4               ..\obj\ADS1120.o
buzz                0x2               ..\obj\buzzer.o
USB_Rx_Buffer       0x40              ..\obj\usbd_cdc_core.o
ADC_result_temp     0x4               ..\obj\ADS1120.o
ADS1120_res         0x28              ..\obj\ADS1120.o
CmdBuff             0x8               ..\obj\usbd_cdc_core.o
xKeySemaphore       0x4               ..\obj\keyboard.o
xKeyQueue           0x4               ..\obj\keyboard.o
USB_OTG_dev         0x5f0             ..\obj\ADS1120.o
adc_lm35_chnl       0x110             ..\obj\adc.o
mult                0x4               ..\obj\delay.o
APP_Rx_Buffer       0x800             ..\obj\usbd_cdc_core.o
task_watches        0x10              ..\obj\watchdog.o
USBD_StrDesc        0x32              ..\obj\usbd_req.o
phaze_detect        0x6               ..\obj\phaze_detector.o

Discarded input sections

 .text          0x00000000        0x0 ..\obj\stm32f4xx_syscfg.o
 .data          0x00000000        0x0 ..\obj\stm32f4xx_syscfg.o
 .bss           0x00000000        0x0 ..\obj\stm32f4xx_syscfg.o
 .text.SYSCFG_DeInit
                0x00000000       0x20 ..\obj\stm32f4xx_syscfg.o
 .text.SYSCFG_MemoryRemapConfig
                0x00000000       0x20 ..\obj\stm32f4xx_syscfg.o
 .text.SYSCFG_ETH_MediaInterfaceConfig
                0x00000000       0x20 ..\obj\stm32f4xx_syscfg.o
 .text.SYSCFG_CompensationCellCmd
                0x00000000       0x20 ..\obj\stm32f4xx_syscfg.o
 .text.SYSCFG_GetCompensationCellStatus
                0x00000000       0x3c ..\obj\stm32f4xx_syscfg.o
 .text          0x00000000        0x0 ..\obj\usb_core.o
 .data          0x00000000        0x0 ..\obj\usb_core.o
 .bss           0x00000000        0x0 ..\obj\usb_core.o
 .text.USB_OTG_IsHostMode
                0x00000000       0x24 ..\obj\usb_core.o
 .text.USB_OTG_ReadOtgItr
                0x00000000       0x1c ..\obj\usb_core.o
 .text.USB_OTG_ActiveRemoteWakeup
[...]
Memory Configuration

Name             Origin             Length             Attributes
rom              0x08000000         0x00100000         xr
ram              0x20000000         0x00020000         xrw
ram1             0x10000000         0x00010000         xrw
*default*        0x00000000         0xffffffff

Linker script and memory map

                0x20020000                _eram = 0x20020000

.text           0x08000000     0xa9d4
 *(.isr_vector .isr_vector.*)
 .isr_vector    0x08000000      0x188 ..\obj\startup_stm32f4xx.o
                0x08000000                g_pfnVectors
 *(.text .text.* .gnu.linkonce.t.*)
 .text.SYSCFG_EXTILineConfig
                0x08000188       0xb4 ..\obj\stm32f4xx_syscfg.o
                0x08000188                SYSCFG_EXTILineConfig
 .text.USB_OTG_EnableCommonInt
                0x0800023c       0x44 ..\obj\usb_core.o
 .text.USB_OTG_CoreReset
                0x08000280       0xa8 ..\obj\usb_core.o
 .text.USB_OTG_WritePacket
                0x08000328       0x88 ..\obj\usb_core.o
                0x08000328                USB_OTG_WritePacket
 .text.USB_OTG_ReadPacket
                0x080003b0       0x68 ..\obj\usb_core.o
                0x080003b0                USB_OTG_ReadPacket
 .text.USB_OTG_SelectCore
                0x08000418      0x1b4 ..\obj\usb_core.o
                0x08000418                USB_OTG_SelectCore
 .text.USB_OTG_CoreInit
                0x080005cc      0x1f8 ..\obj\usb_core.o
                0x080005cc                USB_OTG_CoreInit
 .text.USB_OTG_EnableGlobalInt
                0x080007c4       0x40 ..\obj\usb_core.o
                0x080007c4                USB_OTG_EnableGlobalInt
 .text.USB_OTG_DisableGlobalInt
                0x08000804       0x44 ..\obj\usb_core.o
                0x08000804                USB_OTG_DisableGlobalInt
 .text.USB_OTG_FlushTxFifo
                0x08000848       0x80 ..\obj\usb_core.o
                0x08000848                USB_OTG_FlushTxFifo
 .text.USB_OTG_FlushRxFifo
                0x080008c8       0x6c ..\obj\usb_core.o
                0x080008c8                USB_OTG_FlushRxFifo
 .text.USB_OTG_SetCurrentMode
                0x08000934       0x64 ..\obj\usb_core.o
                0x08000934                USB_OTG_SetCurrentMode
 .text.USB_OTG_GetMode
                0x08000998       0x20 ..\obj\usb_core.o
                0x08000998                USB_OTG_GetMode
 .text.USB_OTG_IsDeviceMode
                0x080009b8       0x24 ..\obj\usb_core.o
                0x080009b8                USB_OTG_IsDeviceMode
 .text.USB_OTG_ReadCoreItr
                0x080009dc       0x34 ..\obj\usb_core.o
                0x080009dc                USB_OTG_ReadCoreItr
 .text.USB_OTG_InitDevSpeed
                0x08000a10       0x38 ..\obj\usb_core.o
                0x08000a10                USB_OTG_InitDevSpeed
 .text.USB_OTG_CoreInitDev
                0x08000a48      0x2d0 ..\obj\usb_core.o
                0x08000a48                USB_OTG_CoreInitDev
 .text.USB_OTG_EnableDevInt
                0x08000d18       0xa8 ..\obj\usb_core.o
                0x08000d18                USB_OTG_EnableDevInt
 .text.USB_OTG_GetDeviceSpeed
                0x08000dc0       0x50 ..\obj\usb_core.o
                0x08000dc0                USB_OTG_GetDeviceSpeed
 .text.USB_OTG_EP0Activate
                0x08000e10       0x84 ..\obj\usb_core.o
                0x08000e10                USB_OTG_EP0Activate
 .text.USB_OTG_EPActivate
                0x08000e94       0xf8 ..\obj\usb_core.o
                0x08000e94                USB_OTG_EPActivate
 .text.USB_OTG_EPDeactivate
                0x08000f8c       0xa4 ..\obj\usb_core.o
                0x08000f8c                USB_OTG_EPDeactivate
 .text.USB_OTG_EPStartXfer
                0x08001030      0x2d4 ..\obj\usb_core.o
                0x08001030                USB_OTG_EPStartXfer
 .text.USB_OTG_EP0StartXfer
                0x08001304      0x208 ..\obj\usb_core.o
                0x08001304                USB_OTG_EP0StartXfer
 .text.USB_OTG_EPSetStall
                0x0800150c       0x94 ..\obj\usb_core.o
                0x0800150c                USB_OTG_EPSetStall
 .text.USB_OTG_EPClearStall
                0x080015a0       0x84 ..\obj\usb_core.o
                0x080015a0                USB_OTG_EPClearStall
 .text.USB_OTG_ReadDevAllOutEp_itr
                0x08001624       0x30 ..\obj\usb_core.o
                0x08001624                USB_OTG_ReadDevAllOutEp_itr
 .text.USB_OTG_ReadDevOutEP_itr
                0x08001654       0x3c ..\obj\usb_core.o
                0x08001654                USB_OTG_ReadDevOutEP_itr
 .text.USB_OTG_ReadDevAllInEPItr
                0x08001690       0x34 ..\obj\usb_core.o
                0x08001690                USB_OTG_ReadDevAllInEPItr
 .text.USB_OTG_EP0_OutStart
                0x080016c4       0x7c ..\obj\usb_core.o
                0x080016c4                USB_OTG_EP0_OutStart
 .text.USB_OTG_UngateClock
                0x08001740       0x54 ..\obj\usb_core.o
                0x08001740                USB_OTG_UngateClock
 .text.TIM2_IRQHandler
                0x08001794       0x50 ..\obj\delay.o
                0x08001794                TIM2_IRQHandler
 .text.DELAY_Init
                0x080017e4       0x2c ..\obj\delay.o
                0x080017e4                DELAY_Init
 .text.DELAY_INT_InitTIM
                0x08001810       0xa8 ..\obj\delay.o
                0x08001810                DELAY_INT_InitTIM
 .text.PID_Heater_Init
                0x080018b8       0x24 ..\obj\pid_regulator.o
                0x080018b8                PID_Heater_Init
 .text.pid_Init
                0x080018dc       0xf4 ..\obj\pid_regulator.o
                0x080018dc                pid_Init
 .text.pid_Controller
                0x080019d0      0x1d8 ..\obj\pid_regulator.o
                0x080019d0                pid_Controller
 .text.PID_Regulator_Task
                0x08001ba8      0x1c8 ..\obj\pid_regulator.o
 .text.USBD_USR_Init
                0x08001d70        0xc ..\obj\usbd_usr.o
                0x08001d70                USBD_USR_Init
 .text.USBD_USR_DeviceReset
                0x08001d7c       0x14 ..\obj\usbd_usr.o
                0x08001d7c                USBD_USR_DeviceReset
 .text.USBD_USR_DeviceConfigured
                0x08001d90        0xc ..\obj\usbd_usr.o
                0x08001d90                USBD_USR_DeviceConfigured
 .text.USBD_USR_DeviceSuspended
                0x08001d9c        0xc ..\obj\usbd_usr.o
                0x08001d9c                USBD_USR_DeviceSuspended
 .text.USBD_USR_DeviceResumed
                0x08001da8        0xc ..\obj\usbd_usr.o
                0x08001da8                USBD_USR_DeviceResumed
 .text.Buzzer_Init
                0x08001db4       0x68 ..\obj\buzzer.o
                0x08001db4                Buzzer_Init
 .text.PWR_PVDLevelConfig
                0x08001e1c       0x44 ..\obj\stm32f4xx_pwr.o
                0x08001e1c                PWR_PVDLevelConfig
 .text.PWR_PVDCmd
                0x08001e60       0x20 ..\obj\stm32f4xx_pwr.o
                0x08001e60                PWR_PVDCmd
 .text.Default_Reset_Handler
                0x08001e80       0x68 ..\obj\startup_stm32f4xx.o
                0x08001e80                Default_Reset_Handler
                0x08001e80                Reset_Handler
 .text.Default_Handler
                0x08001ee8        0x8 ..\obj\startup_stm32f4xx.o
                0x08001ee8                RTC_Alarm_IRQHandler
                0x08001ee8                HASH_RNG_IRQHandler
                0x08001ee8                EXTI2_IRQHandler
                0x08001ee8                TIM8_CC_IRQHandler
                0x08001ee8                DebugMon_Handler
                0x08001ee8                TIM1_CC_IRQHandler
                0x08001ee8                DMA2_Stream5_IRQHandler
                0x08001ee8                HardFault_Handler
                0x08001ee8                DMA1_Stream5_IRQHandler
                0x08001ee8                SDIO_IRQHandler
                0x08001ee8                TAMP_STAMP_IRQHandler
                0x08001ee8                NMI_Handler
                0x08001ee8                CAN2_RX1_IRQHandler
                0x08001ee8                EXTI3_IRQHandler
                0x08001ee8                TIM8_TRG_COM_TIM14_IRQHandler
                0x08001ee8                TIM1_UP_TIM10_IRQHandler
                0x08001ee8                TIM8_UP_TIM13_IRQHandler
                0x08001ee8                I2C3_ER_IRQHandler
                0x08001ee8                I2C2_EV_IRQHandler
                0x08001ee8                DMA1_Stream2_IRQHandler
                0x08001ee8                CAN1_RX0_IRQHandler
                0x08001ee8                FPU_IRQHandler
                0x08001ee8                OTG_HS_WKUP_IRQHandler
                0x08001ee8                UsageFault_Handler
                0x08001ee8                CAN2_SCE_IRQHandler
                0x08001ee8                DMA2_Stream2_IRQHandler
                0x08001ee8                SPI1_IRQHandler
                0x08001ee8                TIM6_DAC_IRQHandler
                0x08001ee8                TIM1_BRK_TIM9_IRQHandler
                0x08001ee8                DCMI_IRQHandler
                0x08001ee8                CAN2_RX0_IRQHandler
                0x08001ee8                DMA2_Stream3_IRQHandler
                0x08001ee8                USART6_IRQHandler
                0x08001ee8                USART3_IRQHandler
                0x08001ee8                CRYP_IRQHandler
                0x08001ee8                CAN1_RX1_IRQHandler
                0x08001ee8                UART5_IRQHandler
                0x08001ee8                DMA2_Stream0_IRQHandler
                0x08001ee8                TIM4_IRQHandler
                0x08001ee8                I2C1_EV_IRQHandler
                0x08001ee8                DMA1_Stream6_IRQHandler
                0x08001ee8                DMA1_Stream1_IRQHandler
                0x08001ee8                UART4_IRQHandler
                0x08001ee8                TIM3_IRQHandler
                0x08001ee8                RCC_IRQHandler
                0x08001ee8                TIM8_BRK_TIM12_IRQHandler
                0x08001ee8                EXTI15_10_IRQHandler
                0x08001ee8                ADC_IRQHandler
                0x08001ee8                DMA1_Stream7_IRQHandler
                0x08001ee8                TIM7_IRQHandler
                0x08001ee8                CAN2_TX_IRQHandler
                0x08001ee8                TIM5_IRQHandler
                0x08001ee8                DMA2_Stream7_IRQHandler
                0x08001ee8                I2C3_EV_IRQHandler
                0x08001ee8                EXTI9_5_IRQHandler
                0x08001ee8                RTC_WKUP_IRQHandler
                0x08001ee8                ETH_WKUP_IRQHandler
                0x08001ee8                SPI2_IRQHandler
                0x08001ee8                OTG_HS_EP1_IN_IRQHandler
                0x08001ee8                MemManage_Handler
                0x08001ee8                DMA1_Stream0_IRQHandler
                0x08001ee8                CAN1_TX_IRQHandler
                0x08001ee8                EXTI4_IRQHandler
                0x08001ee8                FSMC_IRQHandler
                0x08001ee8                ETH_IRQHandler
                0x08001ee8                OTG_HS_EP1_OUT_IRQHandler
                0x08001ee8                WWDG_IRQHandler
                0x08001ee8                TIM1_TRG_COM_TIM11_IRQHandler
                0x08001ee8                OTG_HS_IRQHandler
                0x08001ee8                USART2_IRQHandler
                0x08001ee8                I2C2_ER_IRQHandler
                0x08001ee8                DMA2_Stream1_IRQHandler
                0x08001ee8                CAN1_SCE_IRQHandler
                0x08001ee8                FLASH_IRQHandler
                0x08001ee8                DMA2_Stream4_IRQHandler
                0x08001ee8                BusFault_Handler
                0x08001ee8                USART1_IRQHandler
                0x08001ee8                SPI3_IRQHandler
                0x08001ee8                DMA1_Stream4_IRQHandler
                0x08001ee8                I2C1_ER_IRQHandler
                0x08001ee8                DMA2_Stream6_IRQHandler
                0x08001ee8                DMA1_Stream3_IRQHandler
 .text.ADS1120_init
                0x08001ef0       0x4c ..\obj\ADS1120.o
                0x08001ef0                ADS1120_init
 .text.SPI2_config
                0x08001f3c      0x170 ..\obj\ADS1120.o
 .text.SPI2_send
                0x080020ac       0x60 ..\obj\ADS1120.o
                0x080020ac                SPI2_send
 .text.SPI2_read
                0x0800210c       0x14 ..\obj\ADS1120.o
                0x0800210c                SPI2_read
 .text.ADS1120_task
                0x08002120      0x2c4 ..\obj\ADS1120.o
 .text.PT100_Code_To_Temperature
                0x080023e4       0xa0 ..\obj\ADS1120.o
                0x080023e4                PT100_Code_To_Temperature
 .text.USBD_Init
                0x08002484       0x58 ..\obj\usbd_core.o
                0x08002484                USBD_Init
 .text.USBD_DeInit
                0x080024dc       0x18 ..\obj\usbd_core.o
                0x080024dc                USBD_DeInit
 .text.USBD_SetupStage
                0x080024f4       0x70 ..\obj\usbd_core.o
 .text.USBD_DataOutStage
                0x08002564       0xd4 ..\obj\usbd_core.o
 .text.USBD_DataInStage
                0x08002638      0x114 ..\obj\usbd_core.o
 .text.USBD_Reset
                0x0800274c       0x54 ..\obj\usbd_core.o
 .text.USBD_Resume
                0x080027a0       0x2c ..\obj\usbd_core.o
 .text.USBD_Suspend
                0x080027cc       0x2c ..\obj\usbd_core.o
 .text.USBD_SOF
                0x080027f8       0x30 ..\obj\usbd_core.o
 .text.USBD_SetCfg
                0x08002828       0x34 ..\obj\usbd_core.o
                0x08002828                USBD_SetCfg
 .text.USBD_ClrCfg
                0x0800285c       0x2c ..\obj\usbd_core.o
                0x0800285c                USBD_ClrCfg
 .text.USBD_IsoINIncomplete
                0x08002888       0x24 ..\obj\usbd_core.o
 .text.USBD_IsoOUTIncomplete
                0x080028ac       0x24 ..\obj\usbd_core.o
 .text.main     0x080028d0       0x60 ..\obj\main.o
                0x080028d0                main
 .text.vApplicationMallocFailedHook
                0x08002930        0x8 ..\obj\main.o
                0x08002930                vApplicationMallocFailedHook
 .text.vApplicationStackOverflowHook
                0x08002938        0xc ..\obj\main.o
                0x08002938                vApplicationStackOverflowHook
 .text.vApplicationIdleHook
                0x08002944       0x18 ..\obj\main.o
                0x08002944                vApplicationIdleHook
 .text.RCC_GetClocksFreq
                0x0800295c      0x1d4 ..\obj\stm32f4xx_rcc.o
                0x0800295c                RCC_GetClocksFreq
 .text.RCC_AHB1PeriphClockCmd
                0x08002b30       0x5c ..\obj\stm32f4xx_rcc.o
                0x08002b30                RCC_AHB1PeriphClockCmd
 .text.RCC_AHB2PeriphClockCmd
                0x08002b8c       0x5c ..\obj\stm32f4xx_rcc.o
                0x08002b8c                RCC_AHB2PeriphClockCmd
 .text.RCC_APB1PeriphClockCmd
                0x08002be8       0x5c ..\obj\stm32f4xx_rcc.o
                0x08002be8                RCC_APB1PeriphClockCmd
 .text.RCC_APB2PeriphClockCmd
                0x08002c44       0x5c ..\obj\stm32f4xx_rcc.o
                0x08002c44                RCC_APB2PeriphClockCmd
 .text.RCC_APB1PeriphResetCmd
                0x08002ca0       0x5c ..\obj\stm32f4xx_rcc.o
                0x08002ca0                RCC_APB1PeriphResetCmd
 .text.RCC_APB2PeriphResetCmd
                0x08002cfc       0x5c ..\obj\stm32f4xx_rcc.o
                0x08002cfc                RCC_APB2PeriphResetCmd
 .text.ADC_DeInit
                0x08002d58       0x20 ..\obj\stm32f4xx_adc.o
                0x08002d58                ADC_DeInit
 .text.ADC_Init
                0x08002d78       0xc4 ..\obj\stm32f4xx_adc.o
                0x08002d78                ADC_Init
 .text.ADC_StructInit
                0x08002e3c       0x4c ..\obj\stm32f4xx_adc.o
                0x08002e3c                ADC_StructInit
 .text.ADC_CommonInit
                0x08002e88       0x60 ..\obj\stm32f4xx_adc.o
                0x08002e88                ADC_CommonInit
 .text.ADC_CommonStructInit
                0x08002ee8       0x34 ..\obj\stm32f4xx_adc.o
                0x08002ee8                ADC_CommonStructInit
 .text.ADC_Cmd  0x08002f1c       0x38 ..\obj\stm32f4xx_adc.o
                0x08002f1c                ADC_Cmd
 .text.ADC_RegularChannelConfig
                0x08002f54      0x1d0 ..\obj\stm32f4xx_adc.o
                0x08002f54                ADC_RegularChannelConfig
 .text.ADC_GetFlagStatus
                0x08003124       0x40 ..\obj\stm32f4xx_adc.o
                0x08003124                ADC_GetFlagStatus
 .text.PutChar  0x08003164       0x24 ..\obj\printf.o
                0x08003164                PutChar
 .text.PutString
                0x08003188       0x48 ..\obj\printf.o
                0x08003188                PutString
 .text.PutUnsignedInt
                0x080031d0       0xbc ..\obj\printf.o
                0x080031d0                PutUnsignedInt
 .text.PutSignedInt
                0x0800328c      0x12c ..\obj\printf.o
                0x0800328c                PutSignedInt
 .text.PutHexa  0x080033b8       0xe8 ..\obj\printf.o
                0x080033b8                PutHexa
 .text.vsnprintf
                0x080034a0      0x2a4 ..\obj\printf.o
                0x080034a0                vsnprintf
 .text.vsprintf
                0x08003744       0x28 ..\obj\printf.o
                0x08003744                vsprintf
 .text.sprintf  0x0800376c       0x30 ..\obj\printf.o
                0x0800376c                sprintf
 .text.NVIC_EnableIRQ
                0x0800379c       0x38 ..\obj\phaze_detector.o
 .text.Phaze_Detector_Init
                0x080037d4      0x174 ..\obj\phaze_detector.o
                0x080037d4                Phaze_Detector_Init
 .text.Set_Heater_Power
                0x08003948       0x58 ..\obj\phaze_detector.o
                0x08003948                Set_Heater_Power
 .text.EXTI0_IRQHandler
                0x080039a0      0x114 ..\obj\phaze_detector.o
                0x080039a0                EXTI0_IRQHandler
 .text.EXTI1_IRQHandler
                0x08003ab4       0x38 ..\obj\phaze_detector.o
                0x08003ab4                EXTI1_IRQHandler
 .text.Delay    0x08003aec       0x44 ..\obj\hd44780.o
 .text.HD44780_Init
                0x08003b30      0x120 ..\obj\hd44780.o
                0x08003b30                HD44780_Init
 .text.HD44780_InitPins
                0x08003c50      0x158 ..\obj\hd44780.o
                0x08003c50                HD44780_InitPins
 .text.HD44780_Clear
                0x08003da8       0x18 ..\obj\hd44780.o
                0x08003da8                HD44780_Clear
 .text.HD44780_Cmd
                0x08003dc0       0x44 ..\obj\hd44780.o
                0x08003dc0                HD44780_Cmd
 .text.HD44780_Data
                0x08003e04       0x44 ..\obj\hd44780.o
                0x08003e04                HD44780_Data
 .text.HD44780_Cmd4bit
                0x08003e48       0xcc ..\obj\hd44780.o
                0x08003e48                HD44780_Cmd4bit
 .text.HD44780_CursorSet
                0x08003f14       0x74 ..\obj\hd44780.o
                0x08003f14                HD44780_CursorSet
 .text.HD44780_Puts
                0x08003f88      0x114 ..\obj\hd44780.o
                0x08003f88                HD44780_Puts
 .text.HD44780_DisplayOn
                0x0800409c       0x38 ..\obj\hd44780.o
                0x0800409c                HD44780_DisplayOn
 .text.xTaskGenericCreate
                0x080040d4      0x1f8 ..\obj\tasks.o
                0x080040d4                xTaskGenericCreate
 .text.vTaskDelay
                0x080042cc       0x5c ..\obj\tasks.o
                0x080042cc                vTaskDelay
 .text.vTaskStartScheduler
                0x08004328       0x84 ..\obj\tasks.o
                0x08004328                vTaskStartScheduler
 .text.vTaskSuspendAll
                0x080043ac       0x24 ..\obj\tasks.o
                0x080043ac                vTaskSuspendAll
 .text.xTaskResumeAll
                0x080043d0      0x16c ..\obj\tasks.o
                0x080043d0                xTaskResumeAll
 .text.vTaskIncrementTick
                0x0800453c      0x1d0 ..\obj\tasks.o
                0x0800453c                vTaskIncrementTick
 .text.vTaskSwitchContext
                0x0800470c      0x168 ..\obj\tasks.o
                0x0800470c                vTaskSwitchContext
 .text.vTaskPlaceOnEventList
                0x08004874       0x88 ..\obj\tasks.o
                0x08004874                vTaskPlaceOnEventList
 .text.xTaskRemoveFromEventList
                0x080048fc       0xd4 ..\obj\tasks.o
                0x080048fc                xTaskRemoveFromEventList
 .text.vTaskSetTimeOutState
                0x080049d0       0x40 ..\obj\tasks.o
                0x080049d0                vTaskSetTimeOutState
 .text.xTaskCheckForTimeOut
                0x08004a10       0xc4 ..\obj\tasks.o
                0x08004a10                xTaskCheckForTimeOut
 .text.vTaskMissedYield
                0x08004ad4       0x18 ..\obj\tasks.o
                0x08004ad4                vTaskMissedYield
 .text.prvIdleTask
                0x08004aec       0x24 ..\obj\tasks.o
 .text.prvInitialiseTCBVariables
                0x08004b10       0x7c ..\obj\tasks.o
 .text.prvInitialiseTaskLists
                0x08004b8c       0xa4 ..\obj\tasks.o
 .text.prvCheckTasksWaitingTermination
                0x08004c30       0x98 ..\obj\tasks.o
 .text.prvAddCurrentTaskToDelayedList
                0x08004cc8       0x8c ..\obj\tasks.o
 .text.prvAllocateTCBAndStack
                0x08004d54       0x74 ..\obj\tasks.o
 .text.prvDeleteTCB
                0x08004dc8       0x20 ..\obj\tasks.o
 .text.xTaskGetCurrentTaskHandle
                0x08004de8       0x20 ..\obj\tasks.o
                0x08004de8                xTaskGetCurrentTaskHandle
 .text.vTaskPriorityInherit
                0x08004e08       0xe8 ..\obj\tasks.o
                0x08004e08                vTaskPriorityInherit
 .text.vTaskPriorityDisinherit
                0x08004ef0       0x90 ..\obj\tasks.o
                0x08004ef0                vTaskPriorityDisinherit
 .text.USBD_USR_DeviceDescriptor
                0x08004f80       0x28 ..\obj\usbd_desc.o
                0x08004f80                USBD_USR_DeviceDescriptor
 .text.USBD_USR_LangIDStrDescriptor
                0x08004fa8       0x28 ..\obj\usbd_desc.o
                0x08004fa8                USBD_USR_LangIDStrDescriptor
 .text.USBD_USR_ProductStrDescriptor
                0x08004fd0       0x54 ..\obj\usbd_desc.o
                0x08004fd0                USBD_USR_ProductStrDescriptor
 .text.USBD_USR_ManufacturerStrDescriptor
                0x08005024       0x34 ..\obj\usbd_desc.o
                0x08005024                USBD_USR_ManufacturerStrDescriptor
 .text.USBD_USR_SerialStrDescriptor
                0x08005058       0x54 ..\obj\usbd_desc.o
                0x08005058                USBD_USR_SerialStrDescriptor
 .text.USBD_USR_ConfigStrDescriptor
                0x080050ac       0x54 ..\obj\usbd_desc.o
                0x080050ac                USBD_USR_ConfigStrDescriptor
 .text.USBD_USR_InterfaceStrDescriptor
                0x08005100       0x54 ..\obj\usbd_desc.o
                0x08005100                USBD_USR_InterfaceStrDescriptor
 .text.GPIO_Init
                0x08005154      0x158 ..\obj\stm32f4xx_gpio.o
                0x08005154                GPIO_Init
 .text.GPIO_StructInit
                0x080052ac       0x3c ..\obj\stm32f4xx_gpio.o
                0x080052ac                GPIO_StructInit
 .text.GPIO_ReadInputDataBit
                0x080052e8       0x40 ..\obj\stm32f4xx_gpio.o
                0x080052e8                GPIO_ReadInputDataBit
 .text.GPIO_WriteBit
                0x08005328       0x30 ..\obj\stm32f4xx_gpio.o
                0x08005328                GPIO_WriteBit
 .text.GPIO_PinAFConfig
                0x08005358       0xb0 ..\obj\stm32f4xx_gpio.o
                0x08005358                GPIO_PinAFConfig
 .text.VCP_Init
                0x08005408       0x10 ..\obj\usbd_cdc_vcp.o
 .text.VCP_DeInit
                0x08005418       0x10 ..\obj\usbd_cdc_vcp.o
 .text.VCP_Ctrl
                0x08005428       0xbc ..\obj\usbd_cdc_vcp.o
 .text.VCP_DataTx
                0x080054e4       0x7c ..\obj\usbd_cdc_vcp.o
                0x080054e4                VCP_DataTx
 .text.VCP_DataRx
                0x08005560       0xe0 ..\obj\usbd_cdc_vcp.o
 .text.vListInitialise
                0x08005640       0x48 ..\obj\list.o
                0x08005640                vListInitialise
 .text.vListInitialiseItem
                0x08005688       0x1c ..\obj\list.o
                0x08005688                vListInitialiseItem
 .text.vListInsertEnd
                0x080056a4       0x54 ..\obj\list.o
                0x080056a4                vListInsertEnd
 .text.vListInsert
                0x080056f8       0x78 ..\obj\list.o
                0x080056f8                vListInsert
 .text.vListRemove
                0x08005770       0x54 ..\obj\list.o
                0x08005770                vListRemove
 .text.SystemInit
                0x080057c4       0x94 ..\obj\system_stm32f4xx.o
                0x080057c4                SystemInit
 .text.SetSysClock
                0x08005858      0x150 ..\obj\system_stm32f4xx.o
 .text.ADC_Channel_Init
                0x080059a8      0x114 ..\obj\adc.o
                0x080059a8                ADC_Channel_Init
 .text.bubblesort
                0x08005abc       0xa4 ..\obj\adc.o
                0x08005abc                bubblesort
 .text.ADC_Task
                0x08005b60      0x13c ..\obj\adc.o
 .text.USB_OTG_BSP_Init
                0x08005c9c      0x100 ..\obj\usb_bsp.o
                0x08005c9c                USB_OTG_BSP_Init
 .text.USB_OTG_BSP_EnableInterrupt
                0x08005d9c       0x3c ..\obj\usb_bsp.o
                0x08005d9c                USB_OTG_BSP_EnableInterrupt
 .text.USB_OTG_BSP_uDelay
                0x08005dd8       0x58 ..\obj\usb_bsp.o
                0x08005dd8                USB_OTG_BSP_uDelay
 .text.USB_OTG_BSP_mDelay
                0x08005e30       0x20 ..\obj\usb_bsp.o
                0x08005e30                USB_OTG_BSP_mDelay
 .text.OTG_FS_WKUP_IRQHandler
                0x08005e50       0x44 ..\obj\usb_bsp.o
                0x08005e50                OTG_FS_WKUP_IRQHandler
 .text.OTG_FS_IRQHandler
                0x08005e94       0x14 ..\obj\usb_bsp.o
                0x08005e94                OTG_FS_IRQHandler
 .text.USBD_StdDevReq
                0x08005ea8       0xa4 ..\obj\usbd_req.o
                0x08005ea8                USBD_StdDevReq
 .text.USBD_StdItfReq
                0x08005f4c       0x70 ..\obj\usbd_req.o
                0x08005f4c                USBD_StdItfReq
 .text.USBD_StdEPReq
                0x08005fbc      0x1d8 ..\obj\usbd_req.o
                0x08005fbc                USBD_StdEPReq
 .text.USBD_GetDescriptor
                0x08006194      0x1c8 ..\obj\usbd_req.o
 .text.USBD_SetAddress
                0x0800635c       0x80 ..\obj\usbd_req.o
 .text.USBD_SetConfig
                0x080063dc      0x134 ..\obj\usbd_req.o
 .text.USBD_GetConfig
                0x08006510       0x68 ..\obj\usbd_req.o
 .text.USBD_GetStatus
                0x08006578       0x68 ..\obj\usbd_req.o
 .text.USBD_SetFeature
                0x080065e0       0xe0 ..\obj\usbd_req.o
 .text.USBD_ClrFeature
                0x080066c0       0x58 ..\obj\usbd_req.o
 .text.USBD_ParseSetupRequest
                0x08006718       0xbc ..\obj\usbd_req.o
                0x08006718                USBD_ParseSetupRequest
 .text.USBD_CtlError
                0x080067d4       0x50 ..\obj\usbd_req.o
                0x080067d4                USBD_CtlError
 .text.USBD_GetString
                0x08006824       0x9c ..\obj\usbd_req.o
                0x08006824                USBD_GetString
 .text.USBD_GetLen
                0x080068c0       0x38 ..\obj\usbd_req.o
 .text.xQueueGenericReset
                0x080068f8       0xc0 ..\obj\queue.o
                0x080068f8                xQueueGenericReset
 .text.xQueueGenericCreate
                0x080069b8       0x90 ..\obj\queue.o
                0x080069b8                xQueueGenericCreate
 .text.xQueueGenericSend
                0x08006a48      0x158 ..\obj\queue.o
                0x08006a48                xQueueGenericSend
 .text.xQueueGenericSendFromISR
                0x08006ba0       0xcc ..\obj\queue.o
                0x08006ba0                xQueueGenericSendFromISR
 .text.xQueueGenericReceive
                0x08006c6c      0x1bc ..\obj\queue.o
                0x08006c6c                xQueueGenericReceive
 .text.prvCopyDataToQueue
                0x08006e28       0xc4 ..\obj\queue.o
 .text.prvCopyDataFromQueue
                0x08006eec       0x50 ..\obj\queue.o
 .text.prvUnlockQueue
                0x08006f3c       0xa0 ..\obj\queue.o
 .text.prvIsQueueEmpty
                0x08006fdc       0x2c ..\obj\queue.o
 .text.prvIsQueueFull
                0x08007008       0x30 ..\obj\queue.o
 .text.pxPortInitialiseStack
                0x08007038       0x60 ..\obj\port.o
                0x08007038                pxPortInitialiseStack
 .text.SVC_Handler
                0x08007098       0x20 ..\obj\port.o
                0x08007098                SVC_Handler
 .text.vPortStartFirstTask
                0x080070b8       0x14 ..\obj\port.o
                0x080070b8                vPortStartFirstTask
 .text.xPortStartScheduler
                0x080070cc       0x54 ..\obj\port.o
                0x080070cc                xPortStartScheduler
 .text.vPortYieldFromISR
                0x08007120       0x18 ..\obj\port.o
                0x08007120                vPortYieldFromISR
 .text.vPortEnterCritical
                0x08007138       0x2c ..\obj\port.o
                0x08007138                vPortEnterCritical
 .text.vPortExitCritical
                0x08007164       0x38 ..\obj\port.o
                0x08007164                vPortExitCritical
 .text.PendSV_Handler
                0x0800719c       0x3c ..\obj\port.o
                0x0800719c                PendSV_Handler
 .text.SysTick_Handler
                0x080071d8       0x38 ..\obj\port.o
                0x080071d8                SysTick_Handler
 .text.prvSetupTimerInterrupt
                0x08007210       0x28 ..\obj\port.o
 .text.USBD_OTG_ISR_Handler
                0x08007238      0x178 ..\obj\usb_dcd_int.o
                0x08007238                USBD_OTG_ISR_Handler
 .text.DCD_HandleResume_ISR
                0x080073b0       0x90 ..\obj\usb_dcd_int.o
 .text.DCD_HandleUSBSuspend_ISR
                0x08007440       0xb4 ..\obj\usb_dcd_int.o
 .text.DCD_HandleInEP_ISR
                0x080074f4      0x234 ..\obj\usb_dcd_int.o
 .text.DCD_HandleOutEP_ISR
                0x08007728      0x1b4 ..\obj\usb_dcd_int.o
 .text.DCD_HandleSof_ISR
                0x080078dc       0x3c ..\obj\usb_dcd_int.o
 .text.DCD_HandleRxStatusQueueLevel_ISR
                0x08007918      0x120 ..\obj\usb_dcd_int.o
 .text.DCD_WriteEmptyTxFifo
                0x08007a38      0x134 ..\obj\usb_dcd_int.o
 .text.DCD_HandleUsbReset_ISR
                0x08007b6c      0x168 ..\obj\usb_dcd_int.o
 .text.DCD_HandleEnumDone_ISR
                0x08007cd4       0x88 ..\obj\usb_dcd_int.o
 .text.DCD_IsoINIncomplete_ISR
                0x08007d5c       0x3c ..\obj\usb_dcd_int.o
 .text.DCD_IsoOUTIncomplete_ISR
                0x08007d98       0x3c ..\obj\usb_dcd_int.o
 .text.DCD_ReadDevInEP
                0x08007dd4       0x60 ..\obj\usb_dcd_int.o
 .text.usbd_cdc_Init
                0x08007e34       0xd0 ..\obj\usbd_cdc_core.o
 .text.usbd_cdc_DeInit
                0x08007f04       0x4c ..\obj\usbd_cdc_core.o
 .text.usbd_cdc_Setup
                0x08007f50      0x168 ..\obj\usbd_cdc_core.o
 .text.usbd_cdc_EP0_RxReady
                0x080080b8       0x60 ..\obj\usbd_cdc_core.o
 .text.usbd_cdc_DataIn
                0x08008118      0x128 ..\obj\usbd_cdc_core.o
 .text.usbd_cdc_DataOut
                0x08008240       0x6c ..\obj\usbd_cdc_core.o
 .text.usbd_cdc_SOF
                0x080082ac       0x50 ..\obj\usbd_cdc_core.o
 .text.Handle_USBAsynchXfer
                0x080082fc      0x1a8 ..\obj\usbd_cdc_core.o
 .text.USBD_cdc_GetCfgDesc
                0x080084a4       0x28 ..\obj\usbd_cdc_core.o
 .text.TIMER_PROPERTIES_GetTimerProperties
                0x080084cc      0x124 ..\obj\timer_properties.o
                0x080084cc                TIMER_PROPERTIES_GetTimerProperties
 .text.TIMER_PROPERTIES_GenerateDataForWorkingFrequency
                0x080085f0      0x164 ..\obj\timer_properties.o
                0x080085f0                TIMER_PROPERTIES_GenerateDataForWorkingFrequency
 .text.TIMER_PROPERTIES_EnableClock
                0x08008754      0x198 ..\obj\timer_properties.o
                0x08008754                TIMER_PROPERTIES_EnableClock
 .text.SPI_Init
                0x080088ec       0x98 ..\obj\stm32f4xx_spi.o
                0x080088ec                SPI_Init
 .text.SPI_Cmd  0x08008984       0x40 ..\obj\stm32f4xx_spi.o
                0x08008984                SPI_Cmd
 .text.SPI_CalculateCRC
                0x080089c4       0x40 ..\obj\stm32f4xx_spi.o
                0x080089c4                SPI_CalculateCRC
 .text.EXTI_Init
                0x08008a04      0x158 ..\obj\stm32f4xx_exti.o
                0x08008a04                EXTI_Init
 .text.EXTI_GetITStatus
                0x08008b5c       0x60 ..\obj\stm32f4xx_exti.o
                0x08008b5c                EXTI_GetITStatus
 .text.EXTI_ClearITPendingBit
                0x08008bbc       0x20 ..\obj\stm32f4xx_exti.o
                0x08008bbc                EXTI_ClearITPendingBit
 .text.NVIC_PriorityGroupConfig
                0x08008bdc       0x28 ..\obj\misc.o
                0x08008bdc                NVIC_PriorityGroupConfig
 .text.NVIC_Init
                0x08008c04       0xe8 ..\obj\misc.o
                0x08008c04                NVIC_Init
 .text.DCD_Init
                0x08008cec      0x12c ..\obj\usb_dcd.o
                0x08008cec                DCD_Init
 .text.DCD_EP_Open
                0x08008e18       0xac ..\obj\usb_dcd.o
                0x08008e18                DCD_EP_Open
 .text.DCD_EP_Close
                0x08008ec4       0x7c ..\obj\usb_dcd.o
                0x08008ec4                DCD_EP_Close
 .text.DCD_EP_PrepareRx
                0x08008f40       0x8c ..\obj\usb_dcd.o
                0x08008f40                DCD_EP_PrepareRx
 .text.DCD_EP_Tx
                0x08008fcc       0x84 ..\obj\usb_dcd.o
                0x08008fcc                DCD_EP_Tx
 .text.DCD_EP_Stall
                0x08009050       0x80 ..\obj\usb_dcd.o
                0x08009050                DCD_EP_Stall
 .text.DCD_EP_ClrStall
                0x080090d0       0x80 ..\obj\usb_dcd.o
                0x080090d0                DCD_EP_ClrStall
 .text.DCD_EP_SetAddress
                0x08009150       0x40 ..\obj\usb_dcd.o
                0x08009150                DCD_EP_SetAddress
 .text.pvPortMalloc
                0x08009190       0xa4 ..\obj\heap_1.o
                0x08009190                pvPortMalloc
 .text.vPortFree
                0x08009234       0x14 ..\obj\heap_1.o
                0x08009234                vPortFree
 .text.xPortGetFreeHeapSize
                0x08009248       0x1c ..\obj\heap_1.o
                0x08009248                xPortGetFreeHeapSize
 .text.USBD_CtlSendData
                0x08009264       0x48 ..\obj\usbd_ioreq.o
                0x08009264                USBD_CtlSendData
 .text.USBD_CtlContinueSendData
                0x080092ac       0x30 ..\obj\usbd_ioreq.o
                0x080092ac                USBD_CtlContinueSendData
 .text.USBD_CtlPrepareRx
                0x080092dc       0x48 ..\obj\usbd_ioreq.o
                0x080092dc                USBD_CtlPrepareRx
 .text.USBD_CtlContinueRx
                0x08009324       0x30 ..\obj\usbd_ioreq.o
                0x08009324                USBD_CtlContinueRx
 .text.USBD_CtlSendStatus
                0x08009354       0x3c ..\obj\usbd_ioreq.o
                0x08009354                USBD_CtlSendStatus
 .text.USBD_CtlReceiveStatus
                0x08009390       0x3c ..\obj\usbd_ioreq.o
                0x08009390                USBD_CtlReceiveStatus
 .text.TIM_TimeBaseInit
                0x080093cc       0xf8 ..\obj\stm32f4xx_tim.o
                0x080093cc                TIM_TimeBaseInit
 .text.TIM_Cmd  0x080094c4       0x40 ..\obj\stm32f4xx_tim.o
                0x080094c4                TIM_Cmd
 .text.TIM_ITConfig
                0x08009504       0x4c ..\obj\stm32f4xx_tim.o
                0x08009504                TIM_ITConfig
 .text.TIM_ClearITPendingBit
                0x08009550       0x24 ..\obj\stm32f4xx_tim.o
                0x08009550                TIM_ClearITPendingBit
 .text.NVIC_SystemReset
                0x08009574       0x34 ..\obj\power_detector.o
 .text.Power_Detector_Init
                0x080095a8       0x80 ..\obj\power_detector.o
                0x080095a8                Power_Detector_Init
 .text.PVD_IRQHandler
                0x08009628       0x20 ..\obj\power_detector.o
                0x08009628                PVD_IRQHandler
 .text          0x08009648      0x370 c:/coocox/coide/gcc/sourcery g++ lite/bin/../lib/gcc/arm-none-eabi/4.5.1/thumb2\libgcc.a(_arm_addsubdf3.o)
                0x08009648                __aeabi_drsub
                0x08009650                __aeabi_dsub
                0x08009650                __subdf3
                0x08009654                __aeabi_dadd
                0x08009654                __adddf3
                0x080098cc                __floatunsidf
                0x080098cc                __aeabi_ui2d
                0x080098ec                __floatsidf
                0x080098ec                __aeabi_i2d
                0x08009910                __aeabi_f2d
                0x08009910                __extendsfdf2
                0x0800994c                __floatundidf
                0x0800994c                __aeabi_ul2d
                0x0800995c                __floatdidf
                0x0800995c                __aeabi_l2d
 .text          0x080099b8      0x424 c:/coocox/coide/gcc/sourcery g++ lite/bin/../lib/gcc/arm-none-eabi/4.5.1/thumb2\libgcc.a(_arm_muldivdf3.o)
                0x080099b8                __aeabi_dmul
                0x080099b8                __muldf3
                0x08009c0c                __divdf3
                0x08009c0c                __aeabi_ddiv
 .text          0x08009ddc      0x110 c:/coocox/coide/gcc/sourcery g++ lite/bin/../lib/gcc/arm-none-eabi/4.5.1/thumb2\libgcc.a(_arm_cmpdf2.o)
                0x08009ddc                __gtdf2
                0x08009ddc                __gedf2
                0x08009de4                __ltdf2
                0x08009de4                __ledf2
                0x08009dec                __nedf2
                0x08009dec                __eqdf2
                0x08009dec                __cmpdf2
                0x08009e68                __aeabi_cdrcmple
                0x08009e78                __aeabi_cdcmpeq
                0x08009e78                __aeabi_cdcmple
                0x08009e88                __aeabi_dcmpeq
                0x08009e9c                __aeabi_dcmplt
                0x08009eb0                __aeabi_dcmple
                0x08009ec4                __aeabi_dcmpge
                0x08009ed8                __aeabi_dcmpgt
 .text          0x08009eec       0x40 c:/coocox/coide/gcc/sourcery g++ lite/bin/../lib/gcc/arm-none-eabi/4.5.1/thumb2\libgcc.a(_arm_fixunsdfsi.o)
                0x08009eec                __aeabi_d2uiz
                0x08009eec                __fixunsdfsi
 .text          0x08009f2c       0xa0 c:/coocox/coide/gcc/sourcery g++ lite/bin/../lib/gcc/arm-none-eabi/4.5.1/thumb2\libgcc.a(_arm_truncdfsf2.o)
                0x08009f2c                __truncdfsf2
                0x08009f2c                __aeabi_d2f
 .text          0x08009fcc      0x21c c:/coocox/coide/gcc/sourcery g++ lite/bin/../lib/gcc/arm-none-eabi/4.5.1/thumb2\libgcc.a(_arm_addsubsf3.o)
                0x08009fcc                __aeabi_frsub
                0x08009fd4                __subsf3
                0x08009fd4                __aeabi_fsub
                0x08009fd8                __aeabi_fadd
                0x08009fd8                __addsf3
                0x0800a138                __aeabi_ui2f
                0x0800a138                __floatunsisf
                0x0800a140                __aeabi_i2f
                0x0800a140                __floatsisf
                0x0800a15c                __aeabi_ul2f
                0x0800a15c                __floatundisf
                0x0800a16c                __aeabi_l2f
                0x0800a16c                __floatdisf
 .text          0x0800a1e8      0x2a0 c:/coocox/coide/gcc/sourcery g++ lite/bin/../lib/gcc/arm-none-eabi/4.5.1/thumb2\libgcc.a(_arm_muldivsf3.o)
                0x0800a1e8                __mulsf3
                0x0800a1e8                __aeabi_fmul
                0x0800a350                __aeabi_fdiv
                0x0800a350                __divsf3
 .text          0x0800a488       0xec c:/coocox/coide/gcc/sourcery g++ lite/bin/../lib/gcc/arm-none-eabi/4.5.1/thumb2\libgcc.a(_arm_cmpsf2.o)
                0x0800a488                __gesf2
                0x0800a488                __gtsf2
                0x0800a490                __lesf2
                0x0800a490                __ltsf2
                0x0800a498                __nesf2
                0x0800a498                __eqsf2
                0x0800a498                __cmpsf2
                0x0800a4f8                __aeabi_cfrcmple
                0x0800a500                __aeabi_cfcmpeq
                0x0800a500                __aeabi_cfcmple
                0x0800a510                __aeabi_fcmpeq
                0x0800a524                __aeabi_fcmplt
                0x0800a538                __aeabi_fcmple
                0x0800a54c                __aeabi_fcmpge
                0x0800a560                __aeabi_fcmpgt
 .text          0x0800a574       0x4c c:/coocox/coide/gcc/sourcery g++ lite/bin/../lib/gcc/arm-none-eabi/4.5.1/thumb2\libgcc.a(_arm_fixsfsi.o)
                0x0800a574                __aeabi_f2iz
                0x0800a574                __fixsfsi
 .text          0x0800a5c0       0x40 c:/coocox/coide/gcc/sourcery g++ lite/bin/../lib/gcc/arm-none-eabi/4.5.1/thumb2\libgcc.a(_arm_fixunssfsi.o)
                0x0800a5c0                __fixunssfsi
                0x0800a5c0                __aeabi_f2uiz
 .text          0x0800a600       0x58 c:/coocox/coide/gcc/sourcery g++ lite/bin/../lib/gcc/arm-none-eabi/4.5.1/../../../../arm-none-eabi/lib/thumb2\libc.a(lib_a-memcmp.o)
                0x0800a600                memcmp
 .text          0x0800a658      0x150 c:/coocox/coide/gcc/sourcery g++ lite/bin/../lib/gcc/arm-none-eabi/4.5.1/../../../../arm-none-eabi/lib/thumb2\libc.a(lib_a-memcpy.o)
                0x0800a658                memcpy
 .text          0x0800a7a8       0xb4 c:/coocox/coide/gcc/sourcery g++ lite/bin/../lib/gcc/arm-none-eabi/4.5.1/../../../../arm-none-eabi/lib/thumb2\libc.a(lib_a-memset.o)
                0x0800a7a8                memset
 .text          0x0800a85c       0x7c c:/coocox/coide/gcc/sourcery g++ lite/bin/../lib/gcc/arm-none-eabi/4.5.1/../../../../arm-none-eabi/lib/thumb2\libc.a(lib_a-strncpy.o)
                0x0800a85c                strncpy
 *(.glue_7t)
 .glue_7t       0x00000000        0x0 linker stubs
 *(.glue_7)
 .glue_7        0x00000000        0x0 linker stubs
 *(.rodata .rodata* .gnu.linkonce.r.*)
 .rodata        0x0800a8d8        0x4 ..\obj\pid_regulator.o
 .rodata        0x0800a8dc       0x3c ..\obj\ADS1120.o
 .rodata        0x0800a918        0x4 ..\obj\hd44780.o
 .rodata        0x0800a91c       0x1c ..\obj\tasks.o
 .rodata        0x0800a938       0x98 ..\obj\usbd_desc.o
 .rodata        0x0800a9d0        0x4 ..\obj\adc.o

.vfp11_veneer   0x0800a9d4        0x0
 .vfp11_veneer  0x00000000        0x0 linker stubs

.v4_bx          0x0800a9d4        0x0
 .v4_bx         0x00000000        0x0 linker stubs

.ARM.extab
 *(.ARM.extab* .gnu.linkonce.armextab.*)

.ARM.exidx
 *(.ARM.exidx* .gnu.linkonce.armexidx.*)
                0x0800a9d4                . = ALIGN (0x4)
                0x0800a9d4                _etext = .
                0x0800a9d4                _sidata = .

.data           0x20000000      0x12c load address 0x0800a9d4
                0x20000000                _sdata = .
 *(.data .data.*)
 .data          0x20000000       0x1c ..\obj\usbd_usr.o
                0x20000000                USR_cb
 .data          0x2000001c       0x30 ..\obj\usbd_core.o
                0x2000001c                USBD_DCD_INT_cb
                0x20000048                USBD_DCD_INT_fops
 .data          0x2000004c       0x10 ..\obj\stm32f4xx_rcc.o
 .data          0x2000005c        0x4 ..\obj\tasks.o
 .data          0x20000060       0x40 ..\obj\usbd_desc.o
                0x20000060                USR_desc
                0x2000007c                USBD_DeviceDesc
                0x20000090                USBD_DeviceQualifierDesc
                0x2000009c                USBD_LangIDDesc
 .data          0x200000a0       0x14 ..\obj\usbd_cdc_vcp.o
                0x200000a0                VCP_fops
 .data          0x200000b4        0x4 ..\obj\port.o
 .data          0x200000b8       0x74 ..\obj\usbd_cdc_core.o
                0x200000b8                usbd_cdc_CfgDesc
                0x20000100                USBD_CDC_cb
                0x2000012c                . = ALIGN (0x4)
                0x2000012c                _edata = .

.bss            0x20000130     0x2d88 load address 0x0800ab04
                0x20000130                _sbss = .
 *(.bss .bss.*)
 .bss           0x20000130       0x10 ..\obj\delay.o
                0x20000130                TimingDelay
                0x20000134                Time
                0x20000138                Time2
                0x2000013c                DELAY_Initialized
 .bss           0x20000140        0x4 ..\obj\pid_regulator.o
 .bss           0x20000144        0x8 ..\obj\phaze_detector.o
 .bss           0x2000014c      0x100 ..\obj\tasks.o
                0x2000014c                pxCurrentTCB
 .bss           0x2000024c        0x8 ..\obj\usbd_cdc_vcp.o
                0x2000024c                counter
                0x20000250                counter2
 .bss           0x20000254       0x10 ..\obj\usbd_req.o
                0x20000254                USBD_ep_status
                0x20000258                USBD_default_cfg
                0x2000025c                USBD_cfg_status
 .bss           0x20000264       0x20 ..\obj\usbd_cdc_core.o
                0x20000268                APP_Rx_ptr_in
                0x2000026c                APP_Rx_ptr_out
                0x20000270                APP_Rx_length
                0x20000274                USB_Tx_State
 *fill*         0x20000284        0x4 00
 .bss           0x20000288     0x1c08 ..\obj\heap_1.o
 *(COMMON)
 COMMON         0x20001e90       0x1c ..\obj\pid_regulator.o
                0x20001e90                pid_heater
 COMMON         0x20001eac      0x628 ..\obj\ADS1120.o
                0x20001eac                ADC_result
                0x20001eb0                adc_reg
                0x20001eb4                xSPI_Buf_Mutex
                0x20001eb8                ADC_result_temp
                0x20001ebc                ADS1120_res
                0x20001ee4                USB_OTG_dev
 COMMON         0x200024d4        0xa ..\obj\phaze_detector.o
                0x200024d4                xPhazeSemaphore
                0x200024d8                phaze_detect
 *fill*         0x200024de        0x2 00
 COMMON         0x200024e0        0x7 ..\obj\hd44780.o
                0x200024e0                HD44780_Opts
 *fill*         0x200024e7        0x1 00
 COMMON         0x200024e8      0x110 ..\obj\adc.o
                0x200024e8                adc_lm35_chnl
 COMMON         0x200025f8       0x32 ..\obj\usbd_req.o
                0x200025f8                USBD_StrDesc
 *fill*         0x2000262a        0x2 00
 COMMON         0x2000262c      0x88c ..\obj\usbd_cdc_core.o
                0x2000262c                usbd_cdc_OtherCfgDesc
                0x20002670                USB_Rx_Buffer
                0x200026b0                CmdBuff
                0x200026b8                APP_Rx_Buffer
                0x20002eb8                . = ALIGN (0x4)
                0x20002eb8                _ebss = .

.co_stack       0x20002eb8      0x800 load address 0x0800d88c
                0x20002eb8                . = ALIGN (0x8)
 *(.co_stack .co_stack.*)
 .co_stack      0x20002eb8      0x800 ..\obj\startup_stm32f4xx.o
                0x20002eb8                pulStack
                0x200036b8                . = ALIGN (0x4)
                0x200036b8                _end = .
LOAD ..\obj\stm32f4xx_syscfg.o
LOAD ..\obj\usb_core.o
LOAD ..\obj\delay.o
LOAD ..\obj\pid_regulator.o
LOAD ..\obj\usbd_usr.o
LOAD ..\obj\buzzer.o
LOAD ..\obj\stm32f4xx_usart.o
LOAD ..\obj\stm32f4xx_pwr.o
LOAD ..\obj\rtc.o
LOAD ..\obj\startup_stm32f4xx.o
LOAD ..\obj\backup_sram.o
LOAD ..\obj\stm32f4xx_iwdg.o
LOAD ..\obj\ADS1120.o
LOAD ..\obj\usbd_core.o
LOAD ..\obj\main.o
LOAD ..\obj\uks.o
LOAD ..\obj\stm32f4xx_rcc.o
LOAD ..\obj\timers.o
LOAD ..\obj\stm32f4xx_adc.o
LOAD ..\obj\printf.o
LOAD ..\obj\phaze_detector.o
LOAD ..\obj\watchdog.o
LOAD ..\obj\hd44780.o
LOAD ..\obj\tasks.o
LOAD ..\obj\usbd_desc.o
LOAD ..\obj\keyboard.o
LOAD ..\obj\stm32f4xx_gpio.o
LOAD ..\obj\usbd_cdc_vcp.o
LOAD ..\obj\list.o
LOAD ..\obj\system_stm32f4xx.o
LOAD ..\obj\syscalls.o
LOAD ..\obj\adc.o
LOAD ..\obj\usb_bsp.o
LOAD ..\obj\usbd_req.o
LOAD ..\obj\queue.o
LOAD ..\obj\port.o
LOAD ..\obj\usb_dcd_int.o
LOAD ..\obj\usbd_cdc_core.o
LOAD ..\obj\croutine.o
LOAD ..\obj\timer_properties.o
LOAD ..\obj\stm32f4xx_spi.o
LOAD ..\obj\stm32f4xx_exti.o
LOAD ..\obj\misc.o
LOAD ..\obj\usb_dcd.o
LOAD ..\obj\heap_1.o
LOAD ..\obj\stm32f4xx_rtc.o
LOAD ..\obj\usbd_ioreq.o
LOAD ..\obj\stm32f4xx_tim.o
LOAD ..\obj\power_detector.o
START GROUP
LOAD c:/coocox/coide/gcc/sourcery g++ lite/bin/../lib/gcc/arm-none-eabi/4.5.1/thumb2\libgcc.a
LOAD c:/coocox/coide/gcc/sourcery g++ lite/bin/../lib/gcc/arm-none-eabi/4.5.1/../../../../arm-none-eabi/lib/thumb2\libc.a
END GROUP
OUTPUT(stm32f2_uks.elf elf32-littlearm)

.debug_abbrev   0x00000000     0x444a
 .debug_abbrev  0x00000000      0x12a ..\obj\stm32f4xx_syscfg.o
 .debug_abbrev  0x0000012a      0x277 ..\obj\usb_core.o
 .debug_abbrev  0x000003a1      0x125 ..\obj\delay.o
 .debug_abbrev  0x000004c6      0x1af ..\obj\pid_regulator.o
 .debug_abbrev  0x00000675       0xd9 ..\obj\usbd_usr.o
 .debug_abbrev  0x0000074e      0x14a ..\obj\buzzer.o
 .debug_abbrev  0x00000898      0x14e ..\obj\stm32f4xx_usart.o
 .debug_abbrev  0x000009e6      0x175 ..\obj\stm32f4xx_pwr.o
 .debug_abbrev  0x00000b5b      0x125 ..\obj\rtc.o
 .debug_abbrev  0x00000c80       0xac ..\obj\startup_stm32f4xx.o
 .debug_abbrev  0x00000d2c       0xee ..\obj\backup_sram.o
 .debug_abbrev  0x00000e1a       0xfa ..\obj\stm32f4xx_iwdg.o
 .debug_abbrev  0x00000f14      0x20b ..\obj\ADS1120.o
 .debug_abbrev  0x0000111f      0x1f4 ..\obj\usbd_core.o
 .debug_abbrev  0x00001313      0x1ba ..\obj\main.o
 .debug_abbrev  0x000014cd       0x94 ..\obj\uks.o
 .debug_abbrev  0x00001561      0x1b7 ..\obj\stm32f4xx_rcc.o
 .debug_abbrev  0x00001718       0x28 ..\obj\timers.o
 .debug_abbrev  0x00001740      0x189 ..\obj\stm32f4xx_adc.o
 .debug_abbrev  0x000018c9      0x238 ..\obj\printf.o
 .debug_abbrev  0x00001b01      0x1ac ..\obj\phaze_detector.o
 .debug_abbrev  0x00001cad      0x108 ..\obj\watchdog.o
 .debug_abbrev  0x00001db5      0x180 ..\obj\hd44780.o
 .debug_abbrev  0x00001f35      0x193 ..\obj\tasks.o
 .debug_abbrev  0x000020c8      0x10c ..\obj\usbd_desc.o
 .debug_abbrev  0x000021d4      0x15a ..\obj\keyboard.o
 .debug_abbrev  0x0000232e      0x182 ..\obj\stm32f4xx_gpio.o
 .debug_abbrev  0x000024b0      0x13a ..\obj\usbd_cdc_vcp.o
 .debug_abbrev  0x000025ea       0xb6 ..\obj\list.o
 .debug_abbrev  0x000026a0      0x140 ..\obj\system_stm32f4xx.o
 .debug_abbrev  0x000027e0       0xde ..\obj\syscalls.o
 .debug_abbrev  0x000028be      0x1e4 ..\obj\adc.o
 .debug_abbrev  0x00002aa2      0x1db ..\obj\usb_bsp.o
 .debug_abbrev  0x00002c7d      0x253 ..\obj\usbd_req.o
 .debug_abbrev  0x00002ed0      0x109 ..\obj\queue.o
 .debug_abbrev  0x00002fd9      0x120 ..\obj\port.o
 .debug_abbrev  0x000030f9      0x210 ..\obj\usb_dcd_int.o
 .debug_abbrev  0x00003309      0x1e1 ..\obj\usbd_cdc_core.o
 .debug_abbrev  0x000034ea      0x186 ..\obj\croutine.o
 .debug_abbrev  0x00003670      0x106 ..\obj\timer_properties.o
 .debug_abbrev  0x00003776      0x160 ..\obj\stm32f4xx_spi.o
 .debug_abbrev  0x000038d6      0x198 ..\obj\stm32f4xx_exti.o
 .debug_abbrev  0x00003a6e      0x126 ..\obj\misc.o
 .debug_abbrev  0x00003b94      0x208 ..\obj\usb_dcd.o
 .debug_abbrev  0x00003d9c      0x116 ..\obj\heap_1.o
 .debug_abbrev  0x00003eb2      0x16b ..\obj\stm32f4xx_rtc.o
 .debug_abbrev  0x0000401d      0x165 ..\obj\usbd_ioreq.o
 .debug_abbrev  0x00004182      0x163 ..\obj\stm32f4xx_tim.o
 .debug_abbrev  0x000042e5      0x165 ..\obj\power_detector.o

.debug_info     0x00000000    0x1d12e
 .debug_info    0x00000000      0x27a ..\obj\stm32f4xx_syscfg.o
 .debug_info    0x0000027a     0x27fc ..\obj\usb_core.o
 .debug_info    0x00002a76      0x777 ..\obj\delay.o
 .debug_info    0x000031ed      0x587 ..\obj\pid_regulator.o
 .debug_info    0x00003774      0x1c5 ..\obj\usbd_usr.o
 .debug_info    0x00003939      0x458 ..\obj\buzzer.o
 .debug_info    0x00003d91      0xa4f ..\obj\stm32f4xx_usart.o
 .debug_info    0x000047e0      0x53e ..\obj\stm32f4xx_pwr.o
 .debug_info    0x00004d1e      0x296 ..\obj\rtc.o
 .debug_info    0x00004fb4      0x147 ..\obj\startup_stm32f4xx.o
 .debug_info    0x000050fb      0x237 ..\obj\backup_sram.o
 .debug_info    0x00005332      0x20b ..\obj\stm32f4xx_iwdg.o
 .debug_info    0x0000553d     0x1228 ..\obj\ADS1120.o
 .debug_info    0x00006765      0xff8 ..\obj\usbd_core.o
 .debug_info    0x0000775d      0xd3e ..\obj\main.o
 .debug_info    0x0000849b      0x13a ..\obj\uks.o
 .debug_info    0x000085d5      0xd24 ..\obj\stm32f4xx_rcc.o
 .debug_info    0x000092f9       0x4c ..\obj\timers.o
 .debug_info    0x00009345      0xcf5 ..\obj\stm32f4xx_adc.o
 .debug_info    0x0000a03a      0xed2 ..\obj\printf.o
 .debug_info    0x0000af0c      0x91d ..\obj\phaze_detector.o
 .debug_info    0x0000b829      0x18a ..\obj\watchdog.o
 .debug_info    0x0000b9b3      0x877 ..\obj\hd44780.o
 .debug_info    0x0000c22a      0xd75 ..\obj\tasks.o
 .debug_info    0x0000cf9f      0x3a7 ..\obj\usbd_desc.o
 .debug_info    0x0000d346      0x388 ..\obj\keyboard.o
 .debug_info    0x0000d6ce      0x639 ..\obj\stm32f4xx_gpio.o
 .debug_info    0x0000dd07      0x31a ..\obj\usbd_cdc_vcp.o
 .debug_info    0x0000e021      0x2a6 ..\obj\list.o
 .debug_info    0x0000e2c7      0x5ea ..\obj\system_stm32f4xx.o
 .debug_info    0x0000e8b1      0x440 ..\obj\syscalls.o
 .debug_info    0x0000ecf1     0x1141 ..\obj\adc.o
 .debug_info    0x0000fe32     0x113d ..\obj\usb_bsp.o
 .debug_info    0x00010f6f     0x111b ..\obj\usbd_req.o
 .debug_info    0x0001208a      0x7c1 ..\obj\queue.o
 .debug_info    0x0001284b      0x1d7 ..\obj\port.o
 .debug_info    0x00012a22     0x2027 ..\obj\usb_dcd_int.o
 .debug_info    0x00014a49     0x1102 ..\obj\usbd_cdc_core.o
 .debug_info    0x00015b4b      0x4af ..\obj\croutine.o
 .debug_info    0x00015ffa      0x4d1 ..\obj\timer_properties.o
 .debug_info    0x000164cb      0xbcc ..\obj\stm32f4xx_spi.o
 .debug_info    0x00017097      0x372 ..\obj\stm32f4xx_exti.o
 .debug_info    0x00017409      0x594 ..\obj\misc.o
 .debug_info    0x0001799d     0x1184 ..\obj\usb_dcd.o
 .debug_info    0x00018b21      0x186 ..\obj\heap_1.o
 .debug_info    0x00018ca7     0x1223 ..\obj\stm32f4xx_rtc.o
 .debug_info    0x00019eca      0xde4 ..\obj\usbd_ioreq.o
 .debug_info    0x0001acae     0x1e28 ..\obj\stm32f4xx_tim.o
 .debug_info    0x0001cad6      0x658 ..\obj\power_detector.o

.debug_line     0x00000000     0x9a5c
 .debug_line    0x00000000      0x1e7 ..\obj\stm32f4xx_syscfg.o
 .debug_line    0x000001e7      0x6b4 ..\obj\usb_core.o
 .debug_line    0x0000089b      0x2a5 ..\obj\delay.o
 .debug_line    0x00000b40      0x3b5 ..\obj\pid_regulator.o
 .debug_line    0x00000ef5      0x1b1 ..\obj\usbd_usr.o
 .debug_line    0x000010a6      0x2c7 ..\obj\buzzer.o
 .debug_line    0x0000136d      0x478 ..\obj\stm32f4xx_usart.o
 .debug_line    0x000017e5      0x284 ..\obj\stm32f4xx_pwr.o
 .debug_line    0x00001a69      0x21a ..\obj\rtc.o
 .debug_line    0x00001c83       0xa6 ..\obj\startup_stm32f4xx.o
 .debug_line    0x00001d29      0x1e9 ..\obj\backup_sram.o
 .debug_line    0x00001f12      0x1de ..\obj\stm32f4xx_iwdg.o
 .debug_line    0x000020f0      0x402 ..\obj\ADS1120.o
 .debug_line    0x000024f2      0x305 ..\obj\usbd_core.o
 .debug_line    0x000027f7      0x30b ..\obj\main.o
 .debug_line    0x00002b02      0x152 ..\obj\uks.o
 .debug_line    0x00002c54      0x574 ..\obj\stm32f4xx_rcc.o
 .debug_line    0x000031c8       0x1d ..\obj\timers.o
 .debug_line    0x000031e5      0x528 ..\obj\stm32f4xx_adc.o
 .debug_line    0x0000370d      0x3c6 ..\obj\printf.o
 .debug_line    0x00003ad3      0x38b ..\obj\phaze_detector.o
 .debug_line    0x00003e5e      0x1b0 ..\obj\watchdog.o
 .debug_line    0x0000400e      0x409 ..\obj\hd44780.o
 .debug_line    0x00004417      0x792 ..\obj\tasks.o
 .debug_line    0x00004ba9      0x1f7 ..\obj\usbd_desc.o
 .debug_line    0x00004da0      0x2ed ..\obj\keyboard.o
 .debug_line    0x0000508d      0x313 ..\obj\stm32f4xx_gpio.o
 .debug_line    0x000053a0      0x1f6 ..\obj\usbd_cdc_vcp.o
 .debug_line    0x00005596      0x1a6 ..\obj\list.o
 .debug_line    0x0000573c      0x200 ..\obj\system_stm32f4xx.o
 .debug_line    0x0000593c      0x194 ..\obj\syscalls.o
 .debug_line    0x00005ad0      0x324 ..\obj\adc.o
 .debug_line    0x00005df4      0x2a0 ..\obj\usb_bsp.o
 .debug_line    0x00006094      0x3c1 ..\obj\usbd_req.o
 .debug_line    0x00006455      0x4ff ..\obj\queue.o
 .debug_line    0x00006954      0x1bd ..\obj\port.o
 .debug_line    0x00006b11      0x3b0 ..\obj\usb_dcd_int.o
 .debug_line    0x00006ec1      0x2b5 ..\obj\usbd_cdc_core.o
 .debug_line    0x00007176      0x274 ..\obj\croutine.o
 .debug_line    0x000073ea      0x2e1 ..\obj\timer_properties.o
 .debug_line    0x000076cb      0x428 ..\obj\stm32f4xx_spi.o
 .debug_line    0x00007af3      0x27d ..\obj\stm32f4xx_exti.o
 .debug_line    0x00007d70      0x219 ..\obj\misc.o
 .debug_line    0x00007f89      0x323 ..\obj\usb_dcd.o
 .debug_line    0x000082ac      0x135 ..\obj\heap_1.o
 .debug_line    0x000083e1      0x7eb ..\obj\stm32f4xx_rtc.o
 .debug_line    0x00008bcc      0x20d ..\obj\usbd_ioreq.o
 .debug_line    0x00008dd9      0xa4d ..\obj\stm32f4xx_tim.o
 .debug_line    0x00009826      0x236 ..\obj\power_detector.o

.debug_loc      0x00000000     0x892d
 .debug_loc     0x00000000      0x144 ..\obj\stm32f4xx_syscfg.o
 .debug_loc     0x00000144      0x7e0 ..\obj\usb_core.o
 .debug_loc     0x00000924       0xe8 ..\obj\delay.o
 .debug_loc     0x00000a0c      0x10c ..\obj\pid_regulator.o
 .debug_loc     0x00000b18       0xe8 ..\obj\usbd_usr.o
 .debug_loc     0x00000c00       0xa8 ..\obj\buzzer.o
 .debug_loc     0x00000ca8      0x658 ..\obj\stm32f4xx_usart.o
 .debug_loc     0x00001300      0x288 ..\obj\stm32f4xx_pwr.o
 .debug_loc     0x00001588       0x70 ..\obj\rtc.o
 .debug_loc     0x000015f8       0x64 ..\obj\startup_stm32f4xx.o
 .debug_loc     0x0000165c       0xd4 ..\obj\backup_sram.o
 .debug_loc     0x00001730      0x138 ..\obj\stm32f4xx_iwdg.o
 .debug_loc     0x00001868      0x17e ..\obj\ADS1120.o
 .debug_loc     0x000019e6      0x2d8 ..\obj\usbd_core.o
 .debug_loc     0x00001cbe      0x10c ..\obj\main.o
 .debug_loc     0x00001dca      0x97c ..\obj\stm32f4xx_rcc.o
 .debug_loc     0x00002746      0x838 ..\obj\stm32f4xx_adc.o
 .debug_loc     0x00002f7e      0x3ea ..\obj\printf.o
 .debug_loc     0x00003368      0x100 ..\obj\phaze_detector.o
 .debug_loc     0x00003468       0x70 ..\obj\watchdog.o
 .debug_loc     0x000034d8      0x3bc ..\obj\hd44780.o
 .debug_loc     0x00003894      0x708 ..\obj\tasks.o
 .debug_loc     0x00003f9c      0x188 ..\obj\usbd_desc.o
 .debug_loc     0x00004124       0x70 ..\obj\keyboard.o
 .debug_loc     0x00004194      0x310 ..\obj\stm32f4xx_gpio.o
 .debug_loc     0x000044a4      0x100 ..\obj\usbd_cdc_vcp.o
 .debug_loc     0x000045a4      0x118 ..\obj\list.o
 .debug_loc     0x000046bc       0x9c ..\obj\system_stm32f4xx.o
 .debug_loc     0x00004758      0x1ec ..\obj\syscalls.o
 .debug_loc     0x00004944       0xa9 ..\obj\adc.o
 .debug_loc     0x000049ed      0x138 ..\obj\usb_bsp.o
 .debug_loc     0x00004b25      0x310 ..\obj\usbd_req.o
 .debug_loc     0x00004e35      0x3b8 ..\obj\queue.o
 .debug_loc     0x000051ed      0x178 ..\obj\port.o
 .debug_loc     0x00005365      0x2d8 ..\obj\usb_dcd_int.o
 .debug_loc     0x0000563d      0x224 ..\obj\usbd_cdc_core.o
 .debug_loc     0x00005861      0x188 ..\obj\croutine.o
 .debug_loc     0x000059e9       0xe0 ..\obj\timer_properties.o
 .debug_loc     0x00005ac9      0x578 ..\obj\stm32f4xx_spi.o
 .debug_loc     0x00006041      0x1b4 ..\obj\stm32f4xx_exti.o
 .debug_loc     0x000061f5      0x118 ..\obj\misc.o
 .debug_loc     0x0000630d      0x2d8 ..\obj\usb_dcd.o
 .debug_loc     0x000065e5       0xc8 ..\obj\heap_1.o
 .debug_loc     0x000066ad      0xc48 ..\obj\stm32f4xx_rtc.o
 .debug_loc     0x000072f5      0x188 ..\obj\usbd_ioreq.o
 .debug_loc     0x0000747d     0x1420 ..\obj\stm32f4xx_tim.o
 .debug_loc     0x0000889d       0x90 ..\obj\power_detector.o

.debug_pubnames
                0x00000000     0x3927
 .debug_pubnames
                0x00000000       0xc3 ..\obj\stm32f4xx_syscfg.o
 .debug_pubnames
                0x000000c3      0x364 ..\obj\usb_core.o
 .debug_pubnames
                0x00000427       0xc4 ..\obj\delay.o
 .debug_pubnames
                0x000004eb       0x6e ..\obj\pid_regulator.o
 .debug_pubnames
                0x00000559       0x9e ..\obj\usbd_usr.o
 .debug_pubnames
                0x000005f7       0x62 ..\obj\buzzer.o
 .debug_pubnames
                0x00000659      0x294 ..\obj\stm32f4xx_usart.o
 .debug_pubnames
                0x000008ed      0x120 ..\obj\stm32f4xx_pwr.o
 .debug_pubnames
                0x00000a0d       0x46 ..\obj\rtc.o
 .debug_pubnames
                0x00000a53       0x4a ..\obj\startup_stm32f4xx.o
 .debug_pubnames
                0x00000a9d       0x6c ..\obj\backup_sram.o
 .debug_pubnames
                0x00000b09       0x91 ..\obj\stm32f4xx_iwdg.o
 .debug_pubnames
                0x00000b9a       0xd4 ..\obj\ADS1120.o
 .debug_pubnames
                0x00000c6e       0x7a ..\obj\usbd_core.o
 .debug_pubnames
                0x00000ce8       0xa0 ..\obj\main.o
 .debug_pubnames
                0x00000d88       0x21 ..\obj\uks.o
 .debug_pubnames
                0x00000da9      0x417 ..\obj\stm32f4xx_rcc.o
 .debug_pubnames
                0x000011c0      0x446 ..\obj\stm32f4xx_adc.o
 .debug_pubnames
                0x00001606      0x101 ..\obj\printf.o
 .debug_pubnames
                0x00001707       0x8e ..\obj\phaze_detector.o
 .debug_pubnames
                0x00001795       0x35 ..\obj\watchdog.o
 .debug_pubnames
                0x000017ca      0x194 ..\obj\hd44780.o
 .debug_pubnames
                0x0000195e      0x275 ..\obj\tasks.o
 .debug_pubnames
                0x00001bd3      0x152 ..\obj\usbd_desc.o
 .debug_pubnames
                0x00001d25       0x44 ..\obj\keyboard.o
 .debug_pubnames
                0x00001d69      0x12d ..\obj\stm32f4xx_gpio.o
 .debug_pubnames
                0x00001e96       0x47 ..\obj\usbd_cdc_vcp.o
 .debug_pubnames
                0x00001edd       0x71 ..\obj\list.o
 .debug_pubnames
                0x00001f4e       0x61 ..\obj\system_stm32f4xx.o
 .debug_pubnames
                0x00001faf       0x71 ..\obj\syscalls.o
 .debug_pubnames
                0x00002020       0x58 ..\obj\adc.o
 .debug_pubnames
                0x00002078       0xa6 ..\obj\usb_bsp.o
 .debug_pubnames
                0x0000211e       0xd7 ..\obj\usbd_req.o
 .debug_pubnames
                0x000021f5      0x145 ..\obj\queue.o
 .debug_pubnames
                0x0000233a      0x101 ..\obj\port.o
 .debug_pubnames
                0x0000243b       0x2b ..\obj\usb_dcd_int.o
 .debug_pubnames
                0x00002466       0xe5 ..\obj\usbd_cdc_core.o
 .debug_pubnames
                0x0000254b       0x96 ..\obj\croutine.o
 .debug_pubnames
                0x000025e1       0xb2 ..\obj\timer_properties.o
 .debug_pubnames
                0x00002693      0x221 ..\obj\stm32f4xx_spi.o
 .debug_pubnames
                0x000028b4       0xbb ..\obj\stm32f4xx_exti.o
 .debug_pubnames
                0x0000296f       0x89 ..\obj\misc.o
 .debug_pubnames
                0x000029f8      0x100 ..\obj\usb_dcd.o
 .debug_pubnames
                0x00002af8       0x64 ..\obj\heap_1.o
 .debug_pubnames
                0x00002b5c      0x514 ..\obj\stm32f4xx_rtc.o
 .debug_pubnames
                0x00003070       0xb6 ..\obj\usbd_ioreq.o
 .debug_pubnames
                0x00003126      0x7c4 ..\obj\stm32f4xx_tim.o
 .debug_pubnames
                0x000038ea       0x3d ..\obj\power_detector.o

.debug_pubtypes
                0x00000000     0x3f45
 .debug_pubtypes
                0x00000000       0x6d ..\obj\stm32f4xx_syscfg.o
 .debug_pubtypes
                0x0000006d      0x675 ..\obj\usb_core.o
 .debug_pubtypes
                0x000006e2       0xb9 ..\obj\delay.o
 .debug_pubtypes
                0x0000079b      0x131 ..\obj\pid_regulator.o
 .debug_pubtypes
                0x000008cc       0x55 ..\obj\usbd_usr.o
 .debug_pubtypes
                0x00000921       0xea ..\obj\buzzer.o
 .debug_pubtypes
                0x00000a0b       0xcd ..\obj\stm32f4xx_usart.o
 .debug_pubtypes
                0x00000ad8       0x84 ..\obj\stm32f4xx_pwr.o
 .debug_pubtypes
                0x00000b5c       0x73 ..\obj\rtc.o
 .debug_pubtypes
                0x00000bcf       0x5b ..\obj\backup_sram.o
 .debug_pubtypes
                0x00000c2a       0x64 ..\obj\stm32f4xx_iwdg.o
 .debug_pubtypes
                0x00000c8e      0x35e ..\obj\ADS1120.o
 .debug_pubtypes
                0x00000fec      0x2df ..\obj\usbd_core.o
 .debug_pubtypes
                0x000012cb      0x2a0 ..\obj\main.o
 .debug_pubtypes
                0x0000156b       0x6f ..\obj\uks.o
 .debug_pubtypes
                0x000015da       0xaa ..\obj\stm32f4xx_rcc.o
 .debug_pubtypes
                0x00001684       0x12 ..\obj\timers.o
 .debug_pubtypes
                0x00001696       0xc9 ..\obj\stm32f4xx_adc.o
 .debug_pubtypes
                0x0000175f      0x139 ..\obj\printf.o
 .debug_pubtypes
                0x00001898      0x1ab ..\obj\phaze_detector.o
 .debug_pubtypes
                0x00001a43       0x53 ..\obj\watchdog.o
 .debug_pubtypes
                0x00001a96       0xe6 ..\obj\hd44780.o
 .debug_pubtypes
                0x00001b7c      0x10c ..\obj\tasks.o
 .debug_pubtypes
                0x00001c88       0x5b ..\obj\usbd_desc.o
 .debug_pubtypes
                0x00001ce3       0xf7 ..\obj\keyboard.o
 .debug_pubtypes
                0x00001dda       0xce ..\obj\stm32f4xx_gpio.o
 .debug_pubtypes
                0x00001ea8       0x6d ..\obj\usbd_cdc_vcp.o
 .debug_pubtypes
                0x00001f15       0x7a ..\obj\list.o
 .debug_pubtypes
                0x00001f8f       0x73 ..\obj\system_stm32f4xx.o
 .debug_pubtypes
                0x00002002       0xaa ..\obj\syscalls.o
 .debug_pubtypes
                0x000020ac      0x369 ..\obj\adc.o
 .debug_pubtypes
                0x00002415      0x333 ..\obj\usb_bsp.o
 .debug_pubtypes
                0x00002748      0x2c8 ..\obj\usbd_req.o
 .debug_pubtypes
                0x00002a10       0xd4 ..\obj\queue.o
 .debug_pubtypes
                0x00002ae4       0x33 ..\obj\port.o
 .debug_pubtypes
                0x00002b17      0x5e1 ..\obj\usb_dcd_int.o
 .debug_pubtypes
                0x000030f8      0x2ae ..\obj\usbd_cdc_core.o
 .debug_pubtypes
                0x000033a6       0xcd ..\obj\croutine.o
 .debug_pubtypes
                0x00003473       0x93 ..\obj\timer_properties.o
 .debug_pubtypes
                0x00003506       0xbc ..\obj\stm32f4xx_spi.o
 .debug_pubtypes
                0x000035c2       0xae ..\obj\stm32f4xx_exti.o
 .debug_pubtypes
                0x00003670       0x8c ..\obj\misc.o
 .debug_pubtypes
                0x000036fc      0x307 ..\obj\usb_dcd.o
 .debug_pubtypes
                0x00003a03       0x2c ..\obj\heap_1.o
 .debug_pubtypes
                0x00003a2f       0xd8 ..\obj\stm32f4xx_rtc.o
 .debug_pubtypes
                0x00003b07      0x295 ..\obj\usbd_ioreq.o
 .debug_pubtypes
                0x00003d9c       0xe4 ..\obj\stm32f4xx_tim.o
 .debug_pubtypes
                0x00003e80       0xc5 ..\obj\power_detector.o

.debug_aranges  0x00000000     0x1878
 .debug_aranges
                0x00000000       0x48 ..\obj\stm32f4xx_syscfg.o
 .debug_aranges
                0x00000048      0x138 ..\obj\usb_core.o
 .debug_aranges
                0x00000180       0x40 ..\obj\delay.o
 .debug_aranges
                0x000001c0       0x40 ..\obj\pid_regulator.o
 .debug_aranges
                0x00000200       0x40 ..\obj\usbd_usr.o
 .debug_aranges
                0x00000240       0x30 ..\obj\buzzer.o
 .debug_aranges
                0x00000270      0x100 ..\obj\stm32f4xx_usart.o
 .debug_aranges
                0x00000370       0x78 ..\obj\stm32f4xx_pwr.o
 .debug_aranges
                0x000003e8       0x28 ..\obj\rtc.o
 .debug_aranges
                0x00000410       0x28 ..\obj\startup_stm32f4xx.o
 .debug_aranges
                0x00000438       0x38 ..\obj\backup_sram.o
 .debug_aranges
                0x00000470       0x48 ..\obj\stm32f4xx_iwdg.o
 .debug_aranges
                0x000004b8       0x50 ..\obj\ADS1120.o
 .debug_aranges
                0x00000508       0x80 ..\obj\usbd_core.o
 .debug_aranges
                0x00000588       0x40 ..\obj\main.o
 .debug_aranges
                0x000005c8      0x178 ..\obj\stm32f4xx_rcc.o
 .debug_aranges
                0x00000740      0x148 ..\obj\stm32f4xx_adc.o
 .debug_aranges
                0x00000888       0xa0 ..\obj\printf.o
 .debug_aranges
                0x00000928       0x40 ..\obj\phaze_detector.o
 .debug_aranges
                0x00000968       0x28 ..\obj\watchdog.o
 .debug_aranges
                0x00000990       0xb0 ..\obj\hd44780.o
 .debug_aranges
                0x00000a40      0x120 ..\obj\tasks.o
 .debug_aranges
                0x00000b60       0x50 ..\obj\usbd_desc.o
 .debug_aranges
                0x00000bb0       0x28 ..\obj\keyboard.o
 .debug_aranges
                0x00000bd8       0x88 ..\obj\stm32f4xx_gpio.o
 .debug_aranges
                0x00000c60       0x40 ..\obj\usbd_cdc_vcp.o
 .debug_aranges
                0x00000ca0       0x40 ..\obj\list.o
 .debug_aranges
                0x00000ce0       0x30 ..\obj\system_stm32f4xx.o
 .debug_aranges
                0x00000d10       0x60 ..\obj\syscalls.o
 .debug_aranges
                0x00000d70       0x30 ..\obj\adc.o
 .debug_aranges
                0x00000da0       0x48 ..\obj\usb_bsp.o
 .debug_aranges
                0x00000de8       0x88 ..\obj\usbd_req.o
 .debug_aranges
                0x00000e70       0xa0 ..\obj\queue.o
 .debug_aranges
                0x00000f10       0x70 ..\obj\port.o
 .debug_aranges
                0x00000f80       0x80 ..\obj\usb_dcd_int.o
 .debug_aranges
                0x00001000       0x68 ..\obj\usbd_cdc_core.o
 .debug_aranges
                0x00001068       0x50 ..\obj\croutine.o
 .debug_aranges
                0x000010b8       0x38 ..\obj\timer_properties.o
 .debug_aranges
                0x000010f0       0xe0 ..\obj\stm32f4xx_spi.o
 .debug_aranges
                0x000011d0       0x58 ..\obj\stm32f4xx_exti.o
 .debug_aranges
                0x00001228       0x40 ..\obj\misc.o
 .debug_aranges
                0x00001268       0x80 ..\obj\usb_dcd.o
 .debug_aranges
                0x000012e8       0x38 ..\obj\heap_1.o
 .debug_aranges
                0x00001320      0x1e0 ..\obj\stm32f4xx_rtc.o
 .debug_aranges
                0x00001500       0x50 ..\obj\usbd_ioreq.o
 .debug_aranges
                0x00001550      0x2f8 ..\obj\stm32f4xx_tim.o
 .debug_aranges
                0x00001848       0x30 ..\obj\power_detector.o

.debug_ranges   0x00000000     0x1588
 .debug_ranges  0x00000000       0x38 ..\obj\stm32f4xx_syscfg.o
 .debug_ranges  0x00000038      0x128 ..\obj\usb_core.o
 .debug_ranges  0x00000160       0x30 ..\obj\delay.o
 .debug_ranges  0x00000190       0x30 ..\obj\pid_regulator.o
 .debug_ranges  0x000001c0       0x30 ..\obj\usbd_usr.o
 .debug_ranges  0x000001f0       0x20 ..\obj\buzzer.o
 .debug_ranges  0x00000210       0xf0 ..\obj\stm32f4xx_usart.o
 .debug_ranges  0x00000300       0x68 ..\obj\stm32f4xx_pwr.o
 .debug_ranges  0x00000368       0x18 ..\obj\rtc.o
 .debug_ranges  0x00000380       0x18 ..\obj\startup_stm32f4xx.o
 .debug_ranges  0x00000398       0x28 ..\obj\backup_sram.o
 .debug_ranges  0x000003c0       0x38 ..\obj\stm32f4xx_iwdg.o
 .debug_ranges  0x000003f8       0x40 ..\obj\ADS1120.o
 .debug_ranges  0x00000438       0x70 ..\obj\usbd_core.o
 .debug_ranges  0x000004a8       0x30 ..\obj\main.o
 .debug_ranges  0x000004d8      0x168 ..\obj\stm32f4xx_rcc.o
 .debug_ranges  0x00000640      0x138 ..\obj\stm32f4xx_adc.o
 .debug_ranges  0x00000778       0x90 ..\obj\printf.o
 .debug_ranges  0x00000808       0x30 ..\obj\phaze_detector.o
 .debug_ranges  0x00000838       0x18 ..\obj\watchdog.o
 .debug_ranges  0x00000850       0xa0 ..\obj\hd44780.o
 .debug_ranges  0x000008f0      0x110 ..\obj\tasks.o
 .debug_ranges  0x00000a00       0x40 ..\obj\usbd_desc.o
 .debug_ranges  0x00000a40       0x18 ..\obj\keyboard.o
 .debug_ranges  0x00000a58       0x78 ..\obj\stm32f4xx_gpio.o
 .debug_ranges  0x00000ad0       0x30 ..\obj\usbd_cdc_vcp.o
 .debug_ranges  0x00000b00       0x30 ..\obj\list.o
 .debug_ranges  0x00000b30       0x20 ..\obj\system_stm32f4xx.o
 .debug_ranges  0x00000b50       0x50 ..\obj\syscalls.o
 .debug_ranges  0x00000ba0       0x20 ..\obj\adc.o
 .debug_ranges  0x00000bc0       0x38 ..\obj\usb_bsp.o
 .debug_ranges  0x00000bf8       0x78 ..\obj\usbd_req.o
 .debug_ranges  0x00000c70       0x90 ..\obj\queue.o
 .debug_ranges  0x00000d00       0x60 ..\obj\port.o
 .debug_ranges  0x00000d60       0x70 ..\obj\usb_dcd_int.o
 .debug_ranges  0x00000dd0       0x58 ..\obj\usbd_cdc_core.o
 .debug_ranges  0x00000e28       0x40 ..\obj\croutine.o
 .debug_ranges  0x00000e68       0x28 ..\obj\timer_properties.o
 .debug_ranges  0x00000e90       0xd0 ..\obj\stm32f4xx_spi.o
 .debug_ranges  0x00000f60       0x48 ..\obj\stm32f4xx_exti.o
 .debug_ranges  0x00000fa8       0x30 ..\obj\misc.o
 .debug_ranges  0x00000fd8       0x70 ..\obj\usb_dcd.o
 .debug_ranges  0x00001048       0x28 ..\obj\heap_1.o
 .debug_ranges  0x00001070      0x1d0 ..\obj\stm32f4xx_rtc.o
 .debug_ranges  0x00001240       0x40 ..\obj\usbd_ioreq.o
 .debug_ranges  0x00001280      0x2e8 ..\obj\stm32f4xx_tim.o
 .debug_ranges  0x00001568       0x20 ..\obj\power_detector.o

.debug_str      0x00000000     0x8104
 .debug_str     0x00000000      0x214 ..\obj\stm32f4xx_syscfg.o
                                0x261 (size before relaxing)
 .debug_str     0x00000214     0x1245 ..\obj\usb_core.o
                               0x15e8 (size before relaxing)
 .debug_str     0x00001459      0x7e8 ..\obj\delay.o
                                0x8f0 (size before relaxing)
 .debug_str     0x00001c41      0x3ac ..\obj\pid_regulator.o
                                0x48e (size before relaxing)
 .debug_str     0x00001fed       0xb3 ..\obj\usbd_usr.o
                                0x1ec (size before relaxing)
 .debug_str     0x000020a0      0x1b5 ..\obj\buzzer.o
                                0x42b (size before relaxing)
 .debug_str     0x00002255      0x495 ..\obj\stm32f4xx_usart.o
                                0x5f1 (size before relaxing)
 .debug_str     0x000026ea      0x1e0 ..\obj\stm32f4xx_pwr.o
                                0x2f3 (size before relaxing)
 .debug_str     0x000028ca      0x14c ..\obj\rtc.o
                                0x251 (size before relaxing)
 .debug_str     0x00002a16       0xb5 ..\obj\startup_stm32f4xx.o
                                 0xe0 (size before relaxing)
 .debug_str     0x00002acb       0xc8 ..\obj\backup_sram.o
                                0x1b1 (size before relaxing)
 .debug_str     0x00002b93       0xed ..\obj\stm32f4xx_iwdg.o
                                0x1ce (size before relaxing)
 .debug_str     0x00002c80      0x22b ..\obj\ADS1120.o
                                0xcf4 (size before relaxing)
 .debug_str     0x00002eab      0x18d ..\obj\usbd_core.o
                                0xa2d (size before relaxing)
 .debug_str     0x00003038       0xed ..\obj\main.o
                                0x96c (size before relaxing)
 .debug_str     0x00003125       0x79 ..\obj\uks.o
                                0x155 (size before relaxing)
 .debug_str     0x0000319e      0x5e8 ..\obj\stm32f4xx_rcc.o
                                0x7b2 (size before relaxing)
 .debug_str     0x00003786       0x4c ..\obj\timers.o
                                 0x9f (size before relaxing)
 .debug_str     0x000037d2      0x638 ..\obj\stm32f4xx_adc.o
                                0x766 (size before relaxing)
 .debug_str     0x00003e0a      0x493 ..\obj\printf.o
                                0x5e7 (size before relaxing)
 .debug_str     0x0000429d      0x233 ..\obj\phaze_detector.o
                                0xabc (size before relaxing)
 .debug_str     0x000044d0       0x5c ..\obj\watchdog.o
                                0x181 (size before relaxing)
 .debug_str     0x0000452c      0x209 ..\obj\hd44780.o
                                0x573 (size before relaxing)
 .debug_str     0x00004735      0x769 ..\obj\tasks.o
                                0x8b6 (size before relaxing)
 .debug_str     0x00004e9e      0x158 ..\obj\usbd_desc.o
                                0x2ef (size before relaxing)
 .debug_str     0x00004ff6       0xa4 ..\obj\keyboard.o
                                0x32f (size before relaxing)
 .debug_str     0x0000509a      0x17b ..\obj\stm32f4xx_gpio.o
                                0x405 (size before relaxing)
 .debug_str     0x00005215       0xf8 ..\obj\usbd_cdc_vcp.o
                                0x1db (size before relaxing)
 .debug_str     0x0000530d       0xdd ..\obj\list.o
                                0x210 (size before relaxing)
 .debug_str     0x000053ea       0xbd ..\obj\system_stm32f4xx.o
                                0x300 (size before relaxing)
 .debug_str     0x000054a7      0x147 ..\obj\syscalls.o
                                0x267 (size before relaxing)
 .debug_str     0x000055ee       0xa6 ..\obj\adc.o
                                0xc36 (size before relaxing)
 .debug_str     0x00005694       0xca ..\obj\usb_bsp.o
                               0x1034 (size before relaxing)
 .debug_str     0x0000575e      0x173 ..\obj\usbd_req.o
                                0xa58 (size before relaxing)
 .debug_str     0x000058d1      0x302 ..\obj\queue.o
                                0x4be (size before relaxing)
 .debug_str     0x00005bd3      0x156 ..\obj\port.o
                                0x1dc (size before relaxing)
 .debug_str     0x00005d29      0x289 ..\obj\usb_dcd_int.o
                               0x11e6 (size before relaxing)
 .debug_str     0x00005fb2      0x1a9 ..\obj\usbd_cdc_core.o
                                0xaa3 (size before relaxing)
 .debug_str     0x0000615b      0x282 ..\obj\croutine.o
                                0x3df (size before relaxing)
 .debug_str     0x000063dd      0x1e3 ..\obj\timer_properties.o
                                0x42f (size before relaxing)
 .debug_str     0x000065c0      0x2f5 ..\obj\stm32f4xx_spi.o
                                0x5ec (size before relaxing)
 .debug_str     0x000068b5       0xe8 ..\obj\stm32f4xx_exti.o
                                0x2d0 (size before relaxing)
 .debug_str     0x0000699d      0x11e ..\obj\misc.o
                                0x33b (size before relaxing)
 .debug_str     0x00006abb      0x10f ..\obj\usb_dcd.o
                                0xa88 (size before relaxing)
 .debug_str     0x00006bca       0xe1 ..\obj\heap_1.o
                                0x1a1 (size before relaxing)
 .debug_str     0x00006cab      0x88a ..\obj\stm32f4xx_rtc.o
                                0xab5 (size before relaxing)
 .debug_str     0x00007535       0xc9 ..\obj\usbd_ioreq.o
                                0x917 (size before relaxing)
 .debug_str     0x000075fe      0xa86 ..\obj\stm32f4xx_tim.o
                                0xd32 (size before relaxing)
 .debug_str     0x00008084       0x80 ..\obj\power_detector.o
                                0x828 (size before relaxing)

.comment        0x00000000       0x2a
 .comment       0x00000000       0x2a ..\obj\stm32f4xx_syscfg.o
                                 0x2b (size before relaxing)
 .comment       0x00000000       0x2b ..\obj\usb_core.o
 .comment       0x00000000       0x2b ..\obj\delay.o
 .comment       0x00000000       0x2b ..\obj\pid_regulator.o
 .comment       0x00000000       0x2b ..\obj\usbd_usr.o
 .comment       0x00000000       0x2b ..\obj\buzzer.o
 .comment       0x00000000       0x2b ..\obj\stm32f4xx_usart.o
 .comment       0x00000000       0x2b ..\obj\stm32f4xx_pwr.o
 .comment       0x00000000       0x2b ..\obj\rtc.o
 .comment       0x00000000       0x2b ..\obj\startup_stm32f4xx.o
 .comment       0x00000000       0x2b ..\obj\backup_sram.o
 .comment       0x00000000       0x2b ..\obj\stm32f4xx_iwdg.o
 .comment       0x00000000       0x2b ..\obj\ADS1120.o
 .comment       0x00000000       0x2b ..\obj\usbd_core.o
 .comment       0x00000000       0x2b ..\obj\main.o
 .comment       0x00000000       0x2b ..\obj\uks.o
 .comment       0x00000000       0x2b ..\obj\stm32f4xx_rcc.o
 .comment       0x00000000       0x2b ..\obj\timers.o
 .comment       0x00000000       0x2b ..\obj\stm32f4xx_adc.o
 .comment       0x00000000       0x2b ..\obj\printf.o
 .comment       0x00000000       0x2b ..\obj\phaze_detector.o
 .comment       0x00000000       0x2b ..\obj\watchdog.o
 .comment       0x00000000       0x2b ..\obj\hd44780.o
 .comment       0x00000000       0x2b ..\obj\tasks.o
 .comment       0x00000000       0x2b ..\obj\usbd_desc.o
 .comment       0x00000000       0x2b ..\obj\keyboard.o
 .comment       0x00000000       0x2b ..\obj\stm32f4xx_gpio.o
 .comment       0x00000000       0x2b ..\obj\usbd_cdc_vcp.o
 .comment       0x00000000       0x2b ..\obj\list.o
 .comment       0x00000000       0x2b ..\obj\system_stm32f4xx.o
 .comment       0x00000000       0x2b ..\obj\syscalls.o
 .comment       0x00000000       0x2b ..\obj\adc.o
 .comment       0x00000000       0x2b ..\obj\usb_bsp.o
 .comment       0x00000000       0x2b ..\obj\usbd_req.o
 .comment       0x00000000       0x2b ..\obj\queue.o
 .comment       0x00000000       0x2b ..\obj\port.o
 .comment       0x00000000       0x2b ..\obj\usb_dcd_int.o
 .comment       0x00000000       0x2b ..\obj\usbd_cdc_core.o
 .comment       0x00000000       0x2b ..\obj\croutine.o
 .comment       0x00000000       0x2b ..\obj\timer_properties.o
 .comment       0x00000000       0x2b ..\obj\stm32f4xx_spi.o
 .comment       0x00000000       0x2b ..\obj\stm32f4xx_exti.o
 .comment       0x00000000       0x2b ..\obj\misc.o
 .comment       0x00000000       0x2b ..\obj\usb_dcd.o
 .comment       0x00000000       0x2b ..\obj\heap_1.o
 .comment       0x00000000       0x2b ..\obj\stm32f4xx_rtc.o
 .comment       0x00000000       0x2b ..\obj\usbd_ioreq.o
 .comment       0x00000000       0x2b ..\obj\stm32f4xx_tim.o
 .comment       0x00000000       0x2b ..\obj\power_detector.o

.ARM.attributes
                0x00000000       0x31
 .ARM.attributes
                0x00000000       0x31 ..\obj\stm32f4xx_syscfg.o
 .ARM.attributes
                0x00000031       0x31 ..\obj\usb_core.o
 .ARM.attributes
                0x00000062       0x31 ..\obj\delay.o
 .ARM.attributes
                0x00000093       0x31 ..\obj\pid_regulator.o
 .ARM.attributes
                0x000000c4       0x31 ..\obj\usbd_usr.o
 .ARM.attributes
                0x000000f5       0x31 ..\obj\buzzer.o
 .ARM.attributes
                0x00000126       0x31 ..\obj\stm32f4xx_usart.o
 .ARM.attributes
                0x00000157       0x31 ..\obj\stm32f4xx_pwr.o
 .ARM.attributes
                0x00000188       0x31 ..\obj\rtc.o
 .ARM.attributes
                0x000001b9       0x31 ..\obj\startup_stm32f4xx.o
 .ARM.attributes
                0x000001ea       0x31 ..\obj\backup_sram.o
 .ARM.attributes
                0x0000021b       0x31 ..\obj\stm32f4xx_iwdg.o
 .ARM.attributes
                0x0000024c       0x31 ..\obj\ADS1120.o
 .ARM.attributes
                0x0000027d       0x31 ..\obj\usbd_core.o
 .ARM.attributes
                0x000002ae       0x31 ..\obj\main.o
 .ARM.attributes
                0x000002df       0x31 ..\obj\uks.o
 .ARM.attributes
                0x00000310       0x31 ..\obj\stm32f4xx_rcc.o
 .ARM.attributes
                0x00000341       0x31 ..\obj\timers.o
 .ARM.attributes
                0x00000372       0x31 ..\obj\stm32f4xx_adc.o
 .ARM.attributes
                0x000003a3       0x31 ..\obj\printf.o
 .ARM.attributes
                0x000003d4       0x31 ..\obj\phaze_detector.o
 .ARM.attributes
                0x00000405       0x31 ..\obj\watchdog.o
 .ARM.attributes
                0x00000436       0x31 ..\obj\hd44780.o
 .ARM.attributes
                0x00000467       0x31 ..\obj\tasks.o
 .ARM.attributes
                0x00000498       0x31 ..\obj\usbd_desc.o
 .ARM.attributes
                0x000004c9       0x31 ..\obj\keyboard.o
 .ARM.attributes
                0x000004fa       0x31 ..\obj\stm32f4xx_gpio.o
 .ARM.attributes
                0x0000052b       0x31 ..\obj\usbd_cdc_vcp.o
 .ARM.attributes
                0x0000055c       0x31 ..\obj\list.o
 .ARM.attributes
                0x0000058d       0x31 ..\obj\system_stm32f4xx.o
 .ARM.attributes
                0x000005be       0x31 ..\obj\syscalls.o
 .ARM.attributes
                0x000005ef       0x31 ..\obj\adc.o
 .ARM.attributes
                0x00000620       0x31 ..\obj\usb_bsp.o
 .ARM.attributes
                0x00000651       0x31 ..\obj\usbd_req.o
 .ARM.attributes
                0x00000682       0x31 ..\obj\queue.o
 .ARM.attributes
                0x000006b3       0x31 ..\obj\port.o
 .ARM.attributes
                0x000006e4       0x31 ..\obj\usb_dcd_int.o
 .ARM.attributes
                0x00000715       0x31 ..\obj\usbd_cdc_core.o
 .ARM.attributes
                0x00000746       0x31 ..\obj\croutine.o
 .ARM.attributes
                0x00000777       0x31 ..\obj\timer_properties.o
 .ARM.attributes
                0x000007a8       0x31 ..\obj\stm32f4xx_spi.o
 .ARM.attributes
                0x000007d9       0x31 ..\obj\stm32f4xx_exti.o
 .ARM.attributes
                0x0000080a       0x31 ..\obj\misc.o
 .ARM.attributes
                0x0000083b       0x31 ..\obj\usb_dcd.o
 .ARM.attributes
                0x0000086c       0x31 ..\obj\heap_1.o
 .ARM.attributes
                0x0000089d       0x31 ..\obj\stm32f4xx_rtc.o
 .ARM.attributes
                0x000008ce       0x31 ..\obj\usbd_ioreq.o
 .ARM.attributes
                0x000008ff       0x31 ..\obj\stm32f4xx_tim.o
 .ARM.attributes
                0x00000930       0x31 ..\obj\power_detector.o
 .ARM.attributes
                0x00000961       0x1b c:/coocox/coide/gcc/sourcery g++ lite/bin/../lib/gcc/arm-none-eabi/4.5.1/thumb2\libgcc.a(_arm_addsubdf3.o)
 .ARM.attributes
                0x0000097c       0x1b c:/coocox/coide/gcc/sourcery g++ lite/bin/../lib/gcc/arm-none-eabi/4.5.1/thumb2\libgcc.a(_arm_muldivdf3.o)
 .ARM.attributes
                0x00000997       0x1b c:/coocox/coide/gcc/sourcery g++ lite/bin/../lib/gcc/arm-none-eabi/4.5.1/thumb2\libgcc.a(_arm_cmpdf2.o)
 .ARM.attributes
                0x000009b2       0x1b c:/coocox/coide/gcc/sourcery g++ lite/bin/../lib/gcc/arm-none-eabi/4.5.1/thumb2\libgcc.a(_arm_fixunsdfsi.o)
 .ARM.attributes
                0x000009cd       0x1b c:/coocox/coide/gcc/sourcery g++ lite/bin/../lib/gcc/arm-none-eabi/4.5.1/thumb2\libgcc.a(_arm_truncdfsf2.o)
 .ARM.attributes
                0x000009e8       0x1b c:/coocox/coide/gcc/sourcery g++ lite/bin/../lib/gcc/arm-none-eabi/4.5.1/thumb2\libgcc.a(_arm_addsubsf3.o)
 .ARM.attributes
                0x00000a03       0x1b c:/coocox/coide/gcc/sourcery g++ lite/bin/../lib/gcc/arm-none-eabi/4.5.1/thumb2\libgcc.a(_arm_muldivsf3.o)
 .ARM.attributes
                0x00000a1e       0x1b c:/coocox/coide/gcc/sourcery g++ lite/bin/../lib/gcc/arm-none-eabi/4.5.1/thumb2\libgcc.a(_arm_cmpsf2.o)
 .ARM.attributes
                0x00000a39       0x1b c:/coocox/coide/gcc/sourcery g++ lite/bin/../lib/gcc/arm-none-eabi/4.5.1/thumb2\libgcc.a(_arm_fixsfsi.o)
 .ARM.attributes
                0x00000a54       0x1b c:/coocox/coide/gcc/sourcery g++ lite/bin/../lib/gcc/arm-none-eabi/4.5.1/thumb2\libgcc.a(_arm_fixunssfsi.o)
 .ARM.attributes
                0x00000a6f       0x29 c:/coocox/coide/gcc/sourcery g++ lite/bin/../lib/gcc/arm-none-eabi/4.5.1/../../../../arm-none-eabi/lib/thumb2\libc.a(lib_a-memcmp.o)
 .ARM.attributes
                0x00000a98       0x29 c:/coocox/coide/gcc/sourcery g++ lite/bin/../lib/gcc/arm-none-eabi/4.5.1/../../../../arm-none-eabi/lib/thumb2\libc.a(lib_a-memcpy.o)
 .ARM.attributes
                0x00000ac1       0x29 c:/coocox/coide/gcc/sourcery g++ lite/bin/../lib/gcc/arm-none-eabi/4.5.1/../../../../arm-none-eabi/lib/thumb2\libc.a(lib_a-memset.o)
 .ARM.attributes
                0x00000aea       0x29 c:/coocox/coide/gcc/sourcery g++ lite/bin/../lib/gcc/arm-none-eabi/4.5.1/../../../../arm-none-eabi/lib/thumb2\libc.a(lib_a-strncpy.o)

.debug_frame    0x00000000     0x4ca0
 .debug_frame   0x00000000       0xbc ..\obj\stm32f4xx_syscfg.o
 .debug_frame   0x000000bc      0x434 ..\obj\usb_core.o
 .debug_frame   0x000004f0       0xa0 ..\obj\delay.o
 .debug_frame   0x00000590       0xa8 ..\obj\pid_regulator.o
 .debug_frame   0x00000638       0x8c ..\obj\usbd_usr.o
 .debug_frame   0x000006c4       0x70 ..\obj\buzzer.o
 .debug_frame   0x00000734      0x344 ..\obj\stm32f4xx_usart.o
 .debug_frame   0x00000a78      0x15c ..\obj\stm32f4xx_pwr.o
 .debug_frame   0x00000bd4       0x50 ..\obj\rtc.o
 .debug_frame   0x00000c24       0x48 ..\obj\startup_stm32f4xx.o
 .debug_frame   0x00000c6c       0x88 ..\obj\backup_sram.o
 .debug_frame   0x00000cf4       0xb0 ..\obj\stm32f4xx_iwdg.o
 .debug_frame   0x00000da4       0xe8 ..\obj\ADS1120.o
 .debug_frame   0x00000e8c      0x1ac ..\obj\usbd_core.o
 .debug_frame   0x00001038       0xa0 ..\obj\main.o
 .debug_frame   0x000010d8      0x4d8 ..\obj\stm32f4xx_rcc.o
 .debug_frame   0x000015b0      0x434 ..\obj\stm32f4xx_adc.o
 .debug_frame   0x000019e4      0x244 ..\obj\printf.o
 .debug_frame   0x00001c28       0xa0 ..\obj\phaze_detector.o
 .debug_frame   0x00001cc8       0x50 ..\obj\watchdog.o
 .debug_frame   0x00001d18      0x248 ..\obj\hd44780.o
 .debug_frame   0x00001f60      0x404 ..\obj\tasks.o
 .debug_frame   0x00002364       0xe8 ..\obj\usbd_desc.o
 .debug_frame   0x0000244c       0x50 ..\obj\keyboard.o
 .debug_frame   0x0000249c      0x19c ..\obj\stm32f4xx_gpio.o
 .debug_frame   0x00002638       0x94 ..\obj\usbd_cdc_vcp.o
 .debug_frame   0x000026cc       0x9c ..\obj\list.o
 .debug_frame   0x00002768       0x64 ..\obj\system_stm32f4xx.o
 .debug_frame   0x000027cc      0x108 ..\obj\syscalls.o
 .debug_frame   0x000028d4       0x6c ..\obj\adc.o
 .debug_frame   0x00002940       0xc4 ..\obj\usb_bsp.o
 .debug_frame   0x00002a04      0x1c8 ..\obj\usbd_req.o
 .debug_frame   0x00002bcc      0x224 ..\obj\queue.o
 .debug_frame   0x00002df0      0x110 ..\obj\port.o
 .debug_frame   0x00002f00      0x1ac ..\obj\usb_dcd_int.o
 .debug_frame   0x000030ac      0x144 ..\obj\usbd_cdc_core.o
 .debug_frame   0x000031f0       0xf0 ..\obj\croutine.o
 .debug_frame   0x000032e0       0x90 ..\obj\timer_properties.o
 .debug_frame   0x00003370      0x2d0 ..\obj\stm32f4xx_spi.o
 .debug_frame   0x00003640       0xec ..\obj\stm32f4xx_exti.o
 .debug_frame   0x0000372c       0x9c ..\obj\misc.o
 .debug_frame   0x000037c8      0x1ac ..\obj\usb_dcd.o
 .debug_frame   0x00003974       0x7c ..\obj\heap_1.o
 .debug_frame   0x000039f0      0x670 ..\obj\stm32f4xx_rtc.o
 .debug_frame   0x00004060       0xec ..\obj\usbd_ioreq.o
 .debug_frame   0x0000414c      0xa3c ..\obj\stm32f4xx_tim.o
 .debug_frame   0x00004b88       0x64 ..\obj\power_detector.o
 .debug_frame   0x00004bec       0x2c c:/coocox/coide/gcc/sourcery g++ lite/bin/../lib/gcc/arm-none-eabi/4.5.1/../../../../arm-none-eabi/lib/thumb2\libc.a(lib_a-memcmp.o)
 .debug_frame   0x00004c18       0x30 c:/coocox/coide/gcc/sourcery g++ lite/bin/../lib/gcc/arm-none-eabi/4.5.1/../../../../arm-none-eabi/lib/thumb2\libc.a(lib_a-memcpy.o)
 .debug_frame   0x00004c48       0x2c c:/coocox/coide/gcc/sourcery g++ lite/bin/../lib/gcc/arm-none-eabi/4.5.1/../../../../arm-none-eabi/lib/thumb2\libc.a(lib_a-memset.o)
 .debug_frame   0x00004c74       0x2c c:/coocox/coide/gcc/sourcery g++ lite/bin/../lib/gcc/arm-none-eabi/4.5.1/../../../../arm-none-eabi/lib/thumb2\libc.a(lib_a-strncpy.o)