Archive member included because of file (symbol)

c:/coocox/coide/gcc/sourcery g++ lite/bin/../lib/gcc/arm-none-eabi/4.5.1/thumb2\libgcc.a(_arm_addsubdf3.o)
                              ..\obj\ADS1120.o (__aeabi_dadd)
c:/coocox/coide/gcc/sourcery g++ lite/bin/../lib/gcc/arm-none-eabi/4.5.1/thumb2\libgcc.a(_arm_muldivdf3.o)
                              ..\obj\ADS1120.o (__aeabi_dmul)
c:/coocox/coide/gcc/sourcery g++ lite/bin/../lib/gcc/arm-none-eabi/4.5.1/thumb2\libgcc.a(_arm_cmpdf2.o)
                              ..\obj\timer_properties.o (__aeabi_dcmpeq)
c:/coocox/coide/gcc/sourcery g++ lite/bin/../lib/gcc/arm-none-eabi/4.5.1/thumb2\libgcc.a(_arm_fixunsdfsi.o)
                              ..\obj\timer_properties.o (__aeabi_d2uiz)
c:/coocox/coide/gcc/sourcery g++ lite/bin/../lib/gcc/arm-none-eabi/4.5.1/thumb2\libgcc.a(_arm_truncdfsf2.o)
                              ..\obj\ADS1120.o (__aeabi_d2f)
c:/coocox/coide/gcc/sourcery g++ lite/bin/../lib/gcc/arm-none-eabi/4.5.1/thumb2\libgcc.a(_arm_addsubsf3.o)
                              ..\obj\pid_regulator.o (__aeabi_fsub)
c:/coocox/coide/gcc/sourcery g++ lite/bin/../lib/gcc/arm-none-eabi/4.5.1/thumb2\libgcc.a(_arm_muldivsf3.o)
                              ..\obj\pid_regulator.o (__aeabi_fmul)
c:/coocox/coide/gcc/sourcery g++ lite/bin/../lib/gcc/arm-none-eabi/4.5.1/thumb2\libgcc.a(_arm_cmpsf2.o)
                              ..\obj\pid_regulator.o (__aeabi_fcmplt)
c:/coocox/coide/gcc/sourcery g++ lite/bin/../lib/gcc/arm-none-eabi/4.5.1/thumb2\libgcc.a(_arm_fixsfsi.o)
                              ..\obj\pid_regulator.o (__aeabi_f2iz)
c:/coocox/coide/gcc/sourcery g++ lite/bin/../lib/gcc/arm-none-eabi/4.5.1/thumb2\libgcc.a(_arm_fixunssfsi.o)
                              ..\obj\display.o (__aeabi_f2uiz)
c:/coocox/coide/gcc/sourcery g++ lite/bin/../lib/gcc/arm-none-eabi/4.5.1/../../../../arm-none-eabi/lib/thumb2\libc.a(lib_a-memcmp.o)
                              ..\obj\tasks.o (memcmp)
c:/coocox/coide/gcc/sourcery g++ lite/bin/../lib/gcc/arm-none-eabi/4.5.1/../../../../arm-none-eabi/lib/thumb2\libc.a(lib_a-memcpy.o)
                              ..\obj\mbfuncother.o (memcpy)
c:/coocox/coide/gcc/sourcery g++ lite/bin/../lib/gcc/arm-none-eabi/4.5.1/../../../../arm-none-eabi/lib/thumb2\libc.a(lib_a-memset.o)
                              ..\obj\tasks.o (memset)
c:/coocox/coide/gcc/sourcery g++ lite/bin/../lib/gcc/arm-none-eabi/4.5.1/../../../../arm-none-eabi/lib/thumb2\libc.a(lib_a-strncpy.o)
                              ..\obj\tasks.o (strncpy)

Allocating common symbols
Common symbol       size              file

pxMBFrameCBTransmitterEmpty
                    0x4               ..\obj\mb.o
APP_Tx_Buffer       0x80              ..\obj\usbd_cdc_vcp.o
pid_heater          0x1c              ..\obj\pid_regulator.o
pxMBPortCBTimerExpired
                    0x4               ..\obj\mb.o
Heater_Control_Task_Handle
                    0x4               ..\obj\phaze_detector.o
ADC_result          0x4               ..\obj\ADS1120.o
xBuzzer_Handle      0x4               ..\obj\buzzer.o
adc_reg             0x1               ..\obj\ADS1120.o
ucRTUBuf            0x100             ..\obj\mbrtu.o
PID_Regulator_Task_Handle
                    0x4               ..\obj\pid_regulator.o
HD44780_Opts        0x7               ..\obj\hd44780.o
xPhazeSemaphore     0x4               ..\obj\phaze_detector.o
usbd_cdc_OtherCfgDesc
                    0x43              ..\obj\usbd_cdc_core.o
xSPI_Buf_Mutex      0x4               ..\obj\ADS1120.o
pxMBFrameCBByteReceived
                    0x4               ..\obj\mb.o
buzz                0x2               ..\obj\buzzer.o
APP_tx_ptr_tail     0x4               ..\obj\usbd_cdc_vcp.o
pxMBFrameCBTransmitFSMCur
                    0x4               ..\obj\mb.o
xMeasure_LM35_Semaphore
                    0x4               ..\obj\adc.o
USB_Rx_Buffer       0x40              ..\obj\usbd_cdc_core.o
ADC_result_temp     0x4               ..\obj\ADS1120.o
pxMBFrameCBReceiveFSMCur
                    0x4               ..\obj\mb.o
CmdBuff             0x8               ..\obj\usbd_cdc_core.o
USB_OTG_dev         0x5f0             ..\obj\main.o
adc_lm35_chnl       0xee              ..\obj\adc.o
mult                0x4               ..\obj\delay.o
APP_Rx_Buffer       0x800             ..\obj\usbd_cdc_core.o
uks_channels        0x480             ..\obj\uks.o
task_watches        0x10              ..\obj\watchdog.o
USBD_StrDesc        0x32              ..\obj\usbd_req.o
APP_tx_ptr_head     0x4               ..\obj\usbd_cdc_vcp.o
phaze_detect        0x8               ..\obj\phaze_detector.o

Discarded input sections

 .text          0x00000000        0x0 ..\obj\stm32f4xx_syscfg.o
 .data          0x00000000        0x0 ..\obj\stm32f4xx_syscfg.o
 .bss           0x00000000        0x0 ..\obj\stm32f4xx_syscfg.o
 .text.SYSCFG_DeInit
                0x00000000       0x20 ..\obj\stm32f4xx_syscfg.o
 .text.SYSCFG_MemoryRemapConfig
[...]
Memory Configuration

Name             Origin             Length             Attributes
rom              0x08000000         0x00100000         xr
ram              0x20000000         0x00020000         xrw
ram1             0x10000000         0x00010000         xrw
*default*        0x00000000         0xffffffff

Linker script and memory map

                0x20020000                _eram = 0x20020000

.text           0x08000000     0xe8ac
 *(.isr_vector .isr_vector.*)
 .isr_vector    0x08000000      0x188 ..\obj\startup_stm32f4xx.o
                0x08000000                g_pfnVectors
 *(.text .text.* .gnu.linkonce.t.*)
 .text.SYSCFG_EXTILineConfig
                0x08000188       0xb4 ..\obj\stm32f4xx_syscfg.o
                0x08000188                SYSCFG_EXTILineConfig
 .text.USB_OTG_EnableCommonInt
                0x0800023c       0x44 ..\obj\usb_core.o
 .text.USB_OTG_CoreReset
                0x08000280       0xa8 ..\obj\usb_core.o
 .text.USB_OTG_WritePacket
                0x08000328       0x88 ..\obj\usb_core.o
                0x08000328                USB_OTG_WritePacket
 .text.USB_OTG_ReadPacket
                0x080003b0       0x68 ..\obj\usb_core.o
                0x080003b0                USB_OTG_ReadPacket
 .text.USB_OTG_SelectCore
                0x08000418      0x1b4 ..\obj\usb_core.o
                0x08000418                USB_OTG_SelectCore
 .text.USB_OTG_CoreInit
                0x080005cc      0x1f8 ..\obj\usb_core.o
                0x080005cc                USB_OTG_CoreInit
 .text.USB_OTG_EnableGlobalInt
                0x080007c4       0x40 ..\obj\usb_core.o
                0x080007c4                USB_OTG_EnableGlobalInt
 .text.USB_OTG_DisableGlobalInt
                0x08000804       0x44 ..\obj\usb_core.o
                0x08000804                USB_OTG_DisableGlobalInt
 .text.USB_OTG_FlushTxFifo
                0x08000848       0x80 ..\obj\usb_core.o
                0x08000848                USB_OTG_FlushTxFifo
 .text.USB_OTG_FlushRxFifo
                0x080008c8       0x6c ..\obj\usb_core.o
                0x080008c8                USB_OTG_FlushRxFifo
 .text.USB_OTG_SetCurrentMode
                0x08000934       0x64 ..\obj\usb_core.o
                0x08000934                USB_OTG_SetCurrentMode
 .text.USB_OTG_GetMode
                0x08000998       0x20 ..\obj\usb_core.o
                0x08000998                USB_OTG_GetMode
 .text.USB_OTG_IsDeviceMode
                0x080009b8       0x24 ..\obj\usb_core.o
                0x080009b8                USB_OTG_IsDeviceMode
 .text.USB_OTG_ReadCoreItr
                0x080009dc       0x34 ..\obj\usb_core.o
                0x080009dc                USB_OTG_ReadCoreItr
 .text.USB_OTG_InitDevSpeed
                0x08000a10       0x38 ..\obj\usb_core.o
                0x08000a10                USB_OTG_InitDevSpeed
 .text.USB_OTG_CoreInitDev
                0x08000a48      0x2d0 ..\obj\usb_core.o
                0x08000a48                USB_OTG_CoreInitDev
 .text.USB_OTG_EnableDevInt
                0x08000d18       0xa8 ..\obj\usb_core.o
                0x08000d18                USB_OTG_EnableDevInt
 .text.USB_OTG_GetDeviceSpeed
                0x08000dc0       0x50 ..\obj\usb_core.o
                0x08000dc0                USB_OTG_GetDeviceSpeed
 .text.USB_OTG_EP0Activate
                0x08000e10       0x84 ..\obj\usb_core.o
                0x08000e10                USB_OTG_EP0Activate
 .text.USB_OTG_EPActivate
                0x08000e94       0xf8 ..\obj\usb_core.o
                0x08000e94                USB_OTG_EPActivate
 .text.USB_OTG_EPDeactivate
                0x08000f8c       0xa4 ..\obj\usb_core.o
                0x08000f8c                USB_OTG_EPDeactivate
 .text.USB_OTG_EPStartXfer
                0x08001030      0x2d4 ..\obj\usb_core.o
                0x08001030                USB_OTG_EPStartXfer
 .text.USB_OTG_EP0StartXfer
                0x08001304      0x208 ..\obj\usb_core.o
                0x08001304                USB_OTG_EP0StartXfer
 .text.USB_OTG_EPSetStall
                0x0800150c       0x94 ..\obj\usb_core.o
                0x0800150c                USB_OTG_EPSetStall
 .text.USB_OTG_EPClearStall
                0x080015a0       0x84 ..\obj\usb_core.o
                0x080015a0                USB_OTG_EPClearStall
 .text.USB_OTG_ReadDevAllOutEp_itr
                0x08001624       0x30 ..\obj\usb_core.o
                0x08001624                USB_OTG_ReadDevAllOutEp_itr
 .text.USB_OTG_ReadDevOutEP_itr
                0x08001654       0x3c ..\obj\usb_core.o
                0x08001654                USB_OTG_ReadDevOutEP_itr
 .text.USB_OTG_ReadDevAllInEPItr
                0x08001690       0x34 ..\obj\usb_core.o
                0x08001690                USB_OTG_ReadDevAllInEPItr
 .text.USB_OTG_EP0_OutStart
                0x080016c4       0x7c ..\obj\usb_core.o
                0x080016c4                USB_OTG_EP0_OutStart
 .text.USB_OTG_UngateClock
                0x08001740       0x54 ..\obj\usb_core.o
                0x08001740                USB_OTG_UngateClock
 .text.TIM2_IRQHandler
                0x08001794       0x50 ..\obj\delay.o
                0x08001794                TIM2_IRQHandler
 .text.DELAY_Init
                0x080017e4       0x2c ..\obj\delay.o
                0x080017e4                DELAY_Init
 .text.DELAY_INT_InitTIM
                0x08001810       0xa8 ..\obj\delay.o
                0x08001810                DELAY_INT_InitTIM
 .text.ENTER_CRITICAL_SECTION
                0x080018b8        0xc ..\obj\mbport.o
                0x080018b8                ENTER_CRITICAL_SECTION
 .text.EXIT_CRITICAL_SECTION
                0x080018c4        0xc ..\obj\mbport.o
                0x080018c4                EXIT_CRITICAL_SECTION
 .text.eMBRegInputCB
                0x080018d0      0x138 ..\obj\mbport.o
                0x080018d0                eMBRegInputCB
 .text.eMBRegHoldingCB
                0x08001a08      0x490 ..\obj\mbport.o
                0x08001a08                eMBRegHoldingCB
 .text.eMBRegCoilsCB
                0x08001e98       0x20 ..\obj\mbport.o
                0x08001e98                eMBRegCoilsCB
 .text.eMBRegDiscreteCB
                0x08001eb8       0x20 ..\obj\mbport.o
                0x08001eb8                eMBRegDiscreteCB
 .text.eMBInit  0x08001ed8      0x134 ..\obj\mb.o
                0x08001ed8                eMBInit
 .text.eMBEnable
                0x0800200c       0x48 ..\obj\mb.o
                0x0800200c                eMBEnable
 .text.eMBPoll  0x08002054      0x23c ..\obj\mb.o
                0x08002054                eMBPoll
 .text.PID_Heater_Init
                0x08002290       0xac ..\obj\pid_regulator.o
                0x08002290                PID_Heater_Init
 .text.pid_Init
                0x0800233c      0x108 ..\obj\pid_regulator.o
                0x0800233c                pid_Init
 .text.pid_Controller
                0x08002444      0x1d8 ..\obj\pid_regulator.o
                0x08002444                pid_Controller
 .text.PID_Regulator_Task
                0x0800261c      0x1d4 ..\obj\pid_regulator.o
 .text.Protocol_Init
                0x080027f0       0x64 ..\obj\protocol.o
                0x080027f0                Protocol_Init
 .text.Modbus_Task
                0x08002854       0x1c ..\obj\protocol.o
 .text.eMBFuncReadDiscreteInputs
                0x08002870      0x130 ..\obj\mbfuncdisc.o
                0x08002870                eMBFuncReadDiscreteInputs
 .text.USBD_USR_Init
                0x080029a0        0xc ..\obj\usbd_usr.o
                0x080029a0                USBD_USR_Init
 .text.USBD_USR_DeviceReset
                0x080029ac       0x14 ..\obj\usbd_usr.o
                0x080029ac                USBD_USR_DeviceReset
 .text.USBD_USR_DeviceConfigured
                0x080029c0        0xc ..\obj\usbd_usr.o
                0x080029c0                USBD_USR_DeviceConfigured
 .text.USBD_USR_DeviceSuspended
                0x080029cc        0xc ..\obj\usbd_usr.o
                0x080029cc                USBD_USR_DeviceSuspended
 .text.USBD_USR_DeviceResumed
                0x080029d8        0xc ..\obj\usbd_usr.o
                0x080029d8                USBD_USR_DeviceResumed
 .text.xMBPortEventInit
                0x080029e4       0x20 ..\obj\portevent.o
                0x080029e4                xMBPortEventInit
 .text.xMBPortEventPost
                0x08002a04       0x34 ..\obj\portevent.o
                0x08002a04                xMBPortEventPost
 .text.xMBPortEventGet
                0x08002a38       0x4c ..\obj\portevent.o
                0x08002a38                xMBPortEventGet
 .text.Buzzer_Init
                0x08002a84       0xa4 ..\obj\buzzer.o
                0x08002a84                Buzzer_Init
 .text.Buzzer_Task
                0x08002b28      0x244 ..\obj\buzzer.o
                0x08002b28                Buzzer_Task
 .text.Buzzer_Set_Buzz
                0x08002d6c       0xc0 ..\obj\buzzer.o
                0x08002d6c                Buzzer_Set_Buzz
 .text.eMBFuncReportSlaveID
                0x08002e2c       0x4c ..\obj\mbfuncother.o
                0x08002e2c                eMBFuncReportSlaveID
 .text.PWR_PVDLevelConfig
                0x08002e78       0x44 ..\obj\stm32f4xx_pwr.o
                0x08002e78                PWR_PVDLevelConfig
 .text.PWR_PVDCmd
                0x08002ebc       0x20 ..\obj\stm32f4xx_pwr.o
                0x08002ebc                PWR_PVDCmd
 .text.prveMBError2Exception
                0x08002edc       0x48 ..\obj\mbutils.o
                0x08002edc                prveMBError2Exception
 .text.Default_Reset_Handler
                0x08002f24       0x68 ..\obj\startup_stm32f4xx.o
                0x08002f24                Default_Reset_Handler
                0x08002f24                Reset_Handler
 .text.Default_Handler
                0x08002f8c        0x8 ..\obj\startup_stm32f4xx.o
                0x08002f8c                RTC_Alarm_IRQHandler
                0x08002f8c                HASH_RNG_IRQHandler
                0x08002f8c                EXTI2_IRQHandler
                0x08002f8c                TIM8_CC_IRQHandler
                0x08002f8c                DebugMon_Handler
                0x08002f8c                TIM1_CC_IRQHandler
                0x08002f8c                DMA2_Stream5_IRQHandler
                0x08002f8c                HardFault_Handler
                0x08002f8c                DMA1_Stream5_IRQHandler
                0x08002f8c                SDIO_IRQHandler
                0x08002f8c                TAMP_STAMP_IRQHandler
                0x08002f8c                NMI_Handler
                0x08002f8c                CAN2_RX1_IRQHandler
                0x08002f8c                EXTI3_IRQHandler
                0x08002f8c                TIM8_TRG_COM_TIM14_IRQHandler
                0x08002f8c                TIM1_UP_TIM10_IRQHandler
                0x08002f8c                TIM8_UP_TIM13_IRQHandler
                0x08002f8c                I2C3_ER_IRQHandler
                0x08002f8c                I2C2_EV_IRQHandler
                0x08002f8c                DMA1_Stream2_IRQHandler
                0x08002f8c                CAN1_RX0_IRQHandler
                0x08002f8c                FPU_IRQHandler
                0x08002f8c                OTG_HS_WKUP_IRQHandler
                0x08002f8c                UsageFault_Handler
                0x08002f8c                CAN2_SCE_IRQHandler
                0x08002f8c                DMA2_Stream2_IRQHandler
                0x08002f8c                SPI1_IRQHandler
                0x08002f8c                TIM6_DAC_IRQHandler
                0x08002f8c                TIM1_BRK_TIM9_IRQHandler
                0x08002f8c                DCMI_IRQHandler
                0x08002f8c                CAN2_RX0_IRQHandler
                0x08002f8c                DMA2_Stream3_IRQHandler
                0x08002f8c                USART6_IRQHandler
                0x08002f8c                USART3_IRQHandler
                0x08002f8c                CRYP_IRQHandler
                0x08002f8c                CAN1_RX1_IRQHandler
                0x08002f8c                UART5_IRQHandler
                0x08002f8c                DMA2_Stream0_IRQHandler
                0x08002f8c                I2C1_EV_IRQHandler
                0x08002f8c                DMA1_Stream6_IRQHandler
                0x08002f8c                DMA1_Stream1_IRQHandler
                0x08002f8c                UART4_IRQHandler
                0x08002f8c                TIM3_IRQHandler
                0x08002f8c                RCC_IRQHandler
                0x08002f8c                TIM8_BRK_TIM12_IRQHandler
                0x08002f8c                EXTI15_10_IRQHandler
                0x08002f8c                ADC_IRQHandler
                0x08002f8c                DMA1_Stream7_IRQHandler
                0x08002f8c                TIM7_IRQHandler
                0x08002f8c                CAN2_TX_IRQHandler
                0x08002f8c                TIM5_IRQHandler
                0x08002f8c                DMA2_Stream7_IRQHandler
                0x08002f8c                I2C3_EV_IRQHandler
                0x08002f8c                EXTI9_5_IRQHandler
                0x08002f8c                RTC_WKUP_IRQHandler
                0x08002f8c                ETH_WKUP_IRQHandler
                0x08002f8c                SPI2_IRQHandler
                0x08002f8c                OTG_HS_EP1_IN_IRQHandler
                0x08002f8c                MemManage_Handler
                0x08002f8c                DMA1_Stream0_IRQHandler
                0x08002f8c                CAN1_TX_IRQHandler
                0x08002f8c                EXTI4_IRQHandler
                0x08002f8c                FSMC_IRQHandler
                0x08002f8c                ETH_IRQHandler
                0x08002f8c                OTG_HS_EP1_OUT_IRQHandler
                0x08002f8c                WWDG_IRQHandler
                0x08002f8c                TIM1_TRG_COM_TIM11_IRQHandler
                0x08002f8c                OTG_HS_IRQHandler
                0x08002f8c                USART2_IRQHandler
                0x08002f8c                I2C2_ER_IRQHandler
                0x08002f8c                DMA2_Stream1_IRQHandler
                0x08002f8c                CAN1_SCE_IRQHandler
                0x08002f8c                FLASH_IRQHandler
                0x08002f8c                DMA2_Stream4_IRQHandler
                0x08002f8c                BusFault_Handler
                0x08002f8c                USART1_IRQHandler
                0x08002f8c                SPI3_IRQHandler
                0x08002f8c                DMA1_Stream4_IRQHandler
                0x08002f8c                I2C1_ER_IRQHandler
                0x08002f8c                DMA2_Stream6_IRQHandler
                0x08002f8c                DMA1_Stream3_IRQHandler
 .text.ADS1120_init
                0x08002f94       0x4c ..\obj\ADS1120.o
                0x08002f94                ADS1120_init
 .text.SPI2_config
                0x08002fe0      0x170 ..\obj\ADS1120.o
 .text.SPI2_send
                0x08003150       0x60 ..\obj\ADS1120.o
                0x08003150                SPI2_send
 .text.SPI2_read
                0x080031b0       0x14 ..\obj\ADS1120.o
                0x080031b0                SPI2_read
 .text.ADS1120_task
                0x080031c4      0x18c ..\obj\ADS1120.o
 .text.PT100_Code_To_Temperature
                0x08003350       0xa0 ..\obj\ADS1120.o
                0x08003350                PT100_Code_To_Temperature
 .text.eMBFuncWriteHoldingRegister
                0x080033f0       0x84 ..\obj\mbfuncholding.o
                0x080033f0                eMBFuncWriteHoldingRegister
 .text.eMBFuncWriteMultipleHoldingRegister
                0x08003474       0xdc ..\obj\mbfuncholding.o
                0x08003474                eMBFuncWriteMultipleHoldingRegister
 .text.eMBFuncReadHoldingRegister
                0x08003550      0x10c ..\obj\mbfuncholding.o
                0x08003550                eMBFuncReadHoldingRegister
 .text.eMBFuncReadWriteMultipleHoldingRegister
                0x0800365c      0x1a0 ..\obj\mbfuncholding.o
                0x0800365c                eMBFuncReadWriteMultipleHoldingRegister
 .text.USBD_Init
                0x080037fc       0x58 ..\obj\usbd_core.o
                0x080037fc                USBD_Init
 .text.USBD_DeInit
                0x08003854       0x18 ..\obj\usbd_core.o
                0x08003854                USBD_DeInit
 .text.USBD_SetupStage
                0x0800386c       0x70 ..\obj\usbd_core.o
 .text.USBD_DataOutStage
                0x080038dc       0xd4 ..\obj\usbd_core.o
 .text.USBD_DataInStage
                0x080039b0      0x114 ..\obj\usbd_core.o
 .text.USBD_Reset
                0x08003ac4       0x54 ..\obj\usbd_core.o
 .text.USBD_Resume
                0x08003b18       0x2c ..\obj\usbd_core.o
 .text.USBD_Suspend
                0x08003b44       0x2c ..\obj\usbd_core.o
 .text.USBD_SOF
                0x08003b70       0x30 ..\obj\usbd_core.o
 .text.USBD_SetCfg
                0x08003ba0       0x34 ..\obj\usbd_core.o
                0x08003ba0                USBD_SetCfg
 .text.USBD_ClrCfg
                0x08003bd4       0x2c ..\obj\usbd_core.o
                0x08003bd4                USBD_ClrCfg
 .text.USBD_IsoINIncomplete
                0x08003c00       0x24 ..\obj\usbd_core.o
 .text.USBD_IsoOUTIncomplete
                0x08003c24       0x24 ..\obj\usbd_core.o
 .text.main     0x08003c48       0x78 ..\obj\main.o
                0x08003c48                main
 .text.vApplicationMallocFailedHook
                0x08003cc0        0x8 ..\obj\main.o
                0x08003cc0                vApplicationMallocFailedHook
 .text.vApplicationStackOverflowHook
                0x08003cc8        0xc ..\obj\main.o
                0x08003cc8                vApplicationStackOverflowHook
 .text.vApplicationIdleHook
                0x08003cd4       0x18 ..\obj\main.o
                0x08003cd4                vApplicationIdleHook
 .text.usMBCRC16
                0x08003cec       0x90 ..\obj\mbcrc.o
                0x08003cec                usMBCRC16
 .text.UKS_Drying_Init
                0x08003d7c      0x170 ..\obj\uks.o
                0x08003d7c                UKS_Drying_Init
 .text.UKS_Heater_Init_Task
                0x08003eec      0x1a0 ..\obj\uks.o
                0x08003eec                UKS_Heater_Init_Task
 .text.UKS_Drying_Task
                0x0800408c       0x68 ..\obj\uks.o
                0x0800408c                UKS_Drying_Task
 .text.UKS_Sort_Channels
                0x080040f4      0x32c ..\obj\uks.o
                0x080040f4                UKS_Sort_Channels
 .text.UKS_Channel_State_Drying
                0x08004420      0x1ec ..\obj\uks.o
                0x08004420                UKS_Channel_State_Drying
 .text.RCC_GetClocksFreq
                0x0800460c      0x1d4 ..\obj\stm32f4xx_rcc.o
                0x0800460c                RCC_GetClocksFreq
 .text.RCC_AHB1PeriphClockCmd
                0x080047e0       0x5c ..\obj\stm32f4xx_rcc.o
                0x080047e0                RCC_AHB1PeriphClockCmd
 .text.RCC_AHB2PeriphClockCmd
                0x0800483c       0x5c ..\obj\stm32f4xx_rcc.o
                0x0800483c                RCC_AHB2PeriphClockCmd
 .text.RCC_APB1PeriphClockCmd
                0x08004898       0x5c ..\obj\stm32f4xx_rcc.o
                0x08004898                RCC_APB1PeriphClockCmd
 .text.RCC_APB2PeriphClockCmd
                0x080048f4       0x5c ..\obj\stm32f4xx_rcc.o
                0x080048f4                RCC_APB2PeriphClockCmd
 .text.RCC_APB1PeriphResetCmd
                0x08004950       0x5c ..\obj\stm32f4xx_rcc.o
                0x08004950                RCC_APB1PeriphResetCmd
 .text.RCC_APB2PeriphResetCmd
                0x080049ac       0x5c ..\obj\stm32f4xx_rcc.o
                0x080049ac                RCC_APB2PeriphResetCmd
 .text.ADC_DeInit
                0x08004a08       0x20 ..\obj\stm32f4xx_adc.o
                0x08004a08                ADC_DeInit
 .text.ADC_Init
                0x08004a28       0xc4 ..\obj\stm32f4xx_adc.o
                0x08004a28                ADC_Init
 .text.ADC_StructInit
                0x08004aec       0x4c ..\obj\stm32f4xx_adc.o
                0x08004aec                ADC_StructInit
 .text.ADC_CommonInit
                0x08004b38       0x60 ..\obj\stm32f4xx_adc.o
                0x08004b38                ADC_CommonInit
 .text.ADC_CommonStructInit
                0x08004b98       0x34 ..\obj\stm32f4xx_adc.o
                0x08004b98                ADC_CommonStructInit
 .text.ADC_Cmd  0x08004bcc       0x38 ..\obj\stm32f4xx_adc.o
                0x08004bcc                ADC_Cmd
 .text.ADC_RegularChannelConfig
                0x08004c04      0x1d0 ..\obj\stm32f4xx_adc.o
                0x08004c04                ADC_RegularChannelConfig
 .text.ADC_GetFlagStatus
                0x08004dd4       0x40 ..\obj\stm32f4xx_adc.o
                0x08004dd4                ADC_GetFlagStatus
 .text.eMBFuncReadInputRegister
                0x08004e14      0x110 ..\obj\mbfuncinput.o
                0x08004e14                eMBFuncReadInputRegister
 .text.PutChar  0x08004f24       0x24 ..\obj\printf.o
                0x08004f24                PutChar
 .text.PutString
                0x08004f48       0x48 ..\obj\printf.o
                0x08004f48                PutString
 .text.PutUnsignedInt
                0x08004f90       0xbc ..\obj\printf.o
                0x08004f90                PutUnsignedInt
 .text.PutSignedInt
                0x0800504c      0x12c ..\obj\printf.o
                0x0800504c                PutSignedInt
 .text.PutHexa  0x08005178       0xe8 ..\obj\printf.o
                0x08005178                PutHexa
 .text.vsnprintf
                0x08005260      0x2a4 ..\obj\printf.o
                0x08005260                vsnprintf
 .text.vsprintf
                0x08005504       0x28 ..\obj\printf.o
                0x08005504                vsprintf
 .text.sprintf  0x0800552c       0x30 ..\obj\printf.o
                0x0800552c                sprintf
 .text.NVIC_EnableIRQ
                0x0800555c       0x38 ..\obj\phaze_detector.o
 .text.Phaze_Detector_Init
                0x08005594      0x1f0 ..\obj\phaze_detector.o
                0x08005594                Phaze_Detector_Init
 .text.Set_Heater_Power
                0x08005784       0x28 ..\obj\phaze_detector.o
                0x08005784                Set_Heater_Power
 .text.EXTI0_IRQHandler
                0x080057ac      0x154 ..\obj\phaze_detector.o
                0x080057ac                EXTI0_IRQHandler
 .text.EXTI1_IRQHandler
                0x08005900       0x34 ..\obj\phaze_detector.o
                0x08005900                EXTI1_IRQHandler
 .text.Heater_Power_Down_Block
                0x08005934       0x5c ..\obj\phaze_detector.o
                0x08005934                Heater_Power_Down_Block
 .text.Heater_Control_Task
                0x08005990      0x150 ..\obj\phaze_detector.o
 .text.Display_Init
                0x08005ae0       0x4c ..\obj\display.o
                0x08005ae0                Display_Init
 .text.Display_Task
                0x08005b2c      0x8d4 ..\obj\display.o
                0x08005b2c                Display_Task
 .text.Delay    0x08006400       0x44 ..\obj\hd44780.o
 .text.HD44780_Init
                0x08006444      0x110 ..\obj\hd44780.o
                0x08006444                HD44780_Init
 .text.HD44780_Reinit
                0x08006554      0x100 ..\obj\hd44780.o
                0x08006554                HD44780_Reinit
 .text.HD44780_InitPins
                0x08006654       0x80 ..\obj\hd44780.o
                0x08006654                HD44780_InitPins
 .text.HD44780_Clear
                0x080066d4       0x18 ..\obj\hd44780.o
                0x080066d4                HD44780_Clear
 .text.HD44780_Cmd
                0x080066ec       0x28 ..\obj\hd44780.o
                0x080066ec                HD44780_Cmd
 .text.HD44780_Data
                0x08006714       0x28 ..\obj\hd44780.o
                0x08006714                HD44780_Data
 .text.HD44780_Cmd4bit
                0x0800673c       0xb0 ..\obj\hd44780.o
                0x0800673c                HD44780_Cmd4bit
 .text.HD44780_Cmd8bit
                0x080067ec       0xb0 ..\obj\hd44780.o
                0x080067ec                HD44780_Cmd8bit
 .text.HD44780_CursorSet
                0x0800689c       0x74 ..\obj\hd44780.o
                0x0800689c                HD44780_CursorSet
 .text.HD44780_Puts
                0x08006910      0x114 ..\obj\hd44780.o
                0x08006910                HD44780_Puts
 .text.HD44780_DisplayOn
                0x08006a24       0x38 ..\obj\hd44780.o
                0x08006a24                HD44780_DisplayOn
 .text.xTaskGenericCreate
                0x08006a5c      0x1f8 ..\obj\tasks.o
                0x08006a5c                xTaskGenericCreate
 .text.vTaskDelete
                0x08006c54       0xc0 ..\obj\tasks.o
                0x08006c54                vTaskDelete
 .text.vTaskDelay
                0x08006d14       0x5c ..\obj\tasks.o
                0x08006d14                vTaskDelay
 .text.vTaskSuspend
                0x08006d70       0xc0 ..\obj\tasks.o
                0x08006d70                vTaskSuspend
 .text.xTaskIsTaskSuspended
                0x08006e30       0x60 ..\obj\tasks.o
                0x08006e30                xTaskIsTaskSuspended
 .text.vTaskResume
                0x08006e90       0xbc ..\obj\tasks.o
                0x08006e90                vTaskResume
 .text.vTaskStartScheduler
                0x08006f4c       0x84 ..\obj\tasks.o
                0x08006f4c                vTaskStartScheduler
 .text.vTaskSuspendAll
                0x08006fd0       0x24 ..\obj\tasks.o
                0x08006fd0                vTaskSuspendAll
 .text.xTaskResumeAll
                0x08006ff4      0x16c ..\obj\tasks.o
                0x08006ff4                xTaskResumeAll
 .text.vTaskIncrementTick
                0x08007160      0x1d0 ..\obj\tasks.o
                0x08007160                vTaskIncrementTick
 .text.vTaskSwitchContext
                0x08007330      0x168 ..\obj\tasks.o
                0x08007330                vTaskSwitchContext
 .text.vTaskPlaceOnEventList
                0x08007498       0x88 ..\obj\tasks.o
                0x08007498                vTaskPlaceOnEventList
 .text.xTaskRemoveFromEventList
                0x08007520       0xd4 ..\obj\tasks.o
                0x08007520                xTaskRemoveFromEventList
 .text.vTaskSetTimeOutState
                0x080075f4       0x40 ..\obj\tasks.o
                0x080075f4                vTaskSetTimeOutState
 .text.xTaskCheckForTimeOut
                0x08007634       0xc4 ..\obj\tasks.o
                0x08007634                xTaskCheckForTimeOut
 .text.vTaskMissedYield
                0x080076f8       0x18 ..\obj\tasks.o
                0x080076f8                vTaskMissedYield
 .text.prvIdleTask
                0x08007710       0x24 ..\obj\tasks.o
 .text.prvInitialiseTCBVariables
                0x08007734       0x7c ..\obj\tasks.o
 .text.prvInitialiseTaskLists
                0x080077b0       0xa4 ..\obj\tasks.o
 .text.prvCheckTasksWaitingTermination
                0x08007854       0x98 ..\obj\tasks.o
 .text.prvAddCurrentTaskToDelayedList
                0x080078ec       0x8c ..\obj\tasks.o
 .text.prvAllocateTCBAndStack
                0x08007978       0x74 ..\obj\tasks.o
 .text.prvDeleteTCB
                0x080079ec       0x20 ..\obj\tasks.o
 .text.xTaskGetCurrentTaskHandle
                0x08007a0c       0x20 ..\obj\tasks.o
                0x08007a0c                xTaskGetCurrentTaskHandle
 .text.vTaskPriorityInherit
                0x08007a2c       0xe8 ..\obj\tasks.o
                0x08007a2c                vTaskPriorityInherit
 .text.vTaskPriorityDisinherit
                0x08007b14       0x90 ..\obj\tasks.o
                0x08007b14                vTaskPriorityDisinherit
 .text.USBD_USR_DeviceDescriptor
                0x08007ba4       0x28 ..\obj\usbd_desc.o
                0x08007ba4                USBD_USR_DeviceDescriptor
 .text.USBD_USR_LangIDStrDescriptor
                0x08007bcc       0x28 ..\obj\usbd_desc.o
                0x08007bcc                USBD_USR_LangIDStrDescriptor
 .text.USBD_USR_ProductStrDescriptor
                0x08007bf4       0x54 ..\obj\usbd_desc.o
                0x08007bf4                USBD_USR_ProductStrDescriptor
 .text.USBD_USR_ManufacturerStrDescriptor
                0x08007c48       0x34 ..\obj\usbd_desc.o
                0x08007c48                USBD_USR_ManufacturerStrDescriptor
 .text.USBD_USR_SerialStrDescriptor
                0x08007c7c       0x54 ..\obj\usbd_desc.o
                0x08007c7c                USBD_USR_SerialStrDescriptor
 .text.USBD_USR_ConfigStrDescriptor
                0x08007cd0       0x54 ..\obj\usbd_desc.o
                0x08007cd0                USBD_USR_ConfigStrDescriptor
 .text.USBD_USR_InterfaceStrDescriptor
                0x08007d24       0x54 ..\obj\usbd_desc.o
                0x08007d24                USBD_USR_InterfaceStrDescriptor
 .text.Keyboard_Init
                0x08007d78       0x78 ..\obj\keyboard.o
                0x08007d78                Keyboard_Init
 .text.vKeyboardTask
                0x08007df0      0x26c ..\obj\keyboard.o
 .text.GPIO_Init
                0x0800805c      0x158 ..\obj\stm32f4xx_gpio.o
                0x0800805c                GPIO_Init
 .text.GPIO_StructInit
                0x080081b4       0x3c ..\obj\stm32f4xx_gpio.o
                0x080081b4                GPIO_StructInit
 .text.GPIO_PinLockConfig
                0x080081f0       0x44 ..\obj\stm32f4xx_gpio.o
                0x080081f0                GPIO_PinLockConfig
 .text.GPIO_ReadInputDataBit
                0x08008234       0x40 ..\obj\stm32f4xx_gpio.o
                0x08008234                GPIO_ReadInputDataBit
 .text.GPIO_WriteBit
                0x08008274       0x30 ..\obj\stm32f4xx_gpio.o
                0x08008274                GPIO_WriteBit
 .text.GPIO_PinAFConfig
                0x080082a4       0xb0 ..\obj\stm32f4xx_gpio.o
                0x080082a4                GPIO_PinAFConfig
 .text.xMBPortTimersInit
                0x08008354       0xe0 ..\obj\porttimer.o
                0x08008354                xMBPortTimersInit
 .text.vMBPortTimersEnable
                0x08008434       0x4c ..\obj\porttimer.o
                0x08008434                vMBPortTimersEnable
 .text.vMBPortTimersDisable
                0x08008480       0x4c ..\obj\porttimer.o
                0x08008480                vMBPortTimersDisable
 .text.TIM4_IRQHandler
                0x080084cc       0x24 ..\obj\porttimer.o
                0x080084cc                TIM4_IRQHandler
 .text.VCP_Init
                0x080084f0       0x10 ..\obj\usbd_cdc_vcp.o
 .text.VCP_DeInit
                0x08008500       0x10 ..\obj\usbd_cdc_vcp.o
 .text.VCP_Ctrl
                0x08008510       0xbc ..\obj\usbd_cdc_vcp.o
 .text.VCP_DataTx
                0x080085cc       0x84 ..\obj\usbd_cdc_vcp.o
                0x080085cc                VCP_DataTx
 .text.VCP_DataRx
                0x08008650       0xa0 ..\obj\usbd_cdc_vcp.o
                0x08008650                VCP_DataRx
 .text.VCP_get_char
                0x080086f0       0x84 ..\obj\usbd_cdc_vcp.o
                0x080086f0                VCP_get_char
 .text.vListInitialise
                0x08008774       0x48 ..\obj\list.o
                0x08008774                vListInitialise
 .text.vListInitialiseItem
                0x080087bc       0x1c ..\obj\list.o
                0x080087bc                vListInitialiseItem
 .text.vListInsertEnd
                0x080087d8       0x54 ..\obj\list.o
                0x080087d8                vListInsertEnd
 .text.vListInsert
                0x0800882c       0x78 ..\obj\list.o
                0x0800882c                vListInsert
 .text.vListRemove
                0x080088a4       0x54 ..\obj\list.o
                0x080088a4                vListRemove
 .text.eMBRTUInit
                0x080088f8       0x84 ..\obj\mbrtu.o
                0x080088f8                eMBRTUInit
 .text.eMBRTUStart
                0x0800897c       0x2c ..\obj\mbrtu.o
                0x0800897c                eMBRTUStart
 .text.eMBRTUStop
                0x080089a8       0x20 ..\obj\mbrtu.o
                0x080089a8                eMBRTUStop
 .text.eMBRTUReceive
                0x080089c8       0x9c ..\obj\mbrtu.o
                0x080089c8                eMBRTUReceive
 .text.eMBRTUSend
                0x08008a64      0x124 ..\obj\mbrtu.o
                0x08008a64                eMBRTUSend
 .text.xMBRTUReceiveFSM
                0x08008b88       0xf0 ..\obj\mbrtu.o
                0x08008b88                xMBRTUReceiveFSM
 .text.xMBRTUTransmitFSM
                0x08008c78       0xa4 ..\obj\mbrtu.o
                0x08008c78                xMBRTUTransmitFSM
 .text.xMBRTUTimerT35Expired
                0x08008d1c       0x60 ..\obj\mbrtu.o
                0x08008d1c                xMBRTUTimerT35Expired
 .text.SystemInit
                0x08008d7c       0x94 ..\obj\system_stm32f4xx.o
                0x08008d7c                SystemInit
 .text.SetSysClock
                0x08008e10      0x150 ..\obj\system_stm32f4xx.o
 .text.ADC_Channel_Init
                0x08008f60      0x15c ..\obj\adc.o
                0x08008f60                ADC_Channel_Init
 .text.bubblesort
                0x080090bc       0xa4 ..\obj\adc.o
                0x080090bc                bubblesort
 .text.ADC_Task
                0x08009160      0x2a0 ..\obj\adc.o
 .text.USB_OTG_BSP_Init
                0x08009400      0x100 ..\obj\usb_bsp.o
                0x08009400                USB_OTG_BSP_Init
 .text.USB_OTG_BSP_EnableInterrupt
                0x08009500       0x3c ..\obj\usb_bsp.o
                0x08009500                USB_OTG_BSP_EnableInterrupt
 .text.USB_OTG_BSP_uDelay
                0x0800953c       0x58 ..\obj\usb_bsp.o
                0x0800953c                USB_OTG_BSP_uDelay
 .text.USB_OTG_BSP_mDelay
                0x08009594       0x20 ..\obj\usb_bsp.o
                0x08009594                USB_OTG_BSP_mDelay
 .text.OTG_FS_WKUP_IRQHandler
                0x080095b4       0x44 ..\obj\usb_bsp.o
                0x080095b4                OTG_FS_WKUP_IRQHandler
 .text.OTG_FS_IRQHandler
                0x080095f8       0x14 ..\obj\usb_bsp.o
                0x080095f8                OTG_FS_IRQHandler
 .text.USBD_StdDevReq
                0x0800960c       0xa4 ..\obj\usbd_req.o
                0x0800960c                USBD_StdDevReq
 .text.USBD_StdItfReq
                0x080096b0       0x70 ..\obj\usbd_req.o
                0x080096b0                USBD_StdItfReq
 .text.USBD_StdEPReq
                0x08009720      0x1d8 ..\obj\usbd_req.o
                0x08009720                USBD_StdEPReq
 .text.USBD_GetDescriptor
                0x080098f8      0x1c8 ..\obj\usbd_req.o
 .text.USBD_SetAddress
                0x08009ac0       0x80 ..\obj\usbd_req.o
 .text.USBD_SetConfig
                0x08009b40      0x134 ..\obj\usbd_req.o
 .text.USBD_GetConfig
                0x08009c74       0x68 ..\obj\usbd_req.o
 .text.USBD_GetStatus
                0x08009cdc       0x68 ..\obj\usbd_req.o
 .text.USBD_SetFeature
                0x08009d44       0xe0 ..\obj\usbd_req.o
 .text.USBD_ClrFeature
                0x08009e24       0x58 ..\obj\usbd_req.o
 .text.USBD_ParseSetupRequest
                0x08009e7c       0xbc ..\obj\usbd_req.o
                0x08009e7c                USBD_ParseSetupRequest
 .text.USBD_CtlError
                0x08009f38       0x50 ..\obj\usbd_req.o
                0x08009f38                USBD_CtlError
 .text.USBD_GetString
                0x08009f88       0x9c ..\obj\usbd_req.o
                0x08009f88                USBD_GetString
 .text.USBD_GetLen
                0x0800a024       0x38 ..\obj\usbd_req.o
 .text.xQueueGenericReset
                0x0800a05c       0xc0 ..\obj\queue.o
                0x0800a05c                xQueueGenericReset
 .text.xQueueGenericCreate
                0x0800a11c       0x90 ..\obj\queue.o
                0x0800a11c                xQueueGenericCreate
 .text.xQueueGenericSend
                0x0800a1ac      0x158 ..\obj\queue.o
                0x0800a1ac                xQueueGenericSend
 .text.xQueueGenericSendFromISR
                0x0800a304       0xcc ..\obj\queue.o
                0x0800a304                xQueueGenericSendFromISR
 .text.xQueueGenericReceive
                0x0800a3d0      0x1bc ..\obj\queue.o
                0x0800a3d0                xQueueGenericReceive
 .text.prvCopyDataToQueue
                0x0800a58c       0xc4 ..\obj\queue.o
 .text.prvCopyDataFromQueue
                0x0800a650       0x50 ..\obj\queue.o
 .text.prvUnlockQueue
                0x0800a6a0       0xa0 ..\obj\queue.o
 .text.prvIsQueueEmpty
                0x0800a740       0x2c ..\obj\queue.o
 .text.prvIsQueueFull
                0x0800a76c       0x30 ..\obj\queue.o
 .text.pxPortInitialiseStack
                0x0800a79c       0x60 ..\obj\port.o
                0x0800a79c                pxPortInitialiseStack
 .text.SVC_Handler
                0x0800a7fc       0x20 ..\obj\port.o
                0x0800a7fc                SVC_Handler
 .text.vPortStartFirstTask
                0x0800a81c       0x14 ..\obj\port.o
                0x0800a81c                vPortStartFirstTask
 .text.xPortStartScheduler
                0x0800a830       0x54 ..\obj\port.o
                0x0800a830                xPortStartScheduler
 .text.vPortYieldFromISR
                0x0800a884       0x18 ..\obj\port.o
                0x0800a884                vPortYieldFromISR
 .text.vPortEnterCritical
                0x0800a89c       0x2c ..\obj\port.o
                0x0800a89c                vPortEnterCritical
 .text.vPortExitCritical
                0x0800a8c8       0x38 ..\obj\port.o
                0x0800a8c8                vPortExitCritical
 .text.PendSV_Handler
                0x0800a900       0x3c ..\obj\port.o
                0x0800a900                PendSV_Handler
 .text.SysTick_Handler
                0x0800a93c       0x38 ..\obj\port.o
                0x0800a93c                SysTick_Handler
 .text.prvSetupTimerInterrupt
                0x0800a974       0x28 ..\obj\port.o
 .text.USBD_OTG_ISR_Handler
                0x0800a99c      0x178 ..\obj\usb_dcd_int.o
                0x0800a99c                USBD_OTG_ISR_Handler
 .text.DCD_HandleResume_ISR
                0x0800ab14       0x90 ..\obj\usb_dcd_int.o
 .text.DCD_HandleUSBSuspend_ISR
                0x0800aba4       0xb4 ..\obj\usb_dcd_int.o
 .text.DCD_HandleInEP_ISR
                0x0800ac58      0x234 ..\obj\usb_dcd_int.o
 .text.DCD_HandleOutEP_ISR
                0x0800ae8c      0x1b4 ..\obj\usb_dcd_int.o
 .text.DCD_HandleSof_ISR
                0x0800b040       0x3c ..\obj\usb_dcd_int.o
 .text.DCD_HandleRxStatusQueueLevel_ISR
                0x0800b07c      0x120 ..\obj\usb_dcd_int.o
 .text.DCD_WriteEmptyTxFifo
                0x0800b19c      0x134 ..\obj\usb_dcd_int.o
 .text.DCD_HandleUsbReset_ISR
                0x0800b2d0      0x168 ..\obj\usb_dcd_int.o
 .text.DCD_HandleEnumDone_ISR
                0x0800b438       0x88 ..\obj\usb_dcd_int.o
 .text.DCD_IsoINIncomplete_ISR
                0x0800b4c0       0x3c ..\obj\usb_dcd_int.o
 .text.DCD_IsoOUTIncomplete_ISR
                0x0800b4fc       0x3c ..\obj\usb_dcd_int.o
 .text.DCD_ReadDevInEP
                0x0800b538       0x60 ..\obj\usb_dcd_int.o
 .text.vMBPortSerialEnable
                0x0800b598       0x28 ..\obj\portserial.o
                0x0800b598                vMBPortSerialEnable
 .text.xMBPortSerialInit
                0x0800b5c0       0x54 ..\obj\portserial.o
                0x0800b5c0                xMBPortSerialInit
 .text.xMBPortSerialGetByte
                0x0800b614       0x28 ..\obj\portserial.o
                0x0800b614                xMBPortSerialGetByte
 .text.Serial_Task
                0x0800b63c       0x2c ..\obj\portserial.o
 .text.usbd_cdc_Init
                0x0800b668       0xd0 ..\obj\usbd_cdc_core.o
 .text.usbd_cdc_DeInit
                0x0800b738       0x4c ..\obj\usbd_cdc_core.o
 .text.usbd_cdc_Setup
                0x0800b784      0x168 ..\obj\usbd_cdc_core.o
 .text.usbd_cdc_EP0_RxReady
                0x0800b8ec       0x60 ..\obj\usbd_cdc_core.o
 .text.usbd_cdc_DataIn
                0x0800b94c      0x128 ..\obj\usbd_cdc_core.o
 .text.usbd_cdc_DataOut
                0x0800ba74       0x6c ..\obj\usbd_cdc_core.o
 .text.usbd_cdc_SOF
                0x0800bae0       0x50 ..\obj\usbd_cdc_core.o
 .text.Handle_USBAsynchXfer
                0x0800bb30      0x1a8 ..\obj\usbd_cdc_core.o
 .text.USBD_cdc_GetCfgDesc
                0x0800bcd8       0x28 ..\obj\usbd_cdc_core.o
 .text.TIMER_PROPERTIES_GetTimerProperties
                0x0800bd00      0x124 ..\obj\timer_properties.o
                0x0800bd00                TIMER_PROPERTIES_GetTimerProperties
 .text.TIMER_PROPERTIES_GenerateDataForWorkingFrequency
                0x0800be24      0x164 ..\obj\timer_properties.o
                0x0800be24                TIMER_PROPERTIES_GenerateDataForWorkingFrequency
 .text.TIMER_PROPERTIES_EnableClock
                0x0800bf88      0x198 ..\obj\timer_properties.o
                0x0800bf88                TIMER_PROPERTIES_EnableClock
 .text.SPI_Init
                0x0800c120       0x98 ..\obj\stm32f4xx_spi.o
                0x0800c120                SPI_Init
 .text.SPI_Cmd  0x0800c1b8       0x40 ..\obj\stm32f4xx_spi.o
                0x0800c1b8                SPI_Cmd
 .text.SPI_CalculateCRC
                0x0800c1f8       0x40 ..\obj\stm32f4xx_spi.o
                0x0800c1f8                SPI_CalculateCRC
 .text.eMBFuncReadCoils
                0x0800c238      0x134 ..\obj\mbfunccoils.o
                0x0800c238                eMBFuncReadCoils
 .text.eMBFuncWriteCoil
                0x0800c36c       0xcc ..\obj\mbfunccoils.o
                0x0800c36c                eMBFuncWriteCoil
 .text.eMBFuncWriteMultipleCoils
                0x0800c438       0xfc ..\obj\mbfunccoils.o
                0x0800c438                eMBFuncWriteMultipleCoils
 .text.EXTI_Init
                0x0800c534      0x158 ..\obj\stm32f4xx_exti.o
                0x0800c534                EXTI_Init
 .text.EXTI_GetITStatus
                0x0800c68c       0x60 ..\obj\stm32f4xx_exti.o
                0x0800c68c                EXTI_GetITStatus
 .text.EXTI_ClearITPendingBit
                0x0800c6ec       0x20 ..\obj\stm32f4xx_exti.o
                0x0800c6ec                EXTI_ClearITPendingBit
 .text.NVIC_PriorityGroupConfig
                0x0800c70c       0x28 ..\obj\misc.o
                0x0800c70c                NVIC_PriorityGroupConfig
 .text.NVIC_Init
                0x0800c734       0xe8 ..\obj\misc.o
                0x0800c734                NVIC_Init
 .text.DCD_Init
                0x0800c81c      0x12c ..\obj\usb_dcd.o
                0x0800c81c                DCD_Init
 .text.DCD_EP_Open
                0x0800c948       0xac ..\obj\usb_dcd.o
                0x0800c948                DCD_EP_Open
 .text.DCD_EP_Close
                0x0800c9f4       0x7c ..\obj\usb_dcd.o
                0x0800c9f4                DCD_EP_Close
 .text.DCD_EP_PrepareRx
                0x0800ca70       0x8c ..\obj\usb_dcd.o
                0x0800ca70                DCD_EP_PrepareRx
 .text.DCD_EP_Tx
                0x0800cafc       0x84 ..\obj\usb_dcd.o
                0x0800cafc                DCD_EP_Tx
 .text.DCD_EP_Stall
                0x0800cb80       0x80 ..\obj\usb_dcd.o
                0x0800cb80                DCD_EP_Stall
 .text.DCD_EP_ClrStall
                0x0800cc00       0x80 ..\obj\usb_dcd.o
                0x0800cc00                DCD_EP_ClrStall
 .text.DCD_EP_SetAddress
                0x0800cc80       0x40 ..\obj\usb_dcd.o
                0x0800cc80                DCD_EP_SetAddress
 .text.pvPortMalloc
                0x0800ccc0       0xa4 ..\obj\heap_1.o
                0x0800ccc0                pvPortMalloc
 .text.vPortFree
                0x0800cd64       0x14 ..\obj\heap_1.o
                0x0800cd64                vPortFree
 .text.xPortGetFreeHeapSize
                0x0800cd78       0x1c ..\obj\heap_1.o
                0x0800cd78                xPortGetFreeHeapSize
 .text.USBD_CtlSendData
                0x0800cd94       0x48 ..\obj\usbd_ioreq.o
                0x0800cd94                USBD_CtlSendData
 .text.USBD_CtlContinueSendData
                0x0800cddc       0x30 ..\obj\usbd_ioreq.o
                0x0800cddc                USBD_CtlContinueSendData
 .text.USBD_CtlPrepareRx
                0x0800ce0c       0x48 ..\obj\usbd_ioreq.o
                0x0800ce0c                USBD_CtlPrepareRx
 .text.USBD_CtlContinueRx
                0x0800ce54       0x30 ..\obj\usbd_ioreq.o
                0x0800ce54                USBD_CtlContinueRx
 .text.USBD_CtlSendStatus
                0x0800ce84       0x3c ..\obj\usbd_ioreq.o
                0x0800ce84                USBD_CtlSendStatus
 .text.USBD_CtlReceiveStatus
                0x0800cec0       0x3c ..\obj\usbd_ioreq.o
                0x0800cec0                USBD_CtlReceiveStatus
 .text.TIM_TimeBaseInit
                0x0800cefc       0xf8 ..\obj\stm32f4xx_tim.o
                0x0800cefc                TIM_TimeBaseInit
 .text.TIM_SetCounter
                0x0800cff4       0x1c ..\obj\stm32f4xx_tim.o
                0x0800cff4                TIM_SetCounter
 .text.TIM_ARRPreloadConfig
                0x0800d010       0x40 ..\obj\stm32f4xx_tim.o
                0x0800d010                TIM_ARRPreloadConfig
 .text.TIM_Cmd  0x0800d050       0x40 ..\obj\stm32f4xx_tim.o
                0x0800d050                TIM_Cmd
 .text.TIM_ITConfig
                0x0800d090       0x4c ..\obj\stm32f4xx_tim.o
                0x0800d090                TIM_ITConfig
 .text.TIM_ClearITPendingBit
                0x0800d0dc       0x24 ..\obj\stm32f4xx_tim.o
                0x0800d0dc                TIM_ClearITPendingBit
 .text.NVIC_SystemReset
                0x0800d100       0x34 ..\obj\power_detector.o
 .text.Power_Detector_Init
                0x0800d134       0x80 ..\obj\power_detector.o
                0x0800d134                Power_Detector_Init
 .text.PVD_IRQHandler
                0x0800d1b4       0x20 ..\obj\power_detector.o
                0x0800d1b4                PVD_IRQHandler
 .text          0x0800d1d4      0x370 c:/coocox/coide/gcc/sourcery g++ lite/bin/../lib/gcc/arm-none-eabi/4.5.1/thumb2\libgcc.a(_arm_addsubdf3.o)
                0x0800d1d4                __aeabi_drsub
                0x0800d1dc                __aeabi_dsub
                0x0800d1dc                __subdf3
                0x0800d1e0                __aeabi_dadd
                0x0800d1e0                __adddf3
                0x0800d458                __floatunsidf
                0x0800d458                __aeabi_ui2d
                0x0800d478                __floatsidf
                0x0800d478                __aeabi_i2d
                0x0800d49c                __aeabi_f2d
                0x0800d49c                __extendsfdf2
                0x0800d4d8                __floatundidf
                0x0800d4d8                __aeabi_ul2d
                0x0800d4e8                __floatdidf
                0x0800d4e8                __aeabi_l2d
 .text          0x0800d544      0x424 c:/coocox/coide/gcc/sourcery g++ lite/bin/../lib/gcc/arm-none-eabi/4.5.1/thumb2\libgcc.a(_arm_muldivdf3.o)
                0x0800d544                __aeabi_dmul
                0x0800d544                __muldf3
                0x0800d798                __divdf3
                0x0800d798                __aeabi_ddiv
 .text          0x0800d968      0x110 c:/coocox/coide/gcc/sourcery g++ lite/bin/../lib/gcc/arm-none-eabi/4.5.1/thumb2\libgcc.a(_arm_cmpdf2.o)
                0x0800d968                __gtdf2
                0x0800d968                __gedf2
                0x0800d970                __ltdf2
                0x0800d970                __ledf2
                0x0800d978                __nedf2
                0x0800d978                __eqdf2
                0x0800d978                __cmpdf2
                0x0800d9f4                __aeabi_cdrcmple
                0x0800da04                __aeabi_cdcmpeq
                0x0800da04                __aeabi_cdcmple
                0x0800da14                __aeabi_dcmpeq
                0x0800da28                __aeabi_dcmplt
                0x0800da3c                __aeabi_dcmple
                0x0800da50                __aeabi_dcmpge
                0x0800da64                __aeabi_dcmpgt
 .text          0x0800da78       0x40 c:/coocox/coide/gcc/sourcery g++ lite/bin/../lib/gcc/arm-none-eabi/4.5.1/thumb2\libgcc.a(_arm_fixunsdfsi.o)
                0x0800da78                __aeabi_d2uiz
                0x0800da78                __fixunsdfsi
 .text          0x0800dab8       0xa0 c:/coocox/coide/gcc/sourcery g++ lite/bin/../lib/gcc/arm-none-eabi/4.5.1/thumb2\libgcc.a(_arm_truncdfsf2.o)
                0x0800dab8                __truncdfsf2
                0x0800dab8                __aeabi_d2f
 .text          0x0800db58      0x21c c:/coocox/coide/gcc/sourcery g++ lite/bin/../lib/gcc/arm-none-eabi/4.5.1/thumb2\libgcc.a(_arm_addsubsf3.o)
                0x0800db58                __aeabi_frsub
                0x0800db60                __subsf3
                0x0800db60                __aeabi_fsub
                0x0800db64                __aeabi_fadd
                0x0800db64                __addsf3
                0x0800dcc4                __aeabi_ui2f
                0x0800dcc4                __floatunsisf
                0x0800dccc                __aeabi_i2f
                0x0800dccc                __floatsisf
                0x0800dce8                __aeabi_ul2f
                0x0800dce8                __floatundisf
                0x0800dcf8                __aeabi_l2f
                0x0800dcf8                __floatdisf
 .text          0x0800dd74      0x2a0 c:/coocox/coide/gcc/sourcery g++ lite/bin/../lib/gcc/arm-none-eabi/4.5.1/thumb2\libgcc.a(_arm_muldivsf3.o)
                0x0800dd74                __mulsf3
                0x0800dd74                __aeabi_fmul
                0x0800dedc                __aeabi_fdiv
                0x0800dedc                __divsf3
 .text          0x0800e014       0xec c:/coocox/coide/gcc/sourcery g++ lite/bin/../lib/gcc/arm-none-eabi/4.5.1/thumb2\libgcc.a(_arm_cmpsf2.o)
                0x0800e014                __gesf2
                0x0800e014                __gtsf2
                0x0800e01c                __lesf2
                0x0800e01c                __ltsf2
                0x0800e024                __nesf2
                0x0800e024                __eqsf2
                0x0800e024                __cmpsf2
                0x0800e084                __aeabi_cfrcmple
                0x0800e08c                __aeabi_cfcmpeq
                0x0800e08c                __aeabi_cfcmple
                0x0800e09c                __aeabi_fcmpeq
                0x0800e0b0                __aeabi_fcmplt
                0x0800e0c4                __aeabi_fcmple
                0x0800e0d8                __aeabi_fcmpge
                0x0800e0ec                __aeabi_fcmpgt
 .text          0x0800e100       0x4c c:/coocox/coide/gcc/sourcery g++ lite/bin/../lib/gcc/arm-none-eabi/4.5.1/thumb2\libgcc.a(_arm_fixsfsi.o)
                0x0800e100                __aeabi_f2iz
                0x0800e100                __fixsfsi
 .text          0x0800e14c       0x40 c:/coocox/coide/gcc/sourcery g++ lite/bin/../lib/gcc/arm-none-eabi/4.5.1/thumb2\libgcc.a(_arm_fixunssfsi.o)
                0x0800e14c                __fixunssfsi
                0x0800e14c                __aeabi_f2uiz
 .text          0x0800e18c       0x58 c:/coocox/coide/gcc/sourcery g++ lite/bin/../lib/gcc/arm-none-eabi/4.5.1/../../../../arm-none-eabi/lib/thumb2\libc.a(lib_a-memcmp.o)
                0x0800e18c                memcmp
 .text          0x0800e1e4      0x150 c:/coocox/coide/gcc/sourcery g++ lite/bin/../lib/gcc/arm-none-eabi/4.5.1/../../../../arm-none-eabi/lib/thumb2\libc.a(lib_a-memcpy.o)
                0x0800e1e4                memcpy
 .text          0x0800e334       0xb4 c:/coocox/coide/gcc/sourcery g++ lite/bin/../lib/gcc/arm-none-eabi/4.5.1/../../../../arm-none-eabi/lib/thumb2\libc.a(lib_a-memset.o)
                0x0800e334                memset
 .text          0x0800e3e8       0x7c c:/coocox/coide/gcc/sourcery g++ lite/bin/../lib/gcc/arm-none-eabi/4.5.1/../../../../arm-none-eabi/lib/thumb2\libc.a(lib_a-strncpy.o)
                0x0800e3e8                strncpy
 *(.glue_7t)
 .glue_7t       0x00000000        0x0 linker stubs
 *(.glue_7)
 .glue_7        0x00000000        0x0 linker stubs
 *(.rodata .rodata* .gnu.linkonce.r.*)
 .rodata        0x0800e464        0x4 ..\obj\pid_regulator.o
 .rodata        0x0800e468        0x8 ..\obj\protocol.o
 .rodata        0x0800e470        0x8 ..\obj\buzzer.o
 .rodata        0x0800e478       0x10 ..\obj\ADS1120.o
 .rodata        0x0800e488      0x200 ..\obj\mbcrc.o
 .rodata        0x0800e688       0x28 ..\obj\uks.o
 .rodata        0x0800e6b0       0x10 ..\obj\phaze_detector.o
 .rodata        0x0800e6c0      0x11c ..\obj\display.o
 .rodata        0x0800e7dc        0x4 ..\obj\hd44780.o
 .rodata        0x0800e7e0       0x1c ..\obj\tasks.o
 .rodata        0x0800e7fc       0x98 ..\obj\usbd_desc.o
 .rodata        0x0800e894        0xc ..\obj\keyboard.o
 .rodata        0x0800e8a0        0x4 ..\obj\adc.o
 .rodata        0x0800e8a4        0x8 ..\obj\portserial.o

.vfp11_veneer   0x0800e8ac        0x0
 .vfp11_veneer  0x00000000        0x0 linker stubs

.v4_bx          0x0800e8ac        0x0
 .v4_bx         0x00000000        0x0 linker stubs

.ARM.extab
 *(.ARM.extab* .gnu.linkonce.armextab.*)

.ARM.exidx
 *(.ARM.exidx* .gnu.linkonce.armexidx.*)
                0x0800e8ac                . = ALIGN (0x4)
                0x0800e8ac                _etext = .
                0x0800e8ac                _sidata = .

.data           0x20000000      0x200 load address 0x0800e8ac
                0x20000000                _sdata = .
 *(.data .data.*)
 .data          0x20000000        0xc ..\obj\mbport.o
                0x20000000                usRegHoldingBuf
                0x20000004                REG_INPUT_START
                0x20000005                REG_HOLDING_START
                0x20000006                REG_INPUT_NREGS
                0x20000007                REG_HOLDING_NREGS
                0x20000008                usRegInputStart
                0x20000009                usRegHoldingStart
 .data          0x2000000c       0x84 ..\obj\mb.o
 .data          0x20000090       0x1c ..\obj\usbd_usr.o
                0x20000090                USR_cb
 .data          0x200000ac       0x30 ..\obj\usbd_core.o
                0x200000ac                USBD_DCD_INT_cb
                0x200000d8                USBD_DCD_INT_fops
 .data          0x200000dc       0x10 ..\obj\stm32f4xx_rcc.o
 .data          0x200000ec       0x30 ..\obj\display.o
                0x200000ec                drying_states
 .data          0x2000011c        0x4 ..\obj\tasks.o
 .data          0x20000120       0x40 ..\obj\usbd_desc.o
                0x20000120                USR_desc
                0x2000013c                USBD_DeviceDesc
                0x20000150                USBD_DeviceQualifierDesc
                0x2000015c                USBD_LangIDDesc
 .data          0x20000160       0x14 ..\obj\usbd_cdc_vcp.o
                0x20000160                VCP_fops
 .data          0x20000174       0x14 ..\obj\system_stm32f4xx.o
                0x20000174                SystemCoreClock
                0x20000178                AHBPrescTable
 .data          0x20000188        0x4 ..\obj\port.o
 .data          0x2000018c       0x74 ..\obj\usbd_cdc_core.o
                0x2000018c                usbd_cdc_CfgDesc
                0x200001d4                USBD_CDC_cb
                0x20000200                . = ALIGN (0x4)
                0x20000200                _edata = .

.bss            0x20000200     0x3478 load address 0x0800eaac
                0x20000200                _sbss = .
 *(.bss .bss.*)
 .bss           0x20000200       0x10 ..\obj\delay.o
                0x20000200                TimingDelay
                0x20000204                Time
                0x20000208                Time2
                0x2000020c                DELAY_Initialized
 .bss           0x20000210       0x80 ..\obj\mbport.o
 .bss           0x20000290       0x24 ..\obj\mb.o
 .bss           0x200002b4        0x2 ..\obj\portevent.o
 *fill*         0x200002b6        0x2 00
 .bss           0x200002b8       0x24 ..\obj\mbfuncother.o
 .bss           0x200002dc        0x8 ..\obj\phaze_detector.o
 .bss           0x200002e4       0x24 ..\obj\display.o
 .bss           0x20000308      0x100 ..\obj\tasks.o
                0x20000308                pxCurrentTCB
 .bss           0x20000408        0x2 ..\obj\keyboard.o
 *fill*         0x2000040a        0x2 00
 .bss           0x2000040c        0xc ..\obj\mbrtu.o
 .bss           0x20000418       0x10 ..\obj\usbd_req.o
                0x20000418                USBD_ep_status
                0x2000041c                USBD_default_cfg
                0x20000420                USBD_cfg_status
 .bss           0x20000428        0x1 ..\obj\portserial.o
 *fill*         0x20000429        0x3 00
 .bss           0x2000042c       0x20 ..\obj\usbd_cdc_core.o
                0x20000430                APP_Rx_ptr_in
                0x20000434                APP_Rx_ptr_out
                0x20000438                APP_Rx_length
                0x2000043c                USB_Tx_State
 *fill*         0x2000044c        0x4 00
 .bss           0x20000450     0x1c08 ..\obj\heap_1.o
 *(COMMON)
 COMMON         0x20002058       0x14 ..\obj\mb.o
                0x20002058                pxMBFrameCBTransmitterEmpty
                0x2000205c                pxMBPortCBTimerExpired
                0x20002060                pxMBFrameCBByteReceived
                0x20002064                pxMBFrameCBTransmitFSMCur
                0x20002068                pxMBFrameCBReceiveFSMCur
 COMMON         0x2000206c       0x20 ..\obj\pid_regulator.o
                0x2000206c                pid_heater
                0x20002088                PID_Regulator_Task_Handle
 COMMON         0x2000208c        0x6 ..\obj\buzzer.o
                0x2000208c                xBuzzer_Handle
                0x20002090                buzz
 *fill*         0x20002092        0x2 00
 COMMON         0x20002094       0x10 ..\obj\ADS1120.o
                0x20002094                ADC_result
                0x20002098                adc_reg
                0x2000209c                xSPI_Buf_Mutex
                0x200020a0                ADC_result_temp
 COMMON         0x200020a4      0x5f0 ..\obj\main.o
                0x200020a4                USB_OTG_dev
 COMMON         0x20002694      0x480 ..\obj\uks.o
                0x20002694                uks_channels
 COMMON         0x20002b14       0x10 ..\obj\phaze_detector.o
                0x20002b14                Heater_Control_Task_Handle
                0x20002b18                xPhazeSemaphore
                0x20002b1c                phaze_detect
 COMMON         0x20002b24       0x10 ..\obj\watchdog.o
                0x20002b24                task_watches
 COMMON         0x20002b34        0x7 ..\obj\hd44780.o
                0x20002b34                HD44780_Opts
 *fill*         0x20002b3b        0x1 00
 COMMON         0x20002b3c       0x88 ..\obj\usbd_cdc_vcp.o
                0x20002b3c                APP_Tx_Buffer
                0x20002bbc                APP_tx_ptr_tail
                0x20002bc0                APP_tx_ptr_head
 COMMON         0x20002bc4      0x100 ..\obj\mbrtu.o
                0x20002bc4                ucRTUBuf
 COMMON         0x20002cc4       0xf2 ..\obj\adc.o
                0x20002cc4                xMeasure_LM35_Semaphore
                0x20002cc8                adc_lm35_chnl
 *fill*         0x20002db6        0x2 00
 COMMON         0x20002db8       0x32 ..\obj\usbd_req.o
                0x20002db8                USBD_StrDesc
 *fill*         0x20002dea        0x2 00
 COMMON         0x20002dec      0x88c ..\obj\usbd_cdc_core.o
                0x20002dec                usbd_cdc_OtherCfgDesc
                0x20002e30                USB_Rx_Buffer
                0x20002e70                CmdBuff
                0x20002e78                APP_Rx_Buffer
                0x20003678                . = ALIGN (0x4)
                0x20003678                _ebss = .

.co_stack       0x20003678      0x800 load address 0x08011f24
                0x20003678                . = ALIGN (0x8)
 *(.co_stack .co_stack.*)
 .co_stack      0x20003678      0x800 ..\obj\startup_stm32f4xx.o
                0x20003678                pulStack
                0x20003e78                . = ALIGN (0x4)
                0x20003e78                _end = .
LOAD ..\obj\stm32f4xx_syscfg.o
LOAD ..\obj\usb_core.o
LOAD ..\obj\delay.o
LOAD ..\obj\mbport.o
LOAD ..\obj\mb.o
LOAD ..\obj\pid_regulator.o
LOAD ..\obj\protocol.o
LOAD ..\obj\mbfuncdisc.o
LOAD ..\obj\usbd_usr.o
LOAD ..\obj\portevent.o
LOAD ..\obj\buzzer.o
LOAD ..\obj\mbfuncother.o
LOAD ..\obj\stm32f4xx_usart.o
LOAD ..\obj\stm32f4xx_pwr.o
LOAD ..\obj\rtc.o
LOAD ..\obj\mbutils.o
LOAD ..\obj\startup_stm32f4xx.o
LOAD ..\obj\backup_sram.o
LOAD ..\obj\stm32f4xx_iwdg.o
LOAD ..\obj\ADS1120.o
LOAD ..\obj\mbfuncholding.o
LOAD ..\obj\usbd_core.o
LOAD ..\obj\main.o
LOAD ..\obj\mbcrc.o
LOAD ..\obj\uks.o
LOAD ..\obj\stm32f4xx_rcc.o
LOAD ..\obj\timers.o
LOAD ..\obj\stm32f4xx_adc.o
LOAD ..\obj\mbfuncinput.o
LOAD ..\obj\printf.o
LOAD ..\obj\phaze_detector.o
LOAD ..\obj\watchdog.o
LOAD ..\obj\mbfuncdiag.o
LOAD ..\obj\display.o
LOAD ..\obj\hd44780.o
LOAD ..\obj\tasks.o
LOAD ..\obj\usbd_desc.o
LOAD ..\obj\keyboard.o
LOAD ..\obj\stm32f4xx_gpio.o
LOAD ..\obj\porttimer.o
LOAD ..\obj\usbd_cdc_vcp.o
LOAD ..\obj\list.o
LOAD ..\obj\mbrtu.o
LOAD ..\obj\system_stm32f4xx.o
LOAD ..\obj\syscalls.o
LOAD ..\obj\adc.o
LOAD ..\obj\usb_bsp.o
LOAD ..\obj\usbd_req.o
LOAD ..\obj\queue.o
LOAD ..\obj\port.o
LOAD ..\obj\usb_dcd_int.o
LOAD ..\obj\portserial.o
LOAD ..\obj\usbd_cdc_core.o
LOAD ..\obj\croutine.o
LOAD ..\obj\timer_properties.o
LOAD ..\obj\stm32f4xx_spi.o
LOAD ..\obj\mbfunccoils.o
LOAD ..\obj\stm32f4xx_exti.o
LOAD ..\obj\misc.o
LOAD ..\obj\usb_dcd.o
LOAD ..\obj\heap_1.o
LOAD ..\obj\stm32f4xx_rtc.o
LOAD ..\obj\usbd_ioreq.o
LOAD ..\obj\mbascii.o
LOAD ..\obj\stm32f4xx_tim.o
LOAD ..\obj\power_detector.o
LOAD c:/coocox/coide/gcc/sourcery g++ lite/bin/../lib/gcc/arm-none-eabi/4.5.1/../../../../arm-none-eabi/lib/thumb2\libm.a
LOAD c:/coocox/coide/gcc/sourcery g++ lite/bin/../lib/gcc/arm-none-eabi/4.5.1/thumb2\libgcc.a
LOAD c:/coocox/coide/gcc/sourcery g++ lite/bin/../lib/gcc/arm-none-eabi/4.5.1/../../../../arm-none-eabi/lib/thumb2\libc.a
START GROUP
LOAD c:/coocox/coide/gcc/sourcery g++ lite/bin/../lib/gcc/arm-none-eabi/4.5.1/thumb2\libgcc.a
LOAD c:/coocox/coide/gcc/sourcery g++ lite/bin/../lib/gcc/arm-none-eabi/4.5.1/../../../../arm-none-eabi/lib/thumb2\libc.a
END GROUP
OUTPUT(stm32f2_uks.elf elf32-littlearm)

.debug_abbrev   0x00000000     0x5494
 .debug_abbrev  0x00000000      0x12a ..\obj\stm32f4xx_syscfg.o
 .debug_abbrev  0x0000012a      0x277 ..\obj\usb_core.o
 .debug_abbrev  0x000003a1      0x125 ..\obj\delay.o
 .debug_abbrev  0x000004c6      0x137 ..\obj\mbport.o
 .debug_abbrev  0x000005fd      0x164 ..\obj\mb.o
 .debug_abbrev  0x00000761      0x1be ..\obj\pid_regulator.o
 .debug_abbrev  0x0000091f       0xc3 ..\obj\protocol.o
 .debug_abbrev  0x000009e2       0xa5 ..\obj\mbfuncdisc.o
 .debug_abbrev  0x00000a87       0xd9 ..\obj\usbd_usr.o
 .debug_abbrev  0x00000b60       0xbc ..\obj\portevent.o
 .debug_abbrev  0x00000c1c      0x14a ..\obj\buzzer.o
 .debug_abbrev  0x00000d66       0xbe ..\obj\mbfuncother.o
 .debug_abbrev  0x00000e24      0x14e ..\obj\stm32f4xx_usart.o
 .debug_abbrev  0x00000f72      0x175 ..\obj\stm32f4xx_pwr.o
 .debug_abbrev  0x000010e7      0x125 ..\obj\rtc.o
 .debug_abbrev  0x0000120c       0xd2 ..\obj\mbutils.o
 .debug_abbrev  0x000012de       0xac ..\obj\startup_stm32f4xx.o
 .debug_abbrev  0x0000138a       0xee ..\obj\backup_sram.o
 .debug_abbrev  0x00001478       0xfa ..\obj\stm32f4xx_iwdg.o
 .debug_abbrev  0x00001572      0x18d ..\obj\ADS1120.o
 .debug_abbrev  0x000016ff       0xa5 ..\obj\mbfuncholding.o
 .debug_abbrev  0x000017a4      0x1f4 ..\obj\usbd_core.o
 .debug_abbrev  0x00001998      0x1dc ..\obj\main.o
 .debug_abbrev  0x00001b74       0xa8 ..\obj\mbcrc.o
 .debug_abbrev  0x00001c1c      0x16e ..\obj\uks.o
 .debug_abbrev  0x00001d8a      0x1b7 ..\obj\stm32f4xx_rcc.o
 .debug_abbrev  0x00001f41       0x28 ..\obj\timers.o
 .debug_abbrev  0x00001f69      0x189 ..\obj\stm32f4xx_adc.o
 .debug_abbrev  0x000020f2       0xa5 ..\obj\mbfuncinput.o
 .debug_abbrev  0x00002197      0x238 ..\obj\printf.o
 .debug_abbrev  0x000023cf      0x1d0 ..\obj\phaze_detector.o
 .debug_abbrev  0x0000259f      0x108 ..\obj\watchdog.o
 .debug_abbrev  0x000026a7        0x1 ..\obj\mbfuncdiag.o
 .debug_abbrev  0x000026a8      0x15d ..\obj\display.o
 .debug_abbrev  0x00002805      0x1d9 ..\obj\hd44780.o
 .debug_abbrev  0x000029de      0x193 ..\obj\tasks.o
 .debug_abbrev  0x00002b71      0x10c ..\obj\usbd_desc.o
 .debug_abbrev  0x00002c7d      0x179 ..\obj\keyboard.o
 .debug_abbrev  0x00002df6      0x182 ..\obj\stm32f4xx_gpio.o
 .debug_abbrev  0x00002f78      0x137 ..\obj\porttimer.o
 .debug_abbrev  0x000030af      0x143 ..\obj\usbd_cdc_vcp.o
 .debug_abbrev  0x000031f2       0xb6 ..\obj\list.o
 .debug_abbrev  0x000032a8      0x1bc ..\obj\mbrtu.o
 .debug_abbrev  0x00003464      0x140 ..\obj\system_stm32f4xx.o
 .debug_abbrev  0x000035a4       0xde ..\obj\syscalls.o
 .debug_abbrev  0x00003682      0x1a4 ..\obj\adc.o
 .debug_abbrev  0x00003826      0x1db ..\obj\usb_bsp.o
 .debug_abbrev  0x00003a01      0x253 ..\obj\usbd_req.o
 .debug_abbrev  0x00003c54      0x109 ..\obj\queue.o
 .debug_abbrev  0x00003d5d      0x120 ..\obj\port.o
 .debug_abbrev  0x00003e7d      0x210 ..\obj\usb_dcd_int.o
 .debug_abbrev  0x0000408d      0x1c2 ..\obj\portserial.o
 .debug_abbrev  0x0000424f      0x1e1 ..\obj\usbd_cdc_core.o
 .debug_abbrev  0x00004430      0x186 ..\obj\croutine.o
 .debug_abbrev  0x000045b6      0x106 ..\obj\timer_properties.o
 .debug_abbrev  0x000046bc      0x160 ..\obj\stm32f4xx_spi.o
 .debug_abbrev  0x0000481c       0xb7 ..\obj\mbfunccoils.o
 .debug_abbrev  0x000048d3      0x198 ..\obj\stm32f4xx_exti.o
 .debug_abbrev  0x00004a6b      0x126 ..\obj\misc.o
 .debug_abbrev  0x00004b91      0x208 ..\obj\usb_dcd.o
 .debug_abbrev  0x00004d99      0x116 ..\obj\heap_1.o
 .debug_abbrev  0x00004eaf      0x16b ..\obj\stm32f4xx_rtc.o
 .debug_abbrev  0x0000501a      0x165 ..\obj\usbd_ioreq.o
 .debug_abbrev  0x0000517f       0x4d ..\obj\mbascii.o
 .debug_abbrev  0x000051cc      0x163 ..\obj\stm32f4xx_tim.o
 .debug_abbrev  0x0000532f      0x165 ..\obj\power_detector.o

.debug_info     0x00000000    0x215e8
 .debug_info    0x00000000      0x27a ..\obj\stm32f4xx_syscfg.o
 .debug_info    0x0000027a     0x27fc ..\obj\usb_core.o
 .debug_info    0x00002a76      0x777 ..\obj\delay.o
 .debug_info    0x000031ed      0x5ff ..\obj\mbport.o
 .debug_info    0x000037ec      0x62f ..\obj\mb.o
 .debug_info    0x00003e1b      0x739 ..\obj\pid_regulator.o
 .debug_info    0x00004554      0x165 ..\obj\protocol.o
 .debug_info    0x000046b9      0x1ee ..\obj\mbfuncdisc.o
 .debug_info    0x000048a7      0x1c5 ..\obj\usbd_usr.o
 .debug_info    0x00004a6c      0x188 ..\obj\portevent.o
 .debug_info    0x00004bf4      0x45f ..\obj\buzzer.o
 .debug_info    0x00005053      0x25c ..\obj\mbfuncother.o
 .debug_info    0x000052af      0xa4f ..\obj\stm32f4xx_usart.o
 .debug_info    0x00005cfe      0x53e ..\obj\stm32f4xx_pwr.o
 .debug_info    0x0000623c      0x296 ..\obj\rtc.o
 .debug_info    0x000064d2      0x2c6 ..\obj\mbutils.o
 .debug_info    0x00006798      0x147 ..\obj\startup_stm32f4xx.o
 .debug_info    0x000068df      0x237 ..\obj\backup_sram.o
 .debug_info    0x00006b16      0x20b ..\obj\stm32f4xx_iwdg.o
 .debug_info    0x00006d21      0x80a ..\obj\ADS1120.o
 .debug_info    0x0000752b      0x383 ..\obj\mbfuncholding.o
 .debug_info    0x000078ae      0xff8 ..\obj\usbd_core.o
 .debug_info    0x000088a6      0xf36 ..\obj\main.o
 .debug_info    0x000097dc      0x166 ..\obj\mbcrc.o
 .debug_info    0x00009942      0x5fa ..\obj\uks.o
 .debug_info    0x00009f3c      0xd24 ..\obj\stm32f4xx_rcc.o
 .debug_info    0x0000ac60       0x4c ..\obj\timers.o
 .debug_info    0x0000acac      0xcf5 ..\obj\stm32f4xx_adc.o
 .debug_info    0x0000b9a1      0x1e0 ..\obj\mbfuncinput.o
 .debug_info    0x0000bb81      0xed2 ..\obj\printf.o
 .debug_info    0x0000ca53      0xc0d ..\obj\phaze_detector.o
 .debug_info    0x0000d660      0x18a ..\obj\watchdog.o
 .debug_info    0x0000d7ea        0x0 ..\obj\mbfuncdiag.o
 .debug_info    0x0000d7ea      0x45b ..\obj\display.o
 .debug_info    0x0000dc45      0x90c ..\obj\hd44780.o
 .debug_info    0x0000e551      0xd75 ..\obj\tasks.o
 .debug_info    0x0000f2c6      0x3a7 ..\obj\usbd_desc.o
 .debug_info    0x0000f66d      0x59a ..\obj\keyboard.o
 .debug_info    0x0000fc07      0x639 ..\obj\stm32f4xx_gpio.o
 .debug_info    0x00010240      0x6e8 ..\obj\porttimer.o
 .debug_info    0x00010928      0x3a6 ..\obj\usbd_cdc_vcp.o
 .debug_info    0x00010cce      0x2a6 ..\obj\list.o
 .debug_info    0x00010f74      0xf98 ..\obj\mbrtu.o
 .debug_info    0x00011f0c      0x5ea ..\obj\system_stm32f4xx.o
 .debug_info    0x000124f6      0x440 ..\obj\syscalls.o
 .debug_info    0x00012936      0x853 ..\obj\adc.o
 .debug_info    0x00013189     0x113d ..\obj\usb_bsp.o
 .debug_info    0x000142c6     0x111b ..\obj\usbd_req.o
 .debug_info    0x000153e1      0x7c1 ..\obj\queue.o
 .debug_info    0x00015ba2      0x1d7 ..\obj\port.o
 .debug_info    0x00015d79     0x2027 ..\obj\usb_dcd_int.o
 .debug_info    0x00017da0      0xdae ..\obj\portserial.o
 .debug_info    0x00018b4e     0x1109 ..\obj\usbd_cdc_core.o
 .debug_info    0x00019c57      0x4af ..\obj\croutine.o
 .debug_info    0x0001a106      0x4d1 ..\obj\timer_properties.o
 .debug_info    0x0001a5d7      0xbcc ..\obj\stm32f4xx_spi.o
 .debug_info    0x0001b1a3      0x313 ..\obj\mbfunccoils.o
 .debug_info    0x0001b4b6      0x372 ..\obj\stm32f4xx_exti.o
 .debug_info    0x0001b828      0x594 ..\obj\misc.o
 .debug_info    0x0001bdbc     0x1184 ..\obj\usb_dcd.o
 .debug_info    0x0001cf40      0x186 ..\obj\heap_1.o
 .debug_info    0x0001d0c6     0x1223 ..\obj\stm32f4xx_rtc.o
 .debug_info    0x0001e2e9      0xde4 ..\obj\usbd_ioreq.o
 .debug_info    0x0001f0cd       0x9b ..\obj\mbascii.o
 .debug_info    0x0001f168     0x1e28 ..\obj\stm32f4xx_tim.o
 .debug_info    0x00020f90      0x658 ..\obj\power_detector.o

.debug_line     0x00000000     0xc1a5
 .debug_line    0x00000000      0x1e7 ..\obj\stm32f4xx_syscfg.o
 .debug_line    0x000001e7      0x6b4 ..\obj\usb_core.o
 .debug_line    0x0000089b      0x2a5 ..\obj\delay.o
 .debug_line    0x00000b40      0x341 ..\obj\mbport.o
 .debug_line    0x00000e81      0x2df ..\obj\mb.o
 .debug_line    0x00001160      0x3c8 ..\obj\pid_regulator.o
 .debug_line    0x00001528      0x1f0 ..\obj\protocol.o
 .debug_line    0x00001718      0x1f0 ..\obj\mbfuncdisc.o
 .debug_line    0x00001908      0x1b1 ..\obj\usbd_usr.o
 .debug_line    0x00001ab9      0x1e5 ..\obj\portevent.o
 .debug_line    0x00001c9e      0x2c9 ..\obj\buzzer.o
 .debug_line    0x00001f67      0x25c ..\obj\mbfuncother.o
 .debug_line    0x000021c3      0x478 ..\obj\stm32f4xx_usart.o
 .debug_line    0x0000263b      0x284 ..\obj\stm32f4xx_pwr.o
 .debug_line    0x000028bf      0x21a ..\obj\rtc.o
 .debug_line    0x00002ad9      0x264 ..\obj\mbutils.o
 .debug_line    0x00002d3d       0xa6 ..\obj\startup_stm32f4xx.o
 .debug_line    0x00002de3      0x1e9 ..\obj\backup_sram.o
 .debug_line    0x00002fcc      0x1de ..\obj\stm32f4xx_iwdg.o
 .debug_line    0x000031aa      0x37a ..\obj\ADS1120.o
 .debug_line    0x00003524      0x27e ..\obj\mbfuncholding.o
 .debug_line    0x000037a2      0x305 ..\obj\usbd_core.o
 .debug_line    0x00003aa7      0x300 ..\obj\main.o
 .debug_line    0x00003da7      0x17a ..\obj\mbcrc.o
 .debug_line    0x00003f21      0x3df ..\obj\uks.o
 .debug_line    0x00004300      0x574 ..\obj\stm32f4xx_rcc.o
 .debug_line    0x00004874       0x1d ..\obj\timers.o
 .debug_line    0x00004891      0x528 ..\obj\stm32f4xx_adc.o
 .debug_line    0x00004db9      0x1e6 ..\obj\mbfuncinput.o
 .debug_line    0x00004f9f      0x3c6 ..\obj\printf.o
 .debug_line    0x00005365      0x3f3 ..\obj\phaze_detector.o
 .debug_line    0x00005758      0x1b0 ..\obj\watchdog.o
 .debug_line    0x00005908        0x0 ..\obj\mbfuncdiag.o
 .debug_line    0x00005908      0x269 ..\obj\display.o
 .debug_line    0x00005b71      0x43f ..\obj\hd44780.o
 .debug_line    0x00005fb0      0x792 ..\obj\tasks.o
 .debug_line    0x00006742      0x1f7 ..\obj\usbd_desc.o
 .debug_line    0x00006939      0x276 ..\obj\keyboard.o
 .debug_line    0x00006baf      0x313 ..\obj\stm32f4xx_gpio.o
 .debug_line    0x00006ec2      0x2c4 ..\obj\porttimer.o
 .debug_line    0x00007186      0x20d ..\obj\usbd_cdc_vcp.o
 .debug_line    0x00007393      0x1a6 ..\obj\list.o
 .debug_line    0x00007539      0x2eb ..\obj\mbrtu.o
 .debug_line    0x00007824      0x200 ..\obj\system_stm32f4xx.o
 .debug_line    0x00007a24      0x194 ..\obj\syscalls.o
 .debug_line    0x00007bb8      0x3d8 ..\obj\adc.o
 .debug_line    0x00007f90      0x2a0 ..\obj\usb_bsp.o
 .debug_line    0x00008230      0x3c1 ..\obj\usbd_req.o
 .debug_line    0x000085f1      0x4ff ..\obj\queue.o
 .debug_line    0x00008af0      0x1bd ..\obj\port.o
 .debug_line    0x00008cad      0x3b0 ..\obj\usb_dcd_int.o
 .debug_line    0x0000905d      0x282 ..\obj\portserial.o
 .debug_line    0x000092df      0x2b5 ..\obj\usbd_cdc_core.o
 .debug_line    0x00009594      0x274 ..\obj\croutine.o
 .debug_line    0x00009808      0x2e1 ..\obj\timer_properties.o
 .debug_line    0x00009ae9      0x428 ..\obj\stm32f4xx_spi.o
 .debug_line    0x00009f11      0x256 ..\obj\mbfunccoils.o
 .debug_line    0x0000a167      0x27d ..\obj\stm32f4xx_exti.o
 .debug_line    0x0000a3e4      0x219 ..\obj\misc.o
 .debug_line    0x0000a5fd      0x323 ..\obj\usb_dcd.o
 .debug_line    0x0000a920      0x135 ..\obj\heap_1.o
 .debug_line    0x0000aa55      0x7eb ..\obj\stm32f4xx_rtc.o
 .debug_line    0x0000b240      0x20d ..\obj\usbd_ioreq.o
 .debug_line    0x0000b44d       0xd5 ..\obj\mbascii.o
 .debug_line    0x0000b522      0xa4d ..\obj\stm32f4xx_tim.o
 .debug_line    0x0000bf6f      0x236 ..\obj\power_detector.o

.debug_loc      0x00000000     0x9637
 .debug_loc     0x00000000      0x144 ..\obj\stm32f4xx_syscfg.o
 .debug_loc     0x00000144      0x7e0 ..\obj\usb_core.o
 .debug_loc     0x00000924       0xe8 ..\obj\delay.o
 .debug_loc     0x00000a0c      0x138 ..\obj\mbport.o
 .debug_loc     0x00000b44      0x150 ..\obj\mb.o
 .debug_loc     0x00000c94      0x10c ..\obj\pid_regulator.o
 .debug_loc     0x00000da0       0x70 ..\obj\protocol.o
 .debug_loc     0x00000e10       0x38 ..\obj\mbfuncdisc.o
 .debug_loc     0x00000e48       0xe8 ..\obj\usbd_usr.o
 .debug_loc     0x00000f30       0x9c ..\obj\portevent.o
 .debug_loc     0x00000fcc       0xa8 ..\obj\buzzer.o
 .debug_loc     0x00001074       0x70 ..\obj\mbfuncother.o
 .debug_loc     0x000010e4      0x658 ..\obj\stm32f4xx_usart.o
 .debug_loc     0x0000173c      0x288 ..\obj\stm32f4xx_pwr.o
 .debug_loc     0x000019c4       0x70 ..\obj\rtc.o
 .debug_loc     0x00001a34       0xa8 ..\obj\mbutils.o
 .debug_loc     0x00001adc       0x64 ..\obj\startup_stm32f4xx.o
 .debug_loc     0x00001b40       0xd4 ..\obj\backup_sram.o
 .debug_loc     0x00001c14      0x138 ..\obj\stm32f4xx_iwdg.o
 .debug_loc     0x00001d4c      0x144 ..\obj\ADS1120.o
 .debug_loc     0x00001e90       0xe0 ..\obj\mbfuncholding.o
 .debug_loc     0x00001f70      0x2d8 ..\obj\usbd_core.o
 .debug_loc     0x00002248      0x10c ..\obj\main.o
 .debug_loc     0x00002354       0x38 ..\obj\mbcrc.o
 .debug_loc     0x0000238c      0x118 ..\obj\uks.o
 .debug_loc     0x000024a4      0x97c ..\obj\stm32f4xx_rcc.o
 .debug_loc     0x00002e20      0x838 ..\obj\stm32f4xx_adc.o
 .debug_loc     0x00003658       0x38 ..\obj\mbfuncinput.o
 .debug_loc     0x00003690      0x3ea ..\obj\printf.o
 .debug_loc     0x00003a7a      0x164 ..\obj\phaze_detector.o
 .debug_loc     0x00003bde       0x70 ..\obj\watchdog.o
 .debug_loc     0x00003c4e       0x70 ..\obj\display.o
 .debug_loc     0x00003cbe      0x42c ..\obj\hd44780.o
 .debug_loc     0x000040ea      0x708 ..\obj\tasks.o
 .debug_loc     0x000047f2      0x188 ..\obj\usbd_desc.o
 .debug_loc     0x0000497a       0x70 ..\obj\keyboard.o
 .debug_loc     0x000049ea      0x310 ..\obj\stm32f4xx_gpio.o
 .debug_loc     0x00004cfa       0xbc ..\obj\porttimer.o
 .debug_loc     0x00004db6      0x138 ..\obj\usbd_cdc_vcp.o
 .debug_loc     0x00004eee      0x118 ..\obj\list.o
 .debug_loc     0x00005006      0x1a8 ..\obj\mbrtu.o
 .debug_loc     0x000051ae       0x9c ..\obj\system_stm32f4xx.o
 .debug_loc     0x0000524a      0x1ec ..\obj\syscalls.o
 .debug_loc     0x00005436       0xa9 ..\obj\adc.o
 .debug_loc     0x000054df      0x138 ..\obj\usb_bsp.o
 .debug_loc     0x00005617      0x310 ..\obj\usbd_req.o
 .debug_loc     0x00005927      0x3b8 ..\obj\queue.o
 .debug_loc     0x00005cdf      0x178 ..\obj\port.o
 .debug_loc     0x00005e57      0x2d8 ..\obj\usb_dcd_int.o
 .debug_loc     0x0000612f      0x170 ..\obj\portserial.o
 .debug_loc     0x0000629f      0x224 ..\obj\usbd_cdc_core.o
 .debug_loc     0x000064c3      0x188 ..\obj\croutine.o
 .debug_loc     0x0000664b       0xe0 ..\obj\timer_properties.o
 .debug_loc     0x0000672b      0x578 ..\obj\stm32f4xx_spi.o
 .debug_loc     0x00006ca3       0xa8 ..\obj\mbfunccoils.o
 .debug_loc     0x00006d4b      0x1b4 ..\obj\stm32f4xx_exti.o
 .debug_loc     0x00006eff      0x118 ..\obj\misc.o
 .debug_loc     0x00007017      0x2d8 ..\obj\usb_dcd.o
 .debug_loc     0x000072ef       0xc8 ..\obj\heap_1.o
 .debug_loc     0x000073b7      0xc48 ..\obj\stm32f4xx_rtc.o
 .debug_loc     0x00007fff      0x188 ..\obj\usbd_ioreq.o
 .debug_loc     0x00008187     0x1420 ..\obj\stm32f4xx_tim.o
 .debug_loc     0x000095a7       0x90 ..\obj\power_detector.o

.debug_pubnames
                0x00000000     0x40ee
 .debug_pubnames
                0x00000000       0xc3 ..\obj\stm32f4xx_syscfg.o
 .debug_pubnames
                0x000000c3      0x364 ..\obj\usb_core.o
 .debug_pubnames
                0x00000427       0xc4 ..\obj\delay.o
 .debug_pubnames
                0x000004eb      0x126 ..\obj\mbport.o
 .debug_pubnames
                0x00000611       0xf8 ..\obj\mb.o
 .debug_pubnames
                0x00000709       0x8c ..\obj\pid_regulator.o
 .debug_pubnames
                0x00000795       0x24 ..\obj\protocol.o
 .debug_pubnames
                0x000007b9       0x30 ..\obj\mbfuncdisc.o
 .debug_pubnames
                0x000007e9       0x9e ..\obj\usbd_usr.o
 .debug_pubnames
                0x00000887       0x50 ..\obj\portevent.o
 .debug_pubnames
                0x000008d7       0x62 ..\obj\buzzer.o
 .debug_pubnames
                0x00000939       0x3d ..\obj\mbfuncother.o
 .debug_pubnames
                0x00000976      0x294 ..\obj\stm32f4xx_usart.o
 .debug_pubnames
                0x00000c0a      0x120 ..\obj\stm32f4xx_pwr.o
 .debug_pubnames
                0x00000d2a       0x46 ..\obj\rtc.o
 .debug_pubnames
                0x00000d70       0x52 ..\obj\mbutils.o
 .debug_pubnames
                0x00000dc2       0x4a ..\obj\startup_stm32f4xx.o
 .debug_pubnames
                0x00000e0c       0x6c ..\obj\backup_sram.o
 .debug_pubnames
                0x00000e78       0x91 ..\obj\stm32f4xx_iwdg.o
 .debug_pubnames
                0x00000f09       0x9f ..\obj\ADS1120.o
 .debug_pubnames
                0x00000fa8       0xa5 ..\obj\mbfuncholding.o
 .debug_pubnames
                0x0000104d       0x7a ..\obj\usbd_core.o
 .debug_pubnames
                0x000010c7       0xa0 ..\obj\main.o
 .debug_pubnames
                0x00001167       0x20 ..\obj\mbcrc.o
 .debug_pubnames
                0x00001187       0x97 ..\obj\uks.o
 .debug_pubnames
                0x0000121e      0x417 ..\obj\stm32f4xx_rcc.o
 .debug_pubnames
                0x00001635      0x446 ..\obj\stm32f4xx_adc.o
 .debug_pubnames
                0x00001a7b       0x2f ..\obj\mbfuncinput.o
 .debug_pubnames
                0x00001aaa      0x101 ..\obj\printf.o
 .debug_pubnames
                0x00001bab       0xc9 ..\obj\phaze_detector.o
 .debug_pubnames
                0x00001c74       0x35 ..\obj\watchdog.o
 .debug_pubnames
                0x00001ca9       0x46 ..\obj\display.o
 .debug_pubnames
                0x00001cef      0x1bb ..\obj\hd44780.o
 .debug_pubnames
                0x00001eaa      0x275 ..\obj\tasks.o
 .debug_pubnames
                0x0000211f      0x152 ..\obj\usbd_desc.o
 .debug_pubnames
                0x00002271       0x24 ..\obj\keyboard.o
 .debug_pubnames
                0x00002295      0x12d ..\obj\stm32f4xx_gpio.o
 .debug_pubnames
                0x000023c2       0x6d ..\obj\porttimer.o
 .debug_pubnames
                0x0000242f       0xa1 ..\obj\usbd_cdc_vcp.o
 .debug_pubnames
                0x000024d0       0x71 ..\obj\list.o
 .debug_pubnames
                0x00002541       0xc3 ..\obj\mbrtu.o
 .debug_pubnames
                0x00002604       0x61 ..\obj\system_stm32f4xx.o
 .debug_pubnames
                0x00002665       0x71 ..\obj\syscalls.o
 .debug_pubnames
                0x000026d6       0x64 ..\obj\adc.o
 .debug_pubnames
                0x0000273a       0xa6 ..\obj\usb_bsp.o
 .debug_pubnames
                0x000027e0       0xd7 ..\obj\usbd_req.o
 .debug_pubnames
                0x000028b7      0x145 ..\obj\queue.o
 .debug_pubnames
                0x000029fc      0x101 ..\obj\port.o
 .debug_pubnames
                0x00002afd       0x2b ..\obj\usb_dcd_int.o
 .debug_pubnames
                0x00002b28       0xab ..\obj\portserial.o
 .debug_pubnames
                0x00002bd3       0xe5 ..\obj\usbd_cdc_core.o
 .debug_pubnames
                0x00002cb8       0x96 ..\obj\croutine.o
 .debug_pubnames
                0x00002d4e       0xb2 ..\obj\timer_properties.o
 .debug_pubnames
                0x00002e00      0x221 ..\obj\stm32f4xx_spi.o
 .debug_pubnames
                0x00003021       0x5a ..\obj\mbfunccoils.o
 .debug_pubnames
                0x0000307b       0xbb ..\obj\stm32f4xx_exti.o
 .debug_pubnames
                0x00003136       0x89 ..\obj\misc.o
 .debug_pubnames
                0x000031bf      0x100 ..\obj\usb_dcd.o
 .debug_pubnames
                0x000032bf       0x64 ..\obj\heap_1.o
 .debug_pubnames
                0x00003323      0x514 ..\obj\stm32f4xx_rtc.o
 .debug_pubnames
                0x00003837       0xb6 ..\obj\usbd_ioreq.o
 .debug_pubnames
                0x000038ed      0x7c4 ..\obj\stm32f4xx_tim.o
 .debug_pubnames
                0x000040b1       0x3d ..\obj\power_detector.o

.debug_pubtypes
                0x00000000     0x4848
 .debug_pubtypes
                0x00000000       0x6d ..\obj\stm32f4xx_syscfg.o
 .debug_pubtypes
                0x0000006d      0x675 ..\obj\usb_core.o
 .debug_pubtypes
                0x000006e2       0xb9 ..\obj\delay.o
 .debug_pubtypes
                0x0000079b       0xbb ..\obj\mbport.o
 .debug_pubtypes
                0x00000856      0x147 ..\obj\mb.o
 .debug_pubtypes
                0x0000099d      0x15c ..\obj\pid_regulator.o
 .debug_pubtypes
                0x00000af9       0x40 ..\obj\protocol.o
 .debug_pubtypes
                0x00000b39       0x62 ..\obj\mbfuncdisc.o
 .debug_pubtypes
                0x00000b9b       0x55 ..\obj\usbd_usr.o
 .debug_pubtypes
                0x00000bf0       0x44 ..\obj\portevent.o
 .debug_pubtypes
                0x00000c34       0xea ..\obj\buzzer.o
 .debug_pubtypes
                0x00000d1e       0x82 ..\obj\mbfuncother.o
 .debug_pubtypes
                0x00000da0       0xcd ..\obj\stm32f4xx_usart.o
 .debug_pubtypes
                0x00000e6d       0x84 ..\obj\stm32f4xx_pwr.o
 .debug_pubtypes
                0x00000ef1       0x73 ..\obj\rtc.o
 .debug_pubtypes
                0x00000f64       0x6d ..\obj\mbutils.o
 .debug_pubtypes
                0x00000fd1       0x5b ..\obj\backup_sram.o
 .debug_pubtypes
                0x0000102c       0x64 ..\obj\stm32f4xx_iwdg.o
 .debug_pubtypes
                0x00001090      0x138 ..\obj\ADS1120.o
 .debug_pubtypes
                0x000011c8       0x62 ..\obj\mbfuncholding.o
 .debug_pubtypes
                0x0000122a      0x2df ..\obj\usbd_core.o
 .debug_pubtypes
                0x00001509      0x2ce ..\obj\main.o
 .debug_pubtypes
                0x000017d7       0x40 ..\obj\mbcrc.o
 .debug_pubtypes
                0x00001817       0xa9 ..\obj\uks.o
 .debug_pubtypes
                0x000018c0       0xaa ..\obj\stm32f4xx_rcc.o
 .debug_pubtypes
                0x0000196a       0x12 ..\obj\timers.o
 .debug_pubtypes
                0x0000197c       0xc9 ..\obj\stm32f4xx_adc.o
 .debug_pubtypes
                0x00001a45       0x62 ..\obj\mbfuncinput.o
 .debug_pubtypes
                0x00001aa7      0x139 ..\obj\printf.o
 .debug_pubtypes
                0x00001be0      0x1f5 ..\obj\phaze_detector.o
 .debug_pubtypes
                0x00001dd5       0x53 ..\obj\watchdog.o
 .debug_pubtypes
                0x00001e28       0x72 ..\obj\display.o
 .debug_pubtypes
                0x00001e9a       0xe6 ..\obj\hd44780.o
 .debug_pubtypes
                0x00001f80      0x10c ..\obj\tasks.o
 .debug_pubtypes
                0x0000208c       0x5b ..\obj\usbd_desc.o
 .debug_pubtypes
                0x000020e7       0xee ..\obj\keyboard.o
 .debug_pubtypes
                0x000021d5       0xce ..\obj\stm32f4xx_gpio.o
 .debug_pubtypes
                0x000022a3       0xb6 ..\obj\porttimer.o
 .debug_pubtypes
                0x00002359       0x6d ..\obj\usbd_cdc_vcp.o
 .debug_pubtypes
                0x000023c6       0x7a ..\obj\list.o
 .debug_pubtypes
                0x00002440      0x2f5 ..\obj\mbrtu.o
 .debug_pubtypes
                0x00002735       0x73 ..\obj\system_stm32f4xx.o
 .debug_pubtypes
                0x000027a8       0xaa ..\obj\syscalls.o
 .debug_pubtypes
                0x00002852      0x18d ..\obj\adc.o
 .debug_pubtypes
                0x000029df      0x333 ..\obj\usb_bsp.o
 .debug_pubtypes
                0x00002d12      0x2c8 ..\obj\usbd_req.o
 .debug_pubtypes
                0x00002fda       0xd4 ..\obj\queue.o
 .debug_pubtypes
                0x000030ae       0x33 ..\obj\port.o
 .debug_pubtypes
                0x000030e1      0x5e1 ..\obj\usb_dcd_int.o
 .debug_pubtypes
                0x000036c2      0x2b9 ..\obj\portserial.o
 .debug_pubtypes
                0x0000397b      0x2ae ..\obj\usbd_cdc_core.o
 .debug_pubtypes
                0x00003c29       0xcd ..\obj\croutine.o
 .debug_pubtypes
                0x00003cf6       0x93 ..\obj\timer_properties.o
 .debug_pubtypes
                0x00003d89       0xbc ..\obj\stm32f4xx_spi.o
 .debug_pubtypes
                0x00003e45       0x62 ..\obj\mbfunccoils.o
 .debug_pubtypes
                0x00003ea7       0xae ..\obj\stm32f4xx_exti.o
 .debug_pubtypes
                0x00003f55       0x8c ..\obj\misc.o
 .debug_pubtypes
                0x00003fe1      0x307 ..\obj\usb_dcd.o
 .debug_pubtypes
                0x000042e8       0x2c ..\obj\heap_1.o
 .debug_pubtypes
                0x00004314       0xd8 ..\obj\stm32f4xx_rtc.o
 .debug_pubtypes
                0x000043ec      0x295 ..\obj\usbd_ioreq.o
 .debug_pubtypes
                0x00004681       0x1e ..\obj\mbascii.o
 .debug_pubtypes
                0x0000469f       0xe4 ..\obj\stm32f4xx_tim.o
 .debug_pubtypes
                0x00004783       0xc5 ..\obj\power_detector.o

.debug_aranges  0x00000000     0x1be8
 .debug_aranges
                0x00000000       0x48 ..\obj\stm32f4xx_syscfg.o
 .debug_aranges
                0x00000048      0x138 ..\obj\usb_core.o
 .debug_aranges
                0x00000180       0x40 ..\obj\delay.o
 .debug_aranges
                0x000001c0       0x48 ..\obj\mbport.o
 .debug_aranges
                0x00000208       0x48 ..\obj\mb.o
 .debug_aranges
                0x00000250       0x40 ..\obj\pid_regulator.o
 .debug_aranges
                0x00000290       0x28 ..\obj\protocol.o
 .debug_aranges
                0x000002b8       0x20 ..\obj\mbfuncdisc.o
 .debug_aranges
                0x000002d8       0x40 ..\obj\usbd_usr.o
 .debug_aranges
                0x00000318       0x30 ..\obj\portevent.o
 .debug_aranges
                0x00000348       0x30 ..\obj\buzzer.o
 .debug_aranges
                0x00000378       0x28 ..\obj\mbfuncother.o
 .debug_aranges
                0x000003a0      0x100 ..\obj\stm32f4xx_usart.o
 .debug_aranges
                0x000004a0       0x78 ..\obj\stm32f4xx_pwr.o
 .debug_aranges
                0x00000518       0x28 ..\obj\rtc.o
 .debug_aranges
                0x00000540       0x30 ..\obj\mbutils.o
 .debug_aranges
                0x00000570       0x28 ..\obj\startup_stm32f4xx.o
 .debug_aranges
                0x00000598       0x38 ..\obj\backup_sram.o
 .debug_aranges
                0x000005d0       0x48 ..\obj\stm32f4xx_iwdg.o
 .debug_aranges
                0x00000618       0x48 ..\obj\ADS1120.o
 .debug_aranges
                0x00000660       0x38 ..\obj\mbfuncholding.o
 .debug_aranges
                0x00000698       0x80 ..\obj\usbd_core.o
 .debug_aranges
                0x00000718       0x40 ..\obj\main.o
 .debug_aranges
                0x00000758       0x20 ..\obj\mbcrc.o
 .debug_aranges
                0x00000778       0x40 ..\obj\uks.o
 .debug_aranges
                0x000007b8      0x178 ..\obj\stm32f4xx_rcc.o
 .debug_aranges
                0x00000930      0x148 ..\obj\stm32f4xx_adc.o
 .debug_aranges
                0x00000a78       0x20 ..\obj\mbfuncinput.o
 .debug_aranges
                0x00000a98       0xa0 ..\obj\printf.o
 .debug_aranges
                0x00000b38       0x50 ..\obj\phaze_detector.o
 .debug_aranges
                0x00000b88       0x28 ..\obj\watchdog.o
 .debug_aranges
                0x00000bb0       0x28 ..\obj\display.o
 .debug_aranges
                0x00000bd8       0xc0 ..\obj\hd44780.o
 .debug_aranges
                0x00000c98      0x120 ..\obj\tasks.o
 .debug_aranges
                0x00000db8       0x50 ..\obj\usbd_desc.o
 .debug_aranges
                0x00000e08       0x28 ..\obj\keyboard.o
 .debug_aranges
                0x00000e30       0x88 ..\obj\stm32f4xx_gpio.o
 .debug_aranges
                0x00000eb8       0x38 ..\obj\porttimer.o
 .debug_aranges
                0x00000ef0       0x48 ..\obj\usbd_cdc_vcp.o
 .debug_aranges
                0x00000f38       0x40 ..\obj\list.o
 .debug_aranges
                0x00000f78       0x58 ..\obj\mbrtu.o
 .debug_aranges
                0x00000fd0       0x30 ..\obj\system_stm32f4xx.o
 .debug_aranges
                0x00001000       0x60 ..\obj\syscalls.o
 .debug_aranges
                0x00001060       0x30 ..\obj\adc.o
 .debug_aranges
                0x00001090       0x48 ..\obj\usb_bsp.o
 .debug_aranges
                0x000010d8       0x88 ..\obj\usbd_req.o
 .debug_aranges
                0x00001160       0xa0 ..\obj\queue.o
 .debug_aranges
                0x00001200       0x70 ..\obj\port.o
 .debug_aranges
                0x00001270       0x80 ..\obj\usb_dcd_int.o
 .debug_aranges
                0x000012f0       0x50 ..\obj\portserial.o
 .debug_aranges
                0x00001340       0x68 ..\obj\usbd_cdc_core.o
 .debug_aranges
                0x000013a8       0x50 ..\obj\croutine.o
 .debug_aranges
                0x000013f8       0x38 ..\obj\timer_properties.o
 .debug_aranges
                0x00001430       0xe0 ..\obj\stm32f4xx_spi.o
 .debug_aranges
                0x00001510       0x30 ..\obj\mbfunccoils.o
 .debug_aranges
                0x00001540       0x58 ..\obj\stm32f4xx_exti.o
 .debug_aranges
                0x00001598       0x40 ..\obj\misc.o
 .debug_aranges
                0x000015d8       0x80 ..\obj\usb_dcd.o
 .debug_aranges
                0x00001658       0x38 ..\obj\heap_1.o
 .debug_aranges
                0x00001690      0x1e0 ..\obj\stm32f4xx_rtc.o
 .debug_aranges
                0x00001870       0x50 ..\obj\usbd_ioreq.o
 .debug_aranges
                0x000018c0      0x2f8 ..\obj\stm32f4xx_tim.o
 .debug_aranges
                0x00001bb8       0x30 ..\obj\power_detector.o

.debug_ranges   0x00000000     0x17f8
 .debug_ranges  0x00000000       0x38 ..\obj\stm32f4xx_syscfg.o
 .debug_ranges  0x00000038      0x128 ..\obj\usb_core.o
 .debug_ranges  0x00000160       0x30 ..\obj\delay.o
 .debug_ranges  0x00000190       0x38 ..\obj\mbport.o
 .debug_ranges  0x000001c8       0x38 ..\obj\mb.o
 .debug_ranges  0x00000200       0x30 ..\obj\pid_regulator.o
 .debug_ranges  0x00000230       0x18 ..\obj\protocol.o
 .debug_ranges  0x00000248       0x10 ..\obj\mbfuncdisc.o
 .debug_ranges  0x00000258       0x30 ..\obj\usbd_usr.o
 .debug_ranges  0x00000288       0x20 ..\obj\portevent.o
 .debug_ranges  0x000002a8       0x20 ..\obj\buzzer.o
 .debug_ranges  0x000002c8       0x18 ..\obj\mbfuncother.o
 .debug_ranges  0x000002e0       0xf0 ..\obj\stm32f4xx_usart.o
 .debug_ranges  0x000003d0       0x68 ..\obj\stm32f4xx_pwr.o
 .debug_ranges  0x00000438       0x18 ..\obj\rtc.o
 .debug_ranges  0x00000450       0x20 ..\obj\mbutils.o
 .debug_ranges  0x00000470       0x18 ..\obj\startup_stm32f4xx.o
 .debug_ranges  0x00000488       0x28 ..\obj\backup_sram.o
 .debug_ranges  0x000004b0       0x38 ..\obj\stm32f4xx_iwdg.o
 .debug_ranges  0x000004e8       0x38 ..\obj\ADS1120.o
 .debug_ranges  0x00000520       0x28 ..\obj\mbfuncholding.o
 .debug_ranges  0x00000548       0x70 ..\obj\usbd_core.o
 .debug_ranges  0x000005b8       0x30 ..\obj\main.o
 .debug_ranges  0x000005e8       0x10 ..\obj\mbcrc.o
 .debug_ranges  0x000005f8       0x30 ..\obj\uks.o
 .debug_ranges  0x00000628      0x168 ..\obj\stm32f4xx_rcc.o
 .debug_ranges  0x00000790      0x138 ..\obj\stm32f4xx_adc.o
 .debug_ranges  0x000008c8       0x10 ..\obj\mbfuncinput.o
 .debug_ranges  0x000008d8       0x90 ..\obj\printf.o
 .debug_ranges  0x00000968       0x40 ..\obj\phaze_detector.o
 .debug_ranges  0x000009a8       0x18 ..\obj\watchdog.o
 .debug_ranges  0x000009c0       0x18 ..\obj\display.o
 .debug_ranges  0x000009d8       0xb0 ..\obj\hd44780.o
 .debug_ranges  0x00000a88      0x110 ..\obj\tasks.o
 .debug_ranges  0x00000b98       0x40 ..\obj\usbd_desc.o