Archive member included because of file (symbol)

c:/coocox/coide/gcc/sourcery g++ lite/bin/../lib/gcc/arm-none-eabi/4.5.1/thumb2\libgcc.a(_arm_addsubdf3.o)
                              ..\obj\timer_properties.o (__aeabi_ui2d)
c:/coocox/coide/gcc/sourcery g++ lite/bin/../lib/gcc/arm-none-eabi/4.5.1/thumb2\libgcc.a(_arm_muldivdf3.o)
                              ..\obj\timer_properties.o (__aeabi_ddiv)
c:/coocox/coide/gcc/sourcery g++ lite/bin/../lib/gcc/arm-none-eabi/4.5.1/thumb2\libgcc.a(_arm_cmpdf2.o)
                              ..\obj\timer_properties.o (__aeabi_dcmpeq)
c:/coocox/coide/gcc/sourcery g++ lite/bin/../lib/gcc/arm-none-eabi/4.5.1/thumb2\libgcc.a(_arm_fixunsdfsi.o)
                              ..\obj\timer_properties.o (__aeabi_d2uiz)
c:/coocox/coide/gcc/sourcery g++ lite/bin/../lib/gcc/arm-none-eabi/4.5.1/../../../../arm-none-eabi/lib/thumb2\libc.a(lib_a-memcmp.o)
                              ..\obj\tasks.o (memcmp)
c:/coocox/coide/gcc/sourcery g++ lite/bin/../lib/gcc/arm-none-eabi/4.5.1/../../../../arm-none-eabi/lib/thumb2\libc.a(lib_a-memcpy.o)
                              ..\obj\queue.o (memcpy)
c:/coocox/coide/gcc/sourcery g++ lite/bin/../lib/gcc/arm-none-eabi/4.5.1/../../../../arm-none-eabi/lib/thumb2\libc.a(lib_a-memset.o)
                              ..\obj\tasks.o (memset)
c:/coocox/coide/gcc/sourcery g++ lite/bin/../lib/gcc/arm-none-eabi/4.5.1/../../../../arm-none-eabi/lib/thumb2\libc.a(lib_a-strncpy.o)
                              ..\obj\tasks.o (strncpy)

Allocating common symbols
Common symbol       size              file

uks_device          0x8               ..\obj\uks.o
ADC_result          0x4               ..\obj\ADS1120.o
xBuzzer_Handle      0x4               ..\obj\buzzer.o
adc_reg             0x1               ..\obj\ADS1120.o
HD44780_Opts        0x7               ..\obj\hd44780.o
xSPI_Buf_Mutex      0x4               ..\obj\ADS1120.o
buzz                0x2               ..\obj\buzzer.o
ADC_result_temp     0x4               ..\obj\ADS1120.o
xKeySemaphore       0x4               ..\obj\keyboard.o
xKeyQueue           0x4               ..\obj\keyboard.o
mult                0x4               ..\obj\delay.o
task_watches        0x10              ..\obj\watchdog.o

Discarded input sections

 .text          0x00000000        0x0 ..\obj\stm32f4xx_syscfg.o
 .data          0x00000000        0x0 ..\obj\stm32f4xx_syscfg.o
 .bss           0x00000000        0x0 ..\obj\stm32f4xx_syscfg.o
 .text.SYSCFG_DeInit
                0x00000000       0x20 ..\obj\stm32f4xx_syscfg.o
 .text.SYSCFG_MemoryRemapConfig
                0x00000000       0x20 ..\obj\stm32f4xx_syscfg.o
 .text.SYSCFG_ETH_MediaInterfaceConfig
                0x00000000       0x20 ..\obj\stm32f4xx_syscfg.o
 .text.SYSCFG_CompensationCellCmd
                0x00000000       0x20 ..\obj\stm32f4xx_syscfg.o
 .text.SYSCFG_GetCompensationCellStatus
                0x00000000       0x3c ..\obj\stm32f4xx_syscfg.o
 .text          0x00000000        0x0 ..\obj\delay.o
 .data          0x00000000        0x0 ..\obj\delay.o
 .text.DELAY_EnableDelayTimer
                0x00000000       0x24 ..\obj\delay.o
 .text.DELAY_DisableDelayTimer
                0x00000000       0x14 ..\obj\delay.o
 COMMON         0x00000000        0x4 ..\obj\delay.o
 .text          0x00000000        0x0 ..\obj\buzzer.o
 .data          0x00000000        0x0 ..\obj\buzzer.o
 .bss           0x00000000        0x0 ..\obj\buzzer.o
 .text.Buzzer_Task
                0x00000000      0x244 ..\obj\buzzer.o
 .text.Buzzer_Set_Buzz
                0x00000000       0xc0 ..\obj\buzzer.o
 COMMON         0x00000000        0x6 ..\obj\buzzer.o
 .text          0x00000000        0x0 ..\obj\stm32f4xx_pwr.o
 .data          0x00000000        0x0 ..\obj\stm32f4xx_pwr.o
 .bss           0x00000000        0x0 ..\obj\stm32f4xx_pwr.o
 .text.PWR_DeInit
                0x00000000       0x20 ..\obj\stm32f4xx_pwr.o
 .text.PWR_BackupAccessCmd
                0x00000000       0x20 ..\obj\stm32f4xx_pwr.o
 .text.PWR_PVDLevelConfig
                0x00000000       0x44 ..\obj\stm32f4xx_pwr.o
 .text.PWR_PVDCmd
                0x00000000       0x20 ..\obj\stm32f4xx_pwr.o
 .text.PWR_WakeUpPinCmd
                0x00000000       0x20 ..\obj\stm32f4xx_pwr.o
 .text.PWR_BackupRegulatorCmd
                0x00000000       0x20 ..\obj\stm32f4xx_pwr.o
 .text.PWR_MainRegulatorModeConfig
                0x00000000       0x4c ..\obj\stm32f4xx_pwr.o
 .text.PWR_FlashPowerDownCmd
                0x00000000       0x20 ..\obj\stm32f4xx_pwr.o
 .text.PWR_EnterSTOPMode
                0x00000000       0x84 ..\obj\stm32f4xx_pwr.o
 .text.PWR_EnterSTANDBYMode
                0x00000000       0x54 ..\obj\stm32f4xx_pwr.o
 .text.PWR_GetFlagStatus
                0x00000000       0x40 ..\obj\stm32f4xx_pwr.o
 .text.PWR_ClearFlag
                0x00000000       0x34 ..\obj\stm32f4xx_pwr.o
 .text          0x00000000        0x0 ..\obj\rtc.o
 .data          0x00000000        0x0 ..\obj\rtc.o
 .bss           0x00000000        0x8 ..\obj\rtc.o
 .rodata        0x00000000        0x4 ..\obj\rtc.o
 .text.RTC_Clock_Init
                0x00000000       0xe0 ..\obj\rtc.o
 .text.RTC_Task
                0x00000000       0x6c ..\obj\rtc.o
 .text          0x00000000        0x0 ..\obj\startup_stm32f4xx.o
 .data          0x00000000        0x0 ..\obj\startup_stm32f4xx.o
 .bss           0x00000000        0x0 ..\obj\startup_stm32f4xx.o
 .text          0x00000000        0x0 ..\obj\backup_sram.o
 .data          0x00000000        0x0 ..\obj\backup_sram.o
 .bss           0x00000000        0x0 ..\obj\backup_sram.o
 .text.Backup_SRAM_Init
                0x00000000       0x20 ..\obj\backup_sram.o
 .text.Backup_SRAM_Write_Reg
                0x00000000       0x5c ..\obj\backup_sram.o
 .text.Backup_SRAM_Write
                0x00000000       0x90 ..\obj\backup_sram.o
 .text.Backup_SRAM_Read
                0x00000000       0x78 ..\obj\backup_sram.o
 .text          0x00000000        0x0 ..\obj\stm32f4xx_iwdg.o
 .data          0x00000000        0x0 ..\obj\stm32f4xx_iwdg.o
 .bss           0x00000000        0x0 ..\obj\stm32f4xx_iwdg.o
 .text.IWDG_WriteAccessCmd
                0x00000000       0x20 ..\obj\stm32f4xx_iwdg.o
 .text.IWDG_SetPrescaler
                0x00000000       0x20 ..\obj\stm32f4xx_iwdg.o
 .text.IWDG_SetReload
                0x00000000       0x20 ..\obj\stm32f4xx_iwdg.o
 .text.IWDG_ReloadCounter
                0x00000000       0x18 ..\obj\stm32f4xx_iwdg.o
 .text.IWDG_Enable
                0x00000000       0x18 ..\obj\stm32f4xx_iwdg.o
 .text.IWDG_GetFlagStatus
                0x00000000       0x44 ..\obj\stm32f4xx_iwdg.o
 .text          0x00000000        0x0 ..\obj\ADS1120.o
 .data          0x00000000        0x0 ..\obj\ADS1120.o
 .bss           0x00000000        0x0 ..\obj\ADS1120.o
 .rodata        0x00000000       0x10 ..\obj\ADS1120.o
 .text.ADS1120_init
                0x00000000       0x4c ..\obj\ADS1120.o
 .text.SPI2_config
                0x00000000      0x170 ..\obj\ADS1120.o
 .text.SPI2_send
                0x00000000       0x60 ..\obj\ADS1120.o
 .text.SPI2_read
                0x00000000       0x14 ..\obj\ADS1120.o
 .text.ADS1120_task
                0x00000000      0x170 ..\obj\ADS1120.o
 COMMON         0x00000000       0x10 ..\obj\ADS1120.o
 .text          0x00000000        0x0 ..\obj\main.o
 .data          0x00000000        0x0 ..\obj\main.o
 .bss           0x00000000        0x0 ..\obj\main.o
 .text.vApplicationTickHook
                0x00000000       0x18 ..\obj\main.o
 .text          0x00000000        0x0 ..\obj\uks.o
 .data          0x00000000        0x0 ..\obj\uks.o
 .bss           0x00000000        0x0 ..\obj\uks.o
 COMMON         0x00000000        0x8 ..\obj\uks.o
 .text          0x00000000        0x0 ..\obj\stm32f4xx_rcc.o
 .bss           0x00000000        0x0 ..\obj\stm32f4xx_rcc.o
 .text.RCC_DeInit
                0x00000000       0x84 ..\obj\stm32f4xx_rcc.o
 .text.RCC_AdjustHSICalibrationValue
                0x00000000       0x48 ..\obj\stm32f4xx_rcc.o
 .text.RCC_HSICmd
                0x00000000       0x20 ..\obj\stm32f4xx_rcc.o
 .text.RCC_LSEConfig
                0x00000000       0x5c ..\obj\stm32f4xx_rcc.o
 .text.RCC_LSICmd
                0x00000000       0x20 ..\obj\stm32f4xx_rcc.o
 .text.RCC_PLLConfig
                0x00000000       0x4c ..\obj\stm32f4xx_rcc.o
 .text.RCC_PLLCmd
                0x00000000       0x20 ..\obj\stm32f4xx_rcc.o
 .text.RCC_PLLI2SConfig
                0x00000000       0x30 ..\obj\stm32f4xx_rcc.o
 .text.RCC_PLLI2SCmd
                0x00000000       0x20 ..\obj\stm32f4xx_rcc.o
 .text.RCC_ClockSecuritySystemCmd
                0x00000000       0x20 ..\obj\stm32f4xx_rcc.o
 .text.RCC_MCO1Config
                0x00000000       0x4c ..\obj\stm32f4xx_rcc.o
 .text.RCC_MCO2Config
                0x00000000       0x4c ..\obj\stm32f4xx_rcc.o
 .text.RCC_SYSCLKConfig
                0x00000000       0x44 ..\obj\stm32f4xx_rcc.o
 .text.RCC_GetSYSCLKSource
                0x00000000       0x20 ..\obj\stm32f4xx_rcc.o
 .text.RCC_HCLKConfig
                0x00000000       0x44 ..\obj\stm32f4xx_rcc.o
 .text.RCC_PCLK1Config
                0x00000000       0x44 ..\obj\stm32f4xx_rcc.o
 .text.RCC_PCLK2Config
                0x00000000       0x48 ..\obj\stm32f4xx_rcc.o
 .text.RCC_RTCCLKConfig
                0x00000000       0x7c ..\obj\stm32f4xx_rcc.o
 .text.RCC_RTCCLKCmd
                0x00000000       0x20 ..\obj\stm32f4xx_rcc.o
 .text.RCC_BackupResetCmd
                0x00000000       0x20 ..\obj\stm32f4xx_rcc.o
 .text.RCC_I2SCLKConfig
                0x00000000       0x20 ..\obj\stm32f4xx_rcc.o
 .text.RCC_AHB2PeriphClockCmd
                0x00000000       0x5c ..\obj\stm32f4xx_rcc.o
 .text.RCC_AHB3PeriphClockCmd
                0x00000000       0x5c ..\obj\stm32f4xx_rcc.o
 .text.RCC_AHB1PeriphResetCmd
                0x00000000       0x5c ..\obj\stm32f4xx_rcc.o
 .text.RCC_AHB2PeriphResetCmd
                0x00000000       0x5c ..\obj\stm32f4xx_rcc.o
 .text.RCC_AHB3PeriphResetCmd
                0x00000000       0x5c ..\obj\stm32f4xx_rcc.o
 .text.RCC_APB1PeriphResetCmd
                0x00000000       0x5c ..\obj\stm32f4xx_rcc.o
 .text.RCC_APB2PeriphResetCmd
                0x00000000       0x5c ..\obj\stm32f4xx_rcc.o
 .text.RCC_AHB1PeriphClockLPModeCmd
                0x00000000       0x5c ..\obj\stm32f4xx_rcc.o
 .text.RCC_AHB2PeriphClockLPModeCmd
                0x00000000       0x5c ..\obj\stm32f4xx_rcc.o
 .text.RCC_AHB3PeriphClockLPModeCmd
                0x00000000       0x5c ..\obj\stm32f4xx_rcc.o
 .text.RCC_APB1PeriphClockLPModeCmd
                0x00000000       0x5c ..\obj\stm32f4xx_rcc.o
 .text.RCC_APB2PeriphClockLPModeCmd
                0x00000000       0x5c ..\obj\stm32f4xx_rcc.o
 .text.RCC_ITConfig
                0x00000000       0x64 ..\obj\stm32f4xx_rcc.o
 .text.RCC_ClearFlag
                0x00000000       0x24 ..\obj\stm32f4xx_rcc.o
 .text.RCC_GetITStatus
                0x00000000       0x44 ..\obj\stm32f4xx_rcc.o
 .text.RCC_ClearITPendingBit
                0x00000000       0x20 ..\obj\stm32f4xx_rcc.o
 .text          0x00000000        0x0 ..\obj\timers.o
 .data          0x00000000        0x0 ..\obj\timers.o
 .bss           0x00000000        0x0 ..\obj\timers.o
 .text          0x00000000        0x0 ..\obj\stm32f4xx_adc.o
 .data          0x00000000        0x0 ..\obj\stm32f4xx_adc.o
 .bss           0x00000000        0x0 ..\obj\stm32f4xx_adc.o
 .text.ADC_DeInit
                0x00000000       0x20 ..\obj\stm32f4xx_adc.o
 .text.ADC_Init
                0x00000000       0xc4 ..\obj\stm32f4xx_adc.o
 .text.ADC_StructInit
                0x00000000       0x4c ..\obj\stm32f4xx_adc.o
 .text.ADC_CommonInit
                0x00000000       0x60 ..\obj\stm32f4xx_adc.o
 .text.ADC_CommonStructInit
                0x00000000       0x34 ..\obj\stm32f4xx_adc.o
 .text.ADC_Cmd  0x00000000       0x38 ..\obj\stm32f4xx_adc.o
 .text.ADC_AnalogWatchdogCmd
                0x00000000       0x3c ..\obj\stm32f4xx_adc.o
 .text.ADC_AnalogWatchdogThresholdsConfig
                0x00000000       0x28 ..\obj\stm32f4xx_adc.o
 .text.ADC_AnalogWatchdogSingleChannelConfig
                0x00000000       0x3c ..\obj\stm32f4xx_adc.o
 .text.ADC_TempSensorVrefintCmd
                0x00000000       0x4c ..\obj\stm32f4xx_adc.o
 .text.ADC_VBATCmd
                0x00000000       0x4c ..\obj\stm32f4xx_adc.o
 .text.ADC_RegularChannelConfig
                0x00000000      0x1d0 ..\obj\stm32f4xx_adc.o
 .text.ADC_SoftwareStartConv
                0x00000000       0x20 ..\obj\stm32f4xx_adc.o
 .text.ADC_GetSoftwareStartConvStatus
                0x00000000       0x38 ..\obj\stm32f4xx_adc.o
 .text.ADC_EOCOnEachRegularChannelCmd
                0x00000000       0x38 ..\obj\stm32f4xx_adc.o
 .text.ADC_ContinuousModeCmd
                0x00000000       0x38 ..\obj\stm32f4xx_adc.o
 .text.ADC_DiscModeChannelCountConfig
                0x00000000       0x4c ..\obj\stm32f4xx_adc.o
 .text.ADC_DiscModeCmd
                0x00000000       0x38 ..\obj\stm32f4xx_adc.o
 .text.ADC_GetConversionValue
                0x00000000       0x1c ..\obj\stm32f4xx_adc.o
 .text.ADC_GetMultiModeConversionValue
                0x00000000       0x18 ..\obj\stm32f4xx_adc.o
 .text.ADC_DMACmd
                0x00000000       0x38 ..\obj\stm32f4xx_adc.o
 .text.ADC_DMARequestAfterLastTransferCmd
                0x00000000       0x38 ..\obj\stm32f4xx_adc.o
 .text.ADC_MultiModeDMARequestAfterLastTransferCmd
                0x00000000       0x4c ..\obj\stm32f4xx_adc.o
 .text.ADC_InjectedChannelConfig
                0x00000000      0x150 ..\obj\stm32f4xx_adc.o
 .text.ADC_InjectedSequencerLengthConfig
                0x00000000       0x4c ..\obj\stm32f4xx_adc.o
 .text.ADC_SetInjectedOffset
                0x00000000       0x34 ..\obj\stm32f4xx_adc.o
 .text.ADC_ExternalTrigInjectedConvConfig
                0x00000000       0x38 ..\obj\stm32f4xx_adc.o
 .text.ADC_ExternalTrigInjectedConvEdgeConfig
                0x00000000       0x38 ..\obj\stm32f4xx_adc.o
 .text.ADC_SoftwareStartInjectedConv
                0x00000000       0x20 ..\obj\stm32f4xx_adc.o
 .text.ADC_GetSoftwareStartInjectedConvCmdStatus
                0x00000000       0x38 ..\obj\stm32f4xx_adc.o
 .text.ADC_AutoInjectedConvCmd
                0x00000000       0x38 ..\obj\stm32f4xx_adc.o
 .text.ADC_InjectedDiscModeCmd
                0x00000000       0x38 ..\obj\stm32f4xx_adc.o
 .text.ADC_GetInjectedConversionValue
                0x00000000       0x34 ..\obj\stm32f4xx_adc.o
 .text.ADC_ITConfig
                0x00000000       0x5c ..\obj\stm32f4xx_adc.o
 .text.ADC_GetFlagStatus
                0x00000000       0x40 ..\obj\stm32f4xx_adc.o
 .text.ADC_ClearFlag
                0x00000000       0x20 ..\obj\stm32f4xx_adc.o
 .text.ADC_GetITStatus
                0x00000000       0x74 ..\obj\stm32f4xx_adc.o
 .text.ADC_ClearITPendingBit
                0x00000000       0x30 ..\obj\stm32f4xx_adc.o
 .text          0x00000000        0x0 ..\obj\phaze_detector.o
 .data          0x00000000        0x0 ..\obj\phaze_detector.o
 .text          0x00000000        0x0 ..\obj\watchdog.o
 .data          0x00000000        0x0 ..\obj\watchdog.o
 .bss           0x00000000        0x0 ..\obj\watchdog.o
 .rodata        0x00000000        0x8 ..\obj\watchdog.o
 .text.Watchdog_Init
                0x00000000       0x90 ..\obj\watchdog.o
 .text.Watchdog_Task
                0x00000000       0x6c ..\obj\watchdog.o
 COMMON         0x00000000       0x10 ..\obj\watchdog.o
 .text          0x00000000        0x0 ..\obj\hd44780.o
 .data          0x00000000        0x0 ..\obj\hd44780.o
 .bss           0x00000000        0x0 ..\obj\hd44780.o
 .text.HD44780_DisplayOff
                0x00000000       0x38 ..\obj\hd44780.o
 .text.HD44780_BlinkOn
                0x00000000       0x38 ..\obj\hd44780.o
 .text.HD44780_BlinkOff
                0x00000000       0x38 ..\obj\hd44780.o
 .text.HD44780_CursorOn
                0x00000000       0x38 ..\obj\hd44780.o
 .text.HD44780_CursorOff
                0x00000000       0x38 ..\obj\hd44780.o
 .text.HD44780_ScrollLeft
                0x00000000       0x10 ..\obj\hd44780.o
 .text.HD44780_ScrollRight
                0x00000000       0x10 ..\obj\hd44780.o
 .text.HD44780_CreateChar
                0x00000000       0x58 ..\obj\hd44780.o
 .text.HD44780_PutCustom
                0x00000000       0x30 ..\obj\hd44780.o
 .text          0x00000000        0x0 ..\obj\tasks.o
 .text.vTaskDelete
                0x00000000       0xc0 ..\obj\tasks.o
 .text.vTaskDelayUntil
                0x00000000       0xd0 ..\obj\tasks.o
 .text.vTaskDelay
                0x00000000       0x5c ..\obj\tasks.o
 .text.vTaskPrioritySet
                0x00000000      0x13c ..\obj\tasks.o
 .text.vTaskSuspend
                0x00000000       0xc0 ..\obj\tasks.o
 .text.xTaskIsTaskSuspended
                0x00000000       0x60 ..\obj\tasks.o
 .text.vTaskResume
                0x00000000       0xbc ..\obj\tasks.o
 .text.xTaskResumeFromISR
                0x00000000       0xe4 ..\obj\tasks.o
 .text.vTaskEndScheduler
                0x00000000       0x20 ..\obj\tasks.o
 .text.xTaskGetTickCount
                0x00000000       0x28 ..\obj\tasks.o
 .text.xTaskGetTickCountFromISR
                0x00000000       0x38 ..\obj\tasks.o
 .text.uxTaskGetNumberOfTasks
                0x00000000       0x18 ..\obj\tasks.o
 .text.vTaskPlaceOnEventList
                0x00000000       0x88 ..\obj\tasks.o
 .text.xTaskRemoveFromEventList
                0x00000000       0xd4 ..\obj\tasks.o
 .text.vTaskSetTimeOutState
                0x00000000       0x40 ..\obj\tasks.o
 .text.xTaskCheckForTimeOut
                0x00000000       0xc4 ..\obj\tasks.o
 .text.vTaskMissedYield
                0x00000000       0x18 ..\obj\tasks.o
 .text.prvAddCurrentTaskToDelayedList
                0x00000000       0x8c ..\obj\tasks.o
 .text.xTaskGetCurrentTaskHandle
                0x00000000       0x20 ..\obj\tasks.o
 .text.vTaskPriorityInherit
                0x00000000       0xe8 ..\obj\tasks.o
 .text.vTaskPriorityDisinherit
                0x00000000       0x90 ..\obj\tasks.o
 .text          0x00000000        0x0 ..\obj\keyboard.o
 .data          0x00000000        0x0 ..\obj\keyboard.o
 .bss           0x00000000        0x0 ..\obj\keyboard.o
 .rodata        0x00000000        0xc ..\obj\keyboard.o
 .text.Keyboard_Init
                0x00000000      0x110 ..\obj\keyboard.o
 .text.vKeyboardTask
                0x00000000      0x224 ..\obj\keyboard.o
 COMMON         0x00000000        0x8 ..\obj\keyboard.o
 .text          0x00000000        0x0 ..\obj\stm32f4xx_gpio.o
 .data          0x00000000        0x0 ..\obj\stm32f4xx_gpio.o
 .bss           0x00000000        0x0 ..\obj\stm32f4xx_gpio.o
 .text.GPIO_DeInit
                0x00000000      0x178 ..\obj\stm32f4xx_gpio.o
 .text.GPIO_StructInit
                0x00000000       0x3c ..\obj\stm32f4xx_gpio.o
 .text.GPIO_PinLockConfig
                0x00000000       0x44 ..\obj\stm32f4xx_gpio.o
 .text.GPIO_ReadInputDataBit
                0x00000000       0x40 ..\obj\stm32f4xx_gpio.o
 .text.GPIO_ReadInputData
                0x00000000       0x1c ..\obj\stm32f4xx_gpio.o
 .text.GPIO_ReadOutputDataBit
                0x00000000       0x40 ..\obj\stm32f4xx_gpio.o
 .text.GPIO_ReadOutputData
                0x00000000       0x1c ..\obj\stm32f4xx_gpio.o
 .text.GPIO_SetBits
                0x00000000       0x1c ..\obj\stm32f4xx_gpio.o
 .text.GPIO_ResetBits
                0x00000000       0x1c ..\obj\stm32f4xx_gpio.o
 .text.GPIO_Write
                0x00000000       0x1c ..\obj\stm32f4xx_gpio.o
 .text.GPIO_ToggleBits
                0x00000000       0x24 ..\obj\stm32f4xx_gpio.o
 .text.GPIO_PinAFConfig
                0x00000000       0xb0 ..\obj\stm32f4xx_gpio.o
 .text          0x00000000        0x0 ..\obj\list.o
 .data          0x00000000        0x0 ..\obj\list.o
 .bss           0x00000000        0x0 ..\obj\list.o
 .text.vListInsert
                0x00000000       0x78 ..\obj\list.o
 .text          0x00000000        0x0 ..\obj\system_stm32f4xx.o
 .bss           0x00000000        0x0 ..\obj\system_stm32f4xx.o
 .text.SystemCoreClockUpdate
                0x00000000      0x178 ..\obj\system_stm32f4xx.o
 .text          0x00000000        0x0 ..\obj\adc.o
 .data          0x00000000        0x0 ..\obj\adc.o
 .bss           0x00000000        0x0 ..\obj\adc.o
 .rodata        0x00000000        0x4 ..\obj\adc.o
 .text.ADC_Channel_Init
                0x00000000      0x108 ..\obj\adc.o
 .text.bubblesort
                0x00000000       0xa4 ..\obj\adc.o
 .text.ADC_Task
                0x00000000       0xb4 ..\obj\adc.o
 .text          0x00000000        0x0 ..\obj\queue.o
 .data          0x00000000        0x0 ..\obj\queue.o
 .bss           0x00000000        0x0 ..\obj\queue.o
 .text.xQueueGenericReset
                0x00000000       0xc0 ..\obj\queue.o
 .text.xQueueGenericCreate
                0x00000000       0x90 ..\obj\queue.o
 .text.xQueueCreateMutex
                0x00000000       0xac ..\obj\queue.o
 .text.xQueueGenericSend
                0x00000000      0x158 ..\obj\queue.o
 .text.xQueueGenericSendFromISR
                0x00000000       0xcc ..\obj\queue.o
 .text.xQueueGenericReceive
                0x00000000      0x1bc ..\obj\queue.o
 .text.xQueueReceiveFromISR
                0x00000000       0xd0 ..\obj\queue.o
 .text.uxQueueMessagesWaiting
                0x00000000       0x34 ..\obj\queue.o
 .text.uxQueueMessagesWaitingFromISR
                0x00000000       0x2c ..\obj\queue.o
 .text.vQueueDelete
                0x00000000       0x30 ..\obj\queue.o
 .text.prvCopyDataToQueue
                0x00000000       0xc4 ..\obj\queue.o
 .text.prvCopyDataFromQueue
                0x00000000       0x50 ..\obj\queue.o
 .text.prvUnlockQueue
                0x00000000       0xa0 ..\obj\queue.o
 .text.prvIsQueueEmpty
                0x00000000       0x2c ..\obj\queue.o
 .text.xQueueIsQueueEmptyFromISR
                0x00000000       0x34 ..\obj\queue.o
 .text.prvIsQueueFull
                0x00000000       0x30 ..\obj\queue.o
 .text.xQueueIsQueueFullFromISR
                0x00000000       0x3c ..\obj\queue.o
 .text          0x00000000        0x0 ..\obj\port.o
 .bss           0x00000000        0x0 ..\obj\port.o
 .rodata        0x00000000        0x4 ..\obj\port.o
 .text.vPortEndScheduler
                0x00000000        0xc ..\obj\port.o
 .text          0x00000000        0x0 ..\obj\croutine.o
 .data          0x00000000        0x0 ..\obj\croutine.o
 .bss           0x00000000       0x80 ..\obj\croutine.o
 .text.xCoRoutineCreate
                0x00000000       0xf4 ..\obj\croutine.o
 .text.vCoRoutineAddToDelayedList
                0x00000000       0xb4 ..\obj\croutine.o
 .text.prvCheckPendingReadyList
                0x00000000       0xa0 ..\obj\croutine.o
 .text.prvCheckDelayedList
                0x00000000      0x170 ..\obj\croutine.o
 .text.vCoRoutineSchedule
                0x00000000       0xf0 ..\obj\croutine.o
 .text.prvInitialiseCoRoutineLists
                0x00000000       0x8c ..\obj\croutine.o
 .text.xCoRoutineRemoveFromEventList
                0x00000000       0x60 ..\obj\croutine.o
 .text          0x00000000        0x0 ..\obj\timer_properties.o
 .data          0x00000000        0x0 ..\obj\timer_properties.o
 .bss           0x00000000        0x0 ..\obj\timer_properties.o
 .text.TIMER_PROPERTIES_DisableClock
                0x00000000      0x198 ..\obj\timer_properties.o
 .text          0x00000000        0x0 ..\obj\stm32f4xx_spi.o
 .data          0x00000000        0x0 ..\obj\stm32f4xx_spi.o
 .bss           0x00000000        0x0 ..\obj\stm32f4xx_spi.o
 .text.SPI_I2S_DeInit
                0x00000000       0x88 ..\obj\stm32f4xx_spi.o
 .text.SPI_Init
                0x00000000       0x98 ..\obj\stm32f4xx_spi.o
 .text.I2S_Init
                0x00000000      0x224 ..\obj\stm32f4xx_spi.o
 .text.SPI_StructInit
                0x00000000       0x5c ..\obj\stm32f4xx_spi.o
 .text.I2S_StructInit
                0x00000000       0x44 ..\obj\stm32f4xx_spi.o
 .text.SPI_Cmd  0x00000000       0x40 ..\obj\stm32f4xx_spi.o
 .text.I2S_Cmd  0x00000000       0x40 ..\obj\stm32f4xx_spi.o
 .text.SPI_DataSizeConfig
                0x00000000       0x38 ..\obj\stm32f4xx_spi.o
 .text.SPI_BiDirectionalLineConfig
                0x00000000       0x40 ..\obj\stm32f4xx_spi.o
 .text.SPI_NSSInternalSoftwareConfig
                0x00000000       0x44 ..\obj\stm32f4xx_spi.o
 .text.SPI_SSOutputCmd
                0x00000000       0x40 ..\obj\stm32f4xx_spi.o
 .text.SPI_TIModeCmd
                0x00000000       0x40 ..\obj\stm32f4xx_spi.o
 .text.I2S_FullDuplexConfig
                0x00000000       0xac ..\obj\stm32f4xx_spi.o
 .text.SPI_I2S_ReceiveData
                0x00000000       0x1c ..\obj\stm32f4xx_spi.o
 .text.SPI_I2S_SendData
                0x00000000       0x1c ..\obj\stm32f4xx_spi.o
 .text.SPI_CalculateCRC
                0x00000000       0x40 ..\obj\stm32f4xx_spi.o
 .text.SPI_TransmitCRC
                0x00000000       0x24 ..\obj\stm32f4xx_spi.o
 .text.SPI_GetCRC
                0x00000000       0x34 ..\obj\stm32f4xx_spi.o
 .text.SPI_GetCRCPolynomial
                0x00000000       0x1c ..\obj\stm32f4xx_spi.o
 .text.SPI_I2S_DMACmd
                0x00000000       0x4c ..\obj\stm32f4xx_spi.o
 .text.SPI_I2S_ITConfig
                0x00000000       0x70 ..\obj\stm32f4xx_spi.o
 .text.SPI_I2S_GetFlagStatus
                0x00000000       0x40 ..\obj\stm32f4xx_spi.o
 .text.SPI_I2S_ClearFlag
                0x00000000       0x24 ..\obj\stm32f4xx_spi.o
 .text.SPI_I2S_GetITStatus
                0x00000000       0x8c ..\obj\stm32f4xx_spi.o
 .text.SPI_I2S_ClearITPendingBit
                0x00000000       0x38 ..\obj\stm32f4xx_spi.o
 .text          0x00000000        0x0 ..\obj\stm32f4xx_exti.o
 .data          0x00000000        0x0 ..\obj\stm32f4xx_exti.o
 .bss           0x00000000        0x0 ..\obj\stm32f4xx_exti.o
 .text.EXTI_DeInit
                0x00000000       0x54 ..\obj\stm32f4xx_exti.o
 .text.EXTI_StructInit
                0x00000000       0x34 ..\obj\stm32f4xx_exti.o
 .text.EXTI_GenerateSWInterrupt
                0x00000000       0x30 ..\obj\stm32f4xx_exti.o
 .text.EXTI_GetFlagStatus
                0x00000000       0x40 ..\obj\stm32f4xx_exti.o
 .text.EXTI_ClearFlag
                0x00000000       0x20 ..\obj\stm32f4xx_exti.o
 .text          0x00000000        0x0 ..\obj\misc.o
 .data          0x00000000        0x0 ..\obj\misc.o
 .bss           0x00000000        0x0 ..\obj\misc.o
 .text.NVIC_SetVectorTable
                0x00000000       0x2c ..\obj\misc.o
 .text.NVIC_SystemLPConfig
                0x00000000       0x5c ..\obj\misc.o
 .text.SysTick_CLKSourceConfig
                0x00000000       0x4c ..\obj\misc.o
 .text          0x00000000        0x0 ..\obj\heap_1.o
 .data          0x00000000        0x0 ..\obj\heap_1.o
 .text.vPortInitialiseBlocks
                0x00000000       0x18 ..\obj\heap_1.o
 .text          0x00000000        0x0 ..\obj\stm32f4xx_rtc.o
 .data          0x00000000        0x0 ..\obj\stm32f4xx_rtc.o
 .bss           0x00000000        0x0 ..\obj\stm32f4xx_rtc.o
 .text.RTC_DeInit
                0x00000000      0x16c ..\obj\stm32f4xx_rtc.o
 .text.RTC_Init
                0x00000000       0xc8 ..\obj\stm32f4xx_rtc.o
 .text.RTC_StructInit
                0x00000000       0x2c ..\obj\stm32f4xx_rtc.o
 .text.RTC_WriteProtectionCmd
                0x00000000       0x48 ..\obj\stm32f4xx_rtc.o
 .text.RTC_EnterInitMode
                0x00000000       0x94 ..\obj\stm32f4xx_rtc.o
 .text.RTC_ExitInitMode
                0x00000000       0x24 ..\obj\stm32f4xx_rtc.o
 .text.RTC_WaitForSynchro
                0x00000000       0xb0 ..\obj\stm32f4xx_rtc.o
 .text.RTC_RefClockCmd
                0x00000000       0x9c ..\obj\stm32f4xx_rtc.o
 .text.RTC_BypassShadowCmd
                0x00000000       0x78 ..\obj\stm32f4xx_rtc.o
 .text.RTC_SetTime
                0x00000000      0x14c ..\obj\stm32f4xx_rtc.o
 .text.RTC_TimeStructInit
                0x00000000       0x34 ..\obj\stm32f4xx_rtc.o
 .text.RTC_GetTime
                0x00000000       0xac ..\obj\stm32f4xx_rtc.o
 .text.RTC_GetSubSecond
                0x00000000       0x30 ..\obj\stm32f4xx_rtc.o
 .text.RTC_SetDate
                0x00000000      0x144 ..\obj\stm32f4xx_rtc.o
 .text.RTC_DateStructInit
                0x00000000       0x34 ..\obj\stm32f4xx_rtc.o
 .text.RTC_GetDate
                0x00000000       0xa8 ..\obj\stm32f4xx_rtc.o
 .text.RTC_SetAlarm
                0x00000000      0x180 ..\obj\stm32f4xx_rtc.o
 .text.RTC_AlarmStructInit
                0x00000000       0x4c ..\obj\stm32f4xx_rtc.o
 .text.RTC_GetAlarm
                0x00000000       0xec ..\obj\stm32f4xx_rtc.o
 .text.RTC_AlarmCmd
                0x00000000       0xf8 ..\obj\stm32f4xx_rtc.o
 .text.RTC_AlarmSubSecondConfig
                0x00000000       0x74 ..\obj\stm32f4xx_rtc.o
 .text.RTC_GetAlarmSubSecond
                0x00000000       0x50 ..\obj\stm32f4xx_rtc.o
 .text.RTC_WakeUpClockConfig
                0x00000000       0x70 ..\obj\stm32f4xx_rtc.o
 .text.RTC_SetWakeUpCounter
                0x00000000       0x48 ..\obj\stm32f4xx_rtc.o
 .text.RTC_GetWakeUpCounter
                0x00000000       0x20 ..\obj\stm32f4xx_rtc.o
 .text.RTC_WakeUpCmd
                0x00000000       0xd8 ..\obj\stm32f4xx_rtc.o
 .text.RTC_DayLightSavingConfig
                0x00000000       0x78 ..\obj\stm32f4xx_rtc.o
 .text.RTC_GetStoreOperation
                0x00000000       0x1c ..\obj\stm32f4xx_rtc.o
 .text.RTC_OutputConfig
                0x00000000       0x78 ..\obj\stm32f4xx_rtc.o
 .text.RTC_CoarseCalibConfig
                0x00000000       0x74 ..\obj\stm32f4xx_rtc.o
 .text.RTC_CoarseCalibCmd
                0x00000000       0x9c ..\obj\stm32f4xx_rtc.o
 .text.RTC_CalibOutputCmd
                0x00000000       0x78 ..\obj\stm32f4xx_rtc.o
 .text.RTC_CalibOutputConfig
                0x00000000       0x70 ..\obj\stm32f4xx_rtc.o
 .text.RTC_SmoothCalibConfig
                0x00000000       0xbc ..\obj\stm32f4xx_rtc.o
 .text.RTC_TimeStampCmd
                0x00000000       0x88 ..\obj\stm32f4xx_rtc.o
 .text.RTC_GetTimeStamp
                0x00000000      0x134 ..\obj\stm32f4xx_rtc.o
 .text.RTC_GetTimeStampSubSecond
                0x00000000       0x18 ..\obj\stm32f4xx_rtc.o
 .text.RTC_TamperTriggerConfig
                0x00000000       0x60 ..\obj\stm32f4xx_rtc.o
 .text.RTC_TamperCmd
                0x00000000       0x5c ..\obj\stm32f4xx_rtc.o
 .text.RTC_TamperFilterConfig
                0x00000000       0x48 ..\obj\stm32f4xx_rtc.o
 .text.RTC_TamperSamplingFreqConfig
                0x00000000       0x48 ..\obj\stm32f4xx_rtc.o
 .text.RTC_TamperPinsPrechargeDuration
                0x00000000       0x48 ..\obj\stm32f4xx_rtc.o
 .text.RTC_TimeStampOnTamperDetectionCmd
                0x00000000       0x4c ..\obj\stm32f4xx_rtc.o
 .text.RTC_TamperPullUpCmd
                0x00000000       0x4c ..\obj\stm32f4xx_rtc.o
 .text.RTC_WriteBackupRegister
                0x00000000       0x38 ..\obj\stm32f4xx_rtc.o
 .text.RTC_ReadBackupRegister
                0x00000000       0x34 ..\obj\stm32f4xx_rtc.o
 .text.RTC_TamperPinSelection
                0x00000000       0x48 ..\obj\stm32f4xx_rtc.o
 .text.RTC_TimeStampPinSelection
                0x00000000       0x48 ..\obj\stm32f4xx_rtc.o
 .text.RTC_OutputTypeConfig
                0x00000000       0x48 ..\obj\stm32f4xx_rtc.o
 .text.RTC_SynchroShiftConfig
                0x00000000       0xe0 ..\obj\stm32f4xx_rtc.o
 .text.RTC_ITConfig
                0x00000000       0xd0 ..\obj\stm32f4xx_rtc.o
 .text.RTC_GetFlagStatus
                0x00000000       0x54 ..\obj\stm32f4xx_rtc.o
 .text.RTC_ClearFlag
                0x00000000       0x40 ..\obj\stm32f4xx_rtc.o
 .text.RTC_GetITStatus
                0x00000000       0x94 ..\obj\stm32f4xx_rtc.o
 .text.RTC_ClearITPendingBit
                0x00000000       0x50 ..\obj\stm32f4xx_rtc.o
 .text.RTC_ByteToBcd2
                0x00000000       0x44 ..\obj\stm32f4xx_rtc.o
 .text.RTC_Bcd2ToByte
                0x00000000       0x40 ..\obj\stm32f4xx_rtc.o
 .text          0x00000000        0x0 ..\obj\stm32f4xx_tim.o
 .data          0x00000000        0x0 ..\obj\stm32f4xx_tim.o
 .bss           0x00000000        0x0 ..\obj\stm32f4xx_tim.o
 .text.TIM_DeInit
                0x00000000      0x238 ..\obj\stm32f4xx_tim.o
 .text.TIM_TimeBaseStructInit
                0x00000000       0x3c ..\obj\stm32f4xx_tim.o
 .text.TIM_PrescalerConfig
                0x00000000       0x28 ..\obj\stm32f4xx_tim.o
 .text.TIM_CounterModeConfig
                0x00000000       0x3c ..\obj\stm32f4xx_tim.o
 .text.TIM_SetCounter
                0x00000000       0x1c ..\obj\stm32f4xx_tim.o
 .text.TIM_SetAutoreload
                0x00000000       0x1c ..\obj\stm32f4xx_tim.o
 .text.TIM_GetCounter
                0x00000000       0x18 ..\obj\stm32f4xx_tim.o
 .text.TIM_GetPrescaler
                0x00000000       0x1c ..\obj\stm32f4xx_tim.o
 .text.TIM_UpdateDisableConfig
                0x00000000       0x40 ..\obj\stm32f4xx_tim.o
 .text.TIM_UpdateRequestConfig
                0x00000000       0x40 ..\obj\stm32f4xx_tim.o
 .text.TIM_ARRPreloadConfig
                0x00000000       0x40 ..\obj\stm32f4xx_tim.o
 .text.TIM_SelectOnePulseMode
                0x00000000       0x38 ..\obj\stm32f4xx_tim.o
 .text.TIM_SetClockDivision
                0x00000000       0x38 ..\obj\stm32f4xx_tim.o
 .text.TIM_OC1Init
                0x00000000      0x10c ..\obj\stm32f4xx_tim.o
 .text.TIM_OC2Init
                0x00000000      0x134 ..\obj\stm32f4xx_tim.o
 .text.TIM_OC3Init
                0x00000000      0x130 ..\obj\stm32f4xx_tim.o
 .text.TIM_OC4Init
                0x00000000       0xe8 ..\obj\stm32f4xx_tim.o
 .text.TIM_OCStructInit
                0x00000000       0x54 ..\obj\stm32f4xx_tim.o
 .text.TIM_SelectOCxM
                0x00000000       0xc8 ..\obj\stm32f4xx_tim.o
 .text.TIM_SetCompare1
                0x00000000       0x1c ..\obj\stm32f4xx_tim.o
 .text.TIM_SetCompare2
                0x00000000       0x1c ..\obj\stm32f4xx_tim.o
 .text.TIM_SetCompare3
                0x00000000       0x1c ..\obj\stm32f4xx_tim.o
 .text.TIM_SetCompare4
                0x00000000       0x1c ..\obj\stm32f4xx_tim.o
 .text.TIM_ForcedOC1Config
                0x00000000       0x3c ..\obj\stm32f4xx_tim.o
 .text.TIM_ForcedOC2Config
                0x00000000       0x40 ..\obj\stm32f4xx_tim.o
 .text.TIM_ForcedOC3Config
                0x00000000       0x3c ..\obj\stm32f4xx_tim.o
 .text.TIM_ForcedOC4Config
                0x00000000       0x40 ..\obj\stm32f4xx_tim.o
 .text.TIM_OC1PreloadConfig
                0x00000000       0x3c ..\obj\stm32f4xx_tim.o
 .text.TIM_OC2PreloadConfig
                0x00000000       0x40 ..\obj\stm32f4xx_tim.o
 .text.TIM_OC3PreloadConfig
                0x00000000       0x3c ..\obj\stm32f4xx_tim.o
 .text.TIM_OC4PreloadConfig
                0x00000000       0x40 ..\obj\stm32f4xx_tim.o
 .text.TIM_OC1FastConfig
                0x00000000       0x3c ..\obj\stm32f4xx_tim.o
 .text.TIM_OC2FastConfig
                0x00000000       0x40 ..\obj\stm32f4xx_tim.o
 .text.TIM_OC3FastConfig
                0x00000000       0x3c ..\obj\stm32f4xx_tim.o
 .text.TIM_OC4FastConfig
                0x00000000       0x40 ..\obj\stm32f4xx_tim.o
 .text.TIM_ClearOC1Ref
                0x00000000       0x3c ..\obj\stm32f4xx_tim.o
 .text.TIM_ClearOC2Ref
                0x00000000       0x44 ..\obj\stm32f4xx_tim.o
 .text.TIM_ClearOC3Ref
                0x00000000       0x3c ..\obj\stm32f4xx_tim.o
 .text.TIM_ClearOC4Ref
                0x00000000       0x44 ..\obj\stm32f4xx_tim.o
 .text.TIM_OC1PolarityConfig
                0x00000000       0x3c ..\obj\stm32f4xx_tim.o
 .text.TIM_OC1NPolarityConfig
                0x00000000       0x3c ..\obj\stm32f4xx_tim.o
 .text.TIM_OC2PolarityConfig
                0x00000000       0x40 ..\obj\stm32f4xx_tim.o
 .text.TIM_OC2NPolarityConfig
                0x00000000       0x40 ..\obj\stm32f4xx_tim.o
 .text.TIM_OC3PolarityConfig
                0x00000000       0x40 ..\obj\stm32f4xx_tim.o
 .text.TIM_OC3NPolarityConfig
                0x00000000       0x40 ..\obj\stm32f4xx_tim.o
 .text.TIM_OC4PolarityConfig
                0x00000000       0x40 ..\obj\stm32f4xx_tim.o
 .text.TIM_CCxCmd
                0x00000000       0x60 ..\obj\stm32f4xx_tim.o
 .text.TIM_CCxNCmd
                0x00000000       0x60 ..\obj\stm32f4xx_tim.o
 .text.TIM_ICInit
                0x00000000       0xa8 ..\obj\stm32f4xx_tim.o
 .text.TIM_ICStructInit
                0x00000000       0x3c ..\obj\stm32f4xx_tim.o
 .text.TIM_PWMIConfig
                0x00000000       0xc4 ..\obj\stm32f4xx_tim.o
 .text.TIM_GetCapture1
                0x00000000       0x18 ..\obj\stm32f4xx_tim.o
 .text.TIM_GetCapture2
                0x00000000       0x18 ..\obj\stm32f4xx_tim.o
 .text.TIM_GetCapture3
                0x00000000       0x18 ..\obj\stm32f4xx_tim.o
 .text.TIM_GetCapture4
                0x00000000       0x18 ..\obj\stm32f4xx_tim.o
 .text.TIM_SetIC1Prescaler
                0x00000000       0x38 ..\obj\stm32f4xx_tim.o
 .text.TIM_SetIC2Prescaler
                0x00000000       0x40 ..\obj\stm32f4xx_tim.o
 .text.TIM_SetIC3Prescaler
                0x00000000       0x38 ..\obj\stm32f4xx_tim.o
 .text.TIM_SetIC4Prescaler
                0x00000000       0x40 ..\obj\stm32f4xx_tim.o
 .text.TIM_BDTRConfig
                0x00000000       0x5c ..\obj\stm32f4xx_tim.o
 .text.TIM_BDTRStructInit
                0x00000000       0x4c ..\obj\stm32f4xx_tim.o
 .text.TIM_CtrlPWMOutputs
                0x00000000       0x50 ..\obj\stm32f4xx_tim.o
 .text.TIM_SelectCOM
                0x00000000       0x40 ..\obj\stm32f4xx_tim.o
 .text.TIM_CCPreloadControl
                0x00000000       0x40 ..\obj\stm32f4xx_tim.o
 .text.TIM_GenerateEvent
                0x00000000       0x1c ..\obj\stm32f4xx_tim.o
 .text.TIM_GetFlagStatus
                0x00000000       0x40 ..\obj\stm32f4xx_tim.o
 .text.TIM_ClearFlag
                0x00000000       0x24 ..\obj\stm32f4xx_tim.o
 .text.TIM_GetITStatus
                0x00000000       0x64 ..\obj\stm32f4xx_tim.o
 .text.TIM_DMAConfig
                0x00000000       0x2c ..\obj\stm32f4xx_tim.o
 .text.TIM_DMACmd
                0x00000000       0x4c ..\obj\stm32f4xx_tim.o
 .text.TIM_SelectCCDMA
                0x00000000       0x40 ..\obj\stm32f4xx_tim.o
 .text.TIM_InternalClockConfig
                0x00000000       0x24 ..\obj\stm32f4xx_tim.o
 .text.TIM_ITRxExternalClockConfig
                0x00000000       0x30 ..\obj\stm32f4xx_tim.o
 .text.TIM_TIxExternalClockConfig
                0x00000000       0x58 ..\obj\stm32f4xx_tim.o
 .text.TIM_ETRClockMode1Config
                0x00000000       0x54 ..\obj\stm32f4xx_tim.o
 .text.TIM_ETRClockMode2Config
                0x00000000       0x34 ..\obj\stm32f4xx_tim.o
 .text.TIM_SelectInputTrigger
                0x00000000       0x3c ..\obj\stm32f4xx_tim.o
 .text.TIM_SelectOutputTrigger
                0x00000000       0x38 ..\obj\stm32f4xx_tim.o
 .text.TIM_SelectSlaveMode
                0x00000000       0x38 ..\obj\stm32f4xx_tim.o
 .text.TIM_SelectMasterSlaveMode
                0x00000000       0x38 ..\obj\stm32f4xx_tim.o
 .text.TIM_ETRConfig
                0x00000000       0x54 ..\obj\stm32f4xx_tim.o
 .text.TIM_EncoderInterfaceConfig
                0x00000000       0x98 ..\obj\stm32f4xx_tim.o
 .text.TIM_SelectHallSensor
                0x00000000       0x40 ..\obj\stm32f4xx_tim.o
 .text.TIM_RemapConfig
                0x00000000       0x20 ..\obj\stm32f4xx_tim.o
 .text.TI1_Config
                0x00000000       0x84 ..\obj\stm32f4xx_tim.o
 .text.TI2_Config
                0x00000000       0xa4 ..\obj\stm32f4xx_tim.o
 .text.TI3_Config
                0x00000000       0x94 ..\obj\stm32f4xx_tim.o
 .text.TI4_Config
                0x00000000       0xac ..\obj\stm32f4xx_tim.o
 .text          0x00000000        0x0 ..\obj\power_detector.o
 .data          0x00000000        0x0 ..\obj\power_detector.o
 .bss           0x00000000        0x0 ..\obj\power_detector.o
 .text.Power_Detector_Init
                0x00000000       0x80 ..\obj\power_detector.o
 .data          0x00000000        0x0 c:/coocox/coide/gcc/sourcery g++ lite/bin/../lib/gcc/arm-none-eabi/4.5.1/thumb2\libgcc.a(_arm_addsubdf3.o)
 .bss           0x00000000        0x0 c:/coocox/coide/gcc/sourcery g++ lite/bin/../lib/gcc/arm-none-eabi/4.5.1/thumb2\libgcc.a(_arm_addsubdf3.o)
 .data          0x00000000        0x0 c:/coocox/coide/gcc/sourcery g++ lite/bin/../lib/gcc/arm-none-eabi/4.5.1/thumb2\libgcc.a(_arm_muldivdf3.o)
 .bss           0x00000000        0x0 c:/coocox/coide/gcc/sourcery g++ lite/bin/../lib/gcc/arm-none-eabi/4.5.1/thumb2\libgcc.a(_arm_muldivdf3.o)
 .data          0x00000000        0x0 c:/coocox/coide/gcc/sourcery g++ lite/bin/../lib/gcc/arm-none-eabi/4.5.1/thumb2\libgcc.a(_arm_cmpdf2.o)
 .bss           0x00000000        0x0 c:/coocox/coide/gcc/sourcery g++ lite/bin/../lib/gcc/arm-none-eabi/4.5.1/thumb2\libgcc.a(_arm_cmpdf2.o)
 .data          0x00000000        0x0 c:/coocox/coide/gcc/sourcery g++ lite/bin/../lib/gcc/arm-none-eabi/4.5.1/thumb2\libgcc.a(_arm_fixunsdfsi.o)
 .bss           0x00000000        0x0 c:/coocox/coide/gcc/sourcery g++ lite/bin/../lib/gcc/arm-none-eabi/4.5.1/thumb2\libgcc.a(_arm_fixunsdfsi.o)
 .data          0x00000000        0x0 c:/coocox/coide/gcc/sourcery g++ lite/bin/../lib/gcc/arm-none-eabi/4.5.1/../../../../arm-none-eabi/lib/thumb2\libc.a(lib_a-memcmp.o)
 .bss           0x00000000        0x0 c:/coocox/coide/gcc/sourcery g++ lite/bin/../lib/gcc/arm-none-eabi/4.5.1/../../../../arm-none-eabi/lib/thumb2\libc.a(lib_a-memcmp.o)
 .text          0x00000000      0x150 c:/coocox/coide/gcc/sourcery g++ lite/bin/../lib/gcc/arm-none-eabi/4.5.1/../../../../arm-none-eabi/lib/thumb2\libc.a(lib_a-memcpy.o)
 .data          0x00000000        0x0 c:/coocox/coide/gcc/sourcery g++ lite/bin/../lib/gcc/arm-none-eabi/4.5.1/../../../../arm-none-eabi/lib/thumb2\libc.a(lib_a-memcpy.o)
 .bss           0x00000000        0x0 c:/coocox/coide/gcc/sourcery g++ lite/bin/../lib/gcc/arm-none-eabi/4.5.1/../../../../arm-none-eabi/lib/thumb2\libc.a(lib_a-memcpy.o)
 .data          0x00000000        0x0 c:/coocox/coide/gcc/sourcery g++ lite/bin/../lib/gcc/arm-none-eabi/4.5.1/../../../../arm-none-eabi/lib/thumb2\libc.a(lib_a-memset.o)
 .bss           0x00000000        0x0 c:/coocox/coide/gcc/sourcery g++ lite/bin/../lib/gcc/arm-none-eabi/4.5.1/../../../../arm-none-eabi/lib/thumb2\libc.a(lib_a-memset.o)
 .data          0x00000000        0x0 c:/coocox/coide/gcc/sourcery g++ lite/bin/../lib/gcc/arm-none-eabi/4.5.1/../../../../arm-none-eabi/lib/thumb2\libc.a(lib_a-strncpy.o)
 .bss           0x00000000        0x0 c:/coocox/coide/gcc/sourcery g++ lite/bin/../lib/gcc/arm-none-eabi/4.5.1/../../../../arm-none-eabi/lib/thumb2\libc.a(lib_a-strncpy.o)

Memory Configuration

Name             Origin             Length             Attributes
rom              0x08000000         0x00100000         xr
ram              0x20000000         0x00020000         xrw
ram1             0x10000000         0x00010000         xrw
*default*        0x00000000         0xffffffff

Linker script and memory map

                0x20020000                _eram = 0x20020000

.text           0x08000000     0x3600
 *(.isr_vector .isr_vector.*)
 .isr_vector    0x08000000      0x188 ..\obj\startup_stm32f4xx.o
                0x08000000                g_pfnVectors
 *(.text .text.* .gnu.linkonce.t.*)
 .text.SYSCFG_EXTILineConfig
                0x08000188       0xb4 ..\obj\stm32f4xx_syscfg.o
                0x08000188                SYSCFG_EXTILineConfig
 .text.TIM2_IRQHandler
                0x0800023c       0x50 ..\obj\delay.o
                0x0800023c                TIM2_IRQHandler
 .text.DELAY_Init
                0x0800028c       0x40 ..\obj\delay.o
                0x0800028c                DELAY_Init
 *fill*         0x080002cc        0x4 00
 .text.DELAY_INT_InitTIM
                0x080002d0       0xd8 ..\obj\delay.o
                0x080002d0                DELAY_INT_InitTIM
 .text.Buzzer_Init
                0x080003a8       0x68 ..\obj\buzzer.o
                0x080003a8                Buzzer_Init
 .text.Default_Reset_Handler
                0x08000410       0x68 ..\obj\startup_stm32f4xx.o
                0x08000410                Default_Reset_Handler
                0x08000410                Reset_Handler
 .text.Default_Handler
                0x08000478        0x8 ..\obj\startup_stm32f4xx.o
                0x08000478                RTC_Alarm_IRQHandler
                0x08000478                HASH_RNG_IRQHandler
                0x08000478                EXTI2_IRQHandler
                0x08000478                TIM8_CC_IRQHandler
                0x08000478                DebugMon_Handler
                0x08000478                TIM1_CC_IRQHandler
                0x08000478                DMA2_Stream5_IRQHandler
                0x08000478                HardFault_Handler
                0x08000478                DMA1_Stream5_IRQHandler
                0x08000478                SDIO_IRQHandler
                0x08000478                TAMP_STAMP_IRQHandler
                0x08000478                NMI_Handler
                0x08000478                CAN2_RX1_IRQHandler
                0x08000478                EXTI3_IRQHandler
                0x08000478                TIM8_TRG_COM_TIM14_IRQHandler
                0x08000478                TIM1_UP_TIM10_IRQHandler
                0x08000478                TIM8_UP_TIM13_IRQHandler
                0x08000478                I2C3_ER_IRQHandler
                0x08000478                I2C2_EV_IRQHandler
                0x08000478                DMA1_Stream2_IRQHandler
                0x08000478                CAN1_RX0_IRQHandler
                0x08000478                FPU_IRQHandler
                0x08000478                OTG_HS_WKUP_IRQHandler
                0x08000478                UsageFault_Handler
                0x08000478                CAN2_SCE_IRQHandler
                0x08000478                DMA2_Stream2_IRQHandler
                0x08000478                SPI1_IRQHandler
                0x08000478                TIM6_DAC_IRQHandler
                0x08000478                TIM1_BRK_TIM9_IRQHandler
                0x08000478                DCMI_IRQHandler
                0x08000478                CAN2_RX0_IRQHandler
                0x08000478                DMA2_Stream3_IRQHandler
                0x08000478                USART6_IRQHandler
                0x08000478                USART3_IRQHandler
                0x08000478                CRYP_IRQHandler
                0x08000478                CAN1_RX1_IRQHandler
                0x08000478                UART5_IRQHandler
                0x08000478                DMA2_Stream0_IRQHandler
                0x08000478                TIM4_IRQHandler
                0x08000478                I2C1_EV_IRQHandler
                0x08000478                DMA1_Stream6_IRQHandler
                0x08000478                DMA1_Stream1_IRQHandler
                0x08000478                UART4_IRQHandler
                0x08000478                TIM3_IRQHandler
                0x08000478                RCC_IRQHandler
                0x08000478                TIM8_BRK_TIM12_IRQHandler
                0x08000478                EXTI15_10_IRQHandler
                0x08000478                ADC_IRQHandler
                0x08000478                DMA1_Stream7_IRQHandler
                0x08000478                TIM7_IRQHandler
                0x08000478                CAN2_TX_IRQHandler
                0x08000478                TIM5_IRQHandler
                0x08000478                DMA2_Stream7_IRQHandler
                0x08000478                I2C3_EV_IRQHandler
                0x08000478                EXTI9_5_IRQHandler
                0x08000478                RTC_WKUP_IRQHandler
                0x08000478                ETH_WKUP_IRQHandler
                0x08000478                SPI2_IRQHandler
                0x08000478                OTG_HS_EP1_IN_IRQHandler
                0x08000478                MemManage_Handler
                0x08000478                DMA1_Stream0_IRQHandler
                0x08000478                CAN1_TX_IRQHandler
                0x08000478                EXTI4_IRQHandler
                0x08000478                FSMC_IRQHandler
                0x08000478                ETH_IRQHandler
                0x08000478                OTG_HS_EP1_OUT_IRQHandler
                0x08000478                WWDG_IRQHandler
                0x08000478                OTG_FS_WKUP_IRQHandler
                0x08000478                TIM1_TRG_COM_TIM11_IRQHandler
                0x08000478                OTG_HS_IRQHandler
                0x08000478                USART2_IRQHandler
                0x08000478                I2C2_ER_IRQHandler
                0x08000478                DMA2_Stream1_IRQHandler
                0x08000478                CAN1_SCE_IRQHandler
                0x08000478                FLASH_IRQHandler
                0x08000478                DMA2_Stream4_IRQHandler
                0x08000478                BusFault_Handler
                0x08000478                USART1_IRQHandler
                0x08000478                OTG_FS_IRQHandler
                0x08000478                SPI3_IRQHandler
                0x08000478                DMA1_Stream4_IRQHandler
                0x08000478                I2C1_ER_IRQHandler
                0x08000478                DMA2_Stream6_IRQHandler
                0x08000478                DMA1_Stream3_IRQHandler
 .text.main     0x08000480       0x74 ..\obj\main.o
                0x08000480                main
 .text.vApplicationMallocFailedHook
                0x080004f4        0x8 ..\obj\main.o
                0x080004f4                vApplicationMallocFailedHook
 .text.vApplicationStackOverflowHook
                0x080004fc        0xc ..\obj\main.o
                0x080004fc                vApplicationStackOverflowHook
 .text.vApplicationIdleHook
                0x08000508       0x18 ..\obj\main.o
                0x08000508                vApplicationIdleHook
 .text.RCC_HSEConfig
                0x08000520       0x30 ..\obj\stm32f4xx_rcc.o
                0x08000520                RCC_HSEConfig
 .text.RCC_WaitForHSEStartUp
                0x08000550       0x64 ..\obj\stm32f4xx_rcc.o
                0x08000550                RCC_WaitForHSEStartUp
 .text.RCC_GetClocksFreq
                0x080005b4      0x1d4 ..\obj\stm32f4xx_rcc.o
                0x080005b4                RCC_GetClocksFreq
 .text.RCC_AHB1PeriphClockCmd
                0x08000788       0x5c ..\obj\stm32f4xx_rcc.o
                0x08000788                RCC_AHB1PeriphClockCmd
 .text.RCC_APB1PeriphClockCmd
                0x080007e4       0x5c ..\obj\stm32f4xx_rcc.o
                0x080007e4                RCC_APB1PeriphClockCmd
 .text.RCC_APB2PeriphClockCmd
                0x08000840       0x5c ..\obj\stm32f4xx_rcc.o
                0x08000840                RCC_APB2PeriphClockCmd
 .text.RCC_GetFlagStatus
                0x0800089c       0x90 ..\obj\stm32f4xx_rcc.o
                0x0800089c                RCC_GetFlagStatus
 .text.NVIC_EnableIRQ
                0x0800092c       0x38 ..\obj\phaze_detector.o
 .text.Phaze_Detector_Init
                0x08000964      0x128 ..\obj\phaze_detector.o
                0x08000964                Phaze_Detector_Init
 .text.EXTI0_IRQHandler
                0x08000a8c       0x9c ..\obj\phaze_detector.o
                0x08000a8c                EXTI0_IRQHandler
 .text.EXTI1_IRQHandler
                0x08000b28       0x1c ..\obj\phaze_detector.o
                0x08000b28                EXTI1_IRQHandler
 .text.Delay    0x08000b44       0x44 ..\obj\hd44780.o
 .text.HD44780_Init
                0x08000b88      0x120 ..\obj\hd44780.o
                0x08000b88                HD44780_Init
 .text.HD44780_InitPins
                0x08000ca8      0x130 ..\obj\hd44780.o
                0x08000ca8                HD44780_InitPins
 .text.HD44780_Clear
                0x08000dd8       0x18 ..\obj\hd44780.o
                0x08000dd8                HD44780_Clear
 .text.HD44780_Cmd
                0x08000df0       0x44 ..\obj\hd44780.o
                0x08000df0                HD44780_Cmd
 .text.HD44780_Data
                0x08000e34       0x44 ..\obj\hd44780.o
                0x08000e34                HD44780_Data
 .text.HD44780_Cmd4bit
                0x08000e78       0xcc ..\obj\hd44780.o
                0x08000e78                HD44780_Cmd4bit
 .text.HD44780_CursorSet
                0x08000f44       0x74 ..\obj\hd44780.o
                0x08000f44                HD44780_CursorSet
 .text.HD44780_Puts
                0x08000fb8      0x114 ..\obj\hd44780.o
                0x08000fb8                HD44780_Puts
 .text.HD44780_DisplayOn
                0x080010cc       0x38 ..\obj\hd44780.o
                0x080010cc                HD44780_DisplayOn
 .text.xTaskGenericCreate
                0x08001104      0x1f8 ..\obj\tasks.o
                0x08001104                xTaskGenericCreate
 .text.vTaskStartScheduler
                0x080012fc       0x84 ..\obj\tasks.o
                0x080012fc                vTaskStartScheduler
 .text.vTaskSuspendAll
                0x08001380       0x24 ..\obj\tasks.o
                0x08001380                vTaskSuspendAll
 .text.xTaskResumeAll
                0x080013a4      0x16c ..\obj\tasks.o
                0x080013a4                xTaskResumeAll
 .text.vTaskIncrementTick
                0x08001510      0x1d0 ..\obj\tasks.o
                0x08001510                vTaskIncrementTick
 .text.vTaskSwitchContext
                0x080016e0      0x168 ..\obj\tasks.o
                0x080016e0                vTaskSwitchContext
 .text.prvIdleTask
                0x08001848       0x24 ..\obj\tasks.o
 .text.prvInitialiseTCBVariables
                0x0800186c       0x7c ..\obj\tasks.o
 .text.prvInitialiseTaskLists
                0x080018e8       0xa4 ..\obj\tasks.o
 .text.prvCheckTasksWaitingTermination
                0x0800198c       0x98 ..\obj\tasks.o
 .text.prvAllocateTCBAndStack
                0x08001a24       0x74 ..\obj\tasks.o
 .text.prvDeleteTCB
                0x08001a98       0x20 ..\obj\tasks.o
 .text.GPIO_Init
                0x08001ab8      0x158 ..\obj\stm32f4xx_gpio.o
                0x08001ab8                GPIO_Init
 .text.GPIO_WriteBit
                0x08001c10       0x30 ..\obj\stm32f4xx_gpio.o
                0x08001c10                GPIO_WriteBit
 .text.vListInitialise
                0x08001c40       0x48 ..\obj\list.o
                0x08001c40                vListInitialise
 .text.vListInitialiseItem
                0x08001c88       0x1c ..\obj\list.o
                0x08001c88                vListInitialiseItem
 .text.vListInsertEnd
                0x08001ca4       0x54 ..\obj\list.o
                0x08001ca4                vListInsertEnd
 .text.vListRemove
                0x08001cf8       0x54 ..\obj\list.o
                0x08001cf8                vListRemove
 .text.SystemInit
                0x08001d4c       0x94 ..\obj\system_stm32f4xx.o
                0x08001d4c                SystemInit
 .text.SetSysClock
                0x08001de0      0x188 ..\obj\system_stm32f4xx.o
 .text.pxPortInitialiseStack
                0x08001f68       0x60 ..\obj\port.o
                0x08001f68                pxPortInitialiseStack
 .text.SVC_Handler
                0x08001fc8       0x20 ..\obj\port.o
                0x08001fc8                SVC_Handler
 .text.vPortStartFirstTask
                0x08001fe8       0x14 ..\obj\port.o
                0x08001fe8                vPortStartFirstTask
 .text.xPortStartScheduler
                0x08001ffc       0x54 ..\obj\port.o
                0x08001ffc                xPortStartScheduler
 .text.vPortYieldFromISR
                0x08002050       0x18 ..\obj\port.o
                0x08002050                vPortYieldFromISR
 .text.vPortEnterCritical
                0x08002068       0x2c ..\obj\port.o
                0x08002068                vPortEnterCritical
 .text.vPortExitCritical
                0x08002094       0x38 ..\obj\port.o
                0x08002094                vPortExitCritical
 .text.PendSV_Handler
                0x080020cc       0x3c ..\obj\port.o
                0x080020cc                PendSV_Handler
 .text.SysTick_Handler
                0x08002108       0x38 ..\obj\port.o
                0x08002108                SysTick_Handler
 .text.prvSetupTimerInterrupt
                0x08002140       0x28 ..\obj\port.o
 .text.TIMER_PROPERTIES_GetTimerProperties
                0x08002168      0x124 ..\obj\timer_properties.o
                0x08002168                TIMER_PROPERTIES_GetTimerProperties
 .text.TIMER_PROPERTIES_GenerateDataForWorkingFrequency
                0x0800228c      0x164 ..\obj\timer_properties.o
                0x0800228c                TIMER_PROPERTIES_GenerateDataForWorkingFrequency
 .text.TIMER_PROPERTIES_EnableClock
                0x080023f0      0x198 ..\obj\timer_properties.o
                0x080023f0                TIMER_PROPERTIES_EnableClock
 .text.EXTI_Init
                0x08002588      0x158 ..\obj\stm32f4xx_exti.o
                0x08002588                EXTI_Init
 .text.EXTI_GetITStatus
                0x080026e0       0x60 ..\obj\stm32f4xx_exti.o
                0x080026e0                EXTI_GetITStatus
 .text.EXTI_ClearITPendingBit
                0x08002740       0x20 ..\obj\stm32f4xx_exti.o
                0x08002740                EXTI_ClearITPendingBit
 .text.NVIC_PriorityGroupConfig
                0x08002760       0x28 ..\obj\misc.o
                0x08002760                NVIC_PriorityGroupConfig
 .text.NVIC_Init
                0x08002788       0xe8 ..\obj\misc.o
                0x08002788                NVIC_Init
 .text.pvPortMalloc
                0x08002870       0xa4 ..\obj\heap_1.o
                0x08002870                pvPortMalloc
 .text.vPortFree
                0x08002914       0x14 ..\obj\heap_1.o
                0x08002914                vPortFree
 .text.xPortGetFreeHeapSize
                0x08002928       0x1c ..\obj\heap_1.o
                0x08002928                xPortGetFreeHeapSize
 .text.TIM_TimeBaseInit
                0x08002944       0xf8 ..\obj\stm32f4xx_tim.o
                0x08002944                TIM_TimeBaseInit
 .text.TIM_Cmd  0x08002a3c       0x40 ..\obj\stm32f4xx_tim.o
                0x08002a3c                TIM_Cmd
 .text.TIM_ITConfig
                0x08002a7c       0x4c ..\obj\stm32f4xx_tim.o
                0x08002a7c                TIM_ITConfig
 .text.TIM_ClearITPendingBit
                0x08002ac8       0x24 ..\obj\stm32f4xx_tim.o
                0x08002ac8                TIM_ClearITPendingBit
 .text.NVIC_SystemReset
                0x08002aec       0x34 ..\obj\power_detector.o
 .text.PVD_IRQHandler
                0x08002b20       0x20 ..\obj\power_detector.o
                0x08002b20                PVD_IRQHandler
 .text          0x08002b40      0x370 c:/coocox/coide/gcc/sourcery g++ lite/bin/../lib/gcc/arm-none-eabi/4.5.1/thumb2\libgcc.a(_arm_addsubdf3.o)
                0x08002b40                __aeabi_drsub
                0x08002b48                __aeabi_dsub
                0x08002b48                __subdf3
                0x08002b4c                __aeabi_dadd
                0x08002b4c                __adddf3
                0x08002dc4                __floatunsidf
                0x08002dc4                __aeabi_ui2d
                0x08002de4                __floatsidf
                0x08002de4                __aeabi_i2d
                0x08002e08                __aeabi_f2d
                0x08002e08                __extendsfdf2
                0x08002e44                __floatundidf
                0x08002e44                __aeabi_ul2d
                0x08002e54                __floatdidf
                0x08002e54                __aeabi_l2d
 .text          0x08002eb0      0x424 c:/coocox/coide/gcc/sourcery g++ lite/bin/../lib/gcc/arm-none-eabi/4.5.1/thumb2\libgcc.a(_arm_muldivdf3.o)
                0x08002eb0                __aeabi_dmul
                0x08002eb0                __muldf3
                0x08003104                __divdf3
                0x08003104                __aeabi_ddiv
 .text          0x080032d4      0x110 c:/coocox/coide/gcc/sourcery g++ lite/bin/../lib/gcc/arm-none-eabi/4.5.1/thumb2\libgcc.a(_arm_cmpdf2.o)
                0x080032d4                __gtdf2
                0x080032d4                __gedf2
                0x080032dc                __ltdf2
                0x080032dc                __ledf2
                0x080032e4                __nedf2
                0x080032e4                __eqdf2
                0x080032e4                __cmpdf2
                0x08003360                __aeabi_cdrcmple
                0x08003370                __aeabi_cdcmpeq
                0x08003370                __aeabi_cdcmple
                0x08003380                __aeabi_dcmpeq
                0x08003394                __aeabi_dcmplt
                0x080033a8                __aeabi_dcmple
                0x080033bc                __aeabi_dcmpge
                0x080033d0                __aeabi_dcmpgt
 .text          0x080033e4       0x40 c:/coocox/coide/gcc/sourcery g++ lite/bin/../lib/gcc/arm-none-eabi/4.5.1/thumb2\libgcc.a(_arm_fixunsdfsi.o)
                0x080033e4                __aeabi_d2uiz
                0x080033e4                __fixunsdfsi
 .text          0x08003424       0x58 c:/coocox/coide/gcc/sourcery g++ lite/bin/../lib/gcc/arm-none-eabi/4.5.1/../../../../arm-none-eabi/lib/thumb2\libc.a(lib_a-memcmp.o)
                0x08003424                memcmp
 .text          0x0800347c       0xb4 c:/coocox/coide/gcc/sourcery g++ lite/bin/../lib/gcc/arm-none-eabi/4.5.1/../../../../arm-none-eabi/lib/thumb2\libc.a(lib_a-memset.o)
                0x0800347c                memset
 .text          0x08003530       0x7c c:/coocox/coide/gcc/sourcery g++ lite/bin/../lib/gcc/arm-none-eabi/4.5.1/../../../../arm-none-eabi/lib/thumb2\libc.a(lib_a-strncpy.o)
                0x08003530                strncpy
 *(.glue_7t)
 .glue_7t       0x00000000        0x0 linker stubs
 *(.glue_7)
 .glue_7        0x00000000        0x0 linker stubs
 *(.rodata .rodata* .gnu.linkonce.r.*)
 .rodata        0x080035ac       0x34 ..\obj\main.o
 .rodata        0x080035e0        0x4 ..\obj\hd44780.o
 .rodata        0x080035e4       0x1c ..\obj\tasks.o

.vfp11_veneer   0x08003600        0x0
 .vfp11_veneer  0x00000000        0x0 linker stubs

.v4_bx          0x08003600        0x0
 .v4_bx         0x00000000        0x0 linker stubs

.ARM.extab
 *(.ARM.extab* .gnu.linkonce.armextab.*)

.ARM.exidx
 *(.ARM.exidx* .gnu.linkonce.armexidx.*)
                0x08003600                . = ALIGN (0x4)
                0x08003600                _etext = .
                0x08003600                _sidata = .

.data           0x20000000       0x2c load address 0x08003600
                0x20000000                _sdata = .
 *(.data .data.*)
 .data          0x20000000       0x10 ..\obj\stm32f4xx_rcc.o
 .data          0x20000010        0x4 ..\obj\tasks.o
 .data          0x20000014       0x14 ..\obj\system_stm32f4xx.o
                0x20000014                SystemCoreClock
                0x20000018                AHBPrescTable
 .data          0x20000028        0x4 ..\obj\port.o
                0x2000002c                . = ALIGN (0x4)
                0x2000002c                _edata = .

.bss            0x20000030     0x1d28 load address 0x08003630
                0x20000030                _sbss = .
 *(.bss .bss.*)
 .bss           0x20000030       0x10 ..\obj\delay.o
                0x20000030                TimingDelay
                0x20000034                Time
                0x20000038                Time2
                0x2000003c                DELAY_Initialized
 .bss           0x20000040        0x1 ..\obj\phaze_detector.o
                0x20000040                counter
 *fill*         0x20000041        0x3 00
 .bss           0x20000044      0x100 ..\obj\tasks.o
                0x20000044                pxCurrentTCB
 *fill*         0x20000144        0x4 00
 .bss           0x20000148     0x1c08 ..\obj\heap_1.o
 *(COMMON)
 COMMON         0x20001d50        0x7 ..\obj\hd44780.o
                0x20001d50                HD44780_Opts
                0x20001d58                . = ALIGN (0x4)
 *fill*         0x20001d57        0x1 00
                0x20001d58                _ebss = .

.co_stack       0x20001d58      0x800 load address 0x08005358
                0x20001d58                . = ALIGN (0x8)
 *(.co_stack .co_stack.*)
 .co_stack      0x20001d58      0x800 ..\obj\startup_stm32f4xx.o
                0x20001d58                pulStack
                0x20002558                . = ALIGN (0x4)
                0x20002558                _end = .
LOAD ..\obj\stm32f4xx_syscfg.o
LOAD ..\obj\delay.o
LOAD ..\obj\buzzer.o
LOAD ..\obj\stm32f4xx_pwr.o
LOAD ..\obj\rtc.o
LOAD ..\obj\startup_stm32f4xx.o
LOAD ..\obj\backup_sram.o
LOAD ..\obj\stm32f4xx_iwdg.o
LOAD ..\obj\ADS1120.o
LOAD ..\obj\main.o
LOAD ..\obj\uks.o
LOAD ..\obj\stm32f4xx_rcc.o
LOAD ..\obj\timers.o
LOAD ..\obj\stm32f4xx_adc.o
LOAD ..\obj\phaze_detector.o
LOAD ..\obj\watchdog.o
LOAD ..\obj\hd44780.o
LOAD ..\obj\tasks.o
LOAD ..\obj\keyboard.o
LOAD ..\obj\stm32f4xx_gpio.o
LOAD ..\obj\list.o
LOAD ..\obj\system_stm32f4xx.o
LOAD ..\obj\adc.o
LOAD ..\obj\queue.o
LOAD ..\obj\port.o
LOAD ..\obj\croutine.o
LOAD ..\obj\timer_properties.o
LOAD ..\obj\stm32f4xx_spi.o
LOAD ..\obj\stm32f4xx_exti.o
LOAD ..\obj\misc.o
LOAD ..\obj\heap_1.o
LOAD ..\obj\stm32f4xx_rtc.o
LOAD ..\obj\stm32f4xx_tim.o
LOAD ..\obj\power_detector.o
START GROUP
LOAD c:/coocox/coide/gcc/sourcery g++ lite/bin/../lib/gcc/arm-none-eabi/4.5.1/thumb2\libgcc.a
LOAD c:/coocox/coide/gcc/sourcery g++ lite/bin/../lib/gcc/arm-none-eabi/4.5.1/../../../../arm-none-eabi/lib/thumb2\libc.a
END GROUP
OUTPUT(stm32f2_uks.elf elf32-littlearm)

.debug_abbrev   0x00000000     0x2900
 .debug_abbrev  0x00000000      0x12a ..\obj\stm32f4xx_syscfg.o
 .debug_abbrev  0x0000012a      0x125 ..\obj\delay.o
 .debug_abbrev  0x0000024f      0x14a ..\obj\buzzer.o
 .debug_abbrev  0x00000399      0x175 ..\obj\stm32f4xx_pwr.o
 .debug_abbrev  0x0000050e      0x125 ..\obj\rtc.o
 .debug_abbrev  0x00000633       0xac ..\obj\startup_stm32f4xx.o
 .debug_abbrev  0x000006df       0xee ..\obj\backup_sram.o
 .debug_abbrev  0x000007cd       0xfa ..\obj\stm32f4xx_iwdg.o
 .debug_abbrev  0x000008c7      0x17a ..\obj\ADS1120.o
 .debug_abbrev  0x00000a41       0xd1 ..\obj\main.o
 .debug_abbrev  0x00000b12       0x94 ..\obj\uks.o
 .debug_abbrev  0x00000ba6      0x1b7 ..\obj\stm32f4xx_rcc.o
 .debug_abbrev  0x00000d5d       0x28 ..\obj\timers.o
 .debug_abbrev  0x00000d85      0x189 ..\obj\stm32f4xx_adc.o
 .debug_abbrev  0x00000f0e      0x187 ..\obj\phaze_detector.o
 .debug_abbrev  0x00001095      0x108 ..\obj\watchdog.o
 .debug_abbrev  0x0000119d      0x180 ..\obj\hd44780.o
 .debug_abbrev  0x0000131d      0x193 ..\obj\tasks.o
 .debug_abbrev  0x000014b0      0x15a ..\obj\keyboard.o
 .debug_abbrev  0x0000160a      0x182 ..\obj\stm32f4xx_gpio.o
 .debug_abbrev  0x0000178c       0xb6 ..\obj\list.o
 .debug_abbrev  0x00001842      0x140 ..\obj\system_stm32f4xx.o
 .debug_abbrev  0x00001982      0x162 ..\obj\adc.o
 .debug_abbrev  0x00001ae4      0x109 ..\obj\queue.o
 .debug_abbrev  0x00001bed      0x120 ..\obj\port.o
 .debug_abbrev  0x00001d0d      0x186 ..\obj\croutine.o
 .debug_abbrev  0x00001e93      0x106 ..\obj\timer_properties.o
 .debug_abbrev  0x00001f99      0x160 ..\obj\stm32f4xx_spi.o
 .debug_abbrev  0x000020f9      0x198 ..\obj\stm32f4xx_exti.o
 .debug_abbrev  0x00002291      0x126 ..\obj\misc.o
 .debug_abbrev  0x000023b7      0x116 ..\obj\heap_1.o
 .debug_abbrev  0x000024cd      0x16b ..\obj\stm32f4xx_rtc.o
 .debug_abbrev  0x00002638      0x163 ..\obj\stm32f4xx_tim.o
 .debug_abbrev  0x0000279b      0x165 ..\obj\power_detector.o

.debug_info     0x00000000     0xd684
 .debug_info    0x00000000      0x27a ..\obj\stm32f4xx_syscfg.o
 .debug_info    0x0000027a      0x791 ..\obj\delay.o
 .debug_info    0x00000a0b      0x458 ..\obj\buzzer.o
 .debug_info    0x00000e63      0x53e ..\obj\stm32f4xx_pwr.o
 .debug_info    0x000013a1      0x296 ..\obj\rtc.o
 .debug_info    0x00001637      0x147 ..\obj\startup_stm32f4xx.o
 .debug_info    0x0000177e      0x237 ..\obj\backup_sram.o
 .debug_info    0x000019b5      0x20b ..\obj\stm32f4xx_iwdg.o
 .debug_info    0x00001bc0      0x5bf ..\obj\ADS1120.o
 .debug_info    0x0000217f      0x199 ..\obj\main.o
 .debug_info    0x00002318      0x13a ..\obj\uks.o
 .debug_info    0x00002452      0xd24 ..\obj\stm32f4xx_rcc.o
 .debug_info    0x00003176       0x4c ..\obj\timers.o
 .debug_info    0x000031c2      0xcf5 ..\obj\stm32f4xx_adc.o
 .debug_info    0x00003eb7      0x7e1 ..\obj\phaze_detector.o
 .debug_info    0x00004698      0x18a ..\obj\watchdog.o
 .debug_info    0x00004822      0x877 ..\obj\hd44780.o
 .debug_info    0x00005099      0xd75 ..\obj\tasks.o
 .debug_info    0x00005e0e      0x388 ..\obj\keyboard.o
 .debug_info    0x00006196      0x639 ..\obj\stm32f4xx_gpio.o
 .debug_info    0x000067cf      0x2a6 ..\obj\list.o
 .debug_info    0x00006a75      0x61d ..\obj\system_stm32f4xx.o
 .debug_info    0x00007092      0x5df ..\obj\adc.o
 .debug_info    0x00007671      0x7c1 ..\obj\queue.o
 .debug_info    0x00007e32      0x1d7 ..\obj\port.o
 .debug_info    0x00008009      0x4af ..\obj\croutine.o
 .debug_info    0x000084b8      0x4d1 ..\obj\timer_properties.o
 .debug_info    0x00008989      0xbcc ..\obj\stm32f4xx_spi.o
 .debug_info    0x00009555      0x372 ..\obj\stm32f4xx_exti.o
 .debug_info    0x000098c7      0x594 ..\obj\misc.o
 .debug_info    0x00009e5b      0x186 ..\obj\heap_1.o
 .debug_info    0x00009fe1     0x1223 ..\obj\stm32f4xx_rtc.o
 .debug_info    0x0000b204     0x1e28 ..\obj\stm32f4xx_tim.o
 .debug_info    0x0000d02c      0x658 ..\obj\power_detector.o

.debug_line     0x00000000     0x67b3
 .debug_line    0x00000000      0x1e7 ..\obj\stm32f4xx_syscfg.o
 .debug_line    0x000001e7      0x2c3 ..\obj\delay.o
 .debug_line    0x000004aa      0x2c7 ..\obj\buzzer.o
 .debug_line    0x00000771      0x284 ..\obj\stm32f4xx_pwr.o
 .debug_line    0x000009f5      0x213 ..\obj\rtc.o
 .debug_line    0x00000c08       0xa6 ..\obj\startup_stm32f4xx.o
 .debug_line    0x00000cae      0x1e9 ..\obj\backup_sram.o
 .debug_line    0x00000e97      0x1de ..\obj\stm32f4xx_iwdg.o
 .debug_line    0x00001075      0x2d3 ..\obj\ADS1120.o
 .debug_line    0x00001348      0x277 ..\obj\main.o
 .debug_line    0x000015bf      0x152 ..\obj\uks.o
 .debug_line    0x00001711      0x574 ..\obj\stm32f4xx_rcc.o
 .debug_line    0x00001c85       0x1d ..\obj\timers.o
 .debug_line    0x00001ca2      0x528 ..\obj\stm32f4xx_adc.o
 .debug_line    0x000021ca      0x24e ..\obj\phaze_detector.o
 .debug_line    0x00002418      0x1b0 ..\obj\watchdog.o
 .debug_line    0x000025c8      0x406 ..\obj\hd44780.o
 .debug_line    0x000029ce      0x792 ..\obj\tasks.o
 .debug_line    0x00003160      0x2ed ..\obj\keyboard.o
 .debug_line    0x0000344d      0x313 ..\obj\stm32f4xx_gpio.o
 .debug_line    0x00003760      0x1a6 ..\obj\list.o
 .debug_line    0x00003906      0x202 ..\obj\system_stm32f4xx.o
 .debug_line    0x00003b08      0x239 ..\obj\adc.o
 .debug_line    0x00003d41      0x4ff ..\obj\queue.o
 .debug_line    0x00004240      0x1bd ..\obj\port.o
 .debug_line    0x000043fd      0x274 ..\obj\croutine.o
 .debug_line    0x00004671      0x2e1 ..\obj\timer_properties.o
 .debug_line    0x00004952      0x428 ..\obj\stm32f4xx_spi.o
 .debug_line    0x00004d7a      0x27d ..\obj\stm32f4xx_exti.o
 .debug_line    0x00004ff7      0x219 ..\obj\misc.o
 .debug_line    0x00005210      0x135 ..\obj\heap_1.o
 .debug_line    0x00005345      0x7eb ..\obj\stm32f4xx_rtc.o
 .debug_line    0x00005b30      0xa4d ..\obj\stm32f4xx_tim.o
 .debug_line    0x0000657d      0x236 ..\obj\power_detector.o

.debug_loc      0x00000000     0x5f73
 .debug_loc     0x00000000      0x144 ..\obj\stm32f4xx_syscfg.o
 .debug_loc     0x00000144       0xe8 ..\obj\delay.o
 .debug_loc     0x0000022c       0xa8 ..\obj\buzzer.o
 .debug_loc     0x000002d4      0x288 ..\obj\stm32f4xx_pwr.o
 .debug_loc     0x0000055c       0x70 ..\obj\rtc.o
 .debug_loc     0x000005cc       0x64 ..\obj\startup_stm32f4xx.o
 .debug_loc     0x00000630       0xd4 ..\obj\backup_sram.o
 .debug_loc     0x00000704      0x138 ..\obj\stm32f4xx_iwdg.o
 .debug_loc     0x0000083c      0x10c ..\obj\ADS1120.o
 .debug_loc     0x00000948      0x100 ..\obj\main.o
 .debug_loc     0x00000a48      0x97c ..\obj\stm32f4xx_rcc.o
 .debug_loc     0x000013c4      0x838 ..\obj\stm32f4xx_adc.o
 .debug_loc     0x00001bfc       0xc8 ..\obj\phaze_detector.o
 .debug_loc     0x00001cc4       0x70 ..\obj\watchdog.o
 .debug_loc     0x00001d34      0x3bc ..\obj\hd44780.o
 .debug_loc     0x000020f0      0x708 ..\obj\tasks.o
 .debug_loc     0x000027f8       0x70 ..\obj\keyboard.o
 .debug_loc     0x00002868      0x310 ..\obj\stm32f4xx_gpio.o
 .debug_loc     0x00002b78      0x118 ..\obj\list.o
 .debug_loc     0x00002c90       0x9c ..\obj\system_stm32f4xx.o
 .debug_loc     0x00002d2c       0xab ..\obj\adc.o
 .debug_loc     0x00002dd7      0x3b8 ..\obj\queue.o
 .debug_loc     0x0000318f      0x178 ..\obj\port.o
 .debug_loc     0x00003307      0x188 ..\obj\croutine.o
 .debug_loc     0x0000348f       0xe0 ..\obj\timer_properties.o
 .debug_loc     0x0000356f      0x578 ..\obj\stm32f4xx_spi.o
 .debug_loc     0x00003ae7      0x1b4 ..\obj\stm32f4xx_exti.o
 .debug_loc     0x00003c9b      0x118 ..\obj\misc.o
 .debug_loc     0x00003db3       0xc8 ..\obj\heap_1.o
 .debug_loc     0x00003e7b      0xc48 ..\obj\stm32f4xx_rtc.o
 .debug_loc     0x00004ac3     0x1420 ..\obj\stm32f4xx_tim.o
 .debug_loc     0x00005ee3       0x90 ..\obj\power_detector.o

.debug_pubnames
                0x00000000     0x29a8
 .debug_pubnames
                0x00000000       0xc3 ..\obj\stm32f4xx_syscfg.o
 .debug_pubnames
                0x000000c3       0xc4 ..\obj\delay.o
 .debug_pubnames
                0x00000187       0x62 ..\obj\buzzer.o
 .debug_pubnames
                0x000001e9      0x120 ..\obj\stm32f4xx_pwr.o
 .debug_pubnames
                0x00000309       0x46 ..\obj\rtc.o
 .debug_pubnames
                0x0000034f       0x4a ..\obj\startup_stm32f4xx.o
 .debug_pubnames
                0x00000399       0x6c ..\obj\backup_sram.o
 .debug_pubnames
                0x00000405       0x91 ..\obj\stm32f4xx_iwdg.o
 .debug_pubnames
                0x00000496       0x81 ..\obj\ADS1120.o
 .debug_pubnames
                0x00000517       0x90 ..\obj\main.o
 .debug_pubnames
                0x000005a7       0x21 ..\obj\uks.o
 .debug_pubnames
                0x000005c8      0x417 ..\obj\stm32f4xx_rcc.o
 .debug_pubnames
                0x000009df      0x446 ..\obj\stm32f4xx_adc.o
 .debug_pubnames
                0x00000e25       0x60 ..\obj\phaze_detector.o
 .debug_pubnames
                0x00000e85       0x35 ..\obj\watchdog.o
 .debug_pubnames
                0x00000eba      0x194 ..\obj\hd44780.o
 .debug_pubnames
                0x0000104e      0x275 ..\obj\tasks.o
 .debug_pubnames
                0x000012c3       0x44 ..\obj\keyboard.o
 .debug_pubnames
                0x00001307      0x12d ..\obj\stm32f4xx_gpio.o
 .debug_pubnames
                0x00001434       0x71 ..\obj\list.o
 .debug_pubnames
                0x000014a5       0x61 ..\obj\system_stm32f4xx.o
 .debug_pubnames
                0x00001506       0x36 ..\obj\adc.o
 .debug_pubnames
                0x0000153c      0x145 ..\obj\queue.o
 .debug_pubnames
                0x00001681      0x101 ..\obj\port.o
 .debug_pubnames
                0x00001782       0x96 ..\obj\croutine.o
 .debug_pubnames
                0x00001818       0xb2 ..\obj\timer_properties.o
 .debug_pubnames
                0x000018ca      0x221 ..\obj\stm32f4xx_spi.o
 .debug_pubnames
                0x00001aeb       0xbb ..\obj\stm32f4xx_exti.o
 .debug_pubnames
                0x00001ba6       0x89 ..\obj\misc.o
 .debug_pubnames
                0x00001c2f       0x64 ..\obj\heap_1.o
 .debug_pubnames
                0x00001c93      0x514 ..\obj\stm32f4xx_rtc.o
 .debug_pubnames
                0x000021a7      0x7c4 ..\obj\stm32f4xx_tim.o
 .debug_pubnames
                0x0000296b       0x3d ..\obj\power_detector.o

.debug_pubtypes
                0x00000000     0x157d
 .debug_pubtypes
                0x00000000       0x6d ..\obj\stm32f4xx_syscfg.o
 .debug_pubtypes
                0x0000006d       0xb9 ..\obj\delay.o
 .debug_pubtypes
                0x00000126       0xea ..\obj\buzzer.o
 .debug_pubtypes
                0x00000210       0x84 ..\obj\stm32f4xx_pwr.o
 .debug_pubtypes
                0x00000294       0x73 ..\obj\rtc.o
 .debug_pubtypes
                0x00000307       0x5b ..\obj\backup_sram.o
 .debug_pubtypes
                0x00000362       0x64 ..\obj\stm32f4xx_iwdg.o
 .debug_pubtypes
                0x000003c6      0x10a ..\obj\ADS1120.o
 .debug_pubtypes
                0x000004d0       0x46 ..\obj\main.o
 .debug_pubtypes
                0x00000516       0x6f ..\obj\uks.o
 .debug_pubtypes
                0x00000585       0xaa ..\obj\stm32f4xx_rcc.o
 .debug_pubtypes
                0x0000062f       0x12 ..\obj\timers.o
 .debug_pubtypes
                0x00000641       0xc9 ..\obj\stm32f4xx_adc.o
 .debug_pubtypes
                0x0000070a      0x150 ..\obj\phaze_detector.o
 .debug_pubtypes
                0x0000085a       0x53 ..\obj\watchdog.o
 .debug_pubtypes
                0x000008ad       0xe6 ..\obj\hd44780.o
 .debug_pubtypes
                0x00000993      0x10c ..\obj\tasks.o
 .debug_pubtypes
                0x00000a9f       0xf7 ..\obj\keyboard.o
 .debug_pubtypes
                0x00000b96       0xce ..\obj\stm32f4xx_gpio.o
 .debug_pubtypes
                0x00000c64       0x7a ..\obj\list.o
 .debug_pubtypes
                0x00000cde       0x83 ..\obj\system_stm32f4xx.o
 .debug_pubtypes
                0x00000d61      0x112 ..\obj\adc.o
 .debug_pubtypes
                0x00000e73       0xd4 ..\obj\queue.o
 .debug_pubtypes
                0x00000f47       0x33 ..\obj\port.o
 .debug_pubtypes
                0x00000f7a       0xcd ..\obj\croutine.o
 .debug_pubtypes
                0x00001047       0x93 ..\obj\timer_properties.o
 .debug_pubtypes
                0x000010da       0xbc ..\obj\stm32f4xx_spi.o
 .debug_pubtypes
                0x00001196       0xae ..\obj\stm32f4xx_exti.o
 .debug_pubtypes
                0x00001244       0x8c ..\obj\misc.o
 .debug_pubtypes
                0x000012d0       0x2c ..\obj\heap_1.o
 .debug_pubtypes
                0x000012fc       0xd8 ..\obj\stm32f4xx_rtc.o
 .debug_pubtypes
                0x000013d4       0xe4 ..\obj\stm32f4xx_tim.o
 .debug_pubtypes
                0x000014b8       0xc5 ..\obj\power_detector.o

.debug_aranges  0x00000000     0x1110
 .debug_aranges
                0x00000000       0x48 ..\obj\stm32f4xx_syscfg.o
 .debug_aranges
                0x00000048       0x40 ..\obj\delay.o
 .debug_aranges
                0x00000088       0x30 ..\obj\buzzer.o
 .debug_aranges
                0x000000b8       0x78 ..\obj\stm32f4xx_pwr.o
 .debug_aranges
                0x00000130       0x28 ..\obj\rtc.o
 .debug_aranges
                0x00000158       0x28 ..\obj\startup_stm32f4xx.o
 .debug_aranges
                0x00000180       0x38 ..\obj\backup_sram.o
 .debug_aranges
                0x000001b8       0x48 ..\obj\stm32f4xx_iwdg.o
 .debug_aranges
                0x00000200       0x40 ..\obj\ADS1120.o
 .debug_aranges
                0x00000240       0x40 ..\obj\main.o
 .debug_aranges
                0x00000280      0x178 ..\obj\stm32f4xx_rcc.o
 .debug_aranges
                0x000003f8      0x148 ..\obj\stm32f4xx_adc.o
 .debug_aranges
                0x00000540       0x38 ..\obj\phaze_detector.o
 .debug_aranges
                0x00000578       0x28 ..\obj\watchdog.o
 .debug_aranges
                0x000005a0       0xb0 ..\obj\hd44780.o
 .debug_aranges
                0x00000650      0x120 ..\obj\tasks.o
 .debug_aranges
                0x00000770       0x28 ..\obj\keyboard.o
 .debug_aranges
                0x00000798       0x88 ..\obj\stm32f4xx_gpio.o
 .debug_aranges
                0x00000820       0x40 ..\obj\list.o
 .debug_aranges
                0x00000860       0x30 ..\obj\system_stm32f4xx.o
 .debug_aranges
                0x00000890       0x30 ..\obj\adc.o
 .debug_aranges
                0x000008c0       0xa0 ..\obj\queue.o
 .debug_aranges
                0x00000960       0x70 ..\obj\port.o
 .debug_aranges
                0x000009d0       0x50 ..\obj\croutine.o
 .debug_aranges
                0x00000a20       0x38 ..\obj\timer_properties.o
 .debug_aranges
                0x00000a58       0xe0 ..\obj\stm32f4xx_spi.o
 .debug_aranges
                0x00000b38       0x58 ..\obj\stm32f4xx_exti.o
 .debug_aranges
                0x00000b90       0x40 ..\obj\misc.o
 .debug_aranges
                0x00000bd0       0x38 ..\obj\heap_1.o
 .debug_aranges
                0x00000c08      0x1e0 ..\obj\stm32f4xx_rtc.o
 .debug_aranges
                0x00000de8      0x2f8 ..\obj\stm32f4xx_tim.o
 .debug_aranges
                0x000010e0       0x30 ..\obj\power_detector.o

.debug_ranges   0x00000000      0xf10
 .debug_ranges  0x00000000       0x38 ..\obj\stm32f4xx_syscfg.o
 .debug_ranges  0x00000038       0x30 ..\obj\delay.o
 .debug_ranges  0x00000068       0x20 ..\obj\buzzer.o
 .debug_ranges  0x00000088       0x68 ..\obj\stm32f4xx_pwr.o
 .debug_ranges  0x000000f0       0x18 ..\obj\rtc.o
 .debug_ranges  0x00000108       0x18 ..\obj\startup_stm32f4xx.o
 .debug_ranges  0x00000120       0x28 ..\obj\backup_sram.o
 .debug_ranges  0x00000148       0x38 ..\obj\stm32f4xx_iwdg.o
 .debug_ranges  0x00000180       0x30 ..\obj\ADS1120.o
 .debug_ranges  0x000001b0       0x30 ..\obj\main.o
 .debug_ranges  0x000001e0      0x168 ..\obj\stm32f4xx_rcc.o
 .debug_ranges  0x00000348      0x138 ..\obj\stm32f4xx_adc.o
 .debug_ranges  0x00000480       0x28 ..\obj\phaze_detector.o
 .debug_ranges  0x000004a8       0x18 ..\obj\watchdog.o
 .debug_ranges  0x000004c0       0xa0 ..\obj\hd44780.o
 .debug_ranges  0x00000560      0x110 ..\obj\tasks.o
 .debug_ranges  0x00000670       0x18 ..\obj\keyboard.o
 .debug_ranges  0x00000688       0x78 ..\obj\stm32f4xx_gpio.o
 .debug_ranges  0x00000700       0x30 ..\obj\list.o
 .debug_ranges  0x00000730       0x20 ..\obj\system_stm32f4xx.o
 .debug_ranges  0x00000750       0x20 ..\obj\adc.o
 .debug_ranges  0x00000770       0x90 ..\obj\queue.o
 .debug_ranges  0x00000800       0x60 ..\obj\port.o
 .debug_ranges  0x00000860       0x40 ..\obj\croutine.o
 .debug_ranges  0x000008a0       0x28 ..\obj\timer_properties.o
 .debug_ranges  0x000008c8       0xd0 ..\obj\stm32f4xx_spi.o
 .debug_ranges  0x00000998       0x48 ..\obj\stm32f4xx_exti.o
 .debug_ranges  0x000009e0       0x30 ..\obj\misc.o
 .debug_ranges  0x00000a10       0x28 ..\obj\heap_1.o
 .debug_ranges  0x00000a38      0x1d0 ..\obj\stm32f4xx_rtc.o
 .debug_ranges  0x00000c08      0x2e8 ..\obj\stm32f4xx_tim.o
 .debug_ranges  0x00000ef0       0x20 ..\obj\power_detector.o

.debug_str      0x00000000     0x5544
 .debug_str     0x00000000      0x214 ..\obj\stm32f4xx_syscfg.o
                                0x261 (size before relaxing)
 .debug_str     0x00000214      0x806 ..\obj\delay.o
                                0x900 (size before relaxing)
 .debug_str     0x00000a1a      0x347 ..\obj\buzzer.o
                                0x42b (size before relaxing)
 .debug_str     0x00000d61      0x1e7 ..\obj\stm32f4xx_pwr.o
                                0x2f3 (size before relaxing)
 .debug_str     0x00000f48      0x14c ..\obj\rtc.o
                                0x251 (size before relaxing)
 .debug_str     0x00001094       0xb5 ..\obj\startup_stm32f4xx.o
                                 0xe0 (size before relaxing)
 .debug_str     0x00001149       0xcf ..\obj\backup_sram.o
                                0x1b1 (size before relaxing)
 .debug_str     0x00001218       0xed ..\obj\stm32f4xx_iwdg.o
                                0x1ce (size before relaxing)
 .debug_str     0x00001305      0x1c7 ..\obj\ADS1120.o
                                0x4a1 (size before relaxing)
 .debug_str     0x000014cc       0xc7 ..\obj\main.o
                                0x19f (size before relaxing)
 .debug_str     0x00001593       0x88 ..\obj\uks.o
                                0x155 (size before relaxing)
 .debug_str     0x0000161b      0x63a ..\obj\stm32f4xx_rcc.o
                                0x7b2 (size before relaxing)
 .debug_str     0x00001c55       0x4c ..\obj\timers.o
                                 0x9f (size before relaxing)
 .debug_str     0x00001ca1      0x63f ..\obj\stm32f4xx_adc.o
                                0x766 (size before relaxing)
 .debug_str     0x000022e0      0x1b9 ..\obj\phaze_detector.o
                                0x9e2 (size before relaxing)
 .debug_str     0x00002499       0x5c ..\obj\watchdog.o
                                0x181 (size before relaxing)
 .debug_str     0x000024f5      0x219 ..\obj\hd44780.o
                                0x573 (size before relaxing)
 .debug_str     0x0000270e      0x7b9 ..\obj\tasks.o
                                0x8b6 (size before relaxing)
 .debug_str     0x00002ec7       0xa4 ..\obj\keyboard.o
                                0x32f (size before relaxing)
 .debug_str     0x00002f6b      0x17b ..\obj\stm32f4xx_gpio.o
                                0x405 (size before relaxing)
 .debug_str     0x000030e6       0xdd ..\obj\list.o
                                0x210 (size before relaxing)
 .debug_str     0x000031c3       0xad ..\obj\system_stm32f4xx.o
                                0x30c (size before relaxing)
 .debug_str     0x00003270       0x88 ..\obj\adc.o
                                0x454 (size before relaxing)
 .debug_str     0x000032f8      0x302 ..\obj\queue.o
                                0x4be (size before relaxing)
 .debug_str     0x000035fa      0x156 ..\obj\port.o
                                0x1dc (size before relaxing)
 .debug_str     0x00003750      0x282 ..\obj\croutine.o
                                0x3df (size before relaxing)
 .debug_str     0x000039d2      0x1e3 ..\obj\timer_properties.o
                                0x42f (size before relaxing)
 .debug_str     0x00003bb5      0x2fb ..\obj\stm32f4xx_spi.o
                                0x5ec (size before relaxing)
 .debug_str     0x00003eb0      0x105 ..\obj\stm32f4xx_exti.o
                                0x2d0 (size before relaxing)
 .debug_str     0x00003fb5      0x11e ..\obj\misc.o
                                0x33b (size before relaxing)
 .debug_str     0x000040d3       0xe1 ..\obj\heap_1.o
                                0x1a1 (size before relaxing)
 .debug_str     0x000041b4      0x88a ..\obj\stm32f4xx_rtc.o
                                0xab5 (size before relaxing)
 .debug_str     0x00004a3e      0xa86 ..\obj\stm32f4xx_tim.o
                                0xd32 (size before relaxing)
 .debug_str     0x000054c4       0x80 ..\obj\power_detector.o
                                0x828 (size before relaxing)

.comment        0x00000000       0x2a
 .comment       0x00000000       0x2a ..\obj\stm32f4xx_syscfg.o
                                 0x2b (size before relaxing)
 .comment       0x00000000       0x2b ..\obj\delay.o
 .comment       0x00000000       0x2b ..\obj\buzzer.o
 .comment       0x00000000       0x2b ..\obj\stm32f4xx_pwr.o
 .comment       0x00000000       0x2b ..\obj\rtc.o
 .comment       0x00000000       0x2b ..\obj\startup_stm32f4xx.o
 .comment       0x00000000       0x2b ..\obj\backup_sram.o
 .comment       0x00000000       0x2b ..\obj\stm32f4xx_iwdg.o
 .comment       0x00000000       0x2b ..\obj\ADS1120.o
 .comment       0x00000000       0x2b ..\obj\main.o
 .comment       0x00000000       0x2b ..\obj\uks.o
 .comment       0x00000000       0x2b ..\obj\stm32f4xx_rcc.o
 .comment       0x00000000       0x2b ..\obj\timers.o
 .comment       0x00000000       0x2b ..\obj\stm32f4xx_adc.o
 .comment       0x00000000       0x2b ..\obj\phaze_detector.o
 .comment       0x00000000       0x2b ..\obj\watchdog.o
 .comment       0x00000000       0x2b ..\obj\hd44780.o
 .comment       0x00000000       0x2b ..\obj\tasks.o
 .comment       0x00000000       0x2b ..\obj\keyboard.o
 .comment       0x00000000       0x2b ..\obj\stm32f4xx_gpio.o
 .comment       0x00000000       0x2b ..\obj\list.o
 .comment       0x00000000       0x2b ..\obj\system_stm32f4xx.o
 .comment       0x00000000       0x2b ..\obj\adc.o
 .comment       0x00000000       0x2b ..\obj\queue.o
 .comment       0x00000000       0x2b ..\obj\port.o
 .comment       0x00000000       0x2b ..\obj\croutine.o
 .comment       0x00000000       0x2b ..\obj\timer_properties.o
 .comment       0x00000000       0x2b ..\obj\stm32f4xx_spi.o
 .comment       0x00000000       0x2b ..\obj\stm32f4xx_exti.o
 .comment       0x00000000       0x2b ..\obj\misc.o
 .comment       0x00000000       0x2b ..\obj\heap_1.o
 .comment       0x00000000       0x2b ..\obj\stm32f4xx_rtc.o
 .comment       0x00000000       0x2b ..\obj\stm32f4xx_tim.o
 .comment       0x00000000       0x2b ..\obj\power_detector.o

.ARM.attributes
                0x00000000       0x31
 .ARM.attributes
                0x00000000       0x31 ..\obj\stm32f4xx_syscfg.o
 .ARM.attributes
                0x00000031       0x31 ..\obj\delay.o
 .ARM.attributes
                0x00000062       0x31 ..\obj\buzzer.o
 .ARM.attributes
                0x00000093       0x31 ..\obj\stm32f4xx_pwr.o
 .ARM.attributes
                0x000000c4       0x31 ..\obj\rtc.o
 .ARM.attributes
                0x000000f5       0x31 ..\obj\startup_stm32f4xx.o
 .ARM.attributes
                0x00000126       0x31 ..\obj\backup_sram.o
 .ARM.attributes
                0x00000157       0x31 ..\obj\stm32f4xx_iwdg.o
 .ARM.attributes
                0x00000188       0x31 ..\obj\ADS1120.o
 .ARM.attributes
                0x000001b9       0x31 ..\obj\main.o
 .ARM.attributes
                0x000001ea       0x31 ..\obj\uks.o
 .ARM.attributes
                0x0000021b       0x31 ..\obj\stm32f4xx_rcc.o
 .ARM.attributes
                0x0000024c       0x31 ..\obj\timers.o
 .ARM.attributes
                0x0000027d       0x31 ..\obj\stm32f4xx_adc.o
 .ARM.attributes
                0x000002ae       0x31 ..\obj\phaze_detector.o
 .ARM.attributes
                0x000002df       0x31 ..\obj\watchdog.o
 .ARM.attributes
                0x00000310       0x31 ..\obj\hd44780.o
 .ARM.attributes
                0x00000341       0x31 ..\obj\tasks.o
 .ARM.attributes
                0x00000372       0x31 ..\obj\keyboard.o
 .ARM.attributes
                0x000003a3       0x31 ..\obj\stm32f4xx_gpio.o
 .ARM.attributes
                0x000003d4       0x31 ..\obj\list.o
 .ARM.attributes
                0x00000405       0x31 ..\obj\system_stm32f4xx.o
 .ARM.attributes
                0x00000436       0x31 ..\obj\adc.o
 .ARM.attributes
                0x00000467       0x31 ..\obj\queue.o
 .ARM.attributes
                0x00000498       0x31 ..\obj\port.o
 .ARM.attributes
                0x000004c9       0x31 ..\obj\croutine.o
 .ARM.attributes
                0x000004fa       0x31 ..\obj\timer_properties.o
 .ARM.attributes
                0x0000052b       0x31 ..\obj\stm32f4xx_spi.o
 .ARM.attributes
                0x0000055c       0x31 ..\obj\stm32f4xx_exti.o
 .ARM.attributes
                0x0000058d       0x31 ..\obj\misc.o
 .ARM.attributes
                0x000005be       0x31 ..\obj\heap_1.o
 .ARM.attributes
                0x000005ef       0x31 ..\obj\stm32f4xx_rtc.o
 .ARM.attributes
                0x00000620       0x31 ..\obj\stm32f4xx_tim.o
 .ARM.attributes
                0x00000651       0x31 ..\obj\power_detector.o
 .ARM.attributes
                0x00000682       0x1b c:/coocox/coide/gcc/sourcery g++ lite/bin/../lib/gcc/arm-none-eabi/4.5.1/thumb2\libgcc.a(_arm_addsubdf3.o)
 .ARM.attributes
                0x0000069d       0x1b c:/coocox/coide/gcc/sourcery g++ lite/bin/../lib/gcc/arm-none-eabi/4.5.1/thumb2\libgcc.a(_arm_muldivdf3.o)
 .ARM.attributes
                0x000006b8       0x1b c:/coocox/coide/gcc/sourcery g++ lite/bin/../lib/gcc/arm-none-eabi/4.5.1/thumb2\libgcc.a(_arm_cmpdf2.o)
 .ARM.attributes
                0x000006d3       0x1b c:/coocox/coide/gcc/sourcery g++ lite/bin/../lib/gcc/arm-none-eabi/4.5.1/thumb2\libgcc.a(_arm_fixunsdfsi.o)
 .ARM.attributes
                0x000006ee       0x29 c:/coocox/coide/gcc/sourcery g++ lite/bin/../lib/gcc/arm-none-eabi/4.5.1/../../../../arm-none-eabi/lib/thumb2\libc.a(lib_a-memcmp.o)
 .ARM.attributes
                0x00000717       0x29 c:/coocox/coide/gcc/sourcery g++ lite/bin/../lib/gcc/arm-none-eabi/4.5.1/../../../../arm-none-eabi/lib/thumb2\libc.a(lib_a-memcpy.o)
 .ARM.attributes
                0x00000740       0x29 c:/coocox/coide/gcc/sourcery g++ lite/bin/../lib/gcc/arm-none-eabi/4.5.1/../../../../arm-none-eabi/lib/thumb2\libc.a(lib_a-memset.o)
 .ARM.attributes
                0x00000769       0x29 c:/coocox/coide/gcc/sourcery g++ lite/bin/../lib/gcc/arm-none-eabi/4.5.1/../../../../arm-none-eabi/lib/thumb2\libc.a(lib_a-strncpy.o)

.debug_frame    0x00000000     0x350c
 .debug_frame   0x00000000       0xbc ..\obj\stm32f4xx_syscfg.o
 .debug_frame   0x000000bc       0xa0 ..\obj\delay.o
 .debug_frame   0x0000015c       0x70 ..\obj\buzzer.o
 .debug_frame   0x000001cc      0x15c ..\obj\stm32f4xx_pwr.o
 .debug_frame   0x00000328       0x50 ..\obj\rtc.o
 .debug_frame   0x00000378       0x48 ..\obj\startup_stm32f4xx.o
 .debug_frame   0x000003c0       0x88 ..\obj\backup_sram.o
 .debug_frame   0x00000448       0xb0 ..\obj\stm32f4xx_iwdg.o
 .debug_frame   0x000004f8       0xa8 ..\obj\ADS1120.o
 .debug_frame   0x000005a0       0x9c ..\obj\main.o
 .debug_frame   0x0000063c      0x4d8 ..\obj\stm32f4xx_rcc.o
 .debug_frame   0x00000b14      0x434 ..\obj\stm32f4xx_adc.o
 .debug_frame   0x00000f48       0x84 ..\obj\phaze_detector.o
 .debug_frame   0x00000fcc       0x50 ..\obj\watchdog.o
 .debug_frame   0x0000101c      0x248 ..\obj\hd44780.o
 .debug_frame   0x00001264      0x404 ..\obj\tasks.o
 .debug_frame   0x00001668       0x50 ..\obj\keyboard.o
 .debug_frame   0x000016b8      0x19c ..\obj\stm32f4xx_gpio.o
 .debug_frame   0x00001854       0x9c ..\obj\list.o
 .debug_frame   0x000018f0       0x64 ..\obj\system_stm32f4xx.o
 .debug_frame   0x00001954       0x6c ..\obj\adc.o
 .debug_frame   0x000019c0      0x224 ..\obj\queue.o
 .debug_frame   0x00001be4      0x110 ..\obj\port.o
 .debug_frame   0x00001cf4       0xf0 ..\obj\croutine.o
 .debug_frame   0x00001de4       0x90 ..\obj\timer_properties.o
 .debug_frame   0x00001e74      0x2d0 ..\obj\stm32f4xx_spi.o
 .debug_frame   0x00002144       0xec ..\obj\stm32f4xx_exti.o
 .debug_frame   0x00002230       0x9c ..\obj\misc.o
 .debug_frame   0x000022cc       0x7c ..\obj\heap_1.o
 .debug_frame   0x00002348      0x670 ..\obj\stm32f4xx_rtc.o
 .debug_frame   0x000029b8      0xa3c ..\obj\stm32f4xx_tim.o
 .debug_frame   0x000033f4       0x64 ..\obj\power_detector.o
 .debug_frame   0x00003458       0x2c c:/coocox/coide/gcc/sourcery g++ lite/bin/../lib/gcc/arm-none-eabi/4.5.1/../../../../arm-none-eabi/lib/thumb2\libc.a(lib_a-memcmp.o)
 .debug_frame   0x00003484       0x30 c:/coocox/coide/gcc/sourcery g++ lite/bin/../lib/gcc/arm-none-eabi/4.5.1/../../../../arm-none-eabi/lib/thumb2\libc.a(lib_a-memcpy.o)
 .debug_frame   0x000034b4       0x2c c:/coocox/coide/gcc/sourcery g++ lite/bin/../lib/gcc/arm-none-eabi/4.5.1/../../../../arm-none-eabi/lib/thumb2\libc.a(lib_a-memset.o)
 .debug_frame   0x000034e0       0x2c c:/coocox/coide/gcc/sourcery g++ lite/bin/../lib/gcc/arm-none-eabi/4.5.1/../../../../arm-none-eabi/lib/thumb2\libc.a(lib_a-strncpy.o)
